******************************************************************************
             TMS320C2000 Linker PC v6.1.0                      
******************************************************************************
>> Linked Mon Mar 02 18:46:10 2015

OUTPUT FILE NAME:   <HIMAP4UP_v06_modify.out>
ENTRY POINT SYMBOL: "_c_int00"  address: 00313544


MEMORY CONFIGURATION

         name            origin    length      used     unused   attr    fill
----------------------  --------  ---------  --------  --------  ----  --------
PAGE 0:
  RAML_CODE             00008000   00004000  000022a8  00001d58  RWIX
  FLASH_CODE            00308000   00037f80  0000ed7f  00029201  RWIX
  CSM_RSVD              0033ff80   00000076  00000000  00000076  RWIX
  BEGIN                 0033fff6   00000002  00000002  00000000  RWIX
  CSM_PWL               0033fff8   00000008  00000000  00000008  RWIX
  ADC_CAL               00380080   00000009  00000000  00000009  RWIX
  OTP                   00380400   00000400  00000000  00000400  RWIX
  IQTABLES              003fe000   00000b50  00000000  00000b50  RWIX
  IQTABLES2             003feb50   0000008c  00000000  0000008c  RWIX
  FPUTABLES             003febdc   000006a0  00000000  000006a0  RWIX
  ROM                   003ff27c   00000d44  00000000  00000d44  RWIX
  RESET                 003fffc0   00000002  00000000  00000002  RWIX
  VECTORS               003fffc2   0000003e  00000000  0000003e  RWIX

PAGE 1:
  BOOT_RSVD             00000000   00000050  00000000  00000050  RWIX
  RAMM0                 00000050   000003b0  00000000  000003b0  RWIX
  RAMM1                 00000400   00000400  00000000  00000400  RWIX
  DEV_EMU               00000880   00000180  00000000  00000180  RWIX
  FLASH_REGS            00000a80   00000060  00000000  00000060  RWIX
  CSM                   00000ae0   00000010  00000000  00000010  RWIX
  ADC_MIRROR            00000b00   00000010  00000000  00000010  RWIX
  XINTF                 00000b20   00000020  00000000  00000020  RWIX
  CPU_TIMER0            00000c00   00000008  00000000  00000008  RWIX
  CPU_TIMER1            00000c08   00000008  00000000  00000008  RWIX
  CPU_TIMER2            00000c10   00000008  00000000  00000008  RWIX
  PIE_CTRL              00000ce0   00000020  00000000  00000020  RWIX
  PIE_VECT              00000d00   00000100  00000100  00000000  RWIX
  DMA                   00001000   00000200  00000000  00000200  RWIX
  MCBSPA                00005000   00000040  00000000  00000040  RWIX
  MCBSPB                00005040   00000040  00000000  00000040  RWIX
  ECANA                 00006000   00000040  00000000  00000040  RWIX
  ECANA_LAM             00006040   00000040  00000000  00000040  RWIX
  ECANA_MOTS            00006080   00000040  00000000  00000040  RWIX
  ECANA_MOTO            000060c0   00000040  00000000  00000040  RWIX
  ECANA_MBOX            00006100   00000100  00000000  00000100  RWIX
  ECANB                 00006200   00000040  00000000  00000040  RWIX
  ECANB_LAM             00006240   00000040  00000000  00000040  RWIX
  ECANB_MOTS            00006280   00000040  00000000  00000040  RWIX
  ECANB_MOTO            000062c0   00000040  00000000  00000040  RWIX
  ECANB_MBOX            00006300   00000100  00000000  00000100  RWIX
  EPWM1                 00006800   00000022  00000000  00000022  RWIX
  EPWM2                 00006840   00000022  00000000  00000022  RWIX
  EPWM3                 00006880   00000022  00000000  00000022  RWIX
  EPWM4                 000068c0   00000022  00000000  00000022  RWIX
  EPWM5                 00006900   00000022  00000000  00000022  RWIX
  EPWM6                 00006940   00000022  00000000  00000022  RWIX
  ECAP1                 00006a00   00000020  00000000  00000020  RWIX
  ECAP2                 00006a20   00000020  00000000  00000020  RWIX
  ECAP3                 00006a40   00000020  00000000  00000020  RWIX
  ECAP4                 00006a60   00000020  00000000  00000020  RWIX
  ECAP5                 00006a80   00000020  00000000  00000020  RWIX
  ECAP6                 00006aa0   00000020  00000000  00000020  RWIX
  EQEP1                 00006b00   00000040  00000000  00000040  RWIX
  EQEP2                 00006b40   00000040  00000000  00000040  RWIX
  GPIOCTRL              00006f80   00000040  00000000  00000040  RWIX
  GPIODAT               00006fc0   00000020  00000000  00000020  RWIX
  GPIOINT               00006fe0   00000020  00000000  00000020  RWIX
  SYSTEM                00007010   00000020  00000000  00000020  RWIX
  SPIA                  00007040   00000010  00000000  00000010  RWIX
  SCIA                  00007050   00000010  00000000  00000010  RWIX
  XINTRUPT              00007070   00000010  00000000  00000010  RWIX
  ADC                   00007100   00000020  00000000  00000020  RWIX
  SCIB                  00007750   00000010  00000000  00000010  RWIX
  SCIC                  00007770   00000010  00000000  00000010  RWIX
  I2CA                  00007900   00000040  00000000  00000040  RWIX
  RAML_DATA             0000c000   00004000  00001224  00002ddc  RWIX
  FLASHB                00330000   00008000  00000000  00008000  RWIX
  CSM_PWL               0033fff8   00000008  00000000  00000008  RWIX
  PARTID                00380090   00000001  00000000  00000001  RWIX


SECTION ALLOCATION MAP

 output                                  attributes/
section   page    origin      length       input sections
--------  ----  ----------  ----------   ----------------
.pinit     0    00308000    00000000     UNINITIALIZED

ramfuncs   0    00308000    000022a8     RUN ADDR = 00008000
                  00308000    00000f20     system_isr.obj (ramfuncs:retain)
                  00308f20    00000b3e     relaying.obj (ramfuncs)
                  00309a5e    00000422     main.obj (ramfuncs)
                  00309e80    00000180     setting.obj (ramfuncs)
                  0030a000    00000161     peripheral.obj (ramfuncs)
                  0030a161    000000b5     comms.obj (ramfuncs)
                  0030a216    00000078     menu.obj (ramfuncs)
                  0030a28e    00000016     system_setup.obj (ramfuncs)
                  0030a2a4    00000004     DSP2833x_usDelay.obj (ramfuncs)

.text      0    0030a2a8    000095f5     
                  0030a2a8    0000371b     menu.obj (.text)
                  0030d9c3    00001440     main.obj (.text)
                  0030ee03    00001169     comms.obj (.text)
                  0030ff6c    00000aa1     setting.obj (.text)
                  00310a0d    0000093a     peripheral.obj (.text)
                  00311347    00000924     calibration.obj (.text)
                  00311c6b    00000911     rts2800_fpu32.lib : _printfi.obj (.text)
                  0031257c    0000052b     system_setup.obj (.text)
                  00312aa7    0000045e     booting.obj (.text)
                  00312f05    00000107     rts2800_fpu32.lib : ll_div.obj (.text)
                  0031300c    000000c4                       : atan2.obj (.text)
                  003130d0    0000009c                       : fd_add.obj (.text)
                  0031316c    0000008b                       : fd_div.obj (.text)
                  003131f7    00000088                       : fs_div.obj (.text)
                  0031327f    00000083                       : fd_mpy.obj (.text)
                  00313302    00000072                       : atan.obj (.text)
                  00313374    0000006a                       : exp.obj (.text)
                  003133de    00000061                       : cos.obj (.text)
                  0031343f    0000005a                       : pow.obj (.text)
                  00313499    00000057                       : sin.obj (.text)
                  003134f0    00000054                       : _log.obj (.text)
                  00313544    00000046                       : boot.obj (.text)
                  0031358a    00000035                       : ldexp.obj (.text)
                  003135bf    00000031                       : atoi.obj (.text)
                  003135f0    0000002f                       : sprintf.obj (.text)
                  0031361f    0000002c                       : ltoa.obj (.text)
                  0031364b    0000002a                       : fd_cmp.obj (.text)
                  00313675    0000002a                       : l_div.obj (.text)
                  0031369f    00000001     --HOLE-- [fill = 0]
                  003136a0    00000023                       : sqrt.obj (.text)
                  003136c3    00000022                       : i_div.obj (.text)
                  003136e5    00000021                       : fd_toi.obj (.text)
                  00313706    00000021                       : memcpy_ff.obj (.text)
                  00313727    0000001f                       : fd_tol.obj (.text)
                  00313746    0000001e                       : ll_cmp.obj (.text)
                  00313764    0000001c                       : fs_tofd.obj (.text)
                  00313780    0000001c                       : l_tofd.obj (.text)
                  0031379c    0000001b                       : fd_toul.obj (.text)
                  003137b7    00000019                       : args_main.obj (.text)
                  003137d0    00000019                       : exit.obj (.text)
                  003137e9    00000016                       : frexp.obj (.text)
                  003137ff    00000016                       : ul_tofd.obj (.text)
                  00313815    00000015     DSP2833x_MemCopy.obj (.text)
                  0031382a    00000014     rts2800_fpu32.lib : ll_mpy.obj (.text)
                  0031383e    00000012                       : memccpy.obj (.text)
                  00313850    0000000e                       : fd_sub.obj (.text)
                  0031385e    0000000b                       : u_div.obj (.text)
                  00313869    0000000a                       : strlen.obj (.text)
                  00313873    00000009                       : _lock.obj (.text)
                  0031387c    00000009                       : fd_neg.obj (.text)
                  00313885    00000009                       : strcpy.obj (.text)
                  0031388e    00000008     DSP2833x_CodeStartBranch.obj (.text)
                  00313896    00000007     rts2800_fpu32.lib : memset.obj (.text)

.econst    0    0031389e    000033e1     
                  0031389e    00001c20     menu.obj (.econst:_menu_tables)
                  003154be    00000e55     menu.obj (.econst:.string)
                  00316313    00000001     --HOLE-- [fill = 0]
                  00316314    00000104     calibration.obj (.econst:.string)
                  00316418    00000101     rts2800_fpu32.lib : ctype.obj (.econst:__ctypes_)
                  00316519    00000100     main.obj (.econst:_CRC_High)
                  00316619    00000100     main.obj (.econst:_CRC_Low)
                  00316719    00000001     --HOLE-- [fill = 0]
                  0031671a    0000004c     peripheral.obj (.econst)
                  00316766    00000048     main.obj (.econst:_harmonics_1st_cos)
                  003167ae    00000048     main.obj (.econst:_harmonics_1st_sin)
                  003167f6    00000048     main.obj (.econst:_harmonics_3rd_cos)
                  0031683e    00000048     main.obj (.econst:_harmonics_3rd_sin)
                  00316886    00000048     main.obj (.econst:_harmonics_5th_cos)
                  003168ce    00000048     main.obj (.econst:_harmonics_5th_sin)
                  00316916    00000048     main.obj (.econst:_harmonics_7th_cos)
                  0031695e    00000048     main.obj (.econst:_harmonics_7th_sin)
                  003169a6    00000048     main.obj (.econst:_harmonics_9th_cos)
                  003169ee    00000048     main.obj (.econst:_harmonics_9th_sin)
                  00316a36    00000028     peripheral.obj (.econst:_LCD_Position_Value)
                  00316a5e    00000024     rts2800_fpu32.lib : _printfi.obj (.econst:.string)
                  00316a82    00000021     booting.obj (.econst:.string)
                  00316aa3    00000001     --HOLE-- [fill = 0]
                  00316aa4    00000018     main.obj (.econst:_cos_50Hz)
                  00316abc    00000018     main.obj (.econst:_cos_60Hz)
                  00316ad4    00000018     main.obj (.econst:_sin_50Hz)
                  00316aec    00000018     main.obj (.econst:_sin_60Hz)
                  00316b04    00000018     rts2800_fpu32.lib : _printfi.obj (.econst)
                  00316b1c    00000014     main.obj (.econst:_wave_buffer_address)
                  00316b30    00000014     main.obj (.econst:_wave_buffer_post_address)
                  00316b44    0000000a     main.obj (.econst:_himix_number)
                  00316b4e    0000000a     main.obj (.econst)
                  00316b58    00000009     main.obj (.econst:_DO_ON_BIT)
                  00316b61    00000009     main.obj (.econst:_OFF_BIT)
                  00316b6a    00000009     main.obj (.econst:_ON_BIT)
                  00316b73    00000001     --HOLE-- [fill = 0]
                  00316b74    00000008     rts2800_fpu32.lib : atan.obj (.econst:_a$1)
                  00316b7c    00000008                       : atan2.obj (.econst:_a$1)
                  00316b84    00000007     main.obj (.econst:_DO_OFF_BIT)
                  00316b8b    00000001     --HOLE-- [fill = 0]
                  00316b8c    00000004     menu.obj (.econst:_$P$T0$1)
                  00316b90    00000004     menu.obj (.econst:_$P$T1$2)
                  00316b94    00000004     menu.obj (.econst:_$P$T10$15)
                  00316b98    00000004     menu.obj (.econst:_$P$T11$16)
                  00316b9c    00000004     menu.obj (.econst:_$P$T12$17)
                  00316ba0    00000004     menu.obj (.econst:_$P$T13$18)
                  00316ba4    00000004     menu.obj (.econst:_$P$T14$19)
                  00316ba8    00000004     menu.obj (.econst:_$P$T15$20)
                  00316bac    00000004     menu.obj (.econst:_$P$T16$21)
                  00316bb0    00000004     menu.obj (.econst:_$P$T17$22)
                  00316bb4    00000004     menu.obj (.econst:_$P$T18$23)
                  00316bb8    00000004     menu.obj (.econst:_$P$T19$24)
                  00316bbc    00000004     menu.obj (.econst:_$P$T2$4)
                  00316bc0    00000004     menu.obj (.econst:_$P$T20$25)
                  00316bc4    00000004     menu.obj (.econst:_$P$T21$27)
                  00316bc8    00000004     menu.obj (.econst:_$P$T22$28)
                  00316bcc    00000004     menu.obj (.econst:_$P$T23$29)
                  00316bd0    00000004     menu.obj (.econst:_$P$T25$32)
                  00316bd4    00000004     menu.obj (.econst:_$P$T26$33)
                  00316bd8    00000004     menu.obj (.econst:_$P$T29$36)
                  00316bdc    00000004     menu.obj (.econst:_$P$T3$6)
                  00316be0    00000004     menu.obj (.econst:_$P$T31$38)
                  00316be4    00000004     menu.obj (.econst:_$P$T34$41)
                  00316be8    00000004     menu.obj (.econst:_$P$T4$8)
                  00316bec    00000004     menu.obj (.econst:_$P$T46$53)
                  00316bf0    00000004     menu.obj (.econst:_$P$T47$54)
                  00316bf4    00000004     menu.obj (.econst:_$P$T48$55)
                  00316bf8    00000004     menu.obj (.econst:_$P$T49$56)
                  00316bfc    00000004     menu.obj (.econst:_$P$T5$10)
                  00316c00    00000004     menu.obj (.econst:_$P$T50$57)
                  00316c04    00000004     menu.obj (.econst:_$P$T51$58)
                  00316c08    00000004     menu.obj (.econst:_$P$T52$59)
                  00316c0c    00000004     menu.obj (.econst:_$P$T53$60)
                  00316c10    00000004     menu.obj (.econst:_$P$T54$61)
                  00316c14    00000004     menu.obj (.econst:_$P$T55$62)
                  00316c18    00000004     menu.obj (.econst:_$P$T56$63)
                  00316c1c    00000004     menu.obj (.econst:_$P$T57$64)
                  00316c20    00000004     menu.obj (.econst:_$P$T58$65)
                  00316c24    00000004     menu.obj (.econst:_$P$T6$11)
                  00316c28    00000004     menu.obj (.econst:_$P$T7$12)
                  00316c2c    00000004     menu.obj (.econst:_$P$T8$13)
                  00316c30    00000004     menu.obj (.econst:_$P$T9$14)
                  00316c34    00000004     main.obj (.econst:_UVR_1_V_MAX)
                  00316c38    00000004     main.obj (.econst:_UVR_1_V_MIN)
                  00316c3c    00000003     menu.obj (.econst:_$P$T24$30)
                  00316c3f    00000003     menu.obj (.econst:_$P$T27$34)
                  00316c42    00000003     menu.obj (.econst:_$P$T28$35)
                  00316c45    00000003     menu.obj (.econst:_$P$T30$37)
                  00316c48    00000003     menu.obj (.econst:_$P$T32$39)
                  00316c4b    00000003     menu.obj (.econst:_$P$T33$40)
                  00316c4e    00000003     menu.obj (.econst:_$P$T35$42)
                  00316c51    00000003     menu.obj (.econst:_$P$T36$43)
                  00316c54    00000003     menu.obj (.econst:_$P$T37$44)
                  00316c57    00000003     menu.obj (.econst:_$P$T38$45)
                  00316c5a    00000003     menu.obj (.econst:_$P$T39$46)
                  00316c5d    00000003     menu.obj (.econst:_$P$T40$47)
                  00316c60    00000003     menu.obj (.econst:_$P$T41$48)
                  00316c63    00000003     menu.obj (.econst:_$P$T42$49)
                  00316c66    00000003     menu.obj (.econst:_$P$T43$50)
                  00316c69    00000003     menu.obj (.econst:_$P$T44$51)
                  00316c6c    00000003     menu.obj (.econst:_$P$T45$52)
                  00316c6f    00000002     main.obj (.econst:_OCGR50_I_MAX)
                  00316c71    00000002     main.obj (.econst:_OCGR50_I_MIN)
                  00316c73    00000002     main.obj (.econst:_OCGR51_I_MAX)
                  00316c75    00000002     main.obj (.econst:_OCGR51_I_MIN)
                  00316c77    00000002     main.obj (.econst:_OCR50_I_MAX)
                  00316c79    00000002     main.obj (.econst:_OCR50_I_MIN)
                  00316c7b    00000002     main.obj (.econst:_OCR51_I_MAX)
                  00316c7d    00000002     main.obj (.econst:_OCR51_I_MIN)

.cinit     0    00316c7f    00000101     
                  00316c7f    000000b4     peripheral.obj (.cinit)
                  00316d33    00000033     menu.obj (.cinit)
                  00316d66    0000000a     rts2800_fpu32.lib : _lock.obj (.cinit)
                  00316d70    0000000a                       : exit.obj (.cinit)
                  00316d7a    00000004                       : errno.obj (.cinit)
                  00316d7e    00000002     --HOLE-- [fill = 0]

codestart 
*          0    0033fff6    00000002     
                  0033fff6    00000002     DSP2833x_CodeStartBranch.obj (codestart)

.reset     0    003fffc0    00000002     DSECT
                  003fffc0    00000002     rts2800_fpu32.lib : boot.obj (.reset)

vectors    0    003fffc2    00000000     DSECT

PieVectTableFile 
*          1    00000d00    00000100     UNINITIALIZED
                  00000d00    00000100     DSP2833x_GlobalVariableDefs.obj (PieVectTableFile)

.ebss      1    0000c000    00000e24     UNINITIALIZED
                  0000c000    00000c54     main.obj (.ebss)
                  0000cc54    00000004     rts2800_fpu32.lib : _lock.obj (.ebss)
                  0000cc58    00000004                       : exit.obj (.ebss)
                  0000cc5c    00000001                       : errno.obj (.ebss)
                  0000cc5d    00000001     setting.obj (.ebss)
                  0000cc5e    00000022     --HOLE--
                  0000cc80    000000fc     peripheral.obj (.ebss)
                  0000cd7c    00000004     --HOLE--
                  0000cd80    000000a4     menu.obj (.ebss)

.stack     1    0000ce24    00000400     UNINITIALIZED
                  0000ce24    00000400     --HOLE--


GLOBAL SYMBOLS: SORTED ALPHABETICALLY BY Name 

address    name
--------   ----
0030a2a8   .text
003137d0   C$$EXIT
003130d0   FD$$ADD
0031364b   FD$$CMP
0031316c   FD$$DIV
0031327f   FD$$MPY
0031387c   FD$$NEG
00313850   FD$$SUB
003136e5   FD$$TOI
00313727   FD$$TOL
0031379c   FD$$TOUL
003131f7   FS$$DIV
00313764   FS$$TOFD
003136c3   I$$DIV
003136d4   I$$MOD
00313675   L$$DIV
00313684   L$$MOD
00313780   L$$TOFD
00313746   LL$$CMP
00312f05   LL$$DIV
00312f41   LL$$MOD
0031382a   LL$$MPY
0031385e   U$$DIV
00313863   U$$MOD
00313692   UL$$DIV
00313699   UL$$MOD
003137ff   UL$$TOFD
00313758   ULL$$CMP
00312f7b   ULL$$DIV
00312faa   ULL$$MOD
0000c064   _ACCUMULATION
00311459   _ADC_Calibration_Control
0000c00a   _ALRAM
0000c003   _AUTO_DISPLAY
0000cc8a   _AckScr
0000cd80   _Button_Press
0000c480   _CALIBRATION
0000c011   _COMM
0030ee03   _COMM_CRC
0000c00e   _CORE
00316519   _CRC_High
00316619   _CRC_Low
0000cd94   _Cursor_Position
0000c380   _DFT
0031136f   _DFT_Check
0000c02e   _DIDO
0000c600   _DISPLAY
00316b84   _DO_OFF_BIT
00316b58   _DO_ON_BIT
0000c21a   _DSGR
0000a2a4   _DSP28x_usDelay
0000cd86   _Data_Change
0000cd8a   _Data_Change_Count
003113e2   _Degree_Check
0000c2c0   _EVENT
0000c015   _FLASH
0000cc96   _FauScr
0000c005   _Fram1_Test
0000c004   _Fram2_Test
003126a0   _GPIO_setup
0000c008   _GR_ANGLE
0000c500   _HARMONICS
0000c400   _HIMIX
0000a28e   _InitFlash
00312751   _InitTimer
000099e2   _Inverse_Op_Timeset
0000cd88   _KHS_Key_Press
0031671a   _KHS_LCD_Buffer
0000c580   _LCD
00310a4f   _LCD_COMMAND
00310a3c   _LCD_DATA
00310a60   _LCD_INIT
0000cc82   _LCD_LIGHT
00316a36   _LCD_Position_Value
0000cc84   _LCD_RS
00310a8c   _LCD_light_OFF
00310a86   _LCD_light_ON
0000c002   _LOCAL_CONTROL
0000cc80   _Lcd_Bl_Count
0000ca40   _MANAGER
0000c6c0   _MEASUREMENT
0000c00c   _MIN_MAX
00313815   _MemCopy
0000c092   _N47
0000cdc0   _Navi_Key_X_Limit_Value
0000cc8e   _NorScr
0000c180   _OCGR50
00316c6f   _OCGR50_I_MAX
00316c71   _OCGR50_I_MIN
00316b51   _OCGR50_T_MAX
00316b4f   _OCGR50_T_MIN
0000c280   _OCGR51
00316c73   _OCGR51_I_MAX
00316c75   _OCGR51_I_MIN
00316b57   _OCGR51_TL_MAX
00316b56   _OCGR51_TL_MIN
0000c19a   _OCR50_1
0000c200   _OCR50_2
00316c77   _OCR50_I_MAX
00316c79   _OCR50_I_MIN
00316b53   _OCR50_T_MAX
00316b52   _OCR50_T_MIN
0000c340   _OCR51_1
0000c300   _OCR51_2
00316c7b   _OCR51_I_MAX
00316c7d   _OCR51_I_MIN
00316b50   _OCR51_TL_MAX
00316b4e   _OCR51_TL_MIN
00316b61   _OFF_BIT
00316b6a   _ON_BIT
0000c1c0   _OVGR
0000c1da   _OVR
00311347   _Offset_Check
0000c0a6   _P47
0000c000   _PASSWORD
00311412   _P_Check
003125d1   _Peripheral_Clock_setup
00000d00   _PieVectTable
0000c058   _RELAY_STATUS
0030a2a8   _RamfuncsLoadEnd
00308000   _RamfuncsLoadStart
00008000   _RamfuncsRunStart
0000cc9a   _ReserveP
0030d9bc   _Restore_Screen_Info
0000c800   _SAMPLE
00008e8b   _SCIRXB_ISR
00008ece   _SCITXINTB_ISR
00008ef3   _SCITXINTC_ISR
0000c080   _SETTING
0000c240   _SUPERVISION
0000c3c0   _SYNCRO
0000c140   _SYSTEM
0000c019   _SYSTEM_SET
0000cd98   _Save_Current_Screen
0030d9b5   _Save_Screen_Info
0000cd90   _Screen_Position
0000cd81   _Set_Password
003109d1   _Setting_CRC
0000c024   _TIME
0000c040   _TIMER
0000c01e   _TIMER0
0000c006   _TIMER1
00008d25   _TINT1_ISR
0000c070   _TRANSFORMER
003113bd   _TRMS_Check
0000c15a   _UVR_1
00316c34   _UVR_1_V_MAX
00316c38   _UVR_1_V_MIN
0000c0c0   _UVR_2
0000c0d6   _UVR_3
0000c001   _UVR_MODE
00316b55   _UVR_T_MAX
00316b54   _UVR_T_MIN
0000ccc0   _VFDABuffer
0000cd00   _VFDFBuffer
0000cd40   _VFDNBuffer
00310c0b   _VFD_FONT
00310aa6   _VFD_Init
00310b7c   _VFD_Single_Line_dump
00310ba5   _VFD_Word_dump
0000cc86   _VFD_cnt
00310bcf   _VFD_cursor
00310af7   _VFD_dump
00310b3c   _VFD_dump2
00310a91   _VFD_gotopo
00310ade   _VFD_gotoxy
00310af0   _VFD_mem_cpy_test
00310bfc   _VFD_printf
0000c04c   _WAVE
00008000   _XINT3_ISR
003126fb   _Xinterface_setup
0000d224   __STACK_END
00000400   __STACK_SIZE
00000001   __TI_args_main
ffffffff   ___binit__
ffffffff   ___c_args__
00316c7f   ___cinit__
0031389d   ___etext__
00313706   ___memcpy_ff
ffffffff   ___pinit__
0030a2a8   ___text__
003137b7   __args_main
0000cc58   __cleanup_ptr
00316418   __ctypes_
0000cc5a   __dtors_ptr
0000cc56   __lock
003134f0   __log
0031387b   __nop
00312479   __printfi
00313877   __register_lock
00313873   __register_unlock
0000ce24   __stack
0000cc54   __unlock
003137d0   _abort
00313302   _atan
0031300c   _atan2
003135bf   _atoi
00312ee5   _aux_do_check
00312aa7   _booting_setting_check
00313544   _c_int00
0030fd2b   _comm_drive
003133de   _cos
00316aa4   _cos_50Hz
00316abc   _cos_60Hz
0000c118   _cos_table
0031257c   _cpu_setup
0030a2a8   _cursor_move
0030a2b7   _cursor_move_last
00310a0d   _delay
0000a000   _delay_us
00008faf   _do_release
0031128d   _do_test_check
0000cc88   _dumpP
00310c0c   _eerom_control
00310d07   _eerom_read
00310c74   _eerom_write
0000cc5c   _errno
00009e80   _event_direct_save
003137d2   _exit
00313374   _exp
00310d98   _flash_sector_erase
00310db5   _flash_word_write
00009bd8   _float_to_8bit_fram
003137e9   _frexp
0030e7f1   _harmonic_real_imag_calculation
0030e6ed   _harmonic_sample_backup
0030e1c8   _harmonics
00316766   _harmonics_1st_cos
003167ae   _harmonics_1st_sin
003167f6   _harmonics_3rd_cos
0031683e   _harmonics_3rd_sin
00316886   _harmonics_5th_cos
003168ce   _harmonics_5th_sin
00316916   _harmonics_7th_cos
0031695e   _harmonics_7th_sin
003169a6   _harmonics_9th_cos
003169ee   _harmonics_9th_sin
0030e18b   _himix_crc
0030d9d0   _himix_drive
00316b44   _himix_number
0000a02f   _i2c_read
0031277f   _i2c_setup
0000a06f   _i2c_write
0030edcb   _interrupt_control
003125f4   _interrupt_setup
0000a0ae   _key_drive
0000a144   _lcd_character_write
0000a127   _lcd_control_write
003127aa   _lcd_setup
0031358a   _ldexp
0031121f   _led_handling
0031361f   _ltoa
0030d9c3   _main
0000a161   _make_crc_send
0030ee29   _manager_handling
0030eb28   _measure2_display
0030ea38   _measure_display
0031383e   _memccpy
00313896   _memset
0030a2ed   _menu_00_00
0030a351   _menu_00_01
0030a3a2   _menu_00_02
0030a413   _menu_00_03
0030a464   _menu_00_04
0030a4b9   _menu_00_05
0030a50e   _menu_00_06
0030a55f   _menu_01_01
0030a5b1   _menu_01_03
0030a602   _menu_01_04
0030a683   _menu_01_05
0030a6c2   _menu_01_06
0030a713   _menu_01_07
0030a77c   _menu_01_08
0030a7f3   _menu_01_09
0030a85c   _menu_01_10
0030a8d3   _menu_01_11
0030a93c   _menu_01_12
0030a9b3   _menu_02_01
0030a9eb   _menu_02_03
0030aa3c   _menu_02_04
0030aab1   _menu_02_05
0030ab00   _menu_02_06
0030ab4f   _menu_03_03
0030abbc   _menu_04_02
0030d647   _menu_150_01
0030d6ae   _menu_150_02
0030d704   _menu_151_02
0030d76b   _menu_151_03
0030d7d2   _menu_151_04
0030d83a   _menu_151_05
0030d8dd   _menu_151_06
0030d905   _menu_151_07
0030abfc   _menu_41_02
0030ac48   _menu_41_03
0030acb7   _menu_41_04
0030ad23   _menu_41_05
0030add2   _menu_41_06
0030ae65   _menu_41_07
0030ae8f   _menu_41_08
0030aec9   _menu_41_09
0030af2b   _menu_41_10
0030af8f   _menu_41_11
0030afb2   _menu_41_12
0030afd5   _menu_42_01
0030b064   _menu_42_02
0030b083   _menu_42_03
0030b0f0   _menu_42_05
0030b1a0   _menu_42_06
0030b248   _menu_42_07
0030b2db   _menu_42_08
0030b304   _menu_42_09
0030b35e   _menu_42_10
0030b3bf   _menu_42_11
0030b425   _menu_42_12
0030b448   _menu_42_13
0030b46b   _menu_43_03
0030b4d9   _menu_43_04
0030b545   _menu_43_05
0030b5f4   _menu_43_06
0030b687   _menu_43_07
0030b6b1   _menu_43_08
0030b6eb   _menu_43_09
0030b74d   _menu_43_10
0030b7b1   _menu_43_11
0030b7d4   _menu_43_12
0030b7f7   _menu_44_03
0030b865   _menu_44_05
0030b915   _menu_44_06
0030b9bd   _menu_44_07
0030ba50   _menu_44_08
0030ba79   _menu_44_09
0030bad3   _menu_44_10
0030bb34   _menu_44_11
0030bb9a   _menu_44_12
0030bbbd   _menu_44_13
0030bbe0   _menu_45_03
0030bc4e   _menu_45_04
0030bcc9   _menu_45_05
0030bd79   _menu_45_06
0030be21   _menu_45_07
0030beb4   _menu_45_08
0030beee   _menu_45_09
0030bf48   _menu_45_10
0030bfa9   _menu_45_11
0030c00f   _menu_45_12
0030c032   _menu_45_13
0030c055   _menu_46_04
0030c0d0   _menu_46_05
0030c180   _menu_46_06
0030c228   _menu_46_07
0030c2bb   _menu_46_08
0030c2f5   _menu_46_09
0030c34f   _menu_46_10
0030c3b0   _menu_46_11
0030c416   _menu_46_12
0030c439   _menu_46_13
0030c45c   _menu_47_04
0030c4c8   _menu_47_05
0030c577   _menu_47_06
0030c60a   _menu_47_07
0030c634   _menu_47_08
0030c66e   _menu_47_09
0030c6d0   _menu_47_10
0030c734   _menu_47_11
0030c757   _menu_47_12
0030c77a   _menu_48_05
0030c829   _menu_48_06
0030c8d1   _menu_48_07
0030c964   _menu_48_08
0030c98d   _menu_48_09
0030c9e7   _menu_48_10
0030ca48   _menu_48_11
0030caae   _menu_48_12
0030cad1   _menu_48_13
0030caf4   _menu_49_04
0030cb6f   _menu_49_05
0030cc1f   _menu_49_06
0030ccc7   _menu_49_07
0030cd5a   _menu_49_08
0030cd94   _menu_49_09
0030cdee   _menu_49_10
0030ce4f   _menu_49_11
0030ceb5   _menu_49_12
0030ced8   _menu_49_13
0030cefb   _menu_50_04
0030cffe   _menu_50_05
0030d0a6   _menu_50_06
0030d139   _menu_50_07
0030d16e   _menu_50_08
0030d1a1   _menu_50_09
0030d202   _menu_50_10
0030d266   _menu_50_11
0030d289   _menu_50_12
0030d2ac   _menu_80_03
0030d318   _menu_80_04
0030d36c   _menu_81_03
0030d3be   _menu_81_04
0030d3db   _menu_82_03
0030d42d   _menu_83_03
0030d47f   _menu_84_03
0030d4d1   _menu_85_03
0030d523   _menu_86_03
0030d575   _menu_87_03
0030d5c7   _menu_88_03
0030d619   _menu_89_03
0030d97a   _menu_99_00
0000a216   _menu_drive
0030d92d   _menu_dummy
0030d996   _menu_init
0030d94c   _menu_popup
0031389e   _menu_tables
0000902d   _over_phase_value_check
0031259a   _pll_setup
0031343f   _pow
00009c69   _power_update
00009137   _protective_relay
00009a5e   _real_main
003109ac   _relay_assignment
00008f2b   _relay_detect_to_pickup
00009013   _relay_dropout_to_normal
00008f20   _relay_normal_to_detect
00008fa5   _relay_opeartion_to_dropout
00008f46   _relay_pickup_to_operation
00009f10   _rtc_handling
0031264b   _sci_setup
0000cc92   _scrP
0030a2be   _screen_frame
0030a2ce   _screen_frame2
0030a2dd   _screen_frame3
0030fced   _serial_ok_nak_send
0030fc41   _serial_write
003109ad   _setting_load
00312ef2   _setting_min_max_check
00310094   _setting_post_handling
0030ff6c   _setting_save
00313499   _sin
00316ad4   _sin_50Hz
00316aec   _sin_60Hz
0000c100   _sin_table
003135f0   _sprintf
003136a0   _sqrt
00313885   _strcpy
00313869   _strlen
00009c22   _supervision_relay
000090b5   _under_phase_value_check
00316b1c   _wave_buffer_address
00316b30   _wave_buffer_post_address
00310e30   _wave_di_initial_post
00310e15   _wave_di_initial_pre1
00310e23   _wave_di_initial_pre2
0000a1c6   _wave_dump_serial_sram
00310e3a   _wave_flash_sector_erase
00310dcc   _wave_flash_word_write
00310e53   _wave_save_process
00310e0b   _wave_vi_initial_post
00310df0   _wave_vi_initial_pre1
00310dfe   _wave_vi_initial_pre2
0000cc5d   _xyf
ffffffff   binit
00316c7f   cinit
0033fff6   code_start
0031389d   etext
ffffffff   pinit


GLOBAL SYMBOLS: SORTED BY Symbol Address 

address    name
--------   ----
00000001   __TI_args_main
00000400   __STACK_SIZE
00000d00   _PieVectTable
00008000   _RamfuncsRunStart
00008000   _XINT3_ISR
00008d25   _TINT1_ISR
00008e8b   _SCIRXB_ISR
00008ece   _SCITXINTB_ISR
00008ef3   _SCITXINTC_ISR
00008f20   _relay_normal_to_detect
00008f2b   _relay_detect_to_pickup
00008f46   _relay_pickup_to_operation
00008fa5   _relay_opeartion_to_dropout
00008faf   _do_release
00009013   _relay_dropout_to_normal
0000902d   _over_phase_value_check
000090b5   _under_phase_value_check
00009137   _protective_relay
000099e2   _Inverse_Op_Timeset
00009a5e   _real_main
00009bd8   _float_to_8bit_fram
00009c22   _supervision_relay
00009c69   _power_update
00009e80   _event_direct_save
00009f10   _rtc_handling
0000a000   _delay_us
0000a02f   _i2c_read
0000a06f   _i2c_write
0000a0ae   _key_drive
0000a127   _lcd_control_write
0000a144   _lcd_character_write
0000a161   _make_crc_send
0000a1c6   _wave_dump_serial_sram
0000a216   _menu_drive
0000a28e   _InitFlash
0000a2a4   _DSP28x_usDelay
0000c000   _PASSWORD
0000c001   _UVR_MODE
0000c002   _LOCAL_CONTROL
0000c003   _AUTO_DISPLAY
0000c004   _Fram2_Test
0000c005   _Fram1_Test
0000c006   _TIMER1
0000c008   _GR_ANGLE
0000c00a   _ALRAM
0000c00c   _MIN_MAX
0000c00e   _CORE
0000c011   _COMM
0000c015   _FLASH
0000c019   _SYSTEM_SET
0000c01e   _TIMER0
0000c024   _TIME
0000c02e   _DIDO
0000c040   _TIMER
0000c04c   _WAVE
0000c058   _RELAY_STATUS
0000c064   _ACCUMULATION
0000c070   _TRANSFORMER
0000c080   _SETTING
0000c092   _N47
0000c0a6   _P47
0000c0c0   _UVR_2
0000c0d6   _UVR_3
0000c100   _sin_table
0000c118   _cos_table
0000c140   _SYSTEM
0000c15a   _UVR_1
0000c180   _OCGR50
0000c19a   _OCR50_1
0000c1c0   _OVGR
0000c1da   _OVR
0000c200   _OCR50_2
0000c21a   _DSGR
0000c240   _SUPERVISION
0000c280   _OCGR51
0000c2c0   _EVENT
0000c300   _OCR51_2
0000c340   _OCR51_1
0000c380   _DFT
0000c3c0   _SYNCRO
0000c400   _HIMIX
0000c480   _CALIBRATION
0000c500   _HARMONICS
0000c580   _LCD
0000c600   _DISPLAY
0000c6c0   _MEASUREMENT
0000c800   _SAMPLE
0000ca40   _MANAGER
0000cc54   __unlock
0000cc56   __lock
0000cc58   __cleanup_ptr
0000cc5a   __dtors_ptr
0000cc5c   _errno
0000cc5d   _xyf
0000cc80   _Lcd_Bl_Count
0000cc82   _LCD_LIGHT
0000cc84   _LCD_RS
0000cc86   _VFD_cnt
0000cc88   _dumpP
0000cc8a   _AckScr
0000cc8e   _NorScr
0000cc92   _scrP
0000cc96   _FauScr
0000cc9a   _ReserveP
0000ccc0   _VFDABuffer
0000cd00   _VFDFBuffer
0000cd40   _VFDNBuffer
0000cd80   _Button_Press
0000cd81   _Set_Password
0000cd86   _Data_Change
0000cd88   _KHS_Key_Press
0000cd8a   _Data_Change_Count
0000cd90   _Screen_Position
0000cd94   _Cursor_Position
0000cd98   _Save_Current_Screen
0000cdc0   _Navi_Key_X_Limit_Value
0000ce24   __stack
0000d224   __STACK_END
00308000   _RamfuncsLoadStart
0030a2a8   .text
0030a2a8   _RamfuncsLoadEnd
0030a2a8   ___text__
0030a2a8   _cursor_move
0030a2b7   _cursor_move_last
0030a2be   _screen_frame
0030a2ce   _screen_frame2
0030a2dd   _screen_frame3
0030a2ed   _menu_00_00
0030a351   _menu_00_01
0030a3a2   _menu_00_02
0030a413   _menu_00_03
0030a464   _menu_00_04
0030a4b9   _menu_00_05
0030a50e   _menu_00_06
0030a55f   _menu_01_01
0030a5b1   _menu_01_03
0030a602   _menu_01_04
0030a683   _menu_01_05
0030a6c2   _menu_01_06
0030a713   _menu_01_07
0030a77c   _menu_01_08
0030a7f3   _menu_01_09
0030a85c   _menu_01_10
0030a8d3   _menu_01_11
0030a93c   _menu_01_12
0030a9b3   _menu_02_01
0030a9eb   _menu_02_03
0030aa3c   _menu_02_04
0030aab1   _menu_02_05
0030ab00   _menu_02_06
0030ab4f   _menu_03_03
0030abbc   _menu_04_02
0030abfc   _menu_41_02
0030ac48   _menu_41_03
0030acb7   _menu_41_04
0030ad23   _menu_41_05
0030add2   _menu_41_06
0030ae65   _menu_41_07
0030ae8f   _menu_41_08
0030aec9   _menu_41_09
0030af2b   _menu_41_10
0030af8f   _menu_41_11
0030afb2   _menu_41_12
0030afd5   _menu_42_01
0030b064   _menu_42_02
0030b083   _menu_42_03
0030b0f0   _menu_42_05
0030b1a0   _menu_42_06
0030b248   _menu_42_07
0030b2db   _menu_42_08
0030b304   _menu_42_09
0030b35e   _menu_42_10
0030b3bf   _menu_42_11
0030b425   _menu_42_12
0030b448   _menu_42_13
0030b46b   _menu_43_03
0030b4d9   _menu_43_04
0030b545   _menu_43_05
0030b5f4   _menu_43_06
0030b687   _menu_43_07
0030b6b1   _menu_43_08
0030b6eb   _menu_43_09
0030b74d   _menu_43_10
0030b7b1   _menu_43_11
0030b7d4   _menu_43_12
0030b7f7   _menu_44_03
0030b865   _menu_44_05
0030b915   _menu_44_06
0030b9bd   _menu_44_07
0030ba50   _menu_44_08
0030ba79   _menu_44_09
0030bad3   _menu_44_10
0030bb34   _menu_44_11
0030bb9a   _menu_44_12
0030bbbd   _menu_44_13
0030bbe0   _menu_45_03
0030bc4e   _menu_45_04
0030bcc9   _menu_45_05
0030bd79   _menu_45_06
0030be21   _menu_45_07
0030beb4   _menu_45_08
0030beee   _menu_45_09
0030bf48   _menu_45_10
0030bfa9   _menu_45_11
0030c00f   _menu_45_12
0030c032   _menu_45_13
0030c055   _menu_46_04
0030c0d0   _menu_46_05
0030c180   _menu_46_06
0030c228   _menu_46_07
0030c2bb   _menu_46_08
0030c2f5   _menu_46_09
0030c34f   _menu_46_10
0030c3b0   _menu_46_11
0030c416   _menu_46_12
0030c439   _menu_46_13
0030c45c   _menu_47_04
0030c4c8   _menu_47_05
0030c577   _menu_47_06
0030c60a   _menu_47_07
0030c634   _menu_47_08
0030c66e   _menu_47_09
0030c6d0   _menu_47_10
0030c734   _menu_47_11
0030c757   _menu_47_12
0030c77a   _menu_48_05
0030c829   _menu_48_06
0030c8d1   _menu_48_07
0030c964   _menu_48_08
0030c98d   _menu_48_09
0030c9e7   _menu_48_10
0030ca48   _menu_48_11
0030caae   _menu_48_12
0030cad1   _menu_48_13
0030caf4   _menu_49_04
0030cb6f   _menu_49_05
0030cc1f   _menu_49_06
0030ccc7   _menu_49_07
0030cd5a   _menu_49_08
0030cd94   _menu_49_09
0030cdee   _menu_49_10
0030ce4f   _menu_49_11
0030ceb5   _menu_49_12
0030ced8   _menu_49_13
0030cefb   _menu_50_04
0030cffe   _menu_50_05
0030d0a6   _menu_50_06
0030d139   _menu_50_07
0030d16e   _menu_50_08
0030d1a1   _menu_50_09
0030d202   _menu_50_10
0030d266   _menu_50_11
0030d289   _menu_50_12
0030d2ac   _menu_80_03
0030d318   _menu_80_04
0030d36c   _menu_81_03
0030d3be   _menu_81_04
0030d3db   _menu_82_03
0030d42d   _menu_83_03
0030d47f   _menu_84_03
0030d4d1   _menu_85_03
0030d523   _menu_86_03
0030d575   _menu_87_03
0030d5c7   _menu_88_03
0030d619   _menu_89_03
0030d647   _menu_150_01
0030d6ae   _menu_150_02
0030d704   _menu_151_02
0030d76b   _menu_151_03
0030d7d2   _menu_151_04
0030d83a   _menu_151_05
0030d8dd   _menu_151_06
0030d905   _menu_151_07
0030d92d   _menu_dummy
0030d94c   _menu_popup
0030d97a   _menu_99_00
0030d996   _menu_init
0030d9b5   _Save_Screen_Info
0030d9bc   _Restore_Screen_Info
0030d9c3   _main
0030d9d0   _himix_drive
0030e18b   _himix_crc
0030e1c8   _harmonics
0030e6ed   _harmonic_sample_backup
0030e7f1   _harmonic_real_imag_calculation
0030ea38   _measure_display
0030eb28   _measure2_display
0030edcb   _interrupt_control
0030ee03   _COMM_CRC
0030ee29   _manager_handling
0030fc41   _serial_write
0030fced   _serial_ok_nak_send
0030fd2b   _comm_drive
0030ff6c   _setting_save
00310094   _setting_post_handling
003109ac   _relay_assignment
003109ad   _setting_load
003109d1   _Setting_CRC
00310a0d   _delay
00310a3c   _LCD_DATA
00310a4f   _LCD_COMMAND
00310a60   _LCD_INIT
00310a86   _LCD_light_ON
00310a8c   _LCD_light_OFF
00310a91   _VFD_gotopo
00310aa6   _VFD_Init
00310ade   _VFD_gotoxy
00310af0   _VFD_mem_cpy_test
00310af7   _VFD_dump
00310b3c   _VFD_dump2
00310b7c   _VFD_Single_Line_dump
00310ba5   _VFD_Word_dump
00310bcf   _VFD_cursor
00310bfc   _VFD_printf
00310c0b   _VFD_FONT
00310c0c   _eerom_control
00310c74   _eerom_write
00310d07   _eerom_read
00310d98   _flash_sector_erase
00310db5   _flash_word_write
00310dcc   _wave_flash_word_write
00310df0   _wave_vi_initial_pre1
00310dfe   _wave_vi_initial_pre2
00310e0b   _wave_vi_initial_post
00310e15   _wave_di_initial_pre1
00310e23   _wave_di_initial_pre2
00310e30   _wave_di_initial_post
00310e3a   _wave_flash_sector_erase
00310e53   _wave_save_process
0031121f   _led_handling
0031128d   _do_test_check
00311347   _Offset_Check
0031136f   _DFT_Check
003113bd   _TRMS_Check
003113e2   _Degree_Check
00311412   _P_Check
00311459   _ADC_Calibration_Control
00312479   __printfi
0031257c   _cpu_setup
0031259a   _pll_setup
003125d1   _Peripheral_Clock_setup
003125f4   _interrupt_setup
0031264b   _sci_setup
003126a0   _GPIO_setup
003126fb   _Xinterface_setup
00312751   _InitTimer
0031277f   _i2c_setup
003127aa   _lcd_setup
00312aa7   _booting_setting_check
00312ee5   _aux_do_check
00312ef2   _setting_min_max_check
00312f05   LL$$DIV
00312f41   LL$$MOD
00312f7b   ULL$$DIV
00312faa   ULL$$MOD
0031300c   _atan2
003130d0   FD$$ADD
0031316c   FD$$DIV
003131f7   FS$$DIV
0031327f   FD$$MPY
00313302   _atan
00313374   _exp
003133de   _cos
0031343f   _pow
00313499   _sin
003134f0   __log
00313544   _c_int00
0031358a   _ldexp
003135bf   _atoi
003135f0   _sprintf
0031361f   _ltoa
0031364b   FD$$CMP
00313675   L$$DIV
00313684   L$$MOD
00313692   UL$$DIV
00313699   UL$$MOD
003136a0   _sqrt
003136c3   I$$DIV
003136d4   I$$MOD
003136e5   FD$$TOI
00313706   ___memcpy_ff
00313727   FD$$TOL
00313746   LL$$CMP
00313758   ULL$$CMP
00313764   FS$$TOFD
00313780   L$$TOFD
0031379c   FD$$TOUL
003137b7   __args_main
003137d0   C$$EXIT
003137d0   _abort
003137d2   _exit
003137e9   _frexp
003137ff   UL$$TOFD
00313815   _MemCopy
0031382a   LL$$MPY
0031383e   _memccpy
00313850   FD$$SUB
0031385e   U$$DIV
00313863   U$$MOD
00313869   _strlen
00313873   __register_unlock
00313877   __register_lock
0031387b   __nop
0031387c   FD$$NEG
00313885   _strcpy
00313896   _memset
0031389d   ___etext__
0031389d   etext
0031389e   _menu_tables
00316418   __ctypes_
00316519   _CRC_High
00316619   _CRC_Low
0031671a   _KHS_LCD_Buffer
00316766   _harmonics_1st_cos
003167ae   _harmonics_1st_sin
003167f6   _harmonics_3rd_cos
0031683e   _harmonics_3rd_sin
00316886   _harmonics_5th_cos
003168ce   _harmonics_5th_sin
00316916   _harmonics_7th_cos
0031695e   _harmonics_7th_sin
003169a6   _harmonics_9th_cos
003169ee   _harmonics_9th_sin
00316a36   _LCD_Position_Value
00316aa4   _cos_50Hz
00316abc   _cos_60Hz
00316ad4   _sin_50Hz
00316aec   _sin_60Hz
00316b1c   _wave_buffer_address
00316b30   _wave_buffer_post_address
00316b44   _himix_number
00316b4e   _OCR51_TL_MIN
00316b4f   _OCGR50_T_MIN
00316b50   _OCR51_TL_MAX
00316b51   _OCGR50_T_MAX
00316b52   _OCR50_T_MIN
00316b53   _OCR50_T_MAX
00316b54   _UVR_T_MIN
00316b55   _UVR_T_MAX
00316b56   _OCGR51_TL_MIN
00316b57   _OCGR51_TL_MAX
00316b58   _DO_ON_BIT
00316b61   _OFF_BIT
00316b6a   _ON_BIT
00316b84   _DO_OFF_BIT
00316c34   _UVR_1_V_MAX
00316c38   _UVR_1_V_MIN
00316c6f   _OCGR50_I_MAX
00316c71   _OCGR50_I_MIN
00316c73   _OCGR51_I_MAX
00316c75   _OCGR51_I_MIN
00316c77   _OCR50_I_MAX
00316c79   _OCR50_I_MIN
00316c7b   _OCR51_I_MAX
00316c7d   _OCR51_I_MIN
00316c7f   ___cinit__
00316c7f   cinit
0033fff6   code_start
ffffffff   ___binit__
ffffffff   ___c_args__
ffffffff   ___pinit__
ffffffff   binit
ffffffff   pinit

[463 symbols]
