******************************************************************************
             TMS320C2000 Linker PC v6.1.0                      
******************************************************************************
>> Linked Mon Apr 27 20:41:22 2015

OUTPUT FILE NAME:   <HIMAP4UP_v11_modify.out>
ENTRY POINT SYMBOL: "_c_int00"  address: 0031af1e


MEMORY CONFIGURATION

         name            origin    length      used     unused   attr    fill
----------------------  --------  ---------  --------  --------  ----  --------
PAGE 0:
  RAML_CODE             00008000   00004000  00002206  00001dfa  RWIX
  FLASH_CODE            00308000   00037f80  0001a875  0001d70b  RWIX
  CSM_RSVD              0033ff80   00000076  00000000  00000076  RWIX
  BEGIN                 0033fff6   00000002  00000002  00000000  RWIX
  CSM_PWL               0033fff8   00000008  00000000  00000008  RWIX
  ADC_CAL               00380080   00000009  00000000  00000009  RWIX
  OTP                   00380400   00000400  00000000  00000400  RWIX
  IQTABLES              003fe000   00000b50  00000000  00000b50  RWIX
  IQTABLES2             003feb50   0000008c  00000000  0000008c  RWIX
  FPUTABLES             003febdc   000006a0  00000000  000006a0  RWIX
  ROM                   003ff27c   00000d44  00000000  00000d44  RWIX
  RESET                 003fffc0   00000002  00000000  00000002  RWIX
  VECTORS               003fffc2   0000003e  00000000  0000003e  RWIX

PAGE 1:
  BOOT_RSVD             00000000   00000050  00000000  00000050  RWIX
  RAMM0                 00000050   000003b0  00000000  000003b0  RWIX
  RAMM1                 00000400   00000400  00000000  00000400  RWIX
  DEV_EMU               00000880   00000180  00000000  00000180  RWIX
  FLASH_REGS            00000a80   00000060  00000000  00000060  RWIX
  CSM                   00000ae0   00000010  00000000  00000010  RWIX
  ADC_MIRROR            00000b00   00000010  00000000  00000010  RWIX
  XINTF                 00000b20   00000020  00000000  00000020  RWIX
  CPU_TIMER0            00000c00   00000008  00000000  00000008  RWIX
  CPU_TIMER1            00000c08   00000008  00000000  00000008  RWIX
  CPU_TIMER2            00000c10   00000008  00000000  00000008  RWIX
  PIE_CTRL              00000ce0   00000020  00000000  00000020  RWIX
  PIE_VECT              00000d00   00000100  00000100  00000000  RWIX
  DMA                   00001000   00000200  00000000  00000200  RWIX
  MCBSPA                00005000   00000040  00000000  00000040  RWIX
  MCBSPB                00005040   00000040  00000000  00000040  RWIX
  ECANA                 00006000   00000040  00000000  00000040  RWIX
  ECANA_LAM             00006040   00000040  00000000  00000040  RWIX
  ECANA_MOTS            00006080   00000040  00000000  00000040  RWIX
  ECANA_MOTO            000060c0   00000040  00000000  00000040  RWIX
  ECANA_MBOX            00006100   00000100  00000000  00000100  RWIX
  ECANB                 00006200   00000040  00000000  00000040  RWIX
  ECANB_LAM             00006240   00000040  00000000  00000040  RWIX
  ECANB_MOTS            00006280   00000040  00000000  00000040  RWIX
  ECANB_MOTO            000062c0   00000040  00000000  00000040  RWIX
  ECANB_MBOX            00006300   00000100  00000000  00000100  RWIX
  EPWM1                 00006800   00000022  00000000  00000022  RWIX
  EPWM2                 00006840   00000022  00000000  00000022  RWIX
  EPWM3                 00006880   00000022  00000000  00000022  RWIX
  EPWM4                 000068c0   00000022  00000000  00000022  RWIX
  EPWM5                 00006900   00000022  00000000  00000022  RWIX
  EPWM6                 00006940   00000022  00000000  00000022  RWIX
  ECAP1                 00006a00   00000020  00000000  00000020  RWIX
  ECAP2                 00006a20   00000020  00000000  00000020  RWIX
  ECAP3                 00006a40   00000020  00000000  00000020  RWIX
  ECAP4                 00006a60   00000020  00000000  00000020  RWIX
  ECAP5                 00006a80   00000020  00000000  00000020  RWIX
  ECAP6                 00006aa0   00000020  00000000  00000020  RWIX
  EQEP1                 00006b00   00000040  00000000  00000040  RWIX
  EQEP2                 00006b40   00000040  00000000  00000040  RWIX
  GPIOCTRL              00006f80   00000040  00000000  00000040  RWIX
  GPIODAT               00006fc0   00000020  00000000  00000020  RWIX
  GPIOINT               00006fe0   00000020  00000000  00000020  RWIX
  SYSTEM                00007010   00000020  00000000  00000020  RWIX
  SPIA                  00007040   00000010  00000000  00000010  RWIX
  SCIA                  00007050   00000010  00000000  00000010  RWIX
  XINTRUPT              00007070   00000010  00000000  00000010  RWIX
  ADC                   00007100   00000020  00000000  00000020  RWIX
  SCIB                  00007750   00000010  00000000  00000010  RWIX
  SCIC                  00007770   00000010  00000000  00000010  RWIX
  I2CA                  00007900   00000040  00000000  00000040  RWIX
  RAML_DATA             0000c000   00004000  000019fc  00002604  RWIX
  FLASHB                00330000   00008000  00000000  00008000  RWIX
  CSM_PWL               0033fff8   00000008  00000000  00000008  RWIX
  PARTID                00380090   00000001  00000000  00000001  RWIX


SECTION ALLOCATION MAP

 output                                  attributes/
section   page    origin      length       input sections
--------  ----  ----------  ----------   ----------------
.pinit     0    00308000    00000000     UNINITIALIZED

ramfuncs   0    00308000    00002206     RUN ADDR = 00008000
                  00308000    00000dcd     system_isr.obj (ramfuncs:retain)
                  00308dcd    00000b7d     relaying.obj (ramfuncs)
                  0030994a    00000444     main.obj (ramfuncs)
                  00309d8e    00000182     setting.obj (ramfuncs)
                  00309f10    00000161     peripheral.obj (ramfuncs)
                  0030a071    000000f3     comms.obj (ramfuncs)
                  0030a164    00000088     menu.obj (ramfuncs)
                  0030a1ec    00000016     system_setup.obj (ramfuncs)
                  0030a202    00000004     DSP2833x_usDelay.obj (ramfuncs)

.text      0    0030a206    00011071     
                  0030a206    0000a6b4     menu.obj (.text)
                  003148ba    00001393     main.obj (.text)
                  00315c4d    0000118a     comms.obj (.text)
                  00316dd7    00000fc2     booting.obj (.text)
                  00317d99    00000f4f     setting.obj (.text)
                  00318ce8    00000911     rts2800_fpu32.lib : _printfi.obj (.text)
                  003195f9    000008b5     peripheral.obj (.text)
                  00319eae    00000527     system_setup.obj (.text)
                  0031a3d5    0000050a     calibration.obj (.text)
                  0031a8df    00000107     rts2800_fpu32.lib : ll_div.obj (.text)
                  0031a9e6    000000c4                       : atan2.obj (.text)
                  0031aaaa    0000009c                       : fd_add.obj (.text)
                  0031ab46    0000008b                       : fd_div.obj (.text)
                  0031abd1    00000088                       : fs_div.obj (.text)
                  0031ac59    00000083                       : fd_mpy.obj (.text)
                  0031acdc    00000072                       : atan.obj (.text)
                  0031ad4e    0000006a                       : exp.obj (.text)
                  0031adb8    00000061                       : cos.obj (.text)
                  0031ae19    0000005a                       : pow.obj (.text)
                  0031ae73    00000057                       : sin.obj (.text)
                  0031aeca    00000054                       : _log.obj (.text)
                  0031af1e    00000046                       : boot.obj (.text)
                  0031af64    00000035                       : ldexp.obj (.text)
                  0031af99    00000031                       : atoi.obj (.text)
                  0031afca    0000002f                       : sprintf.obj (.text)
                  0031aff9    0000002c                       : ltoa.obj (.text)
                  0031b025    0000002a                       : fd_cmp.obj (.text)
                  0031b04f    0000002a                       : l_div.obj (.text)
                  0031b079    00000001     --HOLE-- [fill = 0]
                  0031b07a    00000023                       : sqrt.obj (.text)
                  0031b09d    00000022                       : i_div.obj (.text)
                  0031b0bf    00000021                       : fd_toi.obj (.text)
                  0031b0e0    00000021                       : memcpy_ff.obj (.text)
                  0031b101    0000001f                       : fd_tol.obj (.text)
                  0031b120    0000001e                       : ll_cmp.obj (.text)
                  0031b13e    0000001c                       : fs_tofd.obj (.text)
                  0031b15a    0000001c                       : l_tofd.obj (.text)
                  0031b176    0000001b                       : fd_toul.obj (.text)
                  0031b191    00000019                       : args_main.obj (.text)
                  0031b1aa    00000019                       : exit.obj (.text)
                  0031b1c3    00000016                       : frexp.obj (.text)
                  0031b1d9    00000016                       : ul_tofd.obj (.text)
                  0031b1ef    00000015     DSP2833x_MemCopy.obj (.text)
                  0031b204    00000014     rts2800_fpu32.lib : ll_mpy.obj (.text)
                  0031b218    00000012                       : memccpy.obj (.text)
                  0031b22a    0000000e                       : fd_sub.obj (.text)
                  0031b238    0000000b                       : u_div.obj (.text)
                  0031b243    0000000a                       : strlen.obj (.text)
                  0031b24d    00000009                       : _lock.obj (.text)
                  0031b256    00000009                       : fd_neg.obj (.text)
                  0031b25f    00000009                       : strcpy.obj (.text)
                  0031b268    00000008     DSP2833x_CodeStartBranch.obj (.text)
                  0031b270    00000007     rts2800_fpu32.lib : memset.obj (.text)

.econst    0    0031b278    000069e6     
                  0031b278    000043bb     menu.obj (.econst:.string)
                  0031f633    00000001     --HOLE-- [fill = 0]
                  0031f634    00001c20     menu.obj (.econst:_menu_tables)
                  00321254    00000101     rts2800_fpu32.lib : ctype.obj (.econst:__ctypes_)
                  00321355    00000100     main.obj (.econst:_CRC_High)
                  00321455    00000100     main.obj (.econst:_CRC_Low)
                  00321555    00000001     --HOLE-- [fill = 0]
                  00321556    0000004c     peripheral.obj (.econst)
                  003215a2    00000048     main.obj (.econst:_harmonics_1st_cos)
                  003215ea    00000048     main.obj (.econst:_harmonics_1st_sin)
                  00321632    00000048     main.obj (.econst:_harmonics_3rd_cos)
                  0032167a    00000048     main.obj (.econst:_harmonics_3rd_sin)
                  003216c2    00000048     main.obj (.econst:_harmonics_5th_cos)
                  0032170a    00000048     main.obj (.econst:_harmonics_5th_sin)
                  00321752    00000048     main.obj (.econst:_harmonics_7th_cos)
                  0032179a    00000048     main.obj (.econst:_harmonics_7th_sin)
                  003217e2    00000048     main.obj (.econst:_harmonics_9th_cos)
                  0032182a    00000048     main.obj (.econst:_harmonics_9th_sin)
                  00321872    00000038     main.obj (.econst)
                  003218aa    00000028     peripheral.obj (.econst:_LCD_Position_Value)
                  003218d2    00000024     rts2800_fpu32.lib : _printfi.obj (.econst:.string)
                  003218f6    00000021     booting.obj (.econst:.string)
                  00321917    00000001     --HOLE-- [fill = 0]
                  00321918    00000018     main.obj (.econst:_cos_50Hz)
                  00321930    00000018     main.obj (.econst:_cos_60Hz)
                  00321948    00000018     main.obj (.econst:_sin_50Hz)
                  00321960    00000018     main.obj (.econst:_sin_60Hz)
                  00321978    00000018     rts2800_fpu32.lib : _printfi.obj (.econst)
                  00321990    00000014     main.obj (.econst:_wave_buffer_address)
                  003219a4    00000014     main.obj (.econst:_wave_buffer_post_address)
                  003219b8    0000000c     menu.obj (.econst:_$P$T109$113)
                  003219c4    0000000c     menu.obj (.econst:_$P$T110$114)
                  003219d0    0000000c     menu.obj (.econst:_$P$T111$115)
                  003219dc    0000000c     menu.obj (.econst:_$P$T112$116)
                  003219e8    0000000c     menu.obj (.econst:_$P$T113$117)
                  003219f4    0000000c     menu.obj (.econst:_$P$T114$118)
                  00321a00    0000000c     menu.obj (.econst:_$P$T115$119)
                  00321a0c    0000000c     menu.obj (.econst:_$P$T116$120)
                  00321a18    0000000c     menu.obj (.econst:_$P$T80$82)
                  00321a24    0000000c     menu.obj (.econst:_$P$T98$102)
                  00321a30    0000000a     menu.obj (.econst:_$P$T103$107)
                  00321a3a    0000000a     menu.obj (.econst:_$P$T104$108)
                  00321a44    0000000a     main.obj (.econst:_himix_number)
                  00321a4e    00000009     main.obj (.econst:_DO_ON_BIT)
                  00321a57    00000009     main.obj (.econst:_OFF_BIT)
                  00321a60    00000009     main.obj (.econst:_ON_BIT)
                  00321a69    00000001     --HOLE-- [fill = 0]
                  00321a6a    00000008     rts2800_fpu32.lib : atan.obj (.econst:_a$1)
                  00321a72    00000008                       : atan2.obj (.econst:_a$1)
                  00321a7a    00000007     main.obj (.econst:_DO_OFF_BIT)
                  00321a81    00000001     --HOLE-- [fill = 0]
                  00321a82    00000004     menu.obj (.econst:_$P$T0$1)
                  00321a86    00000004     menu.obj (.econst:_$P$T1$2)
                  00321a8a    00000004     menu.obj (.econst:_$P$T10$11)
                  00321a8e    00000004     menu.obj (.econst:_$P$T100$104)
                  00321a92    00000004     menu.obj (.econst:_$P$T105$109)
                  00321a96    00000004     menu.obj (.econst:_$P$T106$110)
                  00321a9a    00000004     menu.obj (.econst:_$P$T107$111)
                  00321a9e    00000004     menu.obj (.econst:_$P$T108$112)
                  00321aa2    00000004     menu.obj (.econst:_$P$T11$12)
                  00321aa6    00000004     menu.obj (.econst:_$P$T117$121)
                  00321aaa    00000004     menu.obj (.econst:_$P$T118$122)
                  00321aae    00000004     menu.obj (.econst:_$P$T119$123)
                  00321ab2    00000004     menu.obj (.econst:_$P$T12$13)
                  00321ab6    00000004     menu.obj (.econst:_$P$T120$124)
                  00321aba    00000004     menu.obj (.econst:_$P$T121$125)
                  00321abe    00000004     menu.obj (.econst:_$P$T122$126)
                  00321ac2    00000004     menu.obj (.econst:_$P$T123$127)
                  00321ac6    00000004     menu.obj (.econst:_$P$T124$128)
                  00321aca    00000004     menu.obj (.econst:_$P$T13$14)
                  00321ace    00000004     menu.obj (.econst:_$P$T14$15)
                  00321ad2    00000004     menu.obj (.econst:_$P$T15$16)
                  00321ad6    00000004     menu.obj (.econst:_$P$T16$17)
                  00321ada    00000004     menu.obj (.econst:_$P$T17$18)
                  00321ade    00000004     menu.obj (.econst:_$P$T18$19)
                  00321ae2    00000004     menu.obj (.econst:_$P$T19$20)
                  00321ae6    00000004     menu.obj (.econst:_$P$T2$3)
                  00321aea    00000004     menu.obj (.econst:_$P$T20$21)
                  00321aee    00000004     menu.obj (.econst:_$P$T21$22)
                  00321af2    00000004     menu.obj (.econst:_$P$T22$23)
                  00321af6    00000004     menu.obj (.econst:_$P$T23$24)
                  00321afa    00000004     menu.obj (.econst:_$P$T24$25)
                  00321afe    00000004     menu.obj (.econst:_$P$T25$26)
                  00321b02    00000004     menu.obj (.econst:_$P$T26$27)
                  00321b06    00000004     menu.obj (.econst:_$P$T27$28)
                  00321b0a    00000004     menu.obj (.econst:_$P$T29$31)
                  00321b0e    00000004     menu.obj (.econst:_$P$T3$4)
                  00321b12    00000004     menu.obj (.econst:_$P$T30$32)
                  00321b16    00000004     menu.obj (.econst:_$P$T33$35)
                  00321b1a    00000004     menu.obj (.econst:_$P$T35$37)
                  00321b1e    00000004     menu.obj (.econst:_$P$T38$40)
                  00321b22    00000004     menu.obj (.econst:_$P$T4$5)
                  00321b26    00000004     menu.obj (.econst:_$P$T5$6)
                  00321b2a    00000004     menu.obj (.econst:_$P$T51$53)
                  00321b2e    00000004     menu.obj (.econst:_$P$T54$56)
                  00321b32    00000004     menu.obj (.econst:_$P$T57$59)
                  00321b36    00000004     menu.obj (.econst:_$P$T6$7)
                  00321b3a    00000004     menu.obj (.econst:_$P$T61$63)
                  00321b3e    00000004     menu.obj (.econst:_$P$T63$65)
                  00321b42    00000004     menu.obj (.econst:_$P$T7$8)
                  00321b46    00000004     menu.obj (.econst:_$P$T76$78)
                  00321b4a    00000004     menu.obj (.econst:_$P$T77$79)
                  00321b4e    00000004     menu.obj (.econst:_$P$T78$80)
                  00321b52    00000004     menu.obj (.econst:_$P$T79$81)
                  00321b56    00000004     menu.obj (.econst:_$P$T8$9)
                  00321b5a    00000004     menu.obj (.econst:_$P$T81$83)
                  00321b5e    00000004     menu.obj (.econst:_$P$T83$85)
                  00321b62    00000004     menu.obj (.econst:_$P$T9$10)
                  00321b66    00000004     menu.obj (.econst:_$P$T90$92)
                  00321b6a    00000004     menu.obj (.econst:_$P$T91$95)
                  00321b6e    00000004     menu.obj (.econst:_$P$T92$96)
                  00321b72    00000004     menu.obj (.econst:_$P$T93$97)
                  00321b76    00000004     menu.obj (.econst:_$P$T94$98)
                  00321b7a    00000004     menu.obj (.econst:_$P$T95$99)
                  00321b7e    00000004     menu.obj (.econst:_$P$T97$101)
                  00321b82    00000004     menu.obj (.econst:_$P$T99$103)
                  00321b86    00000004     main.obj (.econst:_N47_V_MAX)
                  00321b8a    00000004     main.obj (.econst:_N47_V_MIN)
                  00321b8e    00000004     main.obj (.econst:_OVR_V_MAX)
                  00321b92    00000004     main.obj (.econst:_OVR_V_MIN)
                  00321b96    00000004     main.obj (.econst:_P47_V_MAX)
                  00321b9a    00000004     main.obj (.econst:_P47_V_MIN)
                  00321b9e    00000004     main.obj (.econst:_UVR_1_V_MAX)
                  00321ba2    00000004     main.obj (.econst:_UVR_1_V_MIN)
                  00321ba6    00000004     main.obj (.econst:_UVR_2_V_MAX)
                  00321baa    00000004     main.obj (.econst:_UVR_2_V_MIN)
                  00321bae    00000004     main.obj (.econst:_UVR_3_V_MAX)
                  00321bb2    00000004     main.obj (.econst:_UVR_3_V_MIN)
                  00321bb6    00000003     menu.obj (.econst:_$P$T28$29)
                  00321bb9    00000003     menu.obj (.econst:_$P$T31$33)
                  00321bbc    00000003     menu.obj (.econst:_$P$T32$34)
                  00321bbf    00000003     menu.obj (.econst:_$P$T34$36)
                  00321bc2    00000003     menu.obj (.econst:_$P$T36$38)
                  00321bc5    00000003     menu.obj (.econst:_$P$T37$39)
                  00321bc8    00000003     menu.obj (.econst:_$P$T39$41)
                  00321bcb    00000003     menu.obj (.econst:_$P$T40$42)
                  00321bce    00000003     menu.obj (.econst:_$P$T41$43)
                  00321bd1    00000003     menu.obj (.econst:_$P$T42$44)
                  00321bd4    00000003     menu.obj (.econst:_$P$T43$45)
                  00321bd7    00000003     menu.obj (.econst:_$P$T44$46)
                  00321bda    00000003     menu.obj (.econst:_$P$T45$47)
                  00321bdd    00000003     menu.obj (.econst:_$P$T46$48)
                  00321be0    00000003     menu.obj (.econst:_$P$T47$49)
                  00321be3    00000003     menu.obj (.econst:_$P$T48$50)
                  00321be6    00000003     menu.obj (.econst:_$P$T50$52)
                  00321be9    00000003     menu.obj (.econst:_$P$T53$55)
                  00321bec    00000003     menu.obj (.econst:_$P$T56$58)
                  00321bef    00000003     menu.obj (.econst:_$P$T59$61)
                  00321bf2    00000003     menu.obj (.econst:_$P$T64$66)
                  00321bf5    00000003     menu.obj (.econst:_$P$T65$67)
                  00321bf8    00000003     menu.obj (.econst:_$P$T66$68)
                  00321bfb    00000003     menu.obj (.econst:_$P$T67$69)
                  00321bfe    00000003     menu.obj (.econst:_$P$T69$71)
                  00321c01    00000003     menu.obj (.econst:_$P$T73$75)
                  00321c04    00000003     menu.obj (.econst:_$P$T82$84)
                  00321c07    00000003     menu.obj (.econst:_$P$T84$86)
                  00321c0a    00000003     menu.obj (.econst:_$P$T85$87)
                  00321c0d    00000003     menu.obj (.econst:_$P$T86$88)
                  00321c10    00000003     menu.obj (.econst:_$P$T87$89)
                  00321c13    00000003     menu.obj (.econst:_$P$T88$90)
                  00321c16    00000003     menu.obj (.econst:_$P$T89$91)
                  00321c19    00000003     menu.obj (.econst:_$P$T96$100)
                  00321c1c    00000003     main.obj (.econst:_DGR_V_MAX)
                  00321c1f    00000003     main.obj (.econst:_DGR_V_MIN)
                  00321c22    00000003     main.obj (.econst:_OVGR_V_MAX)
                  00321c25    00000003     main.obj (.econst:_OVGR_V_MIN)
                  00321c28    00000003     main.obj (.econst:_SGR_V_MAX)
                  00321c2b    00000003     main.obj (.econst:_SGR_V_MIN)
                  00321c2e    00000002     menu.obj (.econst:_$P$T101$105)
                  00321c30    00000002     menu.obj (.econst:_$P$T102$106)
                  00321c32    00000002     menu.obj (.econst:_$P$T49$51)
                  00321c34    00000002     menu.obj (.econst:_$P$T52$54)
                  00321c36    00000002     menu.obj (.econst:_$P$T55$57)
                  00321c38    00000002     menu.obj (.econst:_$P$T58$60)
                  00321c3a    00000002     menu.obj (.econst:_$P$T60$62)
                  00321c3c    00000002     menu.obj (.econst:_$P$T62$64)
                  00321c3e    00000002     menu.obj (.econst:_$P$T68$70)
                  00321c40    00000002     menu.obj (.econst:_$P$T70$72)
                  00321c42    00000002     menu.obj (.econst:_$P$T71$73)
                  00321c44    00000002     menu.obj (.econst:_$P$T72$74)
                  00321c46    00000002     menu.obj (.econst:_$P$T74$76)
                  00321c48    00000002     menu.obj (.econst:_$P$T75$77)
                  00321c4a    00000002     main.obj (.econst:_DGR_I_MAX)
                  00321c4c    00000002     main.obj (.econst:_DGR_I_MIN)
                  00321c4e    00000002     main.obj (.econst:_OCGR50_I_MAX)
                  00321c50    00000002     main.obj (.econst:_OCGR50_I_MIN)
                  00321c52    00000002     main.obj (.econst:_OCGR51_I_MAX)
                  00321c54    00000002     main.obj (.econst:_OCGR51_I_MIN)
                  00321c56    00000002     main.obj (.econst:_OCR50_I_MAX)
                  00321c58    00000002     main.obj (.econst:_OCR50_I_MIN)
                  00321c5a    00000002     main.obj (.econst:_OCR51_I_MAX)
                  00321c5c    00000002     main.obj (.econst:_OCR51_I_MIN)

.cinit     0    00321c5e    00000c18     
                  00321c5e    00000b46     menu.obj (.cinit)
                  003227a4    000000b4     peripheral.obj (.cinit)
                  00322858    0000000a     rts2800_fpu32.lib : _lock.obj (.cinit)
                  00322862    0000000a                       : exit.obj (.cinit)
                  0032286c    00000004     main.obj (.cinit)
                  00322870    00000004     rts2800_fpu32.lib : errno.obj (.cinit)
                  00322874    00000002     --HOLE-- [fill = 0]

codestart 
*          0    0033fff6    00000002     
                  0033fff6    00000002     DSP2833x_CodeStartBranch.obj (codestart)

.reset     0    003fffc0    00000002     DSECT
                  003fffc0    00000002     rts2800_fpu32.lib : boot.obj (.reset)

vectors    0    003fffc2    00000000     DSECT

PieVectTableFile 
*          1    00000d00    00000100     UNINITIALIZED
                  00000d00    00000100     DSP2833x_GlobalVariableDefs.obj (PieVectTableFile)

.ebss      1    0000c000    000015fc     UNINITIALIZED
                  0000c000    00000dd4     main.obj (.ebss)
                  0000cdd4    0000000d     comms.obj (.ebss)
                  0000cde1    00000001     rts2800_fpu32.lib : errno.obj (.ebss)
                  0000cde2    00000004                       : _lock.obj (.ebss)
                  0000cde6    00000004                       : exit.obj (.ebss)
                  0000cdea    00000016     --HOLE--
                  0000ce00    000006f8     menu.obj (.ebss)
                  0000d4f8    00000008     --HOLE--
                  0000d500    000000fc     peripheral.obj (.ebss)

.stack     1    0000d5fc    00000400     UNINITIALIZED
                  0000d5fc    00000400     --HOLE--


GLOBAL SYMBOLS: SORTED ALPHABETICALLY BY Name 

address    name
--------   ----
0030a206   .text
0031b1aa   C$$EXIT
0031aaaa   FD$$ADD
0031b025   FD$$CMP
0031ab46   FD$$DIV
0031ac59   FD$$MPY
0031b256   FD$$NEG
0031b22a   FD$$SUB
0031b0bf   FD$$TOI
0031b101   FD$$TOL
0031b176   FD$$TOUL
0031abd1   FS$$DIV
0031b13e   FS$$TOFD
0031b09d   I$$DIV
0031b0ae   I$$MOD
0031b04f   L$$DIV
0031b05e   L$$MOD
0031b15a   L$$TOFD
0031b120   LL$$CMP
0031a8df   LL$$DIV
0031a91b   LL$$MOD
0031b204   LL$$MPY
0031b238   U$$DIV
0031b23d   U$$MOD
0031b06c   UL$$DIV
0031b073   UL$$MOD
0031b1d9   UL$$TOFD
0031b132   ULL$$CMP
0031a955   ULL$$DIV
0031a984   ULL$$MOD
0000c05e   _ACCUMULATION
0031a528   _ADC_High_Calibration
0031a4ad   _ADC_Offset_Calibration
0031a61b   _ADC_low_Calibration
0000c00c   _ADDRESS
00318829   _ADDRESS_Default_Settings
0000c008   _AUTO_DISPLAY
0031883f   _AUTO_DISPLAY_Default_Settings
0000d512   _AckScr
0000ce03   _Button_Press
0000c700   _CALIBRATION
0032189a   _CALIB_I_MAX
003218a0   _CALIB_I_MIN
0032189e   _CALIB_In_MAX
00321898   _CALIB_In_MIN
003218a4   _CALIB_V_MAX
0032189c   _CALIB_V_MIN
003218a6   _CALIB_Vo_MAX
003218a8   _CALIB_Vo_MIN
0000c022   _COMM
00315c4d   _COMM_CRC
0000c010   _CORE
0000c0aa   _CPT
003187cf   _CPT_Default_Settings
00321355   _CRC_High
00321455   _CRC_Low
0032188c   _CT_1A_RATED
00321890   _CT_5A_RATED
00321877   _CT_MAX
00321878   _CT_MIN
0000c001   _Calibration_Menu_Escape
00318caf   _ClearFLASH
0000d030   _Cursor_Position
00321894   _DEBOUNCE_MAX
0032188d   _DEBOUNCE_MIN
0000c440   _DFT
0031a3fd   _DFT_Check
0000c400   _DGR
00321882   _DGR_A_MAX
00321881   _DGR_A_MIN
00318be8   _DGR_Default_Settings
00321c4a   _DGR_I_MAX
00321c4c   _DGR_I_MIN
00321883   _DGR_T_MAX
00321885   _DGR_T_MIN
00321c1c   _DGR_V_MAX
00321c1f   _DGR_V_MIN
0000c052   _DIDO
0000c098   _DIGITAL_INPUT
0000c013   _DIGITAL_OUTPUT
0000c600   _DISPLAY
0000c006   _DISPLAY_3PHASE
0031889d   _DISPLAY_3PHASE_Default_Settings
00318c7e   _DI_Default_Settings
00318c9a   _DO_Default_Settings
00321a7a   _DO_OFF_BIT
00321a4e   _DO_ON_BIT
00319e79   _DO_Output
0000c01a   _DSGR_ANGLE
0000a202   _DSP28x_usDelay
0000ce01   _Data_Change
0000ce06   _Data_Change_Count
0031a464   _Degree_Check
0000c380   _EVENT
0031464b   _Event_Item_Display
00314804   _Event_Time_Display
0000c02e   _FLASH
0000d516   _FauScr
00319fd2   _GPIO_setup
0000c02a   _GPT
003187b7   _GPT_Default_Settings
0000c00e   _GR_ANGLE
0000c500   _HARMONICS
0000c480   _HIMIX
0000a1ec   _InitFlash
0031a083   _InitTimer
000098ce   _Inverse_Op_Timeset
0000ce04   _KHS_Key_Press
00321556   _KHS_LCD_Buffer
0000c580   _LCD
0031963b   _LCD_COMMAND
00319628   _LCD_DATA
0031964c   _LCD_INIT
0000d502   _LCD_LIGHT
003218aa   _LCD_Position_Value
0000d504   _LCD_RS
00319678   _LCD_light_OFF
00319672   _LCD_light_ON
0000c000   _LOCAL_CONTROL
0000c04c   _LOCAL_CTRL
0031886a   _LOCAL_CTRL_Default_Settings
0000d500   _Lcd_Bl_Count
0000cbc0   _MANAGER
0000c840   _MEASUREMENT
0000c002   _MIN_MAX
0000c026   _MODBUS
003188b3   _MODBUS_Default_Settings
0000cdd4   _ManagerSystem
0031b1ef   _MemCopy
0000c1c0   _N47
00318b21   _N47_Default_Settings
0032188e   _N47_T_MAX
00321880   _N47_T_MIN
00321b86   _N47_V_MAX
00321b8a   _N47_V_MIN
0000d50a   _NorScr
0000c118   _OCGR50
003189b9   _OCGR50_Default_Settings
00321c4e   _OCGR50_I_MAX
00321c50   _OCGR50_I_MIN
00321889   _OCGR50_T_MAX
0032188a   _OCGR50_T_MIN
0000c280   _OCGR51
003189e9   _OCGR51_Default_Settings
00321c52   _OCGR51_I_MAX
00321c54   _OCGR51_I_MIN
0032187d   _OCGR51_TL_MAX
0032188b   _OCGR51_TL_MIN
0000c21a   _OCR50_1
003188f9   _OCR50_1_Default_Settings
00008fc5   _OCR50_1_RELAY
0000c180   _OCR50_2
00318929   _OCR50_2_Default_Settings
00321c56   _OCR50_I_MAX
00321c58   _OCR50_I_MIN
0032188f   _OCR50_T_MAX
00321873   _OCR50_T_MIN
0000c300   _OCR51_1
00318959   _OCR51_1_Default_Settings
0000c340   _OCR51_2
00318989   _OCR51_2_Default_Settings
00321c5a   _OCR51_I_MAX
00321c5c   _OCR51_I_MIN
00321891   _OCR51_TL_MAX
00321893   _OCR51_TL_MIN
003188ca   _OCR_MODE_Default_Settings
0000c032   _OCR_MODE_SET
00321a57   _OFF_BIT
00321a60   _ON_BIT
0000c240   _OVGR
00318bad   _OVGR_Default_Settings
00321892   _OVGR_TL_MAX
00321874   _OVGR_TL_MIN
00321c22   _OVGR_V_MAX
00321c25   _OVGR_V_MIN
0000c2c0   _OVR
00318b63   _OVR_Default_Settings
00321884   _OVR_TL_MAX
00321888   _OVR_TL_MIN
00321887   _OVR_T_MAX
00321895   _OVR_T_MIN
00321b8e   _OVR_V_MAX
00321b92   _OVR_V_MIN
0031a3d5   _Offset_Check
0000c19a   _P47
00318adf   _P47_Default_Settings
00321886   _P47_T_MAX
0032187f   _P47_T_MIN
00321b96   _P47_V_MAX
00321b9a   _P47_V_MIN
0000c00a   _PASSWORD
00318854   _PASSWORD_Default_Settings
0000c016   _PROTECT
003218a2   _PT_MAX
00321896   _PT_MIN
00319f03   _Peripheral_Clock_setup
00000d00   _PieVectTable
0000c06a   _RELAY_STATUS
0030a206   _RamfuncsLoadEnd
00308000   _RamfuncsLoadStart
00008000   _RamfuncsRunStart
0000d50e   _ReserveP
003148b3   _Restore_Screen_Info
0000c980   _SAMPLE
00008d38   _SCIRXB_ISR
00008d7b   _SCITXINTB_ISR
00008da0   _SCITXINTC_ISR
0000c3c0   _SGR
00321879   _SGR_A_MAX
0032187b   _SGR_A_MIN
00318c39   _SGR_Default_Settings
00321876   _SGR_I_MAX
00321875   _SGR_I_MIN
0032187a   _SGR_T_MAX
00321872   _SGR_T_MIN
00321c28   _SGR_V_MAX
00321c2b   _SGR_V_MIN
0000c260   _SUPERVISION
0000c15a   _SYSTEM
0000c01e   _SYSTEM_ALARM
003188e2   _SYSTEM_ALARM_Default_Settings
0000c037   _SYSTEM_SET
0000d040   _Save_Current_Screen
003148a8   _Save_Screen_Info
0000d034   _Screen_Position
0000ce05   _Set_Password
00318768   _Setting_CRC
0000c100   _TIME
0000c080   _TIMER
0000c040   _TIMER0
0000c004   _TIMER1
00008bf5   _TINT1_ISR
0000d4c0   _Trip_Message
0000c140   _UVR_1
00318a19   _UVR_1_Default_Settings
00321b9e   _UVR_1_V_MAX
00321ba2   _UVR_1_V_MIN
0000c1da   _UVR_2
00318a5b   _UVR_2_Default_Settings
00321ba6   _UVR_2_V_MAX
00321baa   _UVR_2_V_MIN
0000c200   _UVR_3
00318a9d   _UVR_3_Default_Settings
00321bae   _UVR_3_V_MAX
00321bb2   _UVR_3_V_MIN
0000c046   _UVR_MODE
00318883   _UVR_MODE_Default_Settings
0032187e   _UVR_T_MAX
0032187c   _UVR_T_MIN
0000d540   _VFDABuffer
0000d5c0   _VFDFBuffer
0000d580   _VFDNBuffer
003197f7   _VFD_FONT
00319692   _VFD_Init
00319768   _VFD_Single_Line_dump
00319791   _VFD_Word_dump
0000d506   _VFD_cnt
003197bb   _VFD_cursor
003196e3   _VFD_dump
00319728   _VFD_dump2
0031967d   _VFD_gotopo
003196ca   _VFD_gotoxy
003196dc   _VFD_mem_cpy_test
003197e8   _VFD_printf
0000c08c   _WAVE
00008000   _XINT3_ISR
0031a02d   _Xinterface_setup
0000d9fc   __STACK_END
00000400   __STACK_SIZE
00000001   __TI_args_main
ffffffff   ___binit__
ffffffff   ___c_args__
00321c5e   ___cinit__
0031b277   ___etext__
0031b0e0   ___memcpy_ff
ffffffff   ___pinit__
0030a206   ___text__
0031b191   __args_main
0000cde6   __cleanup_ptr
00321254   __ctypes_
0000cde8   __dtors_ptr
0000cde4   __lock
0031aeca   __log
0031b255   __nop
003194f6   __printfi
0031b251   __register_lock
0031b24d   __register_unlock
0000d5fc   __stack
0000cde2   __unlock
0031b1aa   _abort
0031acdc   _atan
0031a9e6   _atan2
0031af99   _atoi
00317d65   _aux_do_check
00316dd7   _booting_setting_check
0031af1e   _c_int00
0000d2e0   _cb_cancel1
0000d2ec   _cb_cancel2
0000d2b8   _cb_fail1
0000d2e4   _cb_fail2
0000d2b0   _cb_good1
0000d2bc   _cb_good2
0000d04c   _cb_status_view1
0000d078   _cb_status_view2
00316b52   _comm_drive
0000d2c0   _comm_set1
0000d2cc   _comm_set2
0000d2c4   _comm_view1
0000d26c   _commx
0031adb8   _cos
00321918   _cos_50Hz
00321930   _cos_60Hz
0000c0c0   _cos_table
0000d0b8   _cpt1
0000d048   _cpt2
00319eae   _cpu_setup
0000cf28   _ct_ratio_set1
0000cf3c   _ct_ratio_set2
0000cf30   _ct_ratio_set3
0000cf04   _ct_ratio_set4
0000ceb4   _ct_ratio_view1
0000ce64   _ct_ratio_view2
0000cf8c   _ct_ratio_view3
0000cf84   _ct_ratio_view4
0000d1dc   _current1
0000d1d8   _current2
0000d1e4   _current3
0000d1e0   _current4
0000d1cc   _current5
0000d1c8   _current6
0000d1d4   _current7
0030a206   _cursor_move
0030a215   _cursor_move_last
0000ce54   _data_reset1
0000ce40   _data_reset2
0000ce3a   _data_reset3
003195f9   _delay
0000d300   _delay_set1
00009f10   _delay_us
0000d198   _delta_vdf1
0000d188   _di1
0000cefc   _di_set1
0000cf88   _di_set2
0000cfa0   _di_set3
0000cf7c   _di_set4
0000cf78   _di_set5
0000cf80   _di_set6
0000cf9c   _di_set7
0000cff0   _di_set8
0000cf94   _di_set_view1
0000cf90   _di_set_view2
0000cfa4   _di_set_view3
0000cf98   _di_set_view4
0000d014   _diag1
0000d028   _diag2
0000d01c   _diag3
0000d1a0   _didocb1
0000d18c   _didocb2
0000d144   _display1
0000d15c   _display2
0000d158   _display3
0000d164   _display4
0000d194   _do1
0000d190   _do2
00008e4b   _do_release
0000d044   _docb1
0000d050   _docb2
0000d36c   _dsgr_set1
0000d364   _dsgr_set2
0000d35c   _dsgr_set3
0000d360   _dsgr_set4
0000d394   _dsgr_view1
0000d384   _dsgr_view2
0000d368   _dsgr_view3
0000d508   _dumpP
0000d03c   _east_egg1
0000d038   _east_egg2
0000d374   _east_egg3
003197f8   _eerom_control
003198f3   _eerom_read
00319860   _eerom_write
0000cde1   _errno
0000ce50   _etc1
0000ce44   _etc2
0000ce68   _etc3
0000cfc0   _etc_view1
0000cfb4   _etc_view2
0000ce90   _event1
0000ced4   _event10
0000cec0   _event11
0000cecc   _event12
0000ce8c   _event2
0000cea0   _event3
0000ce94   _event4
0000cec8   _event5
0000ce98   _event6
0000ce74   _event8
0000ce80   _event9
0000d3e4   _event_control
0000ceac   _event_d
00009d8e   _event_direct_save
003187a4   _event_info_update
0000d452   _event_io
0000d424   _event_mode_change
0000d440   _event_phase
0000d480   _event_relay
0000d3ec   _event_reset
0000d466   _event_set
0000ced0   _event_t
0000ce08   _event_test
0000ce9c   _eventx
0031b1ac   _exit
0031ad4e   _exp
00319984   _flash_sector_erase
003199a1   _flash_word_write
00009ac2   _float_to_8bit_fram
003150bf   _float_to_integer
0031b1c3   _frexp
0000cf48   _gr_set1
0000cf4c   _gr_set_view1
0000d138   _gr_view1
0000d134   _gr_view2
0000d140   _gr_view3
0000d13c   _gr_view4
0000d128   _gr_view5
0000d124   _gr_view6
0000d2d4   _h50_set1
0000d100   _h50_view1
0000d0fc   _h50_view2
0000d2e8   _h50_view3
0031570d   _harmonic_real_imag_calculation
00315609   _harmonic_sample_backup
003150e4   _harmonics
0000d180   _harmonics1
0000d16c   _harmonics2
0000d168   _harmonics3
0000d174   _harmonics4
0000d170   _harmonics5
0000d19c   _harmonics6
003215a2   _harmonics_1st_cos
003215ea   _harmonics_1st_sin
00321632   _harmonics_3rd_cos
0032167a   _harmonics_3rd_sin
003216c2   _harmonics_5th_cos
0032170a   _harmonics_5th_sin
00321752   _harmonics_7th_cos
0032179a   _harmonics_7th_sin
003217e2   _harmonics_9th_cos
0032182a   _harmonics_9th_sin
0000cfac   _hidden1
00315082   _himix_crc
003148c7   _himix_drive
00321a44   _himix_number
00009f3f   _i2c_read
0031a0b1   _i2c_setup
00009f7f   _i2c_write
00315c15   _interrupt_control
00319f26   _interrupt_setup
00009fbe   _key_drive
0000d2b4   _l_cb_close
0000d2c8   _l_cb_open
0000cf70   _lc_set1
0000cf64   _lc_set2
0000ce4c   _lc_set3
0000ce48   _lc_view1
0000a054   _lcd_character_write
0000a037   _lcd_control_write
0031a0dc   _lcd_setup
0031af64   _ldexp
00319e0b   _led_handling
0000cfbc   _led_test1
0031aff9   _ltoa
003148ba   _main
0000a071   _make_crc_send
00315c73   _manager_handling
00315aae   _measure2_display
00315954   _measure_display
0000d160   _measuremnt1
0000d14c   _measuremnt2
0000d148   _measuremnt3
0000d154   _measuremnt4
0031b218   _memccpy
0031b270   _memset
0030a24b   _menu_00_00
0030a2cb   _menu_00_01
0030a318   _menu_00_02
0030a388   _menu_00_03
0030a3dd   _menu_00_04
0030a432   _menu_00_05
0030a487   _menu_00_06
0030a4dc   _menu_00_07
0030a52d   _menu_00_08
0030a57e   _menu_01_01
0030a5d4   _menu_01_03
0030a621   _menu_01_04
0030a6a2   _menu_01_05
0030a6df   _menu_01_06
0030a72c   _menu_01_07
0030a795   _menu_01_08
0030a80c   _menu_01_09
0030a875   _menu_01_10
0030a8ec   _menu_01_11
0030a955   _menu_01_12
0030a9cc   _menu_01_13
0030aa1d   _menu_01_14
0030aa6e   _menu_02_01
0030aaa6   _menu_02_03
0030aaf7   _menu_02_04
0030ab6c   _menu_02_05
0030abbb   _menu_02_06
0030ac0a   _menu_03_03
0030ac73   _menu_04_02
0031273d   _menu_100_04
003127a7   _menu_100_05
003127d8   _menu_100_06
00312841   _menu_100_07
00312864   _menu_100_08
00312887   _menu_101_04
003128e3   _menu_101_05
0031293a   _menu_101_06
00312971   _menu_101_07
003129dd   _menu_101_08
00312a00   _menu_101_09
00312a23   _menu_102_05
00312a67   _menu_102_06
00312a92   _menu_103_04
00312af9   _menu_103_05
00312b44   _menu_103_06
00312b7f   _menu_103_07
00312bea   _menu_103_08
00312c0d   _menu_103_09
00312c30   _menu_104_04
00312c97   _menu_104_05
00312d2a   _menu_104_06
00312d55   _menu_104_07
00312d89   _menu_104_08
00312dea   _menu_104_09
00312e55   _menu_104_10
00312e78   _menu_104_11
00312e9b   _menu_150_01
00312f01   _menu_150_02
00312f57   _menu_151_01
00313076   _menu_151_02
003130dc   _menu_151_03
00313142   _menu_151_04
003131a9   _menu_151_05
0031324d   _menu_151_06
00313267   _menu_151_07
00313281   _menu_152_01
003132df   _menu_152_02
00313312   _menu_152_03
003133ad   _menu_152_04
00313453   _menu_152_05
0031347e   _menu_153_01
003134fd   _menu_153_02
003135c1   _menu_153_03
00313685   _menu_153_04
00313749   _menu_153_05
003138d9   _menu_153_06
0031399d   _menu_153_07
00313a61   _menu_153_08
00313b25   _menu_153_09
00313bef   _menu_153_10
00313d72   _menu_153_11
00313d95   _menu_153_12
00313db8   _menu_154_02
00313e0f   _menu_154_03
00313e32   _menu_154_04
00313e55   _menu_156_02
00313ee9   _menu_156_03
00313f7d   _menu_156_04
00314011   _menu_156_05
003140a5   _menu_156_06
00314139   _menu_156_07
003141cd   _menu_156_08
00314261   _menu_156_09
003142f8   _menu_156_10
00314329   _menu_156_11
0031435a   _menu_156_12
0031438b   _menu_156_13
003143b9   _menu_156_14
00314430   _menu_156_15
00314453   _menu_156_16
00314476   _menu_157_02
00314505   _menu_157_03
0031456e   _menu_157_04
00314591   _menu_157_05
0030acb3   _menu_29_02
0030ad16   _menu_29_03
0030ad27   _menu_41_02
0030ad72   _menu_41_03
0030ae0a   _menu_41_04
0030ae76   _menu_41_05
0030af25   _menu_41_06
0030afb8   _menu_41_07
0030afe1   _menu_41_08
0030b01b   _menu_41_09
0030b07c   _menu_41_10
0030b0e9   _menu_41_11
0030b10c   _menu_41_12
0030b12f   _menu_42_01
0030b1da   _menu_42_02
0030b1f9   _menu_42_03
0030b295   _menu_42_05
0030b345   _menu_42_06
0030b3ed   _menu_42_07
0030b480   _menu_42_08
0030b4a9   _menu_42_09
0030b503   _menu_42_10
0030b564   _menu_42_11
0030b5d3   _menu_42_12
0030b5f6   _menu_42_13
0030b619   _menu_43_03
0030b7b7   _menu_43_04
0030b823   _menu_43_05
0030b8d2   _menu_43_06
0030b965   _menu_43_07
0030b98e   _menu_43_08
0030b9c8   _menu_43_09
0030ba29   _menu_43_10
0030ba96   _menu_43_11
0030bab9   _menu_43_12
0030badc   _menu_44_03
0030bc26   _menu_44_05
0030bcd6   _menu_44_06
0030bd7e   _menu_44_07
0030be11   _menu_44_08
0030be3a   _menu_44_09
0030be94   _menu_44_10
0030bef5   _menu_44_11
0030bf64   _menu_44_12
0030bf87   _menu_44_13
0030bfaa   _menu_45_03
0030c033   _menu_45_04
0030c0ae   _menu_45_05
0030c15e   _menu_45_06
0030c206   _menu_45_07
0030c299   _menu_45_08
0030c2d3   _menu_45_09
0030c32d   _menu_45_10
0030c38e   _menu_45_11
0030c3fd   _menu_45_12
0030c420   _menu_45_13
0030c443   _menu_46_04
0030c4be   _menu_46_05
0030c56e   _menu_46_06
0030c616   _menu_46_07
0030c6a9   _menu_46_08
0030c6e3   _menu_46_09
0030c73d   _menu_46_10
0030c79e   _menu_46_11
0030c80d   _menu_46_12
0030c830   _menu_46_13
0030c853   _menu_47_04
0030c8bf   _menu_47_05
0030c96e   _menu_47_06
0030ca01   _menu_47_07
0030ca2a   _menu_47_08
0030ca64   _menu_47_09
0030cac5   _menu_47_10
0030cb32   _menu_47_11
0030cb55   _menu_47_12
0030cb78   _menu_48_05
0030cc27   _menu_48_06
0030cccf   _menu_48_07
0030cd62   _menu_48_08
0030cd8b   _menu_48_09
0030cde5   _menu_48_10
0030ce46   _menu_48_11
0030ceb5   _menu_48_12
0030ced8   _menu_48_13
0030cefb   _menu_49_04
0030cf76   _menu_49_05
0030d026   _menu_49_06
0030d0ce   _menu_49_07
0030d161   _menu_49_08
0030d19b   _menu_49_09
0030d1f5   _menu_49_10
0030d256   _menu_49_11
0030d2c5   _menu_49_12
0030d2e8   _menu_49_13
0030d30b   _menu_50_04
0030d423   _menu_50_05
0030d4bd   _menu_50_06
0030d550   _menu_50_07
0030d585   _menu_50_08
0030d5ba   _menu_50_09
0030d61b   _menu_50_10
0030d688   _menu_50_11
0030d6ab   _menu_50_12
0030d6ce   _menu_51_04
0030d842   _menu_51_05
0030d8dc   _menu_51_06
0030d96f   _menu_51_07
0030d9a4   _menu_51_08
0030d9d9   _menu_51_09
0030da3a   _menu_51_10
0030daa7   _menu_51_11
0030daca   _menu_51_12
0030daed   _menu_52_04
0030dc61   _menu_52_05
0030dcfb   _menu_52_06
0030dd8e   _menu_52_07
0030ddc3   _menu_52_08
0030ddf8   _menu_52_09
0030de59   _menu_52_10
0030dec6   _menu_52_11
0030dee9   _menu_52_12
0030df0c   _menu_53_04
0030e080   _menu_53_05
0030e11a   _menu_53_06
0030e1ad   _menu_53_07
0030e1e2   _menu_53_08
0030e217   _menu_53_09
0030e278   _menu_53_10
0030e2e5   _menu_53_11
0030e308   _menu_53_12
0030e32b   _menu_54_04
0030e443   _menu_54_05
0030e4dd   _menu_54_06
0030e570   _menu_54_07
0030e5a5   _menu_54_08
0030e5da   _menu_54_09
0030e63b   _menu_54_10
0030e6a8   _menu_54_11
0030e6cb   _menu_54_12
0030e6ee   _menu_55_04
0030e7bb   _menu_55_05
0030e8d2   _menu_55_06
0030e96c   _menu_55_07
0030e9ff   _menu_55_08
0030ea28   _menu_55_09
0030ea69   _menu_55_10
0030eaca   _menu_55_11
0030eb39   _menu_55_12
0030eb5c   _menu_55_13
0030eb7f   _menu_56_05
0030ec96   _menu_56_06
0030ed3e   _menu_56_07
0030edd1   _menu_56_08
0030edfa   _menu_56_09
0030ee3b   _menu_56_10
0030ee9c   _menu_56_11
0030ef0b   _menu_56_12
0030ef2e   _menu_56_13
0030ef51   _menu_57_04
0030f003   _menu_57_05
0030f0e8   _menu_57_06
0030f17b   _menu_57_07
0030f1a4   _menu_57_08
0030f1d9   _menu_57_09
0030f23a   _menu_57_10
0030f2a7   _menu_57_11
0030f2ca   _menu_57_12
0030f2ed   _menu_58_05
0030f3e5   _menu_58_06
0030f48d   _menu_58_07
0030f520   _menu_58_08
0030f549   _menu_58_09
0030f58a   _menu_58_10
0030f5eb   _menu_58_11
0030f65a   _menu_58_12
0030f67d   _menu_58_13
0030f6a0   _menu_59_04
0030f78c   _menu_59_05
0030f885   _menu_59_06
0030f91f   _menu_59_07
0030f9ad   _menu_59_08
0030fa40   _menu_59_09
0030fa84   _menu_59_10
0030fac5   _menu_59_11
0030faf4   _menu_59_12
0030fb55   _menu_59_13
0030fbc6   _menu_59_14
0030fbe9   _menu_59_15
0030fc0c   _menu_60_04
0030fcf1   _menu_60_05
0030fdea   _menu_60_06
0030fe84   _menu_60_07
0030ff12   _menu_60_08
0030ffa5   _menu_60_09
0030ffda   _menu_60_10
0031001b   _menu_60_11
0031004a   _menu_60_12
003100ab   _menu_60_13
0031011c   _menu_60_14
0031013f   _menu_60_15
00310162   _menu_80_03
0031021f   _menu_80_04
003102d0   _menu_80_05
0031035f   _menu_80_06
003103ee   _menu_80_07
0031047d   _menu_80_08
0031050c   _menu_80_09
0031059b   _menu_80_10
003105ea   _menu_80_11
00310790   _menu_80_12
003107b3   _menu_80_13
003107d6   _menu_81_03
00310857   _menu_81_04
00310912   _menu_81_05
003109c2   _menu_81_06
00310a8a   _menu_81_07
00310bf7   _menu_81_08
00310c8a   _menu_81_09
00310d07   _menu_81_10
00310d7d   _menu_81_11
00310da0   _menu_81_12
00310dc3   _menu_82_03
00310e27   _menu_82_04
00310ea4   _menu_82_05
00310f23   _menu_82_06
00310fa2   _menu_82_07
0031101f   _menu_82_08
0031109c   _menu_82_09
0031111c   _menu_82_10
00311157   _menu_82_11
003111aa   _menu_82_12
003111cd   _menu_82_13
003111f0   _menu_83_03
00311259   _menu_83_04
003112b0   _menu_83_05
00311303   _menu_83_06
00311390   _menu_83_07
003113b3   _menu_83_08
003113d6   _menu_84_03
00311443   _menu_84_05
003114d3   _menu_84_06
00311526   _menu_84_07
00311549   _menu_84_08
0031156c   _menu_84_09
0031158f   _menu_85_03
0031160d   _menu_85_04
00311660   _menu_85_05
00311683   _menu_85_06
003116a6   _menu_86_03
0031171a   _menu_86_04
0031176d   _menu_86_05
00311790   _menu_86_06
003117b3   _menu_87_03
0031182d   _menu_87_04
00311880   _menu_87_05
003118a3   _menu_87_06
003118c6   _menu_88_03
0031193c   _menu_88_04
003119cc   _menu_88_05
003119fb   _menu_88_06
00311a64   _menu_88_07
00311a87   _menu_88_08
00311aaa   _menu_89_03
00311b2d   _menu_89_04
00311b86   _menu_89_05
00311bef   _menu_89_06
00311c12   _menu_89_07
00311c35   _menu_90_03
00311c7d   _menu_90_04
00311cd0   _menu_90_05
00311cf3   _menu_90_06
00311d16   _menu_91_04
00311da7   _menu_91_05
00311dd6   _menu_91_06
00311e3f   _menu_91_07
00311e62   _menu_91_08
00311e85   _menu_92_04
00311f1d   _menu_92_05
00311f97   _menu_92_06
00311fe9   _menu_92_07
00312054   _menu_92_08
00312077   _menu_92_09
0031209a   _menu_95_04
00312101   _menu_95_05
00312149   _menu_95_06
00312196   _menu_95_07
00312203   _menu_95_08
00312226   _menu_95_09
00312249   _menu_96_05
00312274   _menu_97_04
003122f4   _menu_97_05
00312377   _menu_97_06
003123ae   _menu_97_07
00312409   _menu_97_08
0031242c   _menu_97_09
0031244f   _menu_98_04
003124b8   _menu_98_05
00312521   _menu_98_06
00312581   _menu_98_07
003125b5   _menu_98_08
003125f1   _menu_98_09
0031265e   _menu_98_10
00312681   _menu_98_11
0031462f   _menu_99_00
003126a4   _menu_99_04
003126f7   _menu_99_05
0031271a   _menu_99_06
0000a164   _menu_drive
003145b4   _menu_dummy
00314889   _menu_init
003145d3   _menu_popup
00314605   _menu_reset
0031f634   _menu_tables
0000d228   _motor_set1
0000d224   _motor_set2
0000d210   _motor_set3
0000d220   _motor_view1
0000d21c   _motor_view2
0000d25c   _n47_set1
0000d268   _n47_view1
0000d280   _nch_set1
0000d28c   _nch_set2
0000d288   _nch_set3
0000d274   _nch_set4
0000d270   _nch_view1
0000d27c   _nch_view2
0000d0f0   _nch_view4
0000d0ec   _nch_view5
0000d1f8   _nsocr_set1
0000d1f4   _nsocr_view1
0000d0d0   _nsocr_view4
0000d0cc   _nsocr_view5
0000d30c   _ocgr50_set1
0000d320   _ocgr50_view1
0000d314   _ocgr50_view2
0000d38c   _ocgr51_set1
0000d388   _ocgr51_view1
0000d2f8   _ocr50_set1
0000d31c   _ocr50_view1
0000d318   _ocr50_view2
0000d348   _ocr51_set1
0000d310   _ocr51_view1
0000cf68   _ocr_pro_set1
0000cf74   _ocr_pro_set2
0000cf60   _ocr_pro_view1
0000cf5c   _ocr_pro_view2
0000d120   _ocr_view1
0000d11c   _ocr_view2
0000d108   _ocr_view3
0000d104   _ocr_view4
0000d110   _ocr_view5
0000d10c   _ocr_view6
00008ebb   _over_phase_value_check
0000d370   _ovgr_set1
0000d240   _ovgr_view1
0000d23c   _ovgr_view2
0000d0d8   _ovgr_view4
0000d0d4   _ovgr_view5
0000d0e0   _ovgr_view6
0000d0dc   _ovgr_view7
0000d37c   _ovr_set1
0000d380   _ovr_view1
0000d378   _ovr_view2
0000d130   _ovr_view4
0000d12c   _ovr_view5
0000d234   _p47_set1
0000d260   _p47_view1
0000ce1e   _p_view_format1
0000ce32   _p_view_format10
0000ce26   _p_view_format100
0000ce78   _p_view_format100g
0000ced8   _p_view_format100k
0000ce88   _p_view_format100m
0000ce84   _p_view_format10g
0000ceb8   _p_view_format10k
0000ce7c   _p_view_format10m
0000ce70   _p_view_format1g
0000cebc   _p_view_format1k
0000cec4   _p_view_format1m
0000cf54   _password_input1
0000cf50   _password_input2
0000cf6c   _password_set1
00319ecc   _pll_setup
0031ae19   _pow
0000d1d0   _power1
0000d17c   _power2
0000d178   _power3
0000d184   _power4
00009b53   _power_update
00009017   _protective_relay
0000cee0   _pt_ratio_set1
0000cee4   _pt_ratio_set2
0000cf00   _pt_ratio_set3
0000cef4   _pt_ratio_view1
0000cf18   _pt_ratio_view10
0000cf24   _pt_ratio_view11
0000cf10   _pt_ratio_view12
0000cf14   _pt_ratio_view13
0000cf1c   _pt_ratio_view14
0000cf20   _pt_ratio_view15
0000cf38   _pt_ratio_view16
0000cef8   _pt_ratio_view2
0000cf0c   _pt_ratio_view3
0000cef0   _pt_ratio_view4
0000cedc   _pt_ratio_view5
0000cee8   _pt_ratio_view6
0000ceec   _pt_ratio_view7
0000cf40   _pt_ratio_view8
0000cf34   _pt_ratio_view9
00317d85   _pt_setting_min_max_check
0000cf08   _pt_wiring_set1
0000cf2c   _pt_wiring_view1
0000d1a4   _q_value
0000994a   _real_main
0000d098   _relay1
0000d0c0   _relay10
0000d0bc   _relay11
0000d0a8   _relay12
0000d0a4   _relay13
0000d0b0   _relay14
0000d0ac   _relay15
0000d058   _relay16
0000d094   _relay2
0000d0a0   _relay3
0000d09c   _relay4
0000d088   _relay5
0000d084   _relay6
0000d090   _relay7
0000d08c   _relay8
0000d0b4   _relay9
0000d40c   _relay_curve
00008dd2   _relay_detect_to_pickup
00008ea9   _relay_dropout_to_normal
0000d358   _relay_mode1
0000d344   _relay_mode2
0000d340   _relay_mode3
0000d354   _relay_mode4
00008dcd   _relay_normal_to_detect
0000d34c   _relay_onoff1
00008e41   _relay_opeartion_to_dropout
00008de5   _relay_pickup_to_operation
0000cea8   _relay_popup1
0000ceb0   _relay_popup2
0000cfec   _relay_popup3
0000cff8   _relay_popup4
0000cfe4   _relay_popup5
0000cfe0   _relay_popup6
0000cff4   _relay_popup7
0000cfe8   _relay_popup8
0000d00c   _relay_popup9
0000d304   _relay_relay1
0000d308   _relay_set_view1
0000d008   _relay_test1
0000d024   _relay_test2
0000d000   _relay_test3
0000cffc   _relay_test4
0000d010   _relay_test5
0000ce16   _reset1
0000ce1a   _reset2
0000ce12   _reset3
0000ce2e   _resetq
00009e20   _rtc_handling
0000cfd4   _run_time
0000d2d8   _s_l_set1
0000d284   _s_l_set2
0000d2d0   _s_l_view1
0000d2dc   _s_l_view2
0000ce0a   _save1
0000ce0e   _save_cancel1
0000ce2a   _save_confirm1
0000ce36   _save_fail1
0000ce22   _save_no1
00319f7d   _sci_setup
0000d51a   _scrP
0030a21c   _screen_frame
0030a22c   _screen_frame2
0030a23b   _screen_frame3
0000a0d6   _serial_ok_nak_send
00316aa6   _serial_write
0000d418   _set_integer
0000d054   _setting1
0000d060   _setting2
0000d05c   _setting3
00318744   _setting_load
00317d72   _setting_min_max_check
00317dcf   _setting_post_handling
00317d99   _setting_save
0031ae73   _sin
00321948   _sin_50Hz
00321960   _sin_60Hz
0000c0d8   _sin_table
0000d400   _six_point_2
0000d0e8   _sl_view1
0000d0e4   _sl_view2
0000d338   _sovr_view1
0000d324   _sovr_view2
0031afca   _sprintf
0031b07a   _sqrt
0031b25f   _strcpy
0031b243   _strlen
00009b0c   _supervision_relay
0000d068   _supervison_set1
0000d064   _supervison_set2
0000d070   _supervison_set3
0000d06c   _supervison_set4
0000d118   _supervison_set5
0000d114   _supervison_set6
0000d074   _supervison_view1
0000d080   _supervison_view2
0000d07c   _supervison_view3
0000d264   _sync_set1
0000d250   _sync_set2
0000d24c   _sync_set3
0000d258   _sync_set4
0000d254   _sync_view1
0000d200   _sync_view2
0000d1fc   _sync_view3
0000d328   _syncro_view1
0000d33c   _syncro_view2
0000d330   _syncro_view3
0000d334   _syncro_view4
0000cfd8   _sys_time
0000d294   _system_set1
0000d290   _system_set2
0000d29c   _system_set3
0000d298   _system_set4
0000cea4   _system_set5
0000ce6c   _system_set6
0000d278   _system_view1
0000d2a4   _system_view2
0000d2a0   _system_view3
0000d2ac   _system_view4
0000d2a8   _system_view5
0000cfb8   _test2
0000cfc4   _test3
0000cfb0   _test4
0000d218   _thr_set1
0000d214   _thr_set2
0000d20c   _thr_view1
0000d0f8   _thr_view4
0000d0f4   _thr_view5
0000d004   _time_set1
0000cfcc   _time_set2
0000cfc8   _time_set3
0000cfdc   _time_set4
0000cfd0   _time_set5
0000d020   _time_set6
0000d02c   _time_set7
0000d018   _time_set8
0000d2fc   _tl_set1
0000d208   _ucr_set1
0000d204   _ucr_set2
0000d1f0   _ucr_view1
0000d1ec   _ucr_view2
0000d0c8   _ucr_view3
0000d0c4   _ucr_view4
00008f43   _under_phase_value_check
0000d248   _uvr_set1
0000d244   _uvr_set2
0000d230   _uvr_set_view1
0000d22c   _uvr_set_view2
0000d238   _uvr_set_view3
0000d1e8   _uvr_view1
0000d390   _uvr_view2
0000d32c   _uvr_view3
0000d2f0   _uvr_view4
0000d2f4   _uvr_view5
0000d350   _uvr_view6
0000d3de   _view_format1
0000d3b6   _view_format10
0000d3b0   _view_format100
0000d3a4   _view_format100g
0000d3c6   _view_format100k
0000d39e   _view_format100m
0000d3aa   _view_format10g
0000d3cc   _view_format10k
0000d3d8   _view_format10m
0000d398   _view_format1g
0000d3c0   _view_format1k
0000d3d2   _view_format1m
0000d150   _volt1
0000d1bc   _volt2
0000d1b8   _volt3
0000d1c4   _volt4
0000d1c0   _volt5
0000d1ac   _volt6
0000d1a8   _volt7
0000d1b4   _volt8
0000d1b0   _volt9
0000ce5c   _wave1
0000ce58   _wave2
0000ce60   _wave3
00321990   _wave_buffer_address
003219a4   _wave_buffer_post_address
00319a1c   _wave_di_initial_post
00319a01   _wave_di_initial_pre1
00319a0f   _wave_di_initial_pre2
0000a114   _wave_dump_serial_sram
00319a26   _wave_flash_sector_erase
003199b8   _wave_flash_word_write
00319a3f   _wave_save_process
003199f7   _wave_vi_initial_post
003199dc   _wave_vi_initial_pre1
003199ea   _wave_vi_initial_pre2
0000cf44   _zct_set1
0000cf58   _zct_view1
ffffffff   binit
00321c5e   cinit
0033fff6   code_start
0031b277   etext
ffffffff   pinit


GLOBAL SYMBOLS: SORTED BY Symbol Address 

address    name
--------   ----
00000001   __TI_args_main
00000400   __STACK_SIZE
00000d00   _PieVectTable
00008000   _RamfuncsRunStart
00008000   _XINT3_ISR
00008bf5   _TINT1_ISR
00008d38   _SCIRXB_ISR
00008d7b   _SCITXINTB_ISR
00008da0   _SCITXINTC_ISR
00008dcd   _relay_normal_to_detect
00008dd2   _relay_detect_to_pickup
00008de5   _relay_pickup_to_operation
00008e41   _relay_opeartion_to_dropout
00008e4b   _do_release
00008ea9   _relay_dropout_to_normal
00008ebb   _over_phase_value_check
00008f43   _under_phase_value_check
00008fc5   _OCR50_1_RELAY
00009017   _protective_relay
000098ce   _Inverse_Op_Timeset
0000994a   _real_main
00009ac2   _float_to_8bit_fram
00009b0c   _supervision_relay
00009b53   _power_update
00009d8e   _event_direct_save
00009e20   _rtc_handling
00009f10   _delay_us
00009f3f   _i2c_read
00009f7f   _i2c_write
00009fbe   _key_drive
0000a037   _lcd_control_write
0000a054   _lcd_character_write
0000a071   _make_crc_send
0000a0d6   _serial_ok_nak_send
0000a114   _wave_dump_serial_sram
0000a164   _menu_drive
0000a1ec   _InitFlash
0000a202   _DSP28x_usDelay
0000c000   _LOCAL_CONTROL
0000c001   _Calibration_Menu_Escape
0000c002   _MIN_MAX
0000c004   _TIMER1
0000c006   _DISPLAY_3PHASE
0000c008   _AUTO_DISPLAY
0000c00a   _PASSWORD
0000c00c   _ADDRESS
0000c00e   _GR_ANGLE
0000c010   _CORE
0000c013   _DIGITAL_OUTPUT
0000c016   _PROTECT
0000c01a   _DSGR_ANGLE
0000c01e   _SYSTEM_ALARM
0000c022   _COMM
0000c026   _MODBUS
0000c02a   _GPT
0000c02e   _FLASH
0000c032   _OCR_MODE_SET
0000c037   _SYSTEM_SET
0000c040   _TIMER0
0000c046   _UVR_MODE
0000c04c   _LOCAL_CTRL
0000c052   _DIDO
0000c05e   _ACCUMULATION
0000c06a   _RELAY_STATUS
0000c080   _TIMER
0000c08c   _WAVE
0000c098   _DIGITAL_INPUT
0000c0aa   _CPT
0000c0c0   _cos_table
0000c0d8   _sin_table
0000c100   _TIME
0000c118   _OCGR50
0000c140   _UVR_1
0000c15a   _SYSTEM
0000c180   _OCR50_2
0000c19a   _P47
0000c1c0   _N47
0000c1da   _UVR_2
0000c200   _UVR_3
0000c21a   _OCR50_1
0000c240   _OVGR
0000c260   _SUPERVISION
0000c280   _OCGR51
0000c2c0   _OVR
0000c300   _OCR51_1
0000c340   _OCR51_2
0000c380   _EVENT
0000c3c0   _SGR
0000c400   _DGR
0000c440   _DFT
0000c480   _HIMIX
0000c500   _HARMONICS
0000c580   _LCD
0000c600   _DISPLAY
0000c700   _CALIBRATION
0000c840   _MEASUREMENT
0000c980   _SAMPLE
0000cbc0   _MANAGER
0000cdd4   _ManagerSystem
0000cde1   _errno
0000cde2   __unlock
0000cde4   __lock
0000cde6   __cleanup_ptr
0000cde8   __dtors_ptr
0000ce01   _Data_Change
0000ce03   _Button_Press
0000ce04   _KHS_Key_Press
0000ce05   _Set_Password
0000ce06   _Data_Change_Count
0000ce08   _event_test
0000ce0a   _save1
0000ce0e   _save_cancel1
0000ce12   _reset3
0000ce16   _reset1
0000ce1a   _reset2
0000ce1e   _p_view_format1
0000ce22   _save_no1
0000ce26   _p_view_format100
0000ce2a   _save_confirm1
0000ce2e   _resetq
0000ce32   _p_view_format10
0000ce36   _save_fail1
0000ce3a   _data_reset3
0000ce40   _data_reset2
0000ce44   _etc2
0000ce48   _lc_view1
0000ce4c   _lc_set3
0000ce50   _etc1
0000ce54   _data_reset1
0000ce58   _wave2
0000ce5c   _wave1
0000ce60   _wave3
0000ce64   _ct_ratio_view2
0000ce68   _etc3
0000ce6c   _system_set6
0000ce70   _p_view_format1g
0000ce74   _event8
0000ce78   _p_view_format100g
0000ce7c   _p_view_format10m
0000ce80   _event9
0000ce84   _p_view_format10g
0000ce88   _p_view_format100m
0000ce8c   _event2
0000ce90   _event1
0000ce94   _event4
0000ce98   _event6
0000ce9c   _eventx
0000cea0   _event3
0000cea4   _system_set5
0000cea8   _relay_popup1
0000ceac   _event_d
0000ceb0   _relay_popup2
0000ceb4   _ct_ratio_view1
0000ceb8   _p_view_format10k
0000cebc   _p_view_format1k
0000cec0   _event11
0000cec4   _p_view_format1m
0000cec8   _event5
0000cecc   _event12
0000ced0   _event_t
0000ced4   _event10
0000ced8   _p_view_format100k
0000cedc   _pt_ratio_view5
0000cee0   _pt_ratio_set1
0000cee4   _pt_ratio_set2
0000cee8   _pt_ratio_view6
0000ceec   _pt_ratio_view7
0000cef0   _pt_ratio_view4
0000cef4   _pt_ratio_view1
0000cef8   _pt_ratio_view2
0000cefc   _di_set1
0000cf00   _pt_ratio_set3
0000cf04   _ct_ratio_set4
0000cf08   _pt_wiring_set1
0000cf0c   _pt_ratio_view3
0000cf10   _pt_ratio_view12
0000cf14   _pt_ratio_view13
0000cf18   _pt_ratio_view10
0000cf1c   _pt_ratio_view14
0000cf20   _pt_ratio_view15
0000cf24   _pt_ratio_view11
0000cf28   _ct_ratio_set1
0000cf2c   _pt_wiring_view1
0000cf30   _ct_ratio_set3
0000cf34   _pt_ratio_view9
0000cf38   _pt_ratio_view16
0000cf3c   _ct_ratio_set2
0000cf40   _pt_ratio_view8
0000cf44   _zct_set1
0000cf48   _gr_set1
0000cf4c   _gr_set_view1
0000cf50   _password_input2
0000cf54   _password_input1
0000cf58   _zct_view1
0000cf5c   _ocr_pro_view2
0000cf60   _ocr_pro_view1
0000cf64   _lc_set2
0000cf68   _ocr_pro_set1
0000cf6c   _password_set1
0000cf70   _lc_set1
0000cf74   _ocr_pro_set2
0000cf78   _di_set5
0000cf7c   _di_set4
0000cf80   _di_set6
0000cf84   _ct_ratio_view4
0000cf88   _di_set2
0000cf8c   _ct_ratio_view3
0000cf90   _di_set_view2
0000cf94   _di_set_view1
0000cf98   _di_set_view4
0000cf9c   _di_set7
0000cfa0   _di_set3
0000cfa4   _di_set_view3
0000cfac   _hidden1
0000cfb0   _test4
0000cfb4   _etc_view2
0000cfb8   _test2
0000cfbc   _led_test1
0000cfc0   _etc_view1
0000cfc4   _test3
0000cfc8   _time_set3
0000cfcc   _time_set2
0000cfd0   _time_set5
0000cfd4   _run_time
0000cfd8   _sys_time
0000cfdc   _time_set4
0000cfe0   _relay_popup6
0000cfe4   _relay_popup5
0000cfe8   _relay_popup8
0000cfec   _relay_popup3
0000cff0   _di_set8
0000cff4   _relay_popup7
0000cff8   _relay_popup4
0000cffc   _relay_test4
0000d000   _relay_test3
0000d004   _time_set1
0000d008   _relay_test1
0000d00c   _relay_popup9
0000d010   _relay_test5
0000d014   _diag1
0000d018   _time_set8
0000d01c   _diag3
0000d020   _time_set6
0000d024   _relay_test2
0000d028   _diag2
0000d02c   _time_set7
0000d030   _Cursor_Position
0000d034   _Screen_Position
0000d038   _east_egg2
0000d03c   _east_egg1
0000d040   _Save_Current_Screen
0000d044   _docb1
0000d048   _cpt2
0000d04c   _cb_status_view1
0000d050   _docb2
0000d054   _setting1
0000d058   _relay16
0000d05c   _setting3
0000d060   _setting2
0000d064   _supervison_set2
0000d068   _supervison_set1
0000d06c   _supervison_set4
0000d070   _supervison_set3
0000d074   _supervison_view1
0000d078   _cb_status_view2
0000d07c   _supervison_view3
0000d080   _supervison_view2
0000d084   _relay6
0000d088   _relay5
0000d08c   _relay8
0000d090   _relay7
0000d094   _relay2
0000d098   _relay1
0000d09c   _relay4
0000d0a0   _relay3
0000d0a4   _relay13
0000d0a8   _relay12
0000d0ac   _relay15
0000d0b0   _relay14
0000d0b4   _relay9
0000d0b8   _cpt1
0000d0bc   _relay11
0000d0c0   _relay10
0000d0c4   _ucr_view4
0000d0c8   _ucr_view3
0000d0cc   _nsocr_view5
0000d0d0   _nsocr_view4
0000d0d4   _ovgr_view5
0000d0d8   _ovgr_view4
0000d0dc   _ovgr_view7
0000d0e0   _ovgr_view6
0000d0e4   _sl_view2
0000d0e8   _sl_view1
0000d0ec   _nch_view5
0000d0f0   _nch_view4
0000d0f4   _thr_view5
0000d0f8   _thr_view4
0000d0fc   _h50_view2
0000d100   _h50_view1
0000d104   _ocr_view4
0000d108   _ocr_view3
0000d10c   _ocr_view6
0000d110   _ocr_view5
0000d114   _supervison_set6
0000d118   _supervison_set5
0000d11c   _ocr_view2
0000d120   _ocr_view1
0000d124   _gr_view6
0000d128   _gr_view5
0000d12c   _ovr_view5
0000d130   _ovr_view4
0000d134   _gr_view2
0000d138   _gr_view1
0000d13c   _gr_view4
0000d140   _gr_view3
0000d144   _display1
0000d148   _measuremnt3
0000d14c   _measuremnt2
0000d150   _volt1
0000d154   _measuremnt4
0000d158   _display3
0000d15c   _display2
0000d160   _measuremnt1
0000d164   _display4
0000d168   _harmonics3
0000d16c   _harmonics2
0000d170   _harmonics5
0000d174   _harmonics4
0000d178   _power3
0000d17c   _power2
0000d180   _harmonics1
0000d184   _power4
0000d188   _di1
0000d18c   _didocb2
0000d190   _do2
0000d194   _do1
0000d198   _delta_vdf1
0000d19c   _harmonics6
0000d1a0   _didocb1
0000d1a4   _q_value
0000d1a8   _volt7
0000d1ac   _volt6
0000d1b0   _volt9
0000d1b4   _volt8
0000d1b8   _volt3
0000d1bc   _volt2
0000d1c0   _volt5
0000d1c4   _volt4
0000d1c8   _current6
0000d1cc   _current5
0000d1d0   _power1
0000d1d4   _current7
0000d1d8   _current2
0000d1dc   _current1
0000d1e0   _current4
0000d1e4   _current3
0000d1e8   _uvr_view1
0000d1ec   _ucr_view2
0000d1f0   _ucr_view1
0000d1f4   _nsocr_view1
0000d1f8   _nsocr_set1
0000d1fc   _sync_view3
0000d200   _sync_view2
0000d204   _ucr_set2
0000d208   _ucr_set1
0000d20c   _thr_view1
0000d210   _motor_set3
0000d214   _thr_set2
0000d218   _thr_set1
0000d21c   _motor_view2
0000d220   _motor_view1
0000d224   _motor_set2
0000d228   _motor_set1
0000d22c   _uvr_set_view2
0000d230   _uvr_set_view1
0000d234   _p47_set1
0000d238   _uvr_set_view3
0000d23c   _ovgr_view2
0000d240   _ovgr_view1
0000d244   _uvr_set2
0000d248   _uvr_set1
0000d24c   _sync_set3
0000d250   _sync_set2
0000d254   _sync_view1
0000d258   _sync_set4
0000d25c   _n47_set1
0000d260   _p47_view1
0000d264   _sync_set1
0000d268   _n47_view1
0000d26c   _commx
0000d270   _nch_view1
0000d274   _nch_set4
0000d278   _system_view1
0000d27c   _nch_view2
0000d280   _nch_set1
0000d284   _s_l_set2
0000d288   _nch_set3
0000d28c   _nch_set2
0000d290   _system_set2
0000d294   _system_set1
0000d298   _system_set4
0000d29c   _system_set3
0000d2a0   _system_view3
0000d2a4   _system_view2
0000d2a8   _system_view5
0000d2ac   _system_view4
0000d2b0   _cb_good1
0000d2b4   _l_cb_close
0000d2b8   _cb_fail1
0000d2bc   _cb_good2
0000d2c0   _comm_set1
0000d2c4   _comm_view1
0000d2c8   _l_cb_open
0000d2cc   _comm_set2
0000d2d0   _s_l_view1
0000d2d4   _h50_set1
0000d2d8   _s_l_set1
0000d2dc   _s_l_view2
0000d2e0   _cb_cancel1
0000d2e4   _cb_fail2
0000d2e8   _h50_view3
0000d2ec   _cb_cancel2
0000d2f0   _uvr_view4
0000d2f4   _uvr_view5
0000d2f8   _ocr50_set1
0000d2fc   _tl_set1
0000d300   _delay_set1
0000d304   _relay_relay1
0000d308   _relay_set_view1
0000d30c   _ocgr50_set1
0000d310   _ocr51_view1
0000d314   _ocgr50_view2
0000d318   _ocr50_view2
0000d31c   _ocr50_view1
0000d320   _ocgr50_view1
0000d324   _sovr_view2
0000d328   _syncro_view1
0000d32c   _uvr_view3
0000d330   _syncro_view3
0000d334   _syncro_view4
0000d338   _sovr_view1
0000d33c   _syncro_view2
0000d340   _relay_mode3
0000d344   _relay_mode2
0000d348   _ocr51_set1
0000d34c   _relay_onoff1
0000d350   _uvr_view6
0000d354   _relay_mode4
0000d358   _relay_mode1
0000d35c   _dsgr_set3
0000d360   _dsgr_set4
0000d364   _dsgr_set2
0000d368   _dsgr_view3
0000d36c   _dsgr_set1
0000d370   _ovgr_set1
0000d374   _east_egg3
0000d378   _ovr_view2
0000d37c   _ovr_set1
0000d380   _ovr_view1
0000d384   _dsgr_view2
0000d388   _ocgr51_view1
0000d38c   _ocgr51_set1
0000d390   _uvr_view2
0000d394   _dsgr_view1
0000d398   _view_format1g
0000d39e   _view_format100m
0000d3a4   _view_format100g
0000d3aa   _view_format10g
0000d3b0   _view_format100
0000d3b6   _view_format10
0000d3c0   _view_format1k
0000d3c6   _view_format100k
0000d3cc   _view_format10k
0000d3d2   _view_format1m
0000d3d8   _view_format10m
0000d3de   _view_format1
0000d3e4   _event_control
0000d3ec   _event_reset
0000d400   _six_point_2
0000d40c   _relay_curve
0000d418   _set_integer
0000d424   _event_mode_change
0000d440   _event_phase
0000d452   _event_io
0000d466   _event_set
0000d480   _event_relay
0000d4c0   _Trip_Message
0000d500   _Lcd_Bl_Count
0000d502   _LCD_LIGHT
0000d504   _LCD_RS
0000d506   _VFD_cnt
0000d508   _dumpP
0000d50a   _NorScr
0000d50e   _ReserveP
0000d512   _AckScr
0000d516   _FauScr
0000d51a   _scrP
0000d540   _VFDABuffer
0000d580   _VFDNBuffer
0000d5c0   _VFDFBuffer
0000d5fc   __stack
0000d9fc   __STACK_END
00308000   _RamfuncsLoadStart
0030a206   .text
0030a206   _RamfuncsLoadEnd
0030a206   ___text__
0030a206   _cursor_move
0030a215   _cursor_move_last
0030a21c   _screen_frame
0030a22c   _screen_frame2
0030a23b   _screen_frame3
0030a24b   _menu_00_00
0030a2cb   _menu_00_01
0030a318   _menu_00_02
0030a388   _menu_00_03
0030a3dd   _menu_00_04
0030a432   _menu_00_05
0030a487   _menu_00_06
0030a4dc   _menu_00_07
0030a52d   _menu_00_08
0030a57e   _menu_01_01
0030a5d4   _menu_01_03
0030a621   _menu_01_04
0030a6a2   _menu_01_05
0030a6df   _menu_01_06
0030a72c   _menu_01_07
0030a795   _menu_01_08
0030a80c   _menu_01_09
0030a875   _menu_01_10
0030a8ec   _menu_01_11
0030a955   _menu_01_12
0030a9cc   _menu_01_13
0030aa1d   _menu_01_14
0030aa6e   _menu_02_01
0030aaa6   _menu_02_03
0030aaf7   _menu_02_04
0030ab6c   _menu_02_05
0030abbb   _menu_02_06
0030ac0a   _menu_03_03
0030ac73   _menu_04_02
0030acb3   _menu_29_02
0030ad16   _menu_29_03
0030ad27   _menu_41_02
0030ad72   _menu_41_03
0030ae0a   _menu_41_04
0030ae76   _menu_41_05
0030af25   _menu_41_06
0030afb8   _menu_41_07
0030afe1   _menu_41_08
0030b01b   _menu_41_09
0030b07c   _menu_41_10
0030b0e9   _menu_41_11
0030b10c   _menu_41_12
0030b12f   _menu_42_01
0030b1da   _menu_42_02
0030b1f9   _menu_42_03
0030b295   _menu_42_05
0030b345   _menu_42_06
0030b3ed   _menu_42_07
0030b480   _menu_42_08
0030b4a9   _menu_42_09
0030b503   _menu_42_10
0030b564   _menu_42_11
0030b5d3   _menu_42_12
0030b5f6   _menu_42_13
0030b619   _menu_43_03
0030b7b7   _menu_43_04
0030b823   _menu_43_05
0030b8d2   _menu_43_06
0030b965   _menu_43_07
0030b98e   _menu_43_08
0030b9c8   _menu_43_09
0030ba29   _menu_43_10
0030ba96   _menu_43_11
0030bab9   _menu_43_12
0030badc   _menu_44_03
0030bc26   _menu_44_05
0030bcd6   _menu_44_06
0030bd7e   _menu_44_07
0030be11   _menu_44_08
0030be3a   _menu_44_09
0030be94   _menu_44_10
0030bef5   _menu_44_11
0030bf64   _menu_44_12
0030bf87   _menu_44_13
0030bfaa   _menu_45_03
0030c033   _menu_45_04
0030c0ae   _menu_45_05
0030c15e   _menu_45_06
0030c206   _menu_45_07
0030c299   _menu_45_08
0030c2d3   _menu_45_09
0030c32d   _menu_45_10
0030c38e   _menu_45_11
0030c3fd   _menu_45_12
0030c420   _menu_45_13
0030c443   _menu_46_04
0030c4be   _menu_46_05
0030c56e   _menu_46_06
0030c616   _menu_46_07
0030c6a9   _menu_46_08
0030c6e3   _menu_46_09
0030c73d   _menu_46_10
0030c79e   _menu_46_11
0030c80d   _menu_46_12
0030c830   _menu_46_13
0030c853   _menu_47_04
0030c8bf   _menu_47_05
0030c96e   _menu_47_06
0030ca01   _menu_47_07
0030ca2a   _menu_47_08
0030ca64   _menu_47_09
0030cac5   _menu_47_10
0030cb32   _menu_47_11
0030cb55   _menu_47_12
0030cb78   _menu_48_05
0030cc27   _menu_48_06
0030cccf   _menu_48_07
0030cd62   _menu_48_08
0030cd8b   _menu_48_09
0030cde5   _menu_48_10
0030ce46   _menu_48_11
0030ceb5   _menu_48_12
0030ced8   _menu_48_13
0030cefb   _menu_49_04
0030cf76   _menu_49_05
0030d026   _menu_49_06
0030d0ce   _menu_49_07
0030d161   _menu_49_08
0030d19b   _menu_49_09
0030d1f5   _menu_49_10
0030d256   _menu_49_11
0030d2c5   _menu_49_12
0030d2e8   _menu_49_13
0030d30b   _menu_50_04
0030d423   _menu_50_05
0030d4bd   _menu_50_06
0030d550   _menu_50_07
0030d585   _menu_50_08
0030d5ba   _menu_50_09
0030d61b   _menu_50_10
0030d688   _menu_50_11
0030d6ab   _menu_50_12
0030d6ce   _menu_51_04
0030d842   _menu_51_05
0030d8dc   _menu_51_06
0030d96f   _menu_51_07
0030d9a4   _menu_51_08
0030d9d9   _menu_51_09
0030da3a   _menu_51_10
0030daa7   _menu_51_11
0030daca   _menu_51_12
0030daed   _menu_52_04
0030dc61   _menu_52_05
0030dcfb   _menu_52_06
0030dd8e   _menu_52_07
0030ddc3   _menu_52_08
0030ddf8   _menu_52_09
0030de59   _menu_52_10
0030dec6   _menu_52_11
0030dee9   _menu_52_12
0030df0c   _menu_53_04
0030e080   _menu_53_05
0030e11a   _menu_53_06
0030e1ad   _menu_53_07
0030e1e2   _menu_53_08
0030e217   _menu_53_09
0030e278   _menu_53_10
0030e2e5   _menu_53_11
0030e308   _menu_53_12
0030e32b   _menu_54_04
0030e443   _menu_54_05
0030e4dd   _menu_54_06
0030e570   _menu_54_07
0030e5a5   _menu_54_08
0030e5da   _menu_54_09
0030e63b   _menu_54_10
0030e6a8   _menu_54_11
0030e6cb   _menu_54_12
0030e6ee   _menu_55_04
0030e7bb   _menu_55_05
0030e8d2   _menu_55_06
0030e96c   _menu_55_07
0030e9ff   _menu_55_08
0030ea28   _menu_55_09
0030ea69   _menu_55_10
0030eaca   _menu_55_11
0030eb39   _menu_55_12
0030eb5c   _menu_55_13
0030eb7f   _menu_56_05
0030ec96   _menu_56_06
0030ed3e   _menu_56_07
0030edd1   _menu_56_08
0030edfa   _menu_56_09
0030ee3b   _menu_56_10
0030ee9c   _menu_56_11
0030ef0b   _menu_56_12
0030ef2e   _menu_56_13
0030ef51   _menu_57_04
0030f003   _menu_57_05
0030f0e8   _menu_57_06
0030f17b   _menu_57_07
0030f1a4   _menu_57_08
0030f1d9   _menu_57_09
0030f23a   _menu_57_10
0030f2a7   _menu_57_11
0030f2ca   _menu_57_12
0030f2ed   _menu_58_05
0030f3e5   _menu_58_06
0030f48d   _menu_58_07
0030f520   _menu_58_08
0030f549   _menu_58_09
0030f58a   _menu_58_10
0030f5eb   _menu_58_11
0030f65a   _menu_58_12
0030f67d   _menu_58_13
0030f6a0   _menu_59_04
0030f78c   _menu_59_05
0030f885   _menu_59_06
0030f91f   _menu_59_07
0030f9ad   _menu_59_08
0030fa40   _menu_59_09
0030fa84   _menu_59_10
0030fac5   _menu_59_11
0030faf4   _menu_59_12
0030fb55   _menu_59_13
0030fbc6   _menu_59_14
0030fbe9   _menu_59_15
0030fc0c   _menu_60_04
0030fcf1   _menu_60_05
0030fdea   _menu_60_06
0030fe84   _menu_60_07
0030ff12   _menu_60_08
0030ffa5   _menu_60_09
0030ffda   _menu_60_10
0031001b   _menu_60_11
0031004a   _menu_60_12
003100ab   _menu_60_13
0031011c   _menu_60_14
0031013f   _menu_60_15
00310162   _menu_80_03
0031021f   _menu_80_04
003102d0   _menu_80_05
0031035f   _menu_80_06
003103ee   _menu_80_07
0031047d   _menu_80_08
0031050c   _menu_80_09
0031059b   _menu_80_10
003105ea   _menu_80_11
00310790   _menu_80_12
003107b3   _menu_80_13
003107d6   _menu_81_03
00310857   _menu_81_04
00310912   _menu_81_05
003109c2   _menu_81_06
00310a8a   _menu_81_07
00310bf7   _menu_81_08
00310c8a   _menu_81_09
00310d07   _menu_81_10
00310d7d   _menu_81_11
00310da0   _menu_81_12
00310dc3   _menu_82_03
00310e27   _menu_82_04
00310ea4   _menu_82_05
00310f23   _menu_82_06
00310fa2   _menu_82_07
0031101f   _menu_82_08
0031109c   _menu_82_09
0031111c   _menu_82_10
00311157   _menu_82_11
003111aa   _menu_82_12
003111cd   _menu_82_13
003111f0   _menu_83_03
00311259   _menu_83_04
003112b0   _menu_83_05
00311303   _menu_83_06
00311390   _menu_83_07
003113b3   _menu_83_08
003113d6   _menu_84_03
00311443   _menu_84_05
003114d3   _menu_84_06
00311526   _menu_84_07
00311549   _menu_84_08
0031156c   _menu_84_09
0031158f   _menu_85_03
0031160d   _menu_85_04
00311660   _menu_85_05
00311683   _menu_85_06
003116a6   _menu_86_03
0031171a   _menu_86_04
0031176d   _menu_86_05
00311790   _menu_86_06
003117b3   _menu_87_03
0031182d   _menu_87_04
00311880   _menu_87_05
003118a3   _menu_87_06
003118c6   _menu_88_03
0031193c   _menu_88_04
003119cc   _menu_88_05
003119fb   _menu_88_06
00311a64   _menu_88_07
00311a87   _menu_88_08
00311aaa   _menu_89_03
00311b2d   _menu_89_04
00311b86   _menu_89_05
00311bef   _menu_89_06
00311c12   _menu_89_07
00311c35   _menu_90_03
00311c7d   _menu_90_04
00311cd0   _menu_90_05
00311cf3   _menu_90_06
00311d16   _menu_91_04
00311da7   _menu_91_05
00311dd6   _menu_91_06
00311e3f   _menu_91_07
00311e62   _menu_91_08
00311e85   _menu_92_04
00311f1d   _menu_92_05
00311f97   _menu_92_06
00311fe9   _menu_92_07
00312054   _menu_92_08
00312077   _menu_92_09
0031209a   _menu_95_04
00312101   _menu_95_05
00312149   _menu_95_06
00312196   _menu_95_07
00312203   _menu_95_08
00312226   _menu_95_09
00312249   _menu_96_05
00312274   _menu_97_04
003122f4   _menu_97_05
00312377   _menu_97_06
003123ae   _menu_97_07
00312409   _menu_97_08
0031242c   _menu_97_09
0031244f   _menu_98_04
003124b8   _menu_98_05
00312521   _menu_98_06
00312581   _menu_98_07
003125b5   _menu_98_08
003125f1   _menu_98_09
0031265e   _menu_98_10
00312681   _menu_98_11
003126a4   _menu_99_04
003126f7   _menu_99_05
0031271a   _menu_99_06
0031273d   _menu_100_04
003127a7   _menu_100_05
003127d8   _menu_100_06
00312841   _menu_100_07
00312864   _menu_100_08
00312887   _menu_101_04
003128e3   _menu_101_05
0031293a   _menu_101_06
00312971   _menu_101_07
003129dd   _menu_101_08
00312a00   _menu_101_09
00312a23   _menu_102_05
00312a67   _menu_102_06
00312a92   _menu_103_04
00312af9   _menu_103_05
00312b44   _menu_103_06
00312b7f   _menu_103_07
00312bea   _menu_103_08
00312c0d   _menu_103_09
00312c30   _menu_104_04
00312c97   _menu_104_05
00312d2a   _menu_104_06
00312d55   _menu_104_07
00312d89   _menu_104_08
00312dea   _menu_104_09
00312e55   _menu_104_10
00312e78   _menu_104_11
00312e9b   _menu_150_01
00312f01   _menu_150_02
00312f57   _menu_151_01
00313076   _menu_151_02
003130dc   _menu_151_03
00313142   _menu_151_04
003131a9   _menu_151_05
0031324d   _menu_151_06
00313267   _menu_151_07
00313281   _menu_152_01
003132df   _menu_152_02
00313312   _menu_152_03
003133ad   _menu_152_04
00313453   _menu_152_05
0031347e   _menu_153_01
003134fd   _menu_153_02
003135c1   _menu_153_03
00313685   _menu_153_04
00313749   _menu_153_05
003138d9   _menu_153_06
0031399d   _menu_153_07
00313a61   _menu_153_08
00313b25   _menu_153_09
00313bef   _menu_153_10
00313d72   _menu_153_11
00313d95   _menu_153_12
00313db8   _menu_154_02
00313e0f   _menu_154_03
00313e32   _menu_154_04
00313e55   _menu_156_02
00313ee9   _menu_156_03
00313f7d   _menu_156_04
00314011   _menu_156_05
003140a5   _menu_156_06
00314139   _menu_156_07
003141cd   _menu_156_08
00314261   _menu_156_09
003142f8   _menu_156_10
00314329   _menu_156_11
0031435a   _menu_156_12
0031438b   _menu_156_13
003143b9   _menu_156_14
00314430   _menu_156_15
00314453   _menu_156_16
00314476   _menu_157_02
00314505   _menu_157_03
0031456e   _menu_157_04
00314591   _menu_157_05
003145b4   _menu_dummy
003145d3   _menu_popup
00314605   _menu_reset
0031462f   _menu_99_00
0031464b   _Event_Item_Display
00314804   _Event_Time_Display
00314889   _menu_init
003148a8   _Save_Screen_Info
003148b3   _Restore_Screen_Info
003148ba   _main
003148c7   _himix_drive
00315082   _himix_crc
003150bf   _float_to_integer
003150e4   _harmonics
00315609   _harmonic_sample_backup
0031570d   _harmonic_real_imag_calculation
00315954   _measure_display
00315aae   _measure2_display
00315c15   _interrupt_control
00315c4d   _COMM_CRC
00315c73   _manager_handling
00316aa6   _serial_write
00316b52   _comm_drive
00316dd7   _booting_setting_check
00317d65   _aux_do_check
00317d72   _setting_min_max_check
00317d85   _pt_setting_min_max_check
00317d99   _setting_save
00317dcf   _setting_post_handling
00318744   _setting_load
00318768   _Setting_CRC
003187a4   _event_info_update
003187b7   _GPT_Default_Settings
003187cf   _CPT_Default_Settings
00318829   _ADDRESS_Default_Settings
0031883f   _AUTO_DISPLAY_Default_Settings
00318854   _PASSWORD_Default_Settings
0031886a   _LOCAL_CTRL_Default_Settings
00318883   _UVR_MODE_Default_Settings
0031889d   _DISPLAY_3PHASE_Default_Settings
003188b3   _MODBUS_Default_Settings
003188ca   _OCR_MODE_Default_Settings
003188e2   _SYSTEM_ALARM_Default_Settings
003188f9   _OCR50_1_Default_Settings
00318929   _OCR50_2_Default_Settings
00318959   _OCR51_1_Default_Settings
00318989   _OCR51_2_Default_Settings
003189b9   _OCGR50_Default_Settings
003189e9   _OCGR51_Default_Settings
00318a19   _UVR_1_Default_Settings
00318a5b   _UVR_2_Default_Settings
00318a9d   _UVR_3_Default_Settings
00318adf   _P47_Default_Settings
00318b21   _N47_Default_Settings
00318b63   _OVR_Default_Settings
00318bad   _OVGR_Default_Settings
00318be8   _DGR_Default_Settings
00318c39   _SGR_Default_Settings
00318c7e   _DI_Default_Settings
00318c9a   _DO_Default_Settings
00318caf   _ClearFLASH
003194f6   __printfi
003195f9   _delay
00319628   _LCD_DATA
0031963b   _LCD_COMMAND
0031964c   _LCD_INIT
00319672   _LCD_light_ON
00319678   _LCD_light_OFF
0031967d   _VFD_gotopo
00319692   _VFD_Init
003196ca   _VFD_gotoxy
003196dc   _VFD_mem_cpy_test
003196e3   _VFD_dump
00319728   _VFD_dump2
00319768   _VFD_Single_Line_dump
00319791   _VFD_Word_dump
003197bb   _VFD_cursor
003197e8   _VFD_printf
003197f7   _VFD_FONT
003197f8   _eerom_control
00319860   _eerom_write
003198f3   _eerom_read
00319984   _flash_sector_erase
003199a1   _flash_word_write
003199b8   _wave_flash_word_write
003199dc   _wave_vi_initial_pre1
003199ea   _wave_vi_initial_pre2
003199f7   _wave_vi_initial_post
00319a01   _wave_di_initial_pre1
00319a0f   _wave_di_initial_pre2
00319a1c   _wave_di_initial_post
00319a26   _wave_flash_sector_erase
00319a3f   _wave_save_process
00319e0b   _led_handling
00319e79   _DO_Output
00319eae   _cpu_setup
00319ecc   _pll_setup
00319f03   _Peripheral_Clock_setup
00319f26   _interrupt_setup
00319f7d   _sci_setup
00319fd2   _GPIO_setup
0031a02d   _Xinterface_setup
0031a083   _InitTimer
0031a0b1   _i2c_setup
0031a0dc   _lcd_setup
0031a3d5   _Offset_Check
0031a3fd   _DFT_Check
0031a464   _Degree_Check
0031a4ad   _ADC_Offset_Calibration
0031a528   _ADC_High_Calibration
0031a61b   _ADC_low_Calibration
0031a8df   LL$$DIV
0031a91b   LL$$MOD
0031a955   ULL$$DIV
0031a984   ULL$$MOD
0031a9e6   _atan2
0031aaaa   FD$$ADD
0031ab46   FD$$DIV
0031abd1   FS$$DIV
0031ac59   FD$$MPY
0031acdc   _atan
0031ad4e   _exp
0031adb8   _cos
0031ae19   _pow
0031ae73   _sin
0031aeca   __log
0031af1e   _c_int00
0031af64   _ldexp
0031af99   _atoi
0031afca   _sprintf
0031aff9   _ltoa
0031b025   FD$$CMP
0031b04f   L$$DIV
0031b05e   L$$MOD
0031b06c   UL$$DIV
0031b073   UL$$MOD
0031b07a   _sqrt
0031b09d   I$$DIV
0031b0ae   I$$MOD
0031b0bf   FD$$TOI
0031b0e0   ___memcpy_ff
0031b101   FD$$TOL
0031b120   LL$$CMP
0031b132   ULL$$CMP
0031b13e   FS$$TOFD
0031b15a   L$$TOFD
0031b176   FD$$TOUL
0031b191   __args_main
0031b1aa   C$$EXIT
0031b1aa   _abort
0031b1ac   _exit
0031b1c3   _frexp
0031b1d9   UL$$TOFD
0031b1ef   _MemCopy
0031b204   LL$$MPY
0031b218   _memccpy
0031b22a   FD$$SUB
0031b238   U$$DIV
0031b23d   U$$MOD
0031b243   _strlen
0031b24d   __register_unlock
0031b251   __register_lock
0031b255   __nop
0031b256   FD$$NEG
0031b25f   _strcpy
0031b270   _memset
0031b277   ___etext__
0031b277   etext
0031f634   _menu_tables
00321254   __ctypes_
00321355   _CRC_High
00321455   _CRC_Low
00321556   _KHS_LCD_Buffer
003215a2   _harmonics_1st_cos
003215ea   _harmonics_1st_sin
00321632   _harmonics_3rd_cos
0032167a   _harmonics_3rd_sin
003216c2   _harmonics_5th_cos
0032170a   _harmonics_5th_sin
00321752   _harmonics_7th_cos
0032179a   _harmonics_7th_sin
003217e2   _harmonics_9th_cos
0032182a   _harmonics_9th_sin
00321872   _SGR_T_MIN
00321873   _OCR50_T_MIN
00321874   _OVGR_TL_MIN
00321875   _SGR_I_MIN
00321876   _SGR_I_MAX
00321877   _CT_MAX
00321878   _CT_MIN
00321879   _SGR_A_MAX
0032187a   _SGR_T_MAX
0032187b   _SGR_A_MIN
0032187c   _UVR_T_MIN
0032187d   _OCGR51_TL_MAX
0032187e   _UVR_T_MAX
0032187f   _P47_T_MIN
00321880   _N47_T_MIN
00321881   _DGR_A_MIN
00321882   _DGR_A_MAX
00321883   _DGR_T_MAX
00321884   _OVR_TL_MAX
00321885   _DGR_T_MIN
00321886   _P47_T_MAX
00321887   _OVR_T_MAX
00321888   _OVR_TL_MIN
00321889   _OCGR50_T_MAX
0032188a   _OCGR50_T_MIN
0032188b   _OCGR51_TL_MIN
0032188c   _CT_1A_RATED
0032188d   _DEBOUNCE_MIN
0032188e   _N47_T_MAX
0032188f   _OCR50_T_MAX
00321890   _CT_5A_RATED
00321891   _OCR51_TL_MAX
00321892   _OVGR_TL_MAX
00321893   _OCR51_TL_MIN
00321894   _DEBOUNCE_MAX
00321895   _OVR_T_MIN
00321896   _PT_MIN
00321898   _CALIB_In_MIN
0032189a   _CALIB_I_MAX
0032189c   _CALIB_V_MIN
0032189e   _CALIB_In_MAX
003218a0   _CALIB_I_MIN
003218a2   _PT_MAX
003218a4   _CALIB_V_MAX
003218a6   _CALIB_Vo_MAX
003218a8   _CALIB_Vo_MIN
003218aa   _LCD_Position_Value
00321918   _cos_50Hz
00321930   _cos_60Hz
00321948   _sin_50Hz
00321960   _sin_60Hz
00321990   _wave_buffer_address
003219a4   _wave_buffer_post_address
00321a44   _himix_number
00321a4e   _DO_ON_BIT
00321a57   _OFF_BIT
00321a60   _ON_BIT
00321a7a   _DO_OFF_BIT
00321b86   _N47_V_MAX
00321b8a   _N47_V_MIN
00321b8e   _OVR_V_MAX
00321b92   _OVR_V_MIN
00321b96   _P47_V_MAX
00321b9a   _P47_V_MIN
00321b9e   _UVR_1_V_MAX
00321ba2   _UVR_1_V_MIN
00321ba6   _UVR_2_V_MAX
00321baa   _UVR_2_V_MIN
00321bae   _UVR_3_V_MAX
00321bb2   _UVR_3_V_MIN
00321c1c   _DGR_V_MAX
00321c1f   _DGR_V_MIN
00321c22   _OVGR_V_MAX
00321c25   _OVGR_V_MIN
00321c28   _SGR_V_MAX
00321c2b   _SGR_V_MIN
00321c4a   _DGR_I_MAX
00321c4c   _DGR_I_MIN
00321c4e   _OCGR50_I_MAX
00321c50   _OCGR50_I_MIN
00321c52   _OCGR51_I_MAX
00321c54   _OCGR51_I_MIN
00321c56   _OCR50_I_MAX
00321c58   _OCR50_I_MIN
00321c5a   _OCR51_I_MAX
00321c5c   _OCR51_I_MIN
00321c5e   ___cinit__
00321c5e   cinit
0033fff6   code_start
ffffffff   ___binit__
ffffffff   ___c_args__
ffffffff   ___pinit__
ffffffff   binit
ffffffff   pinit

[1198 symbols]
