******************************************************************************
             TMS320C2000 Linker PC v6.1.0                      
******************************************************************************
>> Linked Tue Apr 28 16:20:37 2015

OUTPUT FILE NAME:   <HIMAP4UP_v12.out>
ENTRY POINT SYMBOL: "_c_int00"  address: 0031b7f8


MEMORY CONFIGURATION

         name            origin    length      used     unused   attr    fill
----------------------  --------  ---------  --------  --------  ----  --------
PAGE 0:
  RAML_CODE             00008000   00004000  00002203  00001dfd  RWIX
  FLASH_CODE            00308000   00037f80  0001b161  0001ce1f  RWIX
  CSM_RSVD              0033ff80   00000076  00000000  00000076  RWIX
  BEGIN                 0033fff6   00000002  00000002  00000000  RWIX
  CSM_PWL               0033fff8   00000008  00000000  00000008  RWIX
  ADC_CAL               00380080   00000009  00000000  00000009  RWIX
  OTP                   00380400   00000400  00000000  00000400  RWIX
  IQTABLES              003fe000   00000b50  00000000  00000b50  RWIX
  IQTABLES2             003feb50   0000008c  00000000  0000008c  RWIX
  FPUTABLES             003febdc   000006a0  00000000  000006a0  RWIX
  ROM                   003ff27c   00000d44  00000000  00000d44  RWIX
  RESET                 003fffc0   00000002  00000000  00000002  RWIX
  VECTORS               003fffc2   0000003e  00000000  0000003e  RWIX

PAGE 1:
  BOOT_RSVD             00000000   00000050  00000000  00000050  RWIX
  RAMM0                 00000050   000003b0  00000000  000003b0  RWIX
  RAMM1                 00000400   00000400  00000000  00000400  RWIX
  DEV_EMU               00000880   00000180  00000000  00000180  RWIX
  FLASH_REGS            00000a80   00000060  00000000  00000060  RWIX
  CSM                   00000ae0   00000010  00000000  00000010  RWIX
  ADC_MIRROR            00000b00   00000010  00000000  00000010  RWIX
  XINTF                 00000b20   00000020  00000000  00000020  RWIX
  CPU_TIMER0            00000c00   00000008  00000000  00000008  RWIX
  CPU_TIMER1            00000c08   00000008  00000000  00000008  RWIX
  CPU_TIMER2            00000c10   00000008  00000000  00000008  RWIX
  PIE_CTRL              00000ce0   00000020  00000000  00000020  RWIX
  PIE_VECT              00000d00   00000100  00000100  00000000  RWIX
  DMA                   00001000   00000200  00000000  00000200  RWIX
  MCBSPA                00005000   00000040  00000000  00000040  RWIX
  MCBSPB                00005040   00000040  00000000  00000040  RWIX
  ECANA                 00006000   00000040  00000000  00000040  RWIX
  ECANA_LAM             00006040   00000040  00000000  00000040  RWIX
  ECANA_MOTS            00006080   00000040  00000000  00000040  RWIX
  ECANA_MOTO            000060c0   00000040  00000000  00000040  RWIX
  ECANA_MBOX            00006100   00000100  00000000  00000100  RWIX
  ECANB                 00006200   00000040  00000000  00000040  RWIX
  ECANB_LAM             00006240   00000040  00000000  00000040  RWIX
  ECANB_MOTS            00006280   00000040  00000000  00000040  RWIX
  ECANB_MOTO            000062c0   00000040  00000000  00000040  RWIX
  ECANB_MBOX            00006300   00000100  00000000  00000100  RWIX
  EPWM1                 00006800   00000022  00000000  00000022  RWIX
  EPWM2                 00006840   00000022  00000000  00000022  RWIX
  EPWM3                 00006880   00000022  00000000  00000022  RWIX
  EPWM4                 000068c0   00000022  00000000  00000022  RWIX
  EPWM5                 00006900   00000022  00000000  00000022  RWIX
  EPWM6                 00006940   00000022  00000000  00000022  RWIX
  ECAP1                 00006a00   00000020  00000000  00000020  RWIX
  ECAP2                 00006a20   00000020  00000000  00000020  RWIX
  ECAP3                 00006a40   00000020  00000000  00000020  RWIX
  ECAP4                 00006a60   00000020  00000000  00000020  RWIX
  ECAP5                 00006a80   00000020  00000000  00000020  RWIX
  ECAP6                 00006aa0   00000020  00000000  00000020  RWIX
  EQEP1                 00006b00   00000040  00000000  00000040  RWIX
  EQEP2                 00006b40   00000040  00000000  00000040  RWIX
  GPIOCTRL              00006f80   00000040  00000000  00000040  RWIX
  GPIODAT               00006fc0   00000020  00000000  00000020  RWIX
  GPIOINT               00006fe0   00000020  00000000  00000020  RWIX
  SYSTEM                00007010   00000020  00000000  00000020  RWIX
  SPIA                  00007040   00000010  00000000  00000010  RWIX
  SCIA                  00007050   00000010  00000000  00000010  RWIX
  XINTRUPT              00007070   00000010  00000000  00000010  RWIX
  ADC                   00007100   00000020  00000000  00000020  RWIX
  SCIB                  00007750   00000010  00000000  00000010  RWIX
  SCIC                  00007770   00000010  00000000  00000010  RWIX
  I2CA                  00007900   00000040  00000000  00000040  RWIX
  RAML_DATA             0000c000   00004000  000019bc  00002644  RWIX
  FLASHB                00330000   00008000  00000000  00008000  RWIX
  CSM_PWL               0033fff8   00000008  00000000  00000008  RWIX
  PARTID                00380090   00000001  00000000  00000001  RWIX


SECTION ALLOCATION MAP

 output                                  attributes/
section   page    origin      length       input sections
--------  ----  ----------  ----------   ----------------
.pinit     0    00308000    00000000     UNINITIALIZED

ramfuncs   0    00308000    00002203     RUN ADDR = 00008000
                  00308000    00000dcd     system_isr.obj (ramfuncs:retain)
                  00308dcd    00000b7b     relaying.obj (ramfuncs)
                  00309948    00000444     main.obj (ramfuncs)
                  00309d8c    00000182     setting.obj (ramfuncs)
                  00309f0e    00000161     peripheral.obj (ramfuncs)
                  0030a06f    000000f3     comms.obj (ramfuncs)
                  0030a162    00000087     menu.obj (ramfuncs)
                  0030a1e9    00000016     system_setup.obj (ramfuncs)
                  0030a1ff    00000004     DSP2833x_usDelay.obj (ramfuncs)

.text      0    0030a204    0001194d     
                  0030a204    0000af81     menu.obj (.text)
                  00315185    00001393     main.obj (.text)
                  00316518    0000118a     comms.obj (.text)
                  003176a2    00000fc2     booting.obj (.text)
                  00318664    00000f5e     setting.obj (.text)
                  003195c2    00000911     rts2800_fpu32.lib : _printfi.obj (.text)
                  00319ed3    000008b5     peripheral.obj (.text)
                  0031a788    00000527     system_setup.obj (.text)
                  0031acaf    0000050a     calibration.obj (.text)
                  0031b1b9    00000107     rts2800_fpu32.lib : ll_div.obj (.text)
                  0031b2c0    000000c4                       : atan2.obj (.text)
                  0031b384    0000009c                       : fd_add.obj (.text)
                  0031b420    0000008b                       : fd_div.obj (.text)
                  0031b4ab    00000088                       : fs_div.obj (.text)
                  0031b533    00000083                       : fd_mpy.obj (.text)
                  0031b5b6    00000072                       : atan.obj (.text)
                  0031b628    0000006a                       : exp.obj (.text)
                  0031b692    00000061                       : cos.obj (.text)
                  0031b6f3    0000005a                       : pow.obj (.text)
                  0031b74d    00000057                       : sin.obj (.text)
                  0031b7a4    00000054                       : _log.obj (.text)
                  0031b7f8    00000046                       : boot.obj (.text)
                  0031b83e    00000035                       : ldexp.obj (.text)
                  0031b873    00000031                       : atoi.obj (.text)
                  0031b8a4    0000002f                       : sprintf.obj (.text)
                  0031b8d3    0000002c                       : ltoa.obj (.text)
                  0031b8ff    0000002a                       : fd_cmp.obj (.text)
                  0031b929    0000002a                       : l_div.obj (.text)
                  0031b953    00000001     --HOLE-- [fill = 0]
                  0031b954    00000023                       : sqrt.obj (.text)
                  0031b977    00000022                       : i_div.obj (.text)
                  0031b999    00000021                       : fd_toi.obj (.text)
                  0031b9ba    00000021                       : memcpy_ff.obj (.text)
                  0031b9db    0000001f                       : fd_tol.obj (.text)
                  0031b9fa    0000001e                       : ll_cmp.obj (.text)
                  0031ba18    0000001c                       : fs_tofd.obj (.text)
                  0031ba34    0000001c                       : l_tofd.obj (.text)
                  0031ba50    0000001b                       : fd_toul.obj (.text)
                  0031ba6b    00000019                       : args_main.obj (.text)
                  0031ba84    00000019                       : exit.obj (.text)
                  0031ba9d    00000016                       : frexp.obj (.text)
                  0031bab3    00000016                       : ul_tofd.obj (.text)
                  0031bac9    00000015     DSP2833x_MemCopy.obj (.text)
                  0031bade    00000014     rts2800_fpu32.lib : ll_mpy.obj (.text)
                  0031baf2    00000012                       : memccpy.obj (.text)
                  0031bb04    0000000e                       : fd_sub.obj (.text)
                  0031bb12    0000000b                       : u_div.obj (.text)
                  0031bb1d    0000000a                       : strlen.obj (.text)
                  0031bb27    00000009                       : _lock.obj (.text)
                  0031bb30    00000009                       : fd_neg.obj (.text)
                  0031bb39    00000009                       : strcpy.obj (.text)
                  0031bb42    00000008     DSP2833x_CodeStartBranch.obj (.text)
                  0031bb4a    00000007     rts2800_fpu32.lib : memset.obj (.text)

.econst    0    0031bb52    00006a34     
                  0031bb52    000043e7     menu.obj (.econst:.string)
                  0031ff39    00000001     --HOLE-- [fill = 0]
                  0031ff3a    00001c20     menu.obj (.econst:_menu_tables)
                  00321b5a    00000101     rts2800_fpu32.lib : ctype.obj (.econst:__ctypes_)
                  00321c5b    00000100     main.obj (.econst:_CRC_High)
                  00321d5b    00000100     main.obj (.econst:_CRC_Low)
                  00321e5b    00000001     --HOLE-- [fill = 0]
                  00321e5c    0000004c     peripheral.obj (.econst)
                  00321ea8    00000048     main.obj (.econst:_harmonics_1st_cos)
                  00321ef0    00000048     main.obj (.econst:_harmonics_1st_sin)
                  00321f38    00000048     main.obj (.econst:_harmonics_3rd_cos)
                  00321f80    00000048     main.obj (.econst:_harmonics_3rd_sin)
                  00321fc8    00000048     main.obj (.econst:_harmonics_5th_cos)
                  00322010    00000048     main.obj (.econst:_harmonics_5th_sin)
                  00322058    00000048     main.obj (.econst:_harmonics_7th_cos)
                  003220a0    00000048     main.obj (.econst:_harmonics_7th_sin)
                  003220e8    00000048     main.obj (.econst:_harmonics_9th_cos)
                  00322130    00000048     main.obj (.econst:_harmonics_9th_sin)
                  00322178    00000038     main.obj (.econst)
                  003221b0    00000028     peripheral.obj (.econst:_LCD_Position_Value)
                  003221d8    00000024     rts2800_fpu32.lib : _printfi.obj (.econst:.string)
                  003221fc    00000021     booting.obj (.econst:.string)
                  0032221d    00000001     --HOLE-- [fill = 0]
                  0032221e    00000018     main.obj (.econst:_cos_50Hz)
                  00322236    00000018     main.obj (.econst:_cos_60Hz)
                  0032224e    00000018     main.obj (.econst:_sin_50Hz)
                  00322266    00000018     main.obj (.econst:_sin_60Hz)
                  0032227e    00000018     rts2800_fpu32.lib : _printfi.obj (.econst)
                  00322296    00000014     main.obj (.econst:_wave_buffer_address)
                  003222aa    00000014     main.obj (.econst:_wave_buffer_post_address)
                  003222be    0000000c     menu.obj (.econst:_$P$T107$111)
                  003222ca    0000000c     menu.obj (.econst:_$P$T118$122)
                  003222d6    0000000c     menu.obj (.econst:_$P$T119$123)
                  003222e2    0000000c     menu.obj (.econst:_$P$T120$124)
                  003222ee    0000000c     menu.obj (.econst:_$P$T121$125)
                  003222fa    0000000c     menu.obj (.econst:_$P$T122$126)
                  00322306    0000000c     menu.obj (.econst:_$P$T123$127)
                  00322312    0000000c     menu.obj (.econst:_$P$T124$128)
                  0032231e    0000000c     menu.obj (.econst:_$P$T125$129)
                  0032232a    0000000c     menu.obj (.econst:_$P$T89$91)
                  00322336    0000000a     menu.obj (.econst:_$P$T112$116)
                  00322340    0000000a     menu.obj (.econst:_$P$T113$117)
                  0032234a    0000000a     main.obj (.econst:_himix_number)
                  00322354    00000009     main.obj (.econst:_DO_ON_BIT)
                  0032235d    00000009     main.obj (.econst:_OFF_BIT)
                  00322366    00000009     main.obj (.econst:_ON_BIT)
                  0032236f    00000001     --HOLE-- [fill = 0]
                  00322370    00000008     rts2800_fpu32.lib : atan.obj (.econst:_a$1)
                  00322378    00000008                       : atan2.obj (.econst:_a$1)
                  00322380    00000007     main.obj (.econst:_DO_OFF_BIT)
                  00322387    00000001     --HOLE-- [fill = 0]
                  00322388    00000004     menu.obj (.econst:_$P$T0$1)
                  0032238c    00000004     menu.obj (.econst:_$P$T1$2)
                  00322390    00000004     menu.obj (.econst:_$P$T10$11)
                  00322394    00000004     menu.obj (.econst:_$P$T100$104)
                  00322398    00000004     menu.obj (.econst:_$P$T101$105)
                  0032239c    00000004     menu.obj (.econst:_$P$T102$106)
                  003223a0    00000004     menu.obj (.econst:_$P$T103$107)
                  003223a4    00000004     menu.obj (.econst:_$P$T104$108)
                  003223a8    00000004     menu.obj (.econst:_$P$T106$110)
                  003223ac    00000004     menu.obj (.econst:_$P$T108$112)
                  003223b0    00000004     menu.obj (.econst:_$P$T109$113)
                  003223b4    00000004     menu.obj (.econst:_$P$T11$12)
                  003223b8    00000004     menu.obj (.econst:_$P$T114$118)
                  003223bc    00000004     menu.obj (.econst:_$P$T115$119)
                  003223c0    00000004     menu.obj (.econst:_$P$T116$120)
                  003223c4    00000004     menu.obj (.econst:_$P$T117$121)
                  003223c8    00000004     menu.obj (.econst:_$P$T12$13)
                  003223cc    00000004     menu.obj (.econst:_$P$T126$130)
                  003223d0    00000004     menu.obj (.econst:_$P$T127$131)
                  003223d4    00000004     menu.obj (.econst:_$P$T128$132)
                  003223d8    00000004     menu.obj (.econst:_$P$T129$133)
                  003223dc    00000004     menu.obj (.econst:_$P$T13$14)
                  003223e0    00000004     menu.obj (.econst:_$P$T130$134)
                  003223e4    00000004     menu.obj (.econst:_$P$T131$135)
                  003223e8    00000004     menu.obj (.econst:_$P$T132$136)
                  003223ec    00000004     menu.obj (.econst:_$P$T133$137)
                  003223f0    00000004     menu.obj (.econst:_$P$T14$15)
                  003223f4    00000004     menu.obj (.econst:_$P$T15$16)
                  003223f8    00000004     menu.obj (.econst:_$P$T16$17)
                  003223fc    00000004     menu.obj (.econst:_$P$T17$18)
                  00322400    00000004     menu.obj (.econst:_$P$T18$19)
                  00322404    00000004     menu.obj (.econst:_$P$T19$20)
                  00322408    00000004     menu.obj (.econst:_$P$T2$3)
                  0032240c    00000004     menu.obj (.econst:_$P$T20$21)
                  00322410    00000004     menu.obj (.econst:_$P$T21$22)
                  00322414    00000004     menu.obj (.econst:_$P$T22$23)
                  00322418    00000004     menu.obj (.econst:_$P$T23$24)
                  0032241c    00000004     menu.obj (.econst:_$P$T24$25)
                  00322420    00000004     menu.obj (.econst:_$P$T25$26)
                  00322424    00000004     menu.obj (.econst:_$P$T26$27)
                  00322428    00000004     menu.obj (.econst:_$P$T27$28)
                  0032242c    00000004     menu.obj (.econst:_$P$T28$29)
                  00322430    00000004     menu.obj (.econst:_$P$T3$4)
                  00322434    00000004     menu.obj (.econst:_$P$T30$31)
                  00322438    00000004     menu.obj (.econst:_$P$T31$33)
                  0032243c    00000004     menu.obj (.econst:_$P$T32$34)
                  00322440    00000004     menu.obj (.econst:_$P$T34$36)
                  00322444    00000004     menu.obj (.econst:_$P$T36$38)
                  00322448    00000004     menu.obj (.econst:_$P$T38$40)
                  0032244c    00000004     menu.obj (.econst:_$P$T39$41)
                  00322450    00000004     menu.obj (.econst:_$P$T4$5)
                  00322454    00000004     menu.obj (.econst:_$P$T41$43)
                  00322458    00000004     menu.obj (.econst:_$P$T43$45)
                  0032245c    00000004     menu.obj (.econst:_$P$T49$51)
                  00322460    00000004     menu.obj (.econst:_$P$T5$6)
                  00322464    00000004     menu.obj (.econst:_$P$T51$53)
                  00322468    00000004     menu.obj (.econst:_$P$T57$59)
                  0032246c    00000004     menu.obj (.econst:_$P$T6$7)
                  00322470    00000004     menu.obj (.econst:_$P$T60$62)
                  00322474    00000004     menu.obj (.econst:_$P$T63$65)
                  00322478    00000004     menu.obj (.econst:_$P$T66$68)
                  0032247c    00000004     menu.obj (.econst:_$P$T7$8)
                  00322480    00000004     menu.obj (.econst:_$P$T70$72)
                  00322484    00000004     menu.obj (.econst:_$P$T72$74)
                  00322488    00000004     menu.obj (.econst:_$P$T8$9)
                  0032248c    00000004     menu.obj (.econst:_$P$T85$87)
                  00322490    00000004     menu.obj (.econst:_$P$T86$88)
                  00322494    00000004     menu.obj (.econst:_$P$T87$89)
                  00322498    00000004     menu.obj (.econst:_$P$T88$90)
                  0032249c    00000004     menu.obj (.econst:_$P$T9$10)
                  003224a0    00000004     menu.obj (.econst:_$P$T90$92)
                  003224a4    00000004     menu.obj (.econst:_$P$T92$94)
                  003224a8    00000004     menu.obj (.econst:_$P$T99$101)
                  003224ac    00000004     main.obj (.econst:_N47_V_MAX)
                  003224b0    00000004     main.obj (.econst:_N47_V_MIN)
                  003224b4    00000004     main.obj (.econst:_OVR_V_MAX)
                  003224b8    00000004     main.obj (.econst:_OVR_V_MIN)
                  003224bc    00000004     main.obj (.econst:_P47_V_MAX)
                  003224c0    00000004     main.obj (.econst:_P47_V_MIN)
                  003224c4    00000004     main.obj (.econst:_UVR_1_V_MAX)
                  003224c8    00000004     main.obj (.econst:_UVR_1_V_MIN)
                  003224cc    00000004     main.obj (.econst:_UVR_2_V_MAX)
                  003224d0    00000004     main.obj (.econst:_UVR_2_V_MIN)
                  003224d4    00000004     main.obj (.econst:_UVR_3_V_MAX)
                  003224d8    00000004     main.obj (.econst:_UVR_3_V_MIN)
                  003224dc    00000003     menu.obj (.econst:_$P$T105$109)
                  003224df    00000003     menu.obj (.econst:_$P$T29$30)
                  003224e2    00000003     menu.obj (.econst:_$P$T33$35)
                  003224e5    00000003     menu.obj (.econst:_$P$T35$37)
                  003224e8    00000003     menu.obj (.econst:_$P$T37$39)
                  003224eb    00000003     menu.obj (.econst:_$P$T40$42)
                  003224ee    00000003     menu.obj (.econst:_$P$T42$44)
                  003224f1    00000003     menu.obj (.econst:_$P$T44$46)
                  003224f4    00000003     menu.obj (.econst:_$P$T45$47)
                  003224f7    00000003     menu.obj (.econst:_$P$T46$48)
                  003224fa    00000003     menu.obj (.econst:_$P$T47$49)
                  003224fd    00000003     menu.obj (.econst:_$P$T48$50)
                  00322500    00000003     menu.obj (.econst:_$P$T50$52)
                  00322503    00000003     menu.obj (.econst:_$P$T52$54)
                  00322506    00000003     menu.obj (.econst:_$P$T53$55)
                  00322509    00000003     menu.obj (.econst:_$P$T55$57)
                  0032250c    00000003     menu.obj (.econst:_$P$T56$58)
                  0032250f    00000003     menu.obj (.econst:_$P$T59$61)
                  00322512    00000003     menu.obj (.econst:_$P$T62$64)
                  00322515    00000003     menu.obj (.econst:_$P$T65$67)
                  00322518    00000003     menu.obj (.econst:_$P$T68$70)
                  0032251b    00000003     menu.obj (.econst:_$P$T73$75)
                  0032251e    00000003     menu.obj (.econst:_$P$T74$76)
                  00322521    00000003     menu.obj (.econst:_$P$T75$77)
                  00322524    00000003     menu.obj (.econst:_$P$T76$78)
                  00322527    00000003     menu.obj (.econst:_$P$T78$80)
                  0032252a    00000003     menu.obj (.econst:_$P$T82$84)
                  0032252d    00000003     menu.obj (.econst:_$P$T91$93)
                  00322530    00000003     menu.obj (.econst:_$P$T93$95)
                  00322533    00000003     menu.obj (.econst:_$P$T94$96)
                  00322536    00000003     menu.obj (.econst:_$P$T95$97)
                  00322539    00000003     menu.obj (.econst:_$P$T96$98)
                  0032253c    00000003     menu.obj (.econst:_$P$T97$99)
                  0032253f    00000003     menu.obj (.econst:_$P$T98$100)
                  00322542    00000003     main.obj (.econst:_DGR_V_MAX)
                  00322545    00000003     main.obj (.econst:_DGR_V_MIN)
                  00322548    00000003     main.obj (.econst:_OVGR_V_MAX)
                  0032254b    00000003     main.obj (.econst:_OVGR_V_MIN)
                  0032254e    00000003     main.obj (.econst:_SGR_V_MAX)
                  00322551    00000003     main.obj (.econst:_SGR_V_MIN)
                  00322554    00000002     menu.obj (.econst:_$P$T110$114)
                  00322556    00000002     menu.obj (.econst:_$P$T111$115)
                  00322558    00000002     menu.obj (.econst:_$P$T54$56)
                  0032255a    00000002     menu.obj (.econst:_$P$T58$60)
                  0032255c    00000002     menu.obj (.econst:_$P$T61$63)
                  0032255e    00000002     menu.obj (.econst:_$P$T64$66)
                  00322560    00000002     menu.obj (.econst:_$P$T67$69)
                  00322562    00000002     menu.obj (.econst:_$P$T69$71)
                  00322564    00000002     menu.obj (.econst:_$P$T71$73)
                  00322566    00000002     menu.obj (.econst:_$P$T77$79)
                  00322568    00000002     menu.obj (.econst:_$P$T79$81)
                  0032256a    00000002     menu.obj (.econst:_$P$T80$82)
                  0032256c    00000002     menu.obj (.econst:_$P$T81$83)
                  0032256e    00000002     menu.obj (.econst:_$P$T83$85)
                  00322570    00000002     menu.obj (.econst:_$P$T84$86)
                  00322572    00000002     main.obj (.econst:_DGR_I_MAX)
                  00322574    00000002     main.obj (.econst:_DGR_I_MIN)
                  00322576    00000002     main.obj (.econst:_OCGR50_I_MAX)
                  00322578    00000002     main.obj (.econst:_OCGR50_I_MIN)
                  0032257a    00000002     main.obj (.econst:_OCGR51_I_MAX)
                  0032257c    00000002     main.obj (.econst:_OCGR51_I_MIN)
                  0032257e    00000002     main.obj (.econst:_OCR50_I_MAX)
                  00322580    00000002     main.obj (.econst:_OCR50_I_MIN)
                  00322582    00000002     main.obj (.econst:_OCR51_I_MAX)
                  00322584    00000002     main.obj (.econst:_OCR51_I_MIN)

.cinit     0    00322586    00000bdd     
                  00322586    00000b0b     menu.obj (.cinit)
                  00323091    000000b4     peripheral.obj (.cinit)
                  00323145    0000000a     rts2800_fpu32.lib : _lock.obj (.cinit)
                  0032314f    0000000a                       : exit.obj (.cinit)
                  00323159    00000004     main.obj (.cinit)
                  0032315d    00000004     rts2800_fpu32.lib : errno.obj (.cinit)
                  00323161    00000002     --HOLE-- [fill = 0]

codestart 
*          0    0033fff6    00000002     
                  0033fff6    00000002     DSP2833x_CodeStartBranch.obj (codestart)

.reset     0    003fffc0    00000002     DSECT
                  003fffc0    00000002     rts2800_fpu32.lib : boot.obj (.reset)

vectors    0    003fffc2    00000000     DSECT

PieVectTableFile 
*          1    00000d00    00000100     UNINITIALIZED
                  00000d00    00000100     DSP2833x_GlobalVariableDefs.obj (PieVectTableFile)

.ebss      1    0000c000    000015bc     UNINITIALIZED
                  0000c000    00000dd4     main.obj (.ebss)
                  0000cdd4    0000000d     comms.obj (.ebss)
                  0000cde1    00000001     rts2800_fpu32.lib : errno.obj (.ebss)
                  0000cde2    00000004                       : _lock.obj (.ebss)
                  0000cde6    00000004                       : exit.obj (.ebss)
                  0000cdea    00000016     --HOLE--
                  0000ce00    000006b6     menu.obj (.ebss)
                  0000d4b6    0000000a     --HOLE--
                  0000d4c0    000000fc     peripheral.obj (.ebss)

.stack     1    0000d5bc    00000400     UNINITIALIZED
                  0000d5bc    00000400     --HOLE--


GLOBAL SYMBOLS: SORTED ALPHABETICALLY BY Name 

address    name
--------   ----
0030a204   .text
0031ba84   C$$EXIT
0031b384   FD$$ADD
0031b8ff   FD$$CMP
0031b420   FD$$DIV
0031b533   FD$$MPY
0031bb30   FD$$NEG
0031bb04   FD$$SUB
0031b999   FD$$TOI
0031b9db   FD$$TOL
0031ba50   FD$$TOUL
0031b4ab   FS$$DIV
0031ba18   FS$$TOFD
0031b977   I$$DIV
0031b988   I$$MOD
0031b929   L$$DIV
0031b938   L$$MOD
0031ba34   L$$TOFD
0031b9fa   LL$$CMP
0031b1b9   LL$$DIV
0031b1f5   LL$$MOD
0031bade   LL$$MPY
0031bb12   U$$DIV
0031bb17   U$$MOD
0031b946   UL$$DIV
0031b94d   UL$$MOD
0031bab3   UL$$TOFD
0031ba0c   ULL$$CMP
0031b22f   ULL$$DIV
0031b25e   ULL$$MOD
0000c05e   _ACCUMULATION
0031ae02   _ADC_High_Calibration
0031ad87   _ADC_Offset_Calibration
0031aef5   _ADC_low_Calibration
0000c00c   _ADDRESS
00319103   _ADDRESS_Default_Settings
0000c008   _AUTO_DISPLAY
00319119   _AUTO_DISPLAY_Default_Settings
0000d4d2   _AckScr
0000ce03   _Button_Press
0000c700   _CALIBRATION
003221a0   _CALIB_I_MAX
003221a6   _CALIB_I_MIN
003221a4   _CALIB_In_MAX
0032219e   _CALIB_In_MIN
003221aa   _CALIB_V_MAX
003221a2   _CALIB_V_MIN
003221ac   _CALIB_Vo_MAX
003221ae   _CALIB_Vo_MIN
0000c022   _COMM
00316518   _COMM_CRC
0000c010   _CORE
0000c0aa   _CPT
003190a9   _CPT_Default_Settings
00321c5b   _CRC_High
00321d5b   _CRC_Low
00322192   _CT_1A_RATED
00322196   _CT_5A_RATED
0032217d   _CT_MAX
0032217e   _CT_MIN
0000c001   _Calibration_Menu_Escape
00319589   _ClearFLASH
0000d01c   _Cursor_Position
0032219a   _DEBOUNCE_MAX
00322193   _DEBOUNCE_MIN
0000c440   _DFT
0031acd7   _DFT_Check
0000c400   _DGR
00322188   _DGR_A_MAX
00322187   _DGR_A_MIN
003194c2   _DGR_Default_Settings
00322572   _DGR_I_MAX
00322574   _DGR_I_MIN
00322189   _DGR_T_MAX
0032218b   _DGR_T_MIN
00322542   _DGR_V_MAX
00322545   _DGR_V_MIN
0000c052   _DIDO
0000c098   _DIGITAL_INPUT
0000c013   _DIGITAL_OUTPUT
0000c600   _DISPLAY
0000c006   _DISPLAY_3PHASE
00319177   _DISPLAY_3PHASE_Default_Settings
00319558   _DI_Default_Settings
00319574   _DO_Default_Settings
00322380   _DO_OFF_BIT
00322354   _DO_ON_BIT
0031a753   _DO_Output
0000c01a   _DSGR_ANGLE
0000a1ff   _DSP28x_usDelay
0000ce01   _Data_Change
0000ce06   _Data_Change_Count
0031ad3e   _Degree_Check
0000c380   _EVENT
00314f1a   _Event_Item_Display
003150d3   _Event_Time_Display
0000c02e   _FLASH
0000d4d6   _FauScr
0031a8ac   _GPIO_setup
0000c02a   _GPT
00319091   _GPT_Default_Settings
0000c00e   _GR_ANGLE
0000c500   _HARMONICS
0000c480   _HIMIX
0000a1e9   _InitFlash
0031a95d   _InitTimer
000098cc   _Inverse_Op_Timeset
0000ce04   _KHS_Key_Press
00321e5c   _KHS_LCD_Buffer
0000c580   _LCD
00319f15   _LCD_COMMAND
00319f02   _LCD_DATA
00319f26   _LCD_INIT
0000d4c2   _LCD_LIGHT
003221b0   _LCD_Position_Value
0000d4c4   _LCD_RS
00319f52   _LCD_light_OFF
00319f4c   _LCD_light_ON
0000c000   _LOCAL_CONTROL
0000c04c   _LOCAL_CTRL
00319144   _LOCAL_CTRL_Default_Settings
0000d4c0   _Lcd_Bl_Count
0000cbc0   _MANAGER
0000c840   _MEASUREMENT
0000c002   _MIN_MAX
0000c026   _MODBUS
0031918d   _MODBUS_Default_Settings
0000cdd4   _ManagerSystem
0031bac9   _MemCopy
0000c1c0   _N47
003193fb   _N47_Default_Settings
00322194   _N47_T_MAX
00322186   _N47_T_MIN
003224ac   _N47_V_MAX
003224b0   _N47_V_MIN
0000d4ca   _NorScr
0000c118   _OCGR50
00319293   _OCGR50_Default_Settings
00322576   _OCGR50_I_MAX
00322578   _OCGR50_I_MIN
0032218f   _OCGR50_T_MAX
00322190   _OCGR50_T_MIN
0000c280   _OCGR51
003192c3   _OCGR51_Default_Settings
0032257a   _OCGR51_I_MAX
0032257c   _OCGR51_I_MIN
00322183   _OCGR51_TL_MAX
00322191   _OCGR51_TL_MIN
0000c21a   _OCR50_1
003191d3   _OCR50_1_Default_Settings
00008fc5   _OCR50_1_RELAY
0000c180   _OCR50_2
00319203   _OCR50_2_Default_Settings
0032257e   _OCR50_I_MAX
00322580   _OCR50_I_MIN
00322195   _OCR50_T_MAX
00322179   _OCR50_T_MIN
0000c300   _OCR51_1
00319233   _OCR51_1_Default_Settings
0000c340   _OCR51_2
00319263   _OCR51_2_Default_Settings
00322582   _OCR51_I_MAX
00322584   _OCR51_I_MIN
00322197   _OCR51_TL_MAX
00322199   _OCR51_TL_MIN
003191a4   _OCR_MODE_Default_Settings
0000c032   _OCR_MODE_SET
0032235d   _OFF_BIT
00322366   _ON_BIT
0000c240   _OVGR
00319487   _OVGR_Default_Settings
00322198   _OVGR_TL_MAX
0032217a   _OVGR_TL_MIN
00322548   _OVGR_V_MAX
0032254b   _OVGR_V_MIN
0000c2c0   _OVR
0031943d   _OVR_Default_Settings
0032218a   _OVR_TL_MAX
0032218e   _OVR_TL_MIN
0032218d   _OVR_T_MAX
0032219b   _OVR_T_MIN
003224b4   _OVR_V_MAX
003224b8   _OVR_V_MIN
0031acaf   _Offset_Check
0000c19a   _P47
003193b9   _P47_Default_Settings
0032218c   _P47_T_MAX
00322185   _P47_T_MIN
003224bc   _P47_V_MAX
003224c0   _P47_V_MIN
0000c00a   _PASSWORD
0031912e   _PASSWORD_Default_Settings
0000c016   _PROTECT
003221a8   _PT_MAX
0032219c   _PT_MIN
0031a7dd   _Peripheral_Clock_setup
00000d00   _PieVectTable
0000c06a   _RELAY_STATUS
0030a203   _RamfuncsLoadEnd
00308000   _RamfuncsLoadStart
00008000   _RamfuncsRunStart
0000d4ce   _ReserveP
0031517e   _Restore_Screen_Info
0000c980   _SAMPLE
00008d38   _SCIRXB_ISR
00008d7b   _SCITXINTB_ISR
00008da0   _SCITXINTC_ISR
0000c3c0   _SGR
0032217f   _SGR_A_MAX
00322181   _SGR_A_MIN
00319513   _SGR_Default_Settings
0032217c   _SGR_I_MAX
0032217b   _SGR_I_MIN
00322180   _SGR_T_MAX
00322178   _SGR_T_MIN
0032254e   _SGR_V_MAX
00322551   _SGR_V_MIN
0000c260   _SUPERVISION
0000c15a   _SYSTEM
0000c01e   _SYSTEM_ALARM
003191bc   _SYSTEM_ALARM_Default_Settings
0000c037   _SYSTEM_SET
0000d02c   _Save_Current_Screen
00315177   _Save_Screen_Info
0000d020   _Screen_Position
0000ce05   _Set_Password
00319042   _Setting_CRC
0000c100   _TIME
0000c080   _TIMER
0000c040   _TIMER0
0000c004   _TIMER1
00008bf5   _TINT1_ISR
0000c140   _UVR_1
003192f3   _UVR_1_Default_Settings
003224c4   _UVR_1_V_MAX
003224c8   _UVR_1_V_MIN
0000c1da   _UVR_2
00319335   _UVR_2_Default_Settings
003224cc   _UVR_2_V_MAX
003224d0   _UVR_2_V_MIN
0000c200   _UVR_3
00319377   _UVR_3_Default_Settings
003224d4   _UVR_3_V_MAX
003224d8   _UVR_3_V_MIN
0000c046   _UVR_MODE
0031915d   _UVR_MODE_Default_Settings
00322184   _UVR_T_MAX
00322182   _UVR_T_MIN
0000d500   _VFDABuffer
0000d580   _VFDFBuffer
0000d540   _VFDNBuffer
0031a0d1   _VFD_FONT
00319f6c   _VFD_Init
0031a042   _VFD_Single_Line_dump
0031a06b   _VFD_Word_dump
0000d4c6   _VFD_cnt
0031a095   _VFD_cursor
00319fbd   _VFD_dump
0031a002   _VFD_dump2
00319f57   _VFD_gotopo
00319fa4   _VFD_gotoxy
00319fb6   _VFD_mem_cpy_test
0031a0c2   _VFD_printf
0000c08c   _WAVE
00008000   _XINT3_ISR
0031a907   _Xinterface_setup
0000d9bc   __STACK_END
00000400   __STACK_SIZE
00000001   __TI_args_main
ffffffff   ___binit__
ffffffff   ___c_args__
00322586   ___cinit__
0031bb51   ___etext__
0031b9ba   ___memcpy_ff
ffffffff   ___pinit__
0030a204   ___text__
0031ba6b   __args_main
0000cde6   __cleanup_ptr
00321b5a   __ctypes_
0000cde8   __dtors_ptr
0000cde4   __lock
0031b7a4   __log
0031bb2f   __nop
00319dd0   __printfi
0031bb2b   __register_lock
0031bb27   __register_unlock
0000d5bc   __stack
0000cde2   __unlock
0031ba84   _abort
0031b5b6   _atan
0031b2c0   _atan2
0031b873   _atoi
00318630   _aux_do_check
003176a2   _booting_setting_check
0031b7f8   _c_int00
0000d2a8   _cb_cancel1
0000d2b4   _cb_cancel2
0000d2c0   _cb_fail1
0000d2ac   _cb_fail2
0000d2b8   _cb_good1
0000d2c4   _cb_good2
0000d040   _cb_status_view1
0000d03c   _cb_status_view2
0031741d   _comm_drive
0000d210   _comm_set1
0000d20c   _comm_set2
0000d204   _comm_view1
0000d208   _commx
0031b692   _cos
0032221e   _cos_50Hz
00322236   _cos_60Hz
0000c0c0   _cos_table
0000d07c   _cpt1
0000d04c   _cpt2
0031a788   _cpu_setup
0000ce2e   _ct_ratio_set1
0000cfa8   _ct_ratio_set2
0000cfa4   _ct_ratio_set3
0000cf34   _ct_ratio_set4
0000d294   _ct_ratio_view1
0000d290   _ct_ratio_view2
0000d2e8   _ct_ratio_view3
0000ce0e   _ct_ratio_view4
0000d1a8   _current1
0000d1d4   _current2
0000d1d0   _current3
0000d1dc   _current4
0000d1d8   _current5
0000d1c4   _current6
0000d1c0   _current7
0030a204   _cursor_move
0030a213   _cursor_move_last
0000cf6c   _data_reset1
0000cf9c   _data_reset2
0000cf64   _data_reset3
00319ed3   _delay
0000d354   _delay_set1
00009f0e   _delay_us
0000d194   _delta_vdf1
0000d184   _di1
0000cf40   _di_set1
0000cf38   _di_set2
0000cf30   _di_set3
0000cee8   _di_set4
0000cedc   _di_set5
0000cef0   _di_set6
0000cf04   _di_set7
0000cef8   _di_set8
0000cf0c   _di_set_view1
0000cf84   _di_set_view2
0000cf90   _di_set_view3
0000cf7c   _di_set_view4
0000cfd4   _diag1
0000cfd0   _diag2
0000cfe4   _diag3
0000d19c   _didocb1
0000d198   _didocb2
0000d138   _display1
0000d150   _display2
0000d14c   _display3
0000d158   _display4
0000d180   _do1
0000d18c   _do2
00008e4b   _do_release
0000d038   _docb1
0000d034   _docb2
0000d390   _dsgr_set1
0000d394   _dsgr_set2
0000d388   _dsgr_set3
0000d38c   _dsgr_set4
0000d384   _dsgr_view1
0000d380   _dsgr_view2
0000d378   _dsgr_view3
0000d4c8   _dumpP
0000cfd8   _east_egg1
0000d024   _east_egg2
0000d030   _east_egg3
0031a0d2   _eerom_control
0031a1cd   _eerom_read
0031a13a   _eerom_write
0000cde1   _errno
0000cf60   _etc1
0000cf74   _etc2
0000ce4c   _etc3
0000d004   _etc_view1
0000d018   _etc_view2
0000ce8c   _event1
0000cea4   _event10
0000ce98   _event11
0000cea0   _event12
0000ce78   _event2
0000ce74   _event3
0000ce88   _event4
0000ce9c   _event5
0000cecc   _event6
0000ce94   _event8
0000ce90   _event9
0000d3e4   _event_control
0000ce80   _event_d
00009d8c   _event_direct_save
0031907e   _event_info_update
0000d452   _event_io
0000d424   _event_mode_change
0000d440   _event_phase
0000d480   _event_relay
0000d3ec   _event_reset
0000d466   _event_set
0000ce7c   _event_t
0000ce08   _event_test
0000ce84   _eventx
0031ba86   _exit
0031b628   _exp
0031a25e   _flash_sector_erase
0031a27b   _flash_word_write
00009ac0   _float_to_8bit_fram
0031598a   _float_to_integer
0031ba9d   _frexp
0000cfa0   _gr_set1
0000cf94   _gr_set_view1
0000d104   _gr_view1
0000d100   _gr_view2
0000d12c   _gr_view3
0000d128   _gr_view4
0000d134   _gr_view5
0000d130   _gr_view6
0000d2dc   _h50_set1
0000d0ec   _h50_view1
0000d0e8   _h50_view2
0000d2b0   _h50_view3
00315fd8   _harmonic_real_imag_calculation
00315ed4   _harmonic_sample_backup
003159af   _harmonics
0000d17c   _harmonics1
0000d178   _harmonics2
0000d164   _harmonics3
0000d160   _harmonics4
0000d16c   _harmonics5
0000d168   _harmonics6
00321ea8   _harmonics_1st_cos
00321ef0   _harmonics_1st_sin
00321f38   _harmonics_3rd_cos
00321f80   _harmonics_3rd_sin
00321fc8   _harmonics_5th_cos
00322010   _harmonics_5th_sin
00322058   _harmonics_7th_cos
003220a0   _harmonics_7th_sin
003220e8   _harmonics_9th_cos
00322130   _harmonics_9th_sin
0000d008   _hidden1
0031594d   _himix_crc
00315192   _himix_drive
0032234a   _himix_number
00009f3d   _i2c_read
0031a98b   _i2c_setup
00009f7d   _i2c_write
003164e0   _interrupt_control
0031a800   _interrupt_setup
00009fbc   _key_drive
0000d2bc   _l_cb_close
0000d264   _l_cb_open
0000cf44   _lc_set1
0000cf58   _lc_set2
0000cf4c   _lc_set3
0000cf70   _lc_view1
0000a052   _lcd_character_write
0000a035   _lcd_control_write
0031a9b6   _lcd_setup
0031b83e   _ldexp
0031a6e5   _led_handling
0000cff0   _led_test1
0031b8d3   _ltoa
00315185   _main
0000a06f   _make_crc_send
0031653e   _manager_handling
00316379   _measure2_display
0031621f   _measure_display
0000d154   _measuremnt1
0000d140   _measuremnt2
0000d13c   _measuremnt3
0000d148   _measuremnt4
0031baf2   _memccpy
0031bb4a   _memset
0030a249   _menu_00_00
0030a2c9   _menu_00_01
0030a316   _menu_00_02
0030a386   _menu_00_03
0030a3db   _menu_00_04
0030a430   _menu_00_05
0030a485   _menu_00_06
0030a4da   _menu_00_07
0030a52b   _menu_00_08
0030a57c   _menu_01_01
0030a5d2   _menu_01_03
0030a61f   _menu_01_04
0030a6a0   _menu_01_05
0030a6dd   _menu_01_06
0030a72a   _menu_01_07
0030a793   _menu_01_08
0030a80a   _menu_01_09
0030a873   _menu_01_10
0030a8ea   _menu_01_11
0030a953   _menu_01_12
0030a9ca   _menu_01_13
0030aa1b   _menu_01_14
0030aa6c   _menu_02_01
0030aaa4   _menu_02_03
0030aaf5   _menu_02_04
0030ab6a   _menu_02_05
0030abb9   _menu_02_06
0030ac08   _menu_03_03
0030ac71   _menu_04_02
0030acb1   _menu_04_03
0031303a   _menu_100_04
003130a4   _menu_100_05
003130d5   _menu_100_06
0031313e   _menu_100_07
00313161   _menu_100_08
00313184   _menu_101_04
003131e0   _menu_101_05
00313237   _menu_101_06
0031326e   _menu_101_07
003132da   _menu_101_08
003132fd   _menu_101_09
00313320   _menu_102_05
00313364   _menu_102_06
0031338f   _menu_103_04
003133f6   _menu_103_05
00313441   _menu_103_06
0031347c   _menu_103_07
003134e7   _menu_103_08
0031350a   _menu_103_09
0031352d   _menu_104_04
00313594   _menu_104_05
00313627   _menu_104_06
00313652   _menu_104_07
00313686   _menu_104_08
003136e7   _menu_104_09
00313752   _menu_104_10
00313775   _menu_104_11
00313798   _menu_150_01
003137fe   _menu_150_02
00313854   _menu_151_01
00313973   _menu_151_02
003139d9   _menu_151_03
00313a3f   _menu_151_04
00313aa6   _menu_151_05
00313b4a   _menu_151_06
00313b64   _menu_151_07
00313b7e   _menu_152_01
00313bdc   _menu_152_02
00313c0f   _menu_152_03
00313caa   _menu_152_04
00313d50   _menu_152_05
00313d7b   _menu_153_01
00313dfa   _menu_153_02
00313ebe   _menu_153_03
00313f82   _menu_153_04
00314046   _menu_153_05
003141d6   _menu_153_06
0031429a   _menu_153_07
0031435e   _menu_153_08
00314422   _menu_153_09
003144ec   _menu_153_10
0031466f   _menu_153_11
00314692   _menu_153_12
003146b5   _menu_154_02
0031470c   _menu_154_03
0031472f   _menu_154_04
00314752   _menu_156_02
003147e6   _menu_156_03
0031487a   _menu_156_04
0031490e   _menu_156_05
003149a2   _menu_156_06
00314a36   _menu_156_07
00314aca   _menu_156_08
00314b5e   _menu_156_09
00314bf5   _menu_156_10
00314c26   _menu_156_11
00314c57   _menu_156_12
00314c88   _menu_156_13
00314cb6   _menu_156_14
00314d2d   _menu_156_15
00314d50   _menu_156_16
00314d73   _menu_157_02
00314e02   _menu_157_03
00314e6b   _menu_157_04
00314e8e   _menu_157_05
0030ad46   _menu_29_02
0030ada9   _menu_29_03
0030adba   _menu_41_02
0030ae05   _menu_41_03
0030ae9d   _menu_41_04
0030af0f   _menu_41_05
0030b06c   _menu_41_06
0030b0ff   _menu_41_07
0030b128   _menu_41_08
0030b17f   _menu_41_09
0030b1e0   _menu_41_10
0030b24d   _menu_41_11
0030b270   _menu_41_12
0030b293   _menu_42_01
0030b33e   _menu_42_02
0030b35d   _menu_42_03
0030b3f9   _menu_42_05
0030b558   _menu_42_06
0030b600   _menu_42_07
0030b693   _menu_42_08
0030b6bc   _menu_42_09
0030b72b   _menu_42_10
0030b78c   _menu_42_11
0030b7fb   _menu_42_12
0030b81e   _menu_42_13
0030b841   _menu_43_03
0030b9e8   _menu_43_04
0030ba5a   _menu_43_05
0030bbb7   _menu_43_06
0030bc4a   _menu_43_07
0030bc73   _menu_43_08
0030bcca   _menu_43_09
0030bd2b   _menu_43_10
0030bd98   _menu_43_11
0030bdbb   _menu_43_12
0030bdde   _menu_44_03
0030bf32   _menu_44_05
0030c091   _menu_44_06
0030c139   _menu_44_07
0030c1cc   _menu_44_08
0030c1f5   _menu_44_09
0030c264   _menu_44_10
0030c2c5   _menu_44_11
0030c334   _menu_44_12
0030c357   _menu_44_13
0030c37a   _menu_45_03
0030c405   _menu_45_04
0030c480   _menu_45_05
0030c5d9   _menu_45_06
0030c681   _menu_45_07
0030c714   _menu_45_08
0030c74e   _menu_45_09
0030c7bd   _menu_45_10
0030c81e   _menu_45_11
0030c88d   _menu_45_12
0030c8b0   _menu_45_13
0030c8d3   _menu_46_04
0030c94e   _menu_46_05
0030caa7   _menu_46_06
0030cb4f   _menu_46_07
0030cbe2   _menu_46_08
0030cc1c   _menu_46_09
0030cc8b   _menu_46_10
0030ccec   _menu_46_11
0030cd5b   _menu_46_12
0030cd7e   _menu_46_13
0030cda1   _menu_47_04
0030ce13   _menu_47_05
0030cf70   _menu_47_06
0030d003   _menu_47_07
0030d02c   _menu_47_08
0030d083   _menu_47_09
0030d0e4   _menu_47_10
0030d151   _menu_47_11
0030d174   _menu_47_12
0030d197   _menu_48_05
0030d2f6   _menu_48_06
0030d39e   _menu_48_07
0030d431   _menu_48_08
0030d45a   _menu_48_09
0030d4c9   _menu_48_10
0030d52a   _menu_48_11
0030d599   _menu_48_12
0030d5bc   _menu_48_13
0030d5df   _menu_49_04
0030d666   _menu_49_05
0030d7b7   _menu_49_06
0030d85f   _menu_49_07
0030d8f2   _menu_49_08
0030d92c   _menu_49_09
0030d99b   _menu_49_10
0030d9fc   _menu_49_11
0030da6b   _menu_49_12
0030da8e   _menu_49_13
0030dab1   _menu_50_04
0030dc25   _menu_50_05
0030dcbf   _menu_50_06
0030dd52   _menu_50_07
0030dd87   _menu_50_08
0030ddbc   _menu_50_09
0030de1d   _menu_50_10
0030de8a   _menu_50_11
0030dead   _menu_50_12
0030ded0   _menu_51_04
0030e044   _menu_51_05
0030e0de   _menu_51_06
0030e171   _menu_51_07
0030e1a6   _menu_51_08
0030e1db   _menu_51_09
0030e23c   _menu_51_10
0030e2a9   _menu_51_11
0030e2cc   _menu_51_12
0030e2ef   _menu_52_04
0030e463   _menu_52_05
0030e4fd   _menu_52_06
0030e590   _menu_52_07
0030e5c5   _menu_52_08
0030e5fa   _menu_52_09
0030e65b   _menu_52_10
0030e6c8   _menu_52_11
0030e6eb   _menu_52_12
0030e70e   _menu_53_04
0030e882   _menu_53_05
0030e91c   _menu_53_06
0030e9af   _menu_53_07
0030e9e4   _menu_53_08
0030ea19   _menu_53_09
0030ea7a   _menu_53_10
0030eae7   _menu_53_11
0030eb0a   _menu_53_12
0030eb2d   _menu_54_04
0030ec45   _menu_54_05
0030ecdf   _menu_54_06
0030ed72   _menu_54_07
0030eda7   _menu_54_08
0030eddc   _menu_54_09
0030ee3d   _menu_54_10
0030eeaa   _menu_54_11
0030eecd   _menu_54_12
0030eef0   _menu_55_04
0030efbd   _menu_55_05
0030f0d4   _menu_55_06
0030f16e   _menu_55_07
0030f201   _menu_55_08
0030f22a   _menu_55_09
0030f26b   _menu_55_10
0030f2cc   _menu_55_11
0030f33b   _menu_55_12
0030f35e   _menu_55_13
0030f381   _menu_56_05
0030f498   _menu_56_06
0030f540   _menu_56_07
0030f5d3   _menu_56_08
0030f5fc   _menu_56_09
0030f63d   _menu_56_10
0030f69e   _menu_56_11
0030f70d   _menu_56_12
0030f730   _menu_56_13
0030f753   _menu_57_04
0030f805   _menu_57_05
0030f8ea   _menu_57_06
0030f97d   _menu_57_07
0030f9a6   _menu_57_08
0030f9db   _menu_57_09
0030fa3c   _menu_57_10
0030faa9   _menu_57_11
0030facc   _menu_57_12
0030faef   _menu_58_05
0030fbe8   _menu_58_06
0030fc90   _menu_58_07
0030fd23   _menu_58_08
0030fd4c   _menu_58_09
0030fd8d   _menu_58_10
0030fdee   _menu_58_11
0030fe5d   _menu_58_12
0030fe80   _menu_58_13
0030fea3   _menu_59_04
00310074   _menu_59_05
0031016d   _menu_59_06
00310208   _menu_59_07
00310296   _menu_59_08
00310329   _menu_59_09
00310380   _menu_59_10
003103c1   _menu_59_11
003103f0   _menu_59_12
00310451   _menu_59_13
003104c2   _menu_59_14
003104e5   _menu_59_15
00310508   _menu_60_04
003105ed   _menu_60_05
003106e6   _menu_60_06
00310781   _menu_60_07
0031080f   _menu_60_08
003108a2   _menu_60_09
003108d7   _menu_60_10
00310918   _menu_60_11
00310947   _menu_60_12
003109a8   _menu_60_13
00310a19   _menu_60_14
00310a3c   _menu_60_15
00310a5f   _menu_80_03
00310b1c   _menu_80_04
00310bcd   _menu_80_05
00310c5c   _menu_80_06
00310ceb   _menu_80_07
00310d7a   _menu_80_08
00310e09   _menu_80_09
00310e98   _menu_80_10
00310ee7   _menu_80_11
0031108d   _menu_80_12
003110b0   _menu_80_13
003110d3   _menu_81_03
00311154   _menu_81_04
0031120f   _menu_81_05
003112bf   _menu_81_06
00311387   _menu_81_07
003114f4   _menu_81_08
00311587   _menu_81_09
00311604   _menu_81_10
0031167a   _menu_81_11
0031169d   _menu_81_12
003116c0   _menu_82_03
00311724   _menu_82_04
003117a1   _menu_82_05
00311820   _menu_82_06
0031189f   _menu_82_07
0031191c   _menu_82_08
00311999   _menu_82_09
00311a19   _menu_82_10
00311a54   _menu_82_11
00311aa7   _menu_82_12
00311aca   _menu_82_13
00311aed   _menu_83_03
00311b56   _menu_83_04
00311bad   _menu_83_05
00311c00   _menu_83_06
00311c8d   _menu_83_07
00311cb0   _menu_83_08
00311cd3   _menu_84_03
00311d40   _menu_84_05
00311dd0   _menu_84_06
00311e23   _menu_84_07
00311e46   _menu_84_08
00311e69   _menu_84_09
00311e8c   _menu_85_03
00311f0a   _menu_85_04
00311f5d   _menu_85_05
00311f80   _menu_85_06
00311fa3   _menu_86_03
00312017   _menu_86_04
0031206a   _menu_86_05
0031208d   _menu_86_06
003120b0   _menu_87_03
0031212a   _menu_87_04
0031217d   _menu_87_05
003121a0   _menu_87_06
003121c3   _menu_88_03
00312239   _menu_88_04
003122c9   _menu_88_05
003122f8   _menu_88_06
00312361   _menu_88_07
00312384   _menu_88_08
003123a7   _menu_89_03
0031242a   _menu_89_04
00312483   _menu_89_05
003124ec   _menu_89_06
0031250f   _menu_89_07
00312532   _menu_90_03
0031257a   _menu_90_04
003125cd   _menu_90_05
003125f0   _menu_90_06
00312613   _menu_91_04
003126a4   _menu_91_05
003126d3   _menu_91_06
0031273c   _menu_91_07
0031275f   _menu_91_08
00312782   _menu_92_04
0031281a   _menu_92_05
00312894   _menu_92_06
003128e6   _menu_92_07
00312951   _menu_92_08
00312974   _menu_92_09
00312997   _menu_95_04
003129fe   _menu_95_05
00312a46   _menu_95_06
00312a93   _menu_95_07
00312b00   _menu_95_08
00312b23   _menu_95_09
00312b46   _menu_96_05
00312b71   _menu_97_04
00312bf1   _menu_97_05
00312c74   _menu_97_06
00312cab   _menu_97_07
00312d06   _menu_97_08
00312d29   _menu_97_09
00312d4c   _menu_98_04
00312db5   _menu_98_05
00312e1e   _menu_98_06
00312e7e   _menu_98_07
00312eb2   _menu_98_08
00312eee   _menu_98_09
00312f5b   _menu_98_10
00312f7e   _menu_98_11
00314efe   _menu_99_00
00312fa1   _menu_99_04
00312ff4   _menu_99_05
00313017   _menu_99_06
0000a162   _menu_drive
00314eb1   _menu_dummy
00315158   _menu_init
00314ed0   _menu_popup
0031ff3a   _menu_tables
0000d1f0   _motor_set1
0000d1ec   _motor_set2
0000d218   _motor_set3
0000d1e8   _motor_view1
0000d1e4   _motor_view2
0000d224   _n47_set1
0000d230   _n47_view1
0000d2c8   _nch_set1
0000d2d4   _nch_set2
0000d2d0   _nch_set3
0000d27c   _nch_set4
0000d278   _nch_view1
0000d284   _nch_view2
0000d0dc   _nch_view4
0000d0d8   _nch_view5
0000d200   _nsocr_set1
0000d1fc   _nsocr_view1
0000d0bc   _nsocr_view4
0000d0b8   _nsocr_view5
0000d318   _ocgr50_set1
0000d314   _ocgr50_view1
0000d30c   _ocgr50_view2
0000d31c   _ocgr51_set1
0000d310   _ocgr51_view1
0000d304   _ocr50_set1
0000d2f0   _ocr50_view1
0000d2ec   _ocr50_view2
0000d300   _ocr51_set1
0000d2f4   _ocr51_view1
0000cf54   _ocr_pro_set1
0000cf50   _ocr_pro_set2
0000cf5c   _ocr_pro_view1
0000cf48   _ocr_pro_view2
0000d10c   _ocr_view1
0000d108   _ocr_view2
0000d114   _ocr_view3
0000d110   _ocr_view4
0000d0fc   _ocr_view5
0000d0f8   _ocr_view6
00008ebb   _over_phase_value_check
0000d35c   _ovgr_set1
0000d370   _ovgr_view1
0000d374   _ovgr_view2
0000d124   _ovgr_view4
0000d120   _ovgr_view5
0000d0cc   _ovgr_view6
0000d0c8   _ovgr_view7
0000d360   _ovr_set1
0000d364   _ovr_view1
0000d358   _ovr_view2
0000d11c   _ovr_view4
0000d118   _ovr_view5
0000d23c   _p47_set1
0000d228   _p47_view1
0000ce60   _p_view_format1
0000ce12   _p_view_format10
0000ce1a   _p_view_format100
0000ced8   _p_view_format100g
0000ce32   _p_view_format100k
0000ceb0   _p_view_format100m
0000cf68   _p_view_format10g
0000ce1e   _p_view_format10k
0000cec0   _p_view_format10m
0000ced0   _p_view_format1g
0000ce36   _p_view_format1k
0000ceb8   _p_view_format1m
0000cf78   _password_input1
0000cf8c   _password_input2
0000cf80   _password_set1
0031a7a6   _pll_setup
0031b6f3   _pow
0000d1cc   _power1
0000d1c8   _power2
0000d174   _power3
0000d170   _power4
00009b51   _power_update
00009015   _protective_relay
0000cf08   _pt_ratio_set1
0000cee4   _pt_ratio_set2
0000cee0   _pt_ratio_set3
0000ce0a   _pt_ratio_view1
0000cf24   _pt_ratio_view10
0000cf18   _pt_ratio_view11
0000cf3c   _pt_ratio_view12
0000cf88   _pt_ratio_view13
0000cf00   _pt_ratio_view14
0000cec4   _pt_ratio_view15
0000ce2a   _pt_ratio_view16
0000cefc   _pt_ratio_view2
0000ceec   _pt_ratio_view3
0000cf2c   _pt_ratio_view4
0000cf28   _pt_ratio_view5
0000cf20   _pt_ratio_view6
0000cf1c   _pt_ratio_view7
0000cf14   _pt_ratio_view8
0000cf10   _pt_ratio_view9
00318650   _pt_setting_min_max_check
0000cef4   _pt_wiring_set1
0000ce16   _pt_wiring_view1
0000d190   _q_value
00009948   _real_main
0000d188   _relay1
0000d0a4   _relay10
0000d0b0   _relay11
0000d0ac   _relay12
0000d098   _relay13
0000d094   _relay14
0000d0a0   _relay15
0000d09c   _relay16
0000d088   _relay2
0000d084   _relay3
0000d090   _relay4
0000d08c   _relay5
0000d078   _relay6
0000d074   _relay7
0000d080   _relay8
0000d0a8   _relay9
0000d400   _relay_curve
00008dd2   _relay_detect_to_pickup
00008ea9   _relay_dropout_to_normal
0000d33c   _relay_mode1
0000d330   _relay_mode2
0000d334   _relay_mode3
0000d340   _relay_mode4
00008dcd   _relay_normal_to_detect
0000d328   _relay_onoff1
00008e41   _relay_opeartion_to_dropout
00008de5   _relay_pickup_to_operation
0000cec8   _relay_popup1
0000ced4   _relay_popup2
0000cebc   _relay_popup3
0000cea8   _relay_popup4
0000ceac   _relay_popup5
0000ceb4   _relay_popup6
0000ce26   _relay_popup7
0000ce22   _relay_popup8
0000cff8   _relay_popup9
0000d2f8   _relay_relay1
0000d2fc   _relay_set_view1
0000cff4   _relay_test1
0000d000   _relay_test2
0000cfec   _relay_test3
0000cfe8   _relay_test4
0000cffc   _relay_test5
0000ce50   _reset1
0000ce44   _reset2
0000ce68   _reset3
0000ce3a   _resetq
00009e1e   _rtc_handling
0000cfc0   _run_time
0000d2e0   _s_l_set1
0000d2cc   _s_l_set2
0000d2d8   _s_l_view1
0000d2e4   _s_l_view2
0000ce64   _save1
0000ce70   _save_cancel1
0000ce5c   _save_confirm1
0000ce58   _save_fail1
0000ce6c   _save_no1
0031a857   _sci_setup
0000d4da   _scrP
0030a21a   _screen_frame
0030a22a   _screen_frame2
0030a239   _screen_frame3
0000a0d4   _serial_ok_nak_send
00317371   _serial_write
0000d418   _set_integer
0000d048   _setting1
0000d044   _setting2
0000d050   _setting3
0031901e   _setting_load
0031863d   _setting_min_max_check
003186a9   _setting_post_handling
00318664   _setting_save
0031b74d   _sin
0032224e   _sin_50Hz
00322266   _sin_60Hz
0000c0d8   _sin_table
0000d40c   _six_point_2
0000d0f4   _sl_view1
0000d0f0   _sl_view2
0000d320   _sovr_view1
0000d344   _sovr_view2
0031b8a4   _sprintf
0031b954   _sqrt
0031bb39   _strcpy
0031bb1d   _strlen
00009b0a   _supervision_relay
0000d06c   _supervison_set1
0000d058   _supervison_set2
0000d054   _supervison_set3
0000d060   _supervison_set4
0000d05c   _supervison_set5
0000d0b4   _supervison_set6
0000d068   _supervison_view1
0000d064   _supervison_view2
0000d070   _supervison_view3
0000d22c   _sync_set1
0000d258   _sync_set2
0000d254   _sync_set3
0000d260   _sync_set4
0000d25c   _sync_view1
0000d248   _sync_view2
0000d244   _sync_view3
0000d37c   _syncro_view1
0000d34c   _syncro_view2
0000d350   _syncro_view3
0000d32c   _syncro_view4
0000cfc4   _sys_time
0000d29c   _system_set1
0000d298   _system_set2
0000d2a4   _system_set3
0000d2a0   _system_set4
0000d28c   _system_set5
0000d288   _system_set6
0000d280   _system_view1
0000d26c   _system_view2
0000d268   _system_view3
0000d274   _system_view4
0000d270   _system_view5
0000d014   _test2
0000d010   _test3
0000d028   _test4
0000d220   _thr_set1
0000d21c   _thr_set2
0000d214   _thr_view1
0000d0c4   _thr_view4
0000d0c0   _thr_view5
0000cfcc   _time_set1
0000cfb8   _time_set2
0000cfb4   _time_set3
0000cfc8   _time_set4
0000cfbc   _time_set5
0000cfe0   _time_set6
0000cfdc   _time_set7
0000d00c   _time_set8
0000d348   _tl_set1
0000d250   _ucr_set1
0000d24c   _ucr_set2
0000d1f8   _ucr_view1
0000d1f4   _ucr_view2
0000d0d4   _ucr_view3
0000d0d0   _ucr_view4
00008f43   _under_phase_value_check
0000d368   _uvr_set1
0000d36c   _uvr_set2
0000d238   _uvr_set_view1
0000d234   _uvr_set_view2
0000d240   _uvr_set_view3
0000d0e4   _uvr_view1
0000d0e0   _uvr_view2
0000d338   _uvr_view3
0000d1e0   _uvr_view4
0000d308   _uvr_view5
0000d324   _uvr_view6
0000d39e   _view_format1
0000d3aa   _view_format10
0000d3a4   _view_format100
0000d3d2   _view_format100g
0000d3d8   _view_format100k
0000d3b6   _view_format100m
0000d3cc   _view_format10g
0000d398   _view_format10k
0000d3c0   _view_format10m
0000d3c6   _view_format1g
0000d3b0   _view_format1k
0000d3de   _view_format1m
0000d144   _volt1
0000d15c   _volt2
0000d1b4   _volt3
0000d1b0   _volt4
0000d1bc   _volt5
0000d1b8   _volt6
0000d1a4   _volt7
0000d1a0   _volt8
0000d1ac   _volt9
0000ce48   _wave1
0000ce54   _wave2
0000ce40   _wave3
00322296   _wave_buffer_address
003222aa   _wave_buffer_post_address
0031a2f6   _wave_di_initial_post
0031a2db   _wave_di_initial_pre1
0031a2e9   _wave_di_initial_pre2
0000a112   _wave_dump_serial_sram
0031a300   _wave_flash_sector_erase
0031a292   _wave_flash_word_write
0031a319   _wave_save_process
0031a2d1   _wave_vi_initial_post
0031a2b6   _wave_vi_initial_pre1
0031a2c4   _wave_vi_initial_pre2
0000cfac   _zct_set1
0000cf98   _zct_view1
ffffffff   binit
00322586   cinit
0033fff6   code_start
0031bb51   etext
ffffffff   pinit


GLOBAL SYMBOLS: SORTED BY Symbol Address 

address    name
--------   ----
00000001   __TI_args_main
00000400   __STACK_SIZE
00000d00   _PieVectTable
00008000   _RamfuncsRunStart
00008000   _XINT3_ISR
00008bf5   _TINT1_ISR
00008d38   _SCIRXB_ISR
00008d7b   _SCITXINTB_ISR
00008da0   _SCITXINTC_ISR
00008dcd   _relay_normal_to_detect
00008dd2   _relay_detect_to_pickup
00008de5   _relay_pickup_to_operation
00008e41   _relay_opeartion_to_dropout
00008e4b   _do_release
00008ea9   _relay_dropout_to_normal
00008ebb   _over_phase_value_check
00008f43   _under_phase_value_check
00008fc5   _OCR50_1_RELAY
00009015   _protective_relay
000098cc   _Inverse_Op_Timeset
00009948   _real_main
00009ac0   _float_to_8bit_fram
00009b0a   _supervision_relay
00009b51   _power_update
00009d8c   _event_direct_save
00009e1e   _rtc_handling
00009f0e   _delay_us
00009f3d   _i2c_read
00009f7d   _i2c_write
00009fbc   _key_drive
0000a035   _lcd_control_write
0000a052   _lcd_character_write
0000a06f   _make_crc_send
0000a0d4   _serial_ok_nak_send
0000a112   _wave_dump_serial_sram
0000a162   _menu_drive
0000a1e9   _InitFlash
0000a1ff   _DSP28x_usDelay
0000c000   _LOCAL_CONTROL
0000c001   _Calibration_Menu_Escape
0000c002   _MIN_MAX
0000c004   _TIMER1
0000c006   _DISPLAY_3PHASE
0000c008   _AUTO_DISPLAY
0000c00a   _PASSWORD
0000c00c   _ADDRESS
0000c00e   _GR_ANGLE
0000c010   _CORE
0000c013   _DIGITAL_OUTPUT
0000c016   _PROTECT
0000c01a   _DSGR_ANGLE
0000c01e   _SYSTEM_ALARM
0000c022   _COMM
0000c026   _MODBUS
0000c02a   _GPT
0000c02e   _FLASH
0000c032   _OCR_MODE_SET
0000c037   _SYSTEM_SET
0000c040   _TIMER0
0000c046   _UVR_MODE
0000c04c   _LOCAL_CTRL
0000c052   _DIDO
0000c05e   _ACCUMULATION
0000c06a   _RELAY_STATUS
0000c080   _TIMER
0000c08c   _WAVE
0000c098   _DIGITAL_INPUT
0000c0aa   _CPT
0000c0c0   _cos_table
0000c0d8   _sin_table
0000c100   _TIME
0000c118   _OCGR50
0000c140   _UVR_1
0000c15a   _SYSTEM
0000c180   _OCR50_2
0000c19a   _P47
0000c1c0   _N47
0000c1da   _UVR_2
0000c200   _UVR_3
0000c21a   _OCR50_1
0000c240   _OVGR
0000c260   _SUPERVISION
0000c280   _OCGR51
0000c2c0   _OVR
0000c300   _OCR51_1
0000c340   _OCR51_2
0000c380   _EVENT
0000c3c0   _SGR
0000c400   _DGR
0000c440   _DFT
0000c480   _HIMIX
0000c500   _HARMONICS
0000c580   _LCD
0000c600   _DISPLAY
0000c700   _CALIBRATION
0000c840   _MEASUREMENT
0000c980   _SAMPLE
0000cbc0   _MANAGER
0000cdd4   _ManagerSystem
0000cde1   _errno
0000cde2   __unlock
0000cde4   __lock
0000cde6   __cleanup_ptr
0000cde8   __dtors_ptr
0000ce01   _Data_Change
0000ce03   _Button_Press
0000ce04   _KHS_Key_Press
0000ce05   _Set_Password
0000ce06   _Data_Change_Count
0000ce08   _event_test
0000ce0a   _pt_ratio_view1
0000ce0e   _ct_ratio_view4
0000ce12   _p_view_format10
0000ce16   _pt_wiring_view1
0000ce1a   _p_view_format100
0000ce1e   _p_view_format10k
0000ce22   _relay_popup8
0000ce26   _relay_popup7
0000ce2a   _pt_ratio_view16
0000ce2e   _ct_ratio_set1
0000ce32   _p_view_format100k
0000ce36   _p_view_format1k
0000ce3a   _resetq
0000ce40   _wave3
0000ce44   _reset2
0000ce48   _wave1
0000ce4c   _etc3
0000ce50   _reset1
0000ce54   _wave2
0000ce58   _save_fail1
0000ce5c   _save_confirm1
0000ce60   _p_view_format1
0000ce64   _save1
0000ce68   _reset3
0000ce6c   _save_no1
0000ce70   _save_cancel1
0000ce74   _event3
0000ce78   _event2
0000ce7c   _event_t
0000ce80   _event_d
0000ce84   _eventx
0000ce88   _event4
0000ce8c   _event1
0000ce90   _event9
0000ce94   _event8
0000ce98   _event11
0000ce9c   _event5
0000cea0   _event12
0000cea4   _event10
0000cea8   _relay_popup4
0000ceac   _relay_popup5
0000ceb0   _p_view_format100m
0000ceb4   _relay_popup6
0000ceb8   _p_view_format1m
0000cebc   _relay_popup3
0000cec0   _p_view_format10m
0000cec4   _pt_ratio_view15
0000cec8   _relay_popup1
0000cecc   _event6
0000ced0   _p_view_format1g
0000ced4   _relay_popup2
0000ced8   _p_view_format100g
0000cedc   _di_set5
0000cee0   _pt_ratio_set3
0000cee4   _pt_ratio_set2
0000cee8   _di_set4
0000ceec   _pt_ratio_view3
0000cef0   _di_set6
0000cef4   _pt_wiring_set1
0000cef8   _di_set8
0000cefc   _pt_ratio_view2
0000cf00   _pt_ratio_view14
0000cf04   _di_set7
0000cf08   _pt_ratio_set1
0000cf0c   _di_set_view1
0000cf10   _pt_ratio_view9
0000cf14   _pt_ratio_view8
0000cf18   _pt_ratio_view11
0000cf1c   _pt_ratio_view7
0000cf20   _pt_ratio_view6
0000cf24   _pt_ratio_view10
0000cf28   _pt_ratio_view5
0000cf2c   _pt_ratio_view4
0000cf30   _di_set3
0000cf34   _ct_ratio_set4
0000cf38   _di_set2
0000cf3c   _pt_ratio_view12
0000cf40   _di_set1
0000cf44   _lc_set1
0000cf48   _ocr_pro_view2
0000cf4c   _lc_set3
0000cf50   _ocr_pro_set2
0000cf54   _ocr_pro_set1
0000cf58   _lc_set2
0000cf5c   _ocr_pro_view1
0000cf60   _etc1
0000cf64   _data_reset3
0000cf68   _p_view_format10g
0000cf6c   _data_reset1
0000cf70   _lc_view1
0000cf74   _etc2
0000cf78   _password_input1
0000cf7c   _di_set_view4
0000cf80   _password_set1
0000cf84   _di_set_view2
0000cf88   _pt_ratio_view13
0000cf8c   _password_input2
0000cf90   _di_set_view3
0000cf94   _gr_set_view1
0000cf98   _zct_view1
0000cf9c   _data_reset2
0000cfa0   _gr_set1
0000cfa4   _ct_ratio_set3
0000cfa8   _ct_ratio_set2
0000cfac   _zct_set1
0000cfb4   _time_set3
0000cfb8   _time_set2
0000cfbc   _time_set5
0000cfc0   _run_time
0000cfc4   _sys_time
0000cfc8   _time_set4
0000cfcc   _time_set1
0000cfd0   _diag2
0000cfd4   _diag1
0000cfd8   _east_egg1
0000cfdc   _time_set7
0000cfe0   _time_set6
0000cfe4   _diag3
0000cfe8   _relay_test4
0000cfec   _relay_test3
0000cff0   _led_test1
0000cff4   _relay_test1
0000cff8   _relay_popup9
0000cffc   _relay_test5
0000d000   _relay_test2
0000d004   _etc_view1
0000d008   _hidden1
0000d00c   _time_set8
0000d010   _test3
0000d014   _test2
0000d018   _etc_view2
0000d01c   _Cursor_Position
0000d020   _Screen_Position
0000d024   _east_egg2
0000d028   _test4
0000d02c   _Save_Current_Screen
0000d030   _east_egg3
0000d034   _docb2
0000d038   _docb1
0000d03c   _cb_status_view2
0000d040   _cb_status_view1
0000d044   _setting2
0000d048   _setting1
0000d04c   _cpt2
0000d050   _setting3
0000d054   _supervison_set3
0000d058   _supervison_set2
0000d05c   _supervison_set5
0000d060   _supervison_set4
0000d064   _supervison_view2
0000d068   _supervison_view1
0000d06c   _supervison_set1
0000d070   _supervison_view3
0000d074   _relay7
0000d078   _relay6
0000d07c   _cpt1
0000d080   _relay8
0000d084   _relay3
0000d088   _relay2
0000d08c   _relay5
0000d090   _relay4
0000d094   _relay14
0000d098   _relay13
0000d09c   _relay16
0000d0a0   _relay15
0000d0a4   _relay10
0000d0a8   _relay9
0000d0ac   _relay12
0000d0b0   _relay11
0000d0b4   _supervison_set6
0000d0b8   _nsocr_view5
0000d0bc   _nsocr_view4
0000d0c0   _thr_view5
0000d0c4   _thr_view4
0000d0c8   _ovgr_view7
0000d0cc   _ovgr_view6
0000d0d0   _ucr_view4
0000d0d4   _ucr_view3
0000d0d8   _nch_view5
0000d0dc   _nch_view4
0000d0e0   _uvr_view2
0000d0e4   _uvr_view1
0000d0e8   _h50_view2
0000d0ec   _h50_view1
0000d0f0   _sl_view2
0000d0f4   _sl_view1
0000d0f8   _ocr_view6
0000d0fc   _ocr_view5
0000d100   _gr_view2
0000d104   _gr_view1
0000d108   _ocr_view2
0000d10c   _ocr_view1
0000d110   _ocr_view4
0000d114   _ocr_view3
0000d118   _ovr_view5
0000d11c   _ovr_view4
0000d120   _ovgr_view5
0000d124   _ovgr_view4
0000d128   _gr_view4
0000d12c   _gr_view3
0000d130   _gr_view6
0000d134   _gr_view5
0000d138   _display1
0000d13c   _measuremnt3
0000d140   _measuremnt2
0000d144   _volt1
0000d148   _measuremnt4
0000d14c   _display3
0000d150   _display2
0000d154   _measuremnt1
0000d158   _display4
0000d15c   _volt2
0000d160   _harmonics4
0000d164   _harmonics3
0000d168   _harmonics6
0000d16c   _harmonics5
0000d170   _power4
0000d174   _power3
0000d178   _harmonics2
0000d17c   _harmonics1
0000d180   _do1
0000d184   _di1
0000d188   _relay1
0000d18c   _do2
0000d190   _q_value
0000d194   _delta_vdf1
0000d198   _didocb2
0000d19c   _didocb1
0000d1a0   _volt8
0000d1a4   _volt7
0000d1a8   _current1
0000d1ac   _volt9
0000d1b0   _volt4
0000d1b4   _volt3
0000d1b8   _volt6
0000d1bc   _volt5
0000d1c0   _current7
0000d1c4   _current6
0000d1c8   _power2
0000d1cc   _power1
0000d1d0   _current3
0000d1d4   _current2
0000d1d8   _current5
0000d1dc   _current4
0000d1e0   _uvr_view4
0000d1e4   _motor_view2
0000d1e8   _motor_view1
0000d1ec   _motor_set2
0000d1f0   _motor_set1
0000d1f4   _ucr_view2
0000d1f8   _ucr_view1
0000d1fc   _nsocr_view1
0000d200   _nsocr_set1
0000d204   _comm_view1
0000d208   _commx
0000d20c   _comm_set2
0000d210   _comm_set1
0000d214   _thr_view1
0000d218   _motor_set3
0000d21c   _thr_set2
0000d220   _thr_set1
0000d224   _n47_set1
0000d228   _p47_view1
0000d22c   _sync_set1
0000d230   _n47_view1
0000d234   _uvr_set_view2
0000d238   _uvr_set_view1
0000d23c   _p47_set1
0000d240   _uvr_set_view3
0000d244   _sync_view3
0000d248   _sync_view2
0000d24c   _ucr_set2
0000d250   _ucr_set1
0000d254   _sync_set3
0000d258   _sync_set2
0000d25c   _sync_view1
0000d260   _sync_set4
0000d264   _l_cb_open
0000d268   _system_view3
0000d26c   _system_view2
0000d270   _system_view5
0000d274   _system_view4
0000d278   _nch_view1
0000d27c   _nch_set4
0000d280   _system_view1
0000d284   _nch_view2
0000d288   _system_set6
0000d28c   _system_set5
0000d290   _ct_ratio_view2
0000d294   _ct_ratio_view1
0000d298   _system_set2
0000d29c   _system_set1
0000d2a0   _system_set4
0000d2a4   _system_set3
0000d2a8   _cb_cancel1
0000d2ac   _cb_fail2
0000d2b0   _h50_view3
0000d2b4   _cb_cancel2
0000d2b8   _cb_good1
0000d2bc   _l_cb_close
0000d2c0   _cb_fail1
0000d2c4   _cb_good2
0000d2c8   _nch_set1
0000d2cc   _s_l_set2
0000d2d0   _nch_set3
0000d2d4   _nch_set2
0000d2d8   _s_l_view1
0000d2dc   _h50_set1
0000d2e0   _s_l_set1
0000d2e4   _s_l_view2
0000d2e8   _ct_ratio_view3
0000d2ec   _ocr50_view2
0000d2f0   _ocr50_view1
0000d2f4   _ocr51_view1
0000d2f8   _relay_relay1
0000d2fc   _relay_set_view1
0000d300   _ocr51_set1
0000d304   _ocr50_set1
0000d308   _uvr_view5
0000d30c   _ocgr50_view2
0000d310   _ocgr51_view1
0000d314   _ocgr50_view1
0000d318   _ocgr50_set1
0000d31c   _ocgr51_set1
0000d320   _sovr_view1
0000d324   _uvr_view6
0000d328   _relay_onoff1
0000d32c   _syncro_view4
0000d330   _relay_mode2
0000d334   _relay_mode3
0000d338   _uvr_view3
0000d33c   _relay_mode1
0000d340   _relay_mode4
0000d344   _sovr_view2
0000d348   _tl_set1
0000d34c   _syncro_view2
0000d350   _syncro_view3
0000d354   _delay_set1
0000d358   _ovr_view2
0000d35c   _ovgr_set1
0000d360   _ovr_set1
0000d364   _ovr_view1
0000d368   _uvr_set1
0000d36c   _uvr_set2
0000d370   _ovgr_view1
0000d374   _ovgr_view2
0000d378   _dsgr_view3
0000d37c   _syncro_view1
0000d380   _dsgr_view2
0000d384   _dsgr_view1
0000d388   _dsgr_set3
0000d38c   _dsgr_set4
0000d390   _dsgr_set1
0000d394   _dsgr_set2
0000d398   _view_format10k
0000d39e   _view_format1
0000d3a4   _view_format100
0000d3aa   _view_format10
0000d3b0   _view_format1k
0000d3b6   _view_format100m
0000d3c0   _view_format10m
0000d3c6   _view_format1g
0000d3cc   _view_format10g
0000d3d2   _view_format100g
0000d3d8   _view_format100k
0000d3de   _view_format1m
0000d3e4   _event_control
0000d3ec   _event_reset
0000d400   _relay_curve
0000d40c   _six_point_2
0000d418   _set_integer
0000d424   _event_mode_change
0000d440   _event_phase
0000d452   _event_io
0000d466   _event_set
0000d480   _event_relay
0000d4c0   _Lcd_Bl_Count
0000d4c2   _LCD_LIGHT
0000d4c4   _LCD_RS
0000d4c6   _VFD_cnt
0000d4c8   _dumpP
0000d4ca   _NorScr
0000d4ce   _ReserveP
0000d4d2   _AckScr
0000d4d6   _FauScr
0000d4da   _scrP
0000d500   _VFDABuffer
0000d540   _VFDNBuffer
0000d580   _VFDFBuffer
0000d5bc   __stack
0000d9bc   __STACK_END
00308000   _RamfuncsLoadStart
0030a203   _RamfuncsLoadEnd
0030a204   .text
0030a204   ___text__
0030a204   _cursor_move
0030a213   _cursor_move_last
0030a21a   _screen_frame
0030a22a   _screen_frame2
0030a239   _screen_frame3
0030a249   _menu_00_00
0030a2c9   _menu_00_01
0030a316   _menu_00_02
0030a386   _menu_00_03
0030a3db   _menu_00_04
0030a430   _menu_00_05
0030a485   _menu_00_06
0030a4da   _menu_00_07
0030a52b   _menu_00_08
0030a57c   _menu_01_01
0030a5d2   _menu_01_03
0030a61f   _menu_01_04
0030a6a0   _menu_01_05
0030a6dd   _menu_01_06
0030a72a   _menu_01_07
0030a793   _menu_01_08
0030a80a   _menu_01_09
0030a873   _menu_01_10
0030a8ea   _menu_01_11
0030a953   _menu_01_12
0030a9ca   _menu_01_13
0030aa1b   _menu_01_14
0030aa6c   _menu_02_01
0030aaa4   _menu_02_03
0030aaf5   _menu_02_04
0030ab6a   _menu_02_05
0030abb9   _menu_02_06
0030ac08   _menu_03_03
0030ac71   _menu_04_02
0030acb1   _menu_04_03
0030ad46   _menu_29_02
0030ada9   _menu_29_03
0030adba   _menu_41_02
0030ae05   _menu_41_03
0030ae9d   _menu_41_04
0030af0f   _menu_41_05
0030b06c   _menu_41_06
0030b0ff   _menu_41_07
0030b128   _menu_41_08
0030b17f   _menu_41_09
0030b1e0   _menu_41_10
0030b24d   _menu_41_11
0030b270   _menu_41_12
0030b293   _menu_42_01
0030b33e   _menu_42_02
0030b35d   _menu_42_03
0030b3f9   _menu_42_05
0030b558   _menu_42_06
0030b600   _menu_42_07
0030b693   _menu_42_08
0030b6bc   _menu_42_09
0030b72b   _menu_42_10
0030b78c   _menu_42_11
0030b7fb   _menu_42_12
0030b81e   _menu_42_13
0030b841   _menu_43_03
0030b9e8   _menu_43_04
0030ba5a   _menu_43_05
0030bbb7   _menu_43_06
0030bc4a   _menu_43_07
0030bc73   _menu_43_08
0030bcca   _menu_43_09
0030bd2b   _menu_43_10
0030bd98   _menu_43_11
0030bdbb   _menu_43_12
0030bdde   _menu_44_03
0030bf32   _menu_44_05
0030c091   _menu_44_06
0030c139   _menu_44_07
0030c1cc   _menu_44_08
0030c1f5   _menu_44_09
0030c264   _menu_44_10
0030c2c5   _menu_44_11
0030c334   _menu_44_12
0030c357   _menu_44_13
0030c37a   _menu_45_03
0030c405   _menu_45_04
0030c480   _menu_45_05
0030c5d9   _menu_45_06
0030c681   _menu_45_07
0030c714   _menu_45_08
0030c74e   _menu_45_09
0030c7bd   _menu_45_10
0030c81e   _menu_45_11
0030c88d   _menu_45_12
0030c8b0   _menu_45_13
0030c8d3   _menu_46_04
0030c94e   _menu_46_05
0030caa7   _menu_46_06
0030cb4f   _menu_46_07
0030cbe2   _menu_46_08
0030cc1c   _menu_46_09
0030cc8b   _menu_46_10
0030ccec   _menu_46_11
0030cd5b   _menu_46_12
0030cd7e   _menu_46_13
0030cda1   _menu_47_04
0030ce13   _menu_47_05
0030cf70   _menu_47_06
0030d003   _menu_47_07
0030d02c   _menu_47_08
0030d083   _menu_47_09
0030d0e4   _menu_47_10
0030d151   _menu_47_11
0030d174   _menu_47_12
0030d197   _menu_48_05
0030d2f6   _menu_48_06
0030d39e   _menu_48_07
0030d431   _menu_48_08
0030d45a   _menu_48_09
0030d4c9   _menu_48_10
0030d52a   _menu_48_11
0030d599   _menu_48_12
0030d5bc   _menu_48_13
0030d5df   _menu_49_04
0030d666   _menu_49_05
0030d7b7   _menu_49_06
0030d85f   _menu_49_07
0030d8f2   _menu_49_08
0030d92c   _menu_49_09
0030d99b   _menu_49_10
0030d9fc   _menu_49_11
0030da6b   _menu_49_12
0030da8e   _menu_49_13
0030dab1   _menu_50_04
0030dc25   _menu_50_05
0030dcbf   _menu_50_06
0030dd52   _menu_50_07
0030dd87   _menu_50_08
0030ddbc   _menu_50_09
0030de1d   _menu_50_10
0030de8a   _menu_50_11
0030dead   _menu_50_12
0030ded0   _menu_51_04
0030e044   _menu_51_05
0030e0de   _menu_51_06
0030e171   _menu_51_07
0030e1a6   _menu_51_08
0030e1db   _menu_51_09
0030e23c   _menu_51_10
0030e2a9   _menu_51_11
0030e2cc   _menu_51_12
0030e2ef   _menu_52_04
0030e463   _menu_52_05
0030e4fd   _menu_52_06
0030e590   _menu_52_07
0030e5c5   _menu_52_08
0030e5fa   _menu_52_09
0030e65b   _menu_52_10
0030e6c8   _menu_52_11
0030e6eb   _menu_52_12
0030e70e   _menu_53_04
0030e882   _menu_53_05
0030e91c   _menu_53_06
0030e9af   _menu_53_07
0030e9e4   _menu_53_08
0030ea19   _menu_53_09
0030ea7a   _menu_53_10
0030eae7   _menu_53_11
0030eb0a   _menu_53_12
0030eb2d   _menu_54_04
0030ec45   _menu_54_05
0030ecdf   _menu_54_06
0030ed72   _menu_54_07
0030eda7   _menu_54_08
0030eddc   _menu_54_09
0030ee3d   _menu_54_10
0030eeaa   _menu_54_11
0030eecd   _menu_54_12
0030eef0   _menu_55_04
0030efbd   _menu_55_05
0030f0d4   _menu_55_06
0030f16e   _menu_55_07
0030f201   _menu_55_08
0030f22a   _menu_55_09
0030f26b   _menu_55_10
0030f2cc   _menu_55_11
0030f33b   _menu_55_12
0030f35e   _menu_55_13
0030f381   _menu_56_05
0030f498   _menu_56_06
0030f540   _menu_56_07
0030f5d3   _menu_56_08
0030f5fc   _menu_56_09
0030f63d   _menu_56_10
0030f69e   _menu_56_11
0030f70d   _menu_56_12
0030f730   _menu_56_13
0030f753   _menu_57_04
0030f805   _menu_57_05
0030f8ea   _menu_57_06
0030f97d   _menu_57_07
0030f9a6   _menu_57_08
0030f9db   _menu_57_09
0030fa3c   _menu_57_10
0030faa9   _menu_57_11
0030facc   _menu_57_12
0030faef   _menu_58_05
0030fbe8   _menu_58_06
0030fc90   _menu_58_07
0030fd23   _menu_58_08
0030fd4c   _menu_58_09
0030fd8d   _menu_58_10
0030fdee   _menu_58_11
0030fe5d   _menu_58_12
0030fe80   _menu_58_13
0030fea3   _menu_59_04
00310074   _menu_59_05
0031016d   _menu_59_06
00310208   _menu_59_07
00310296   _menu_59_08
00310329   _menu_59_09
00310380   _menu_59_10
003103c1   _menu_59_11
003103f0   _menu_59_12
00310451   _menu_59_13
003104c2   _menu_59_14
003104e5   _menu_59_15
00310508   _menu_60_04
003105ed   _menu_60_05
003106e6   _menu_60_06
00310781   _menu_60_07
0031080f   _menu_60_08
003108a2   _menu_60_09
003108d7   _menu_60_10
00310918   _menu_60_11
00310947   _menu_60_12
003109a8   _menu_60_13
00310a19   _menu_60_14
00310a3c   _menu_60_15
00310a5f   _menu_80_03
00310b1c   _menu_80_04
00310bcd   _menu_80_05
00310c5c   _menu_80_06
00310ceb   _menu_80_07
00310d7a   _menu_80_08
00310e09   _menu_80_09
00310e98   _menu_80_10
00310ee7   _menu_80_11
0031108d   _menu_80_12
003110b0   _menu_80_13
003110d3   _menu_81_03
00311154   _menu_81_04
0031120f   _menu_81_05
003112bf   _menu_81_06
00311387   _menu_81_07
003114f4   _menu_81_08
00311587   _menu_81_09
00311604   _menu_81_10
0031167a   _menu_81_11
0031169d   _menu_81_12
003116c0   _menu_82_03
00311724   _menu_82_04
003117a1   _menu_82_05
00311820   _menu_82_06
0031189f   _menu_82_07
0031191c   _menu_82_08
00311999   _menu_82_09
00311a19   _menu_82_10
00311a54   _menu_82_11
00311aa7   _menu_82_12
00311aca   _menu_82_13
00311aed   _menu_83_03
00311b56   _menu_83_04
00311bad   _menu_83_05
00311c00   _menu_83_06
00311c8d   _menu_83_07
00311cb0   _menu_83_08
00311cd3   _menu_84_03
00311d40   _menu_84_05
00311dd0   _menu_84_06
00311e23   _menu_84_07
00311e46   _menu_84_08
00311e69   _menu_84_09
00311e8c   _menu_85_03
00311f0a   _menu_85_04
00311f5d   _menu_85_05
00311f80   _menu_85_06
00311fa3   _menu_86_03
00312017   _menu_86_04
0031206a   _menu_86_05
0031208d   _menu_86_06
003120b0   _menu_87_03
0031212a   _menu_87_04
0031217d   _menu_87_05
003121a0   _menu_87_06
003121c3   _menu_88_03
00312239   _menu_88_04
003122c9   _menu_88_05
003122f8   _menu_88_06
00312361   _menu_88_07
00312384   _menu_88_08
003123a7   _menu_89_03
0031242a   _menu_89_04
00312483   _menu_89_05
003124ec   _menu_89_06
0031250f   _menu_89_07
00312532   _menu_90_03
0031257a   _menu_90_04
003125cd   _menu_90_05
003125f0   _menu_90_06
00312613   _menu_91_04
003126a4   _menu_91_05
003126d3   _menu_91_06
0031273c   _menu_91_07
0031275f   _menu_91_08
00312782   _menu_92_04
0031281a   _menu_92_05
00312894   _menu_92_06
003128e6   _menu_92_07
00312951   _menu_92_08
00312974   _menu_92_09
00312997   _menu_95_04
003129fe   _menu_95_05
00312a46   _menu_95_06
00312a93   _menu_95_07
00312b00   _menu_95_08
00312b23   _menu_95_09
00312b46   _menu_96_05
00312b71   _menu_97_04
00312bf1   _menu_97_05
00312c74   _menu_97_06
00312cab   _menu_97_07
00312d06   _menu_97_08
00312d29   _menu_97_09
00312d4c   _menu_98_04
00312db5   _menu_98_05
00312e1e   _menu_98_06
00312e7e   _menu_98_07
00312eb2   _menu_98_08
00312eee   _menu_98_09
00312f5b   _menu_98_10
00312f7e   _menu_98_11
00312fa1   _menu_99_04
00312ff4   _menu_99_05
00313017   _menu_99_06
0031303a   _menu_100_04
003130a4   _menu_100_05
003130d5   _menu_100_06
0031313e   _menu_100_07
00313161   _menu_100_08
00313184   _menu_101_04
003131e0   _menu_101_05
00313237   _menu_101_06
0031326e   _menu_101_07
003132da   _menu_101_08
003132fd   _menu_101_09
00313320   _menu_102_05
00313364   _menu_102_06
0031338f   _menu_103_04
003133f6   _menu_103_05
00313441   _menu_103_06
0031347c   _menu_103_07
003134e7   _menu_103_08
0031350a   _menu_103_09
0031352d   _menu_104_04
00313594   _menu_104_05
00313627   _menu_104_06
00313652   _menu_104_07
00313686   _menu_104_08
003136e7   _menu_104_09
00313752   _menu_104_10
00313775   _menu_104_11
00313798   _menu_150_01
003137fe   _menu_150_02
00313854   _menu_151_01
00313973   _menu_151_02
003139d9   _menu_151_03
00313a3f   _menu_151_04
00313aa6   _menu_151_05
00313b4a   _menu_151_06
00313b64   _menu_151_07
00313b7e   _menu_152_01
00313bdc   _menu_152_02
00313c0f   _menu_152_03
00313caa   _menu_152_04
00313d50   _menu_152_05
00313d7b   _menu_153_01
00313dfa   _menu_153_02
00313ebe   _menu_153_03
00313f82   _menu_153_04
00314046   _menu_153_05
003141d6   _menu_153_06
0031429a   _menu_153_07
0031435e   _menu_153_08
00314422   _menu_153_09
003144ec   _menu_153_10
0031466f   _menu_153_11
00314692   _menu_153_12
003146b5   _menu_154_02
0031470c   _menu_154_03
0031472f   _menu_154_04
00314752   _menu_156_02
003147e6   _menu_156_03
0031487a   _menu_156_04
0031490e   _menu_156_05
003149a2   _menu_156_06
00314a36   _menu_156_07
00314aca   _menu_156_08
00314b5e   _menu_156_09
00314bf5   _menu_156_10
00314c26   _menu_156_11
00314c57   _menu_156_12
00314c88   _menu_156_13
00314cb6   _menu_156_14
00314d2d   _menu_156_15
00314d50   _menu_156_16
00314d73   _menu_157_02
00314e02   _menu_157_03
00314e6b   _menu_157_04
00314e8e   _menu_157_05
00314eb1   _menu_dummy
00314ed0   _menu_popup
00314efe   _menu_99_00
00314f1a   _Event_Item_Display
003150d3   _Event_Time_Display
00315158   _menu_init
00315177   _Save_Screen_Info
0031517e   _Restore_Screen_Info
00315185   _main
00315192   _himix_drive
0031594d   _himix_crc
0031598a   _float_to_integer
003159af   _harmonics
00315ed4   _harmonic_sample_backup
00315fd8   _harmonic_real_imag_calculation
0031621f   _measure_display
00316379   _measure2_display
003164e0   _interrupt_control
00316518   _COMM_CRC
0031653e   _manager_handling
00317371   _serial_write
0031741d   _comm_drive
003176a2   _booting_setting_check
00318630   _aux_do_check
0031863d   _setting_min_max_check
00318650   _pt_setting_min_max_check
00318664   _setting_save
003186a9   _setting_post_handling
0031901e   _setting_load
00319042   _Setting_CRC
0031907e   _event_info_update
00319091   _GPT_Default_Settings
003190a9   _CPT_Default_Settings
00319103   _ADDRESS_Default_Settings
00319119   _AUTO_DISPLAY_Default_Settings
0031912e   _PASSWORD_Default_Settings
00319144   _LOCAL_CTRL_Default_Settings
0031915d   _UVR_MODE_Default_Settings
00319177   _DISPLAY_3PHASE_Default_Settings
0031918d   _MODBUS_Default_Settings
003191a4   _OCR_MODE_Default_Settings
003191bc   _SYSTEM_ALARM_Default_Settings
003191d3   _OCR50_1_Default_Settings
00319203   _OCR50_2_Default_Settings
00319233   _OCR51_1_Default_Settings
00319263   _OCR51_2_Default_Settings
00319293   _OCGR50_Default_Settings
003192c3   _OCGR51_Default_Settings
003192f3   _UVR_1_Default_Settings
00319335   _UVR_2_Default_Settings
00319377   _UVR_3_Default_Settings
003193b9   _P47_Default_Settings
003193fb   _N47_Default_Settings
0031943d   _OVR_Default_Settings
00319487   _OVGR_Default_Settings
003194c2   _DGR_Default_Settings
00319513   _SGR_Default_Settings
00319558   _DI_Default_Settings
00319574   _DO_Default_Settings
00319589   _ClearFLASH
00319dd0   __printfi
00319ed3   _delay
00319f02   _LCD_DATA
00319f15   _LCD_COMMAND
00319f26   _LCD_INIT
00319f4c   _LCD_light_ON
00319f52   _LCD_light_OFF
00319f57   _VFD_gotopo
00319f6c   _VFD_Init
00319fa4   _VFD_gotoxy
00319fb6   _VFD_mem_cpy_test
00319fbd   _VFD_dump
0031a002   _VFD_dump2
0031a042   _VFD_Single_Line_dump
0031a06b   _VFD_Word_dump
0031a095   _VFD_cursor
0031a0c2   _VFD_printf
0031a0d1   _VFD_FONT
0031a0d2   _eerom_control
0031a13a   _eerom_write
0031a1cd   _eerom_read
0031a25e   _flash_sector_erase
0031a27b   _flash_word_write
0031a292   _wave_flash_word_write
0031a2b6   _wave_vi_initial_pre1
0031a2c4   _wave_vi_initial_pre2
0031a2d1   _wave_vi_initial_post
0031a2db   _wave_di_initial_pre1
0031a2e9   _wave_di_initial_pre2
0031a2f6   _wave_di_initial_post
0031a300   _wave_flash_sector_erase
0031a319   _wave_save_process
0031a6e5   _led_handling
0031a753   _DO_Output
0031a788   _cpu_setup
0031a7a6   _pll_setup
0031a7dd   _Peripheral_Clock_setup
0031a800   _interrupt_setup
0031a857   _sci_setup
0031a8ac   _GPIO_setup
0031a907   _Xinterface_setup
0031a95d   _InitTimer
0031a98b   _i2c_setup
0031a9b6   _lcd_setup
0031acaf   _Offset_Check
0031acd7   _DFT_Check
0031ad3e   _Degree_Check
0031ad87   _ADC_Offset_Calibration
0031ae02   _ADC_High_Calibration
0031aef5   _ADC_low_Calibration
0031b1b9   LL$$DIV
0031b1f5   LL$$MOD
0031b22f   ULL$$DIV
0031b25e   ULL$$MOD
0031b2c0   _atan2
0031b384   FD$$ADD
0031b420   FD$$DIV
0031b4ab   FS$$DIV
0031b533   FD$$MPY
0031b5b6   _atan
0031b628   _exp
0031b692   _cos
0031b6f3   _pow
0031b74d   _sin
0031b7a4   __log
0031b7f8   _c_int00
0031b83e   _ldexp
0031b873   _atoi
0031b8a4   _sprintf
0031b8d3   _ltoa
0031b8ff   FD$$CMP
0031b929   L$$DIV
0031b938   L$$MOD
0031b946   UL$$DIV
0031b94d   UL$$MOD
0031b954   _sqrt
0031b977   I$$DIV
0031b988   I$$MOD
0031b999   FD$$TOI
0031b9ba   ___memcpy_ff
0031b9db   FD$$TOL
0031b9fa   LL$$CMP
0031ba0c   ULL$$CMP
0031ba18   FS$$TOFD
0031ba34   L$$TOFD
0031ba50   FD$$TOUL
0031ba6b   __args_main
0031ba84   C$$EXIT
0031ba84   _abort
0031ba86   _exit
0031ba9d   _frexp
0031bab3   UL$$TOFD
0031bac9   _MemCopy
0031bade   LL$$MPY
0031baf2   _memccpy
0031bb04   FD$$SUB
0031bb12   U$$DIV
0031bb17   U$$MOD
0031bb1d   _strlen
0031bb27   __register_unlock
0031bb2b   __register_lock
0031bb2f   __nop
0031bb30   FD$$NEG
0031bb39   _strcpy
0031bb4a   _memset
0031bb51   ___etext__
0031bb51   etext
0031ff3a   _menu_tables
00321b5a   __ctypes_
00321c5b   _CRC_High
00321d5b   _CRC_Low
00321e5c   _KHS_LCD_Buffer
00321ea8   _harmonics_1st_cos
00321ef0   _harmonics_1st_sin
00321f38   _harmonics_3rd_cos
00321f80   _harmonics_3rd_sin
00321fc8   _harmonics_5th_cos
00322010   _harmonics_5th_sin
00322058   _harmonics_7th_cos
003220a0   _harmonics_7th_sin
003220e8   _harmonics_9th_cos
00322130   _harmonics_9th_sin
00322178   _SGR_T_MIN
00322179   _OCR50_T_MIN
0032217a   _OVGR_TL_MIN
0032217b   _SGR_I_MIN
0032217c   _SGR_I_MAX
0032217d   _CT_MAX
0032217e   _CT_MIN
0032217f   _SGR_A_MAX
00322180   _SGR_T_MAX
00322181   _SGR_A_MIN
00322182   _UVR_T_MIN
00322183   _OCGR51_TL_MAX
00322184   _UVR_T_MAX
00322185   _P47_T_MIN
00322186   _N47_T_MIN
00322187   _DGR_A_MIN
00322188   _DGR_A_MAX
00322189   _DGR_T_MAX
0032218a   _OVR_TL_MAX
0032218b   _DGR_T_MIN
0032218c   _P47_T_MAX
0032218d   _OVR_T_MAX
0032218e   _OVR_TL_MIN
0032218f   _OCGR50_T_MAX
00322190   _OCGR50_T_MIN
00322191   _OCGR51_TL_MIN
00322192   _CT_1A_RATED
00322193   _DEBOUNCE_MIN
00322194   _N47_T_MAX
00322195   _OCR50_T_MAX
00322196   _CT_5A_RATED
00322197   _OCR51_TL_MAX
00322198   _OVGR_TL_MAX
00322199   _OCR51_TL_MIN
0032219a   _DEBOUNCE_MAX
0032219b   _OVR_T_MIN
0032219c   _PT_MIN
0032219e   _CALIB_In_MIN
003221a0   _CALIB_I_MAX
003221a2   _CALIB_V_MIN
003221a4   _CALIB_In_MAX
003221a6   _CALIB_I_MIN
003221a8   _PT_MAX
003221aa   _CALIB_V_MAX
003221ac   _CALIB_Vo_MAX
003221ae   _CALIB_Vo_MIN
003221b0   _LCD_Position_Value
0032221e   _cos_50Hz
00322236   _cos_60Hz
0032224e   _sin_50Hz
00322266   _sin_60Hz
00322296   _wave_buffer_address
003222aa   _wave_buffer_post_address
0032234a   _himix_number
00322354   _DO_ON_BIT
0032235d   _OFF_BIT
00322366   _ON_BIT
00322380   _DO_OFF_BIT
003224ac   _N47_V_MAX
003224b0   _N47_V_MIN
003224b4   _OVR_V_MAX
003224b8   _OVR_V_MIN
003224bc   _P47_V_MAX
003224c0   _P47_V_MIN
003224c4   _UVR_1_V_MAX
003224c8   _UVR_1_V_MIN
003224cc   _UVR_2_V_MAX
003224d0   _UVR_2_V_MIN
003224d4   _UVR_3_V_MAX
003224d8   _UVR_3_V_MIN
00322542   _DGR_V_MAX
00322545   _DGR_V_MIN
00322548   _OVGR_V_MAX
0032254b   _OVGR_V_MIN
0032254e   _SGR_V_MAX
00322551   _SGR_V_MIN
00322572   _DGR_I_MAX
00322574   _DGR_I_MIN
00322576   _OCGR50_I_MAX
00322578   _OCGR50_I_MIN
0032257a   _OCGR51_I_MAX
0032257c   _OCGR51_I_MIN
0032257e   _OCR50_I_MAX
00322580   _OCR50_I_MIN
00322582   _OCR51_I_MAX
00322584   _OCR51_I_MIN
00322586   ___cinit__
00322586   cinit
0033fff6   code_start
ffffffff   ___binit__
ffffffff   ___c_args__
ffffffff   ___pinit__
ffffffff   binit
ffffffff   pinit

[1197 symbols]
