******************************************************************************
             TMS320C2000 Linker PC v6.1.0                      
******************************************************************************
>> Linked Wed May 06 16:04:40 2015

OUTPUT FILE NAME:   <HIMAP4UP_v13.out>
ENTRY POINT SYMBOL: "_c_int00"  address: 0031b6e0


MEMORY CONFIGURATION

         name            origin    length      used     unused   attr    fill
----------------------  --------  ---------  --------  --------  ----  --------
PAGE 0:
  RAML_CODE             00008000   00004000  0000207b  00001f85  RWIX
  FLASH_CODE            00308000   00037f80  0001b097  0001cee9  RWIX
  CSM_RSVD              0033ff80   00000076  00000000  00000076  RWIX
  BEGIN                 0033fff6   00000002  00000002  00000000  RWIX
  CSM_PWL               0033fff8   00000008  00000000  00000008  RWIX
  ADC_CAL               00380080   00000009  00000000  00000009  RWIX
  OTP                   00380400   00000400  00000000  00000400  RWIX
  IQTABLES              003fe000   00000b50  00000000  00000b50  RWIX
  IQTABLES2             003feb50   0000008c  00000000  0000008c  RWIX
  FPUTABLES             003febdc   000006a0  00000000  000006a0  RWIX
  ROM                   003ff27c   00000d44  00000000  00000d44  RWIX
  RESET                 003fffc0   00000002  00000000  00000002  RWIX
  VECTORS               003fffc2   0000003e  00000000  0000003e  RWIX

PAGE 1:
  BOOT_RSVD             00000000   00000050  00000000  00000050  RWIX
  RAMM0                 00000050   000003b0  00000000  000003b0  RWIX
  RAMM1                 00000400   00000400  00000000  00000400  RWIX
  DEV_EMU               00000880   00000180  00000000  00000180  RWIX
  FLASH_REGS            00000a80   00000060  00000000  00000060  RWIX
  CSM                   00000ae0   00000010  00000000  00000010  RWIX
  ADC_MIRROR            00000b00   00000010  00000000  00000010  RWIX
  XINTF                 00000b20   00000020  00000000  00000020  RWIX
  CPU_TIMER0            00000c00   00000008  00000000  00000008  RWIX
  CPU_TIMER1            00000c08   00000008  00000000  00000008  RWIX
  CPU_TIMER2            00000c10   00000008  00000000  00000008  RWIX
  PIE_CTRL              00000ce0   00000020  00000000  00000020  RWIX
  PIE_VECT              00000d00   00000100  00000100  00000000  RWIX
  DMA                   00001000   00000200  00000000  00000200  RWIX
  MCBSPA                00005000   00000040  00000000  00000040  RWIX
  MCBSPB                00005040   00000040  00000000  00000040  RWIX
  ECANA                 00006000   00000040  00000000  00000040  RWIX
  ECANA_LAM             00006040   00000040  00000000  00000040  RWIX
  ECANA_MOTS            00006080   00000040  00000000  00000040  RWIX
  ECANA_MOTO            000060c0   00000040  00000000  00000040  RWIX
  ECANA_MBOX            00006100   00000100  00000000  00000100  RWIX
  ECANB                 00006200   00000040  00000000  00000040  RWIX
  ECANB_LAM             00006240   00000040  00000000  00000040  RWIX
  ECANB_MOTS            00006280   00000040  00000000  00000040  RWIX
  ECANB_MOTO            000062c0   00000040  00000000  00000040  RWIX
  ECANB_MBOX            00006300   00000100  00000000  00000100  RWIX
  EPWM1                 00006800   00000022  00000000  00000022  RWIX
  EPWM2                 00006840   00000022  00000000  00000022  RWIX
  EPWM3                 00006880   00000022  00000000  00000022  RWIX
  EPWM4                 000068c0   00000022  00000000  00000022  RWIX
  EPWM5                 00006900   00000022  00000000  00000022  RWIX
  EPWM6                 00006940   00000022  00000000  00000022  RWIX
  ECAP1                 00006a00   00000020  00000000  00000020  RWIX
  ECAP2                 00006a20   00000020  00000000  00000020  RWIX
  ECAP3                 00006a40   00000020  00000000  00000020  RWIX
  ECAP4                 00006a60   00000020  00000000  00000020  RWIX
  ECAP5                 00006a80   00000020  00000000  00000020  RWIX
  ECAP6                 00006aa0   00000020  00000000  00000020  RWIX
  EQEP1                 00006b00   00000040  00000000  00000040  RWIX
  EQEP2                 00006b40   00000040  00000000  00000040  RWIX
  GPIOCTRL              00006f80   00000040  00000000  00000040  RWIX
  GPIODAT               00006fc0   00000020  00000000  00000020  RWIX
  GPIOINT               00006fe0   00000020  00000000  00000020  RWIX
  SYSTEM                00007010   00000020  00000000  00000020  RWIX
  SPIA                  00007040   00000010  00000000  00000010  RWIX
  SCIA                  00007050   00000010  00000000  00000010  RWIX
  XINTRUPT              00007070   00000010  00000000  00000010  RWIX
  ADC                   00007100   00000020  00000000  00000020  RWIX
  SCIB                  00007750   00000010  00000000  00000010  RWIX
  SCIC                  00007770   00000010  00000000  00000010  RWIX
  I2CA                  00007900   00000040  00000000  00000040  RWIX
  RAML_DATA             0000c000   00004000  00001a3c  000025c4  RWIX
  FLASHB                00330000   00008000  00000000  00008000  RWIX
  CSM_PWL               0033fff8   00000008  00000000  00000008  RWIX
  PARTID                00380090   00000001  00000000  00000001  RWIX


SECTION ALLOCATION MAP

 output                                  attributes/
section   page    origin      length       input sections
--------  ----  ----------  ----------   ----------------
.pinit     0    00308000    00000000     UNINITIALIZED

ramfuncs   0    00308000    0000207b     RUN ADDR = 00008000
                  00308000    00000dca     system_isr.obj (ramfuncs:retain)
                  00308dca    000009ff     relaying.obj (ramfuncs)
                  003097c9    00000444     main.obj (ramfuncs)
                  00309c0d    00000182     setting.obj (ramfuncs)
                  00309d8f    00000157     peripheral.obj (ramfuncs)
                  00309ee6    000000f3     comms.obj (ramfuncs)
                  00309fd9    00000088     menu.obj (ramfuncs)
                  0030a061    00000016     system_setup.obj (ramfuncs)
                  0030a077    00000004     DSP2833x_usDelay.obj (ramfuncs)

.text      0    0030a07c    000119bd     
                  0030a07c    0000af06     menu.obj (.text)
                  00314f82    00001393     main.obj (.text)
                  00316315    0000118a     comms.obj (.text)
                  0031749f    00000fb7     booting.obj (.text)
                  00318456    00000eb2     setting.obj (.text)
                  00319308    00000911     rts2800_fpu32.lib : _printfi.obj (.text)
                  00319c19    000008b5     peripheral.obj (.text)
                  0031a4ce    00000527     system_setup.obj (.text)
                  0031a9f5    0000050a     calibration.obj (.text)
                  0031aeff    000001a2     relaying.obj (.text)
                  0031b0a1    00000107     rts2800_fpu32.lib : ll_div.obj (.text)
                  0031b1a8    000000c4                       : atan2.obj (.text)
                  0031b26c    0000009c                       : fd_add.obj (.text)
                  0031b308    0000008b                       : fd_div.obj (.text)
                  0031b393    00000088                       : fs_div.obj (.text)
                  0031b41b    00000083                       : fd_mpy.obj (.text)
                  0031b49e    00000072                       : atan.obj (.text)
                  0031b510    0000006a                       : exp.obj (.text)
                  0031b57a    00000061                       : cos.obj (.text)
                  0031b5db    0000005a                       : pow.obj (.text)
                  0031b635    00000057                       : sin.obj (.text)
                  0031b68c    00000054                       : _log.obj (.text)
                  0031b6e0    00000046                       : boot.obj (.text)
                  0031b726    00000035                       : ldexp.obj (.text)
                  0031b75b    00000031                       : atoi.obj (.text)
                  0031b78c    0000002f                       : sprintf.obj (.text)
                  0031b7bb    0000002c                       : ltoa.obj (.text)
                  0031b7e7    0000002a                       : fd_cmp.obj (.text)
                  0031b811    0000002a                       : l_div.obj (.text)
                  0031b83b    00000001     --HOLE-- [fill = 0]
                  0031b83c    00000023                       : sqrt.obj (.text)
                  0031b85f    00000022                       : i_div.obj (.text)
                  0031b881    00000021                       : fd_toi.obj (.text)
                  0031b8a2    00000021                       : memcpy_ff.obj (.text)
                  0031b8c3    0000001f                       : fd_tol.obj (.text)
                  0031b8e2    0000001e                       : ll_cmp.obj (.text)
                  0031b900    0000001c                       : fs_tofd.obj (.text)
                  0031b91c    0000001c                       : l_tofd.obj (.text)
                  0031b938    0000001b                       : fd_toul.obj (.text)
                  0031b953    00000019                       : args_main.obj (.text)
                  0031b96c    00000019                       : exit.obj (.text)
                  0031b985    00000016                       : frexp.obj (.text)
                  0031b99b    00000016                       : ul_tofd.obj (.text)
                  0031b9b1    00000015     DSP2833x_MemCopy.obj (.text)
                  0031b9c6    00000014     rts2800_fpu32.lib : ll_mpy.obj (.text)
                  0031b9da    00000012                       : memccpy.obj (.text)
                  0031b9ec    0000000e                       : fd_sub.obj (.text)
                  0031b9fa    0000000b                       : u_div.obj (.text)
                  0031ba05    0000000a                       : strlen.obj (.text)
                  0031ba0f    00000009                       : _lock.obj (.text)
                  0031ba18    00000009                       : fd_neg.obj (.text)
                  0031ba21    00000009                       : strcpy.obj (.text)
                  0031ba2a    00000008     DSP2833x_CodeStartBranch.obj (.text)
                  0031ba32    00000007     rts2800_fpu32.lib : memset.obj (.text)

.econst    0    0031ba3a    00006a54     
                  0031ba3a    00004409     menu.obj (.econst:.string)
                  0031fe43    00000001     --HOLE-- [fill = 0]
                  0031fe44    00001c20     menu.obj (.econst:_menu_tables)
                  00321a64    00000101     rts2800_fpu32.lib : ctype.obj (.econst:__ctypes_)
                  00321b65    00000100     main.obj (.econst:_CRC_High)
                  00321c65    00000100     main.obj (.econst:_CRC_Low)
                  00321d65    00000001     --HOLE-- [fill = 0]
                  00321d66    0000004c     peripheral.obj (.econst)
                  00321db2    00000048     main.obj (.econst:_harmonics_1st_cos)
                  00321dfa    00000048     main.obj (.econst:_harmonics_1st_sin)
                  00321e42    00000048     main.obj (.econst:_harmonics_3rd_cos)
                  00321e8a    00000048     main.obj (.econst:_harmonics_3rd_sin)
                  00321ed2    00000048     main.obj (.econst:_harmonics_5th_cos)
                  00321f1a    00000048     main.obj (.econst:_harmonics_5th_sin)
                  00321f62    00000048     main.obj (.econst:_harmonics_7th_cos)
                  00321faa    00000048     main.obj (.econst:_harmonics_7th_sin)
                  00321ff2    00000048     main.obj (.econst:_harmonics_9th_cos)
                  0032203a    00000048     main.obj (.econst:_harmonics_9th_sin)
                  00322082    00000038     main.obj (.econst)
                  003220ba    00000028     peripheral.obj (.econst:_LCD_Position_Value)
                  003220e2    00000024     rts2800_fpu32.lib : _printfi.obj (.econst:.string)
                  00322106    00000021     booting.obj (.econst:.string)
                  00322127    00000001     --HOLE-- [fill = 0]
                  00322128    00000018     main.obj (.econst:_cos_50Hz)
                  00322140    00000018     main.obj (.econst:_cos_60Hz)
                  00322158    00000018     main.obj (.econst:_sin_50Hz)
                  00322170    00000018     main.obj (.econst:_sin_60Hz)
                  00322188    00000018     rts2800_fpu32.lib : _printfi.obj (.econst)
                  003221a0    00000014     main.obj (.econst:_wave_buffer_address)
                  003221b4    00000014     main.obj (.econst:_wave_buffer_post_address)
                  003221c8    0000000c     menu.obj (.econst:_$P$T107$110)
                  003221d4    0000000c     menu.obj (.econst:_$P$T118$121)
                  003221e0    0000000c     menu.obj (.econst:_$P$T119$122)
                  003221ec    0000000c     menu.obj (.econst:_$P$T120$123)
                  003221f8    0000000c     menu.obj (.econst:_$P$T121$124)
                  00322204    0000000c     menu.obj (.econst:_$P$T122$125)
                  00322210    0000000c     menu.obj (.econst:_$P$T123$126)
                  0032221c    0000000c     menu.obj (.econst:_$P$T124$127)
                  00322228    0000000c     menu.obj (.econst:_$P$T125$128)
                  00322234    0000000c     menu.obj (.econst:_$P$T89$91)
                  00322240    0000000a     menu.obj (.econst:_$P$T112$115)
                  0032224a    0000000a     menu.obj (.econst:_$P$T113$116)
                  00322254    0000000a     main.obj (.econst:_himix_number)
                  0032225e    00000009     main.obj (.econst:_OFF_BIT)
                  00322267    00000009     main.obj (.econst:_ON_BIT)
                  00322270    00000008     main.obj (.econst:_DO_OFF_BIT)
                  00322278    00000008     main.obj (.econst:_DO_ON_BIT)
                  00322280    00000008     rts2800_fpu32.lib : atan.obj (.econst:_a$1)
                  00322288    00000008                       : atan2.obj (.econst:_a$1)
                  00322290    00000004     menu.obj (.econst:_$P$T0$1)
                  00322294    00000004     menu.obj (.econst:_$P$T1$2)
                  00322298    00000004     menu.obj (.econst:_$P$T10$11)
                  0032229c    00000004     menu.obj (.econst:_$P$T100$103)
                  003222a0    00000004     menu.obj (.econst:_$P$T101$104)
                  003222a4    00000004     menu.obj (.econst:_$P$T102$105)
                  003222a8    00000004     menu.obj (.econst:_$P$T103$106)
                  003222ac    00000004     menu.obj (.econst:_$P$T104$107)
                  003222b0    00000004     menu.obj (.econst:_$P$T106$109)
                  003222b4    00000004     menu.obj (.econst:_$P$T108$111)
                  003222b8    00000004     menu.obj (.econst:_$P$T109$112)
                  003222bc    00000004     menu.obj (.econst:_$P$T11$12)
                  003222c0    00000004     menu.obj (.econst:_$P$T114$117)
                  003222c4    00000004     menu.obj (.econst:_$P$T115$118)
                  003222c8    00000004     menu.obj (.econst:_$P$T116$119)
                  003222cc    00000004     menu.obj (.econst:_$P$T117$120)
                  003222d0    00000004     menu.obj (.econst:_$P$T12$13)
                  003222d4    00000004     menu.obj (.econst:_$P$T126$129)
                  003222d8    00000004     menu.obj (.econst:_$P$T127$130)
                  003222dc    00000004     menu.obj (.econst:_$P$T128$131)
                  003222e0    00000004     menu.obj (.econst:_$P$T129$132)
                  003222e4    00000004     menu.obj (.econst:_$P$T13$14)
                  003222e8    00000004     menu.obj (.econst:_$P$T130$133)
                  003222ec    00000004     menu.obj (.econst:_$P$T131$134)
                  003222f0    00000004     menu.obj (.econst:_$P$T132$135)
                  003222f4    00000004     menu.obj (.econst:_$P$T133$136)
                  003222f8    00000004     menu.obj (.econst:_$P$T14$15)
                  003222fc    00000004     menu.obj (.econst:_$P$T15$16)
                  00322300    00000004     menu.obj (.econst:_$P$T16$17)
                  00322304    00000004     menu.obj (.econst:_$P$T17$18)
                  00322308    00000004     menu.obj (.econst:_$P$T18$19)
                  0032230c    00000004     menu.obj (.econst:_$P$T19$20)
                  00322310    00000004     menu.obj (.econst:_$P$T2$3)
                  00322314    00000004     menu.obj (.econst:_$P$T20$21)
                  00322318    00000004     menu.obj (.econst:_$P$T21$22)
                  0032231c    00000004     menu.obj (.econst:_$P$T22$23)
                  00322320    00000004     menu.obj (.econst:_$P$T23$24)
                  00322324    00000004     menu.obj (.econst:_$P$T24$25)
                  00322328    00000004     menu.obj (.econst:_$P$T25$26)
                  0032232c    00000004     menu.obj (.econst:_$P$T26$27)
                  00322330    00000004     menu.obj (.econst:_$P$T27$28)
                  00322334    00000004     menu.obj (.econst:_$P$T28$29)
                  00322338    00000004     menu.obj (.econst:_$P$T3$4)
                  0032233c    00000004     menu.obj (.econst:_$P$T30$31)
                  00322340    00000004     menu.obj (.econst:_$P$T31$33)
                  00322344    00000004     menu.obj (.econst:_$P$T32$34)
                  00322348    00000004     menu.obj (.econst:_$P$T34$36)
                  0032234c    00000004     menu.obj (.econst:_$P$T36$38)
                  00322350    00000004     menu.obj (.econst:_$P$T38$40)
                  00322354    00000004     menu.obj (.econst:_$P$T39$41)
                  00322358    00000004     menu.obj (.econst:_$P$T4$5)
                  0032235c    00000004     menu.obj (.econst:_$P$T41$43)
                  00322360    00000004     menu.obj (.econst:_$P$T43$45)
                  00322364    00000004     menu.obj (.econst:_$P$T49$51)
                  00322368    00000004     menu.obj (.econst:_$P$T5$6)
                  0032236c    00000004     menu.obj (.econst:_$P$T51$53)
                  00322370    00000004     menu.obj (.econst:_$P$T57$59)
                  00322374    00000004     menu.obj (.econst:_$P$T6$7)
                  00322378    00000004     menu.obj (.econst:_$P$T60$62)
                  0032237c    00000004     menu.obj (.econst:_$P$T63$65)
                  00322380    00000004     menu.obj (.econst:_$P$T66$68)
                  00322384    00000004     menu.obj (.econst:_$P$T7$8)
                  00322388    00000004     menu.obj (.econst:_$P$T70$72)
                  0032238c    00000004     menu.obj (.econst:_$P$T72$74)
                  00322390    00000004     menu.obj (.econst:_$P$T8$9)
                  00322394    00000004     menu.obj (.econst:_$P$T85$87)
                  00322398    00000004     menu.obj (.econst:_$P$T86$88)
                  0032239c    00000004     menu.obj (.econst:_$P$T87$89)
                  003223a0    00000004     menu.obj (.econst:_$P$T88$90)
                  003223a4    00000004     menu.obj (.econst:_$P$T9$10)
                  003223a8    00000004     menu.obj (.econst:_$P$T90$92)
                  003223ac    00000004     menu.obj (.econst:_$P$T92$94)
                  003223b0    00000004     menu.obj (.econst:_$P$T99$101)
                  003223b4    00000004     main.obj (.econst:_N47_V_MAX)
                  003223b8    00000004     main.obj (.econst:_N47_V_MIN)
                  003223bc    00000004     main.obj (.econst:_OVR_V_MAX)
                  003223c0    00000004     main.obj (.econst:_OVR_V_MIN)
                  003223c4    00000004     main.obj (.econst:_P47_V_MAX)
                  003223c8    00000004     main.obj (.econst:_P47_V_MIN)
                  003223cc    00000004     main.obj (.econst:_UVR_1_V_MAX)
                  003223d0    00000004     main.obj (.econst:_UVR_1_V_MIN)
                  003223d4    00000004     main.obj (.econst:_UVR_2_V_MAX)
                  003223d8    00000004     main.obj (.econst:_UVR_2_V_MIN)
                  003223dc    00000004     main.obj (.econst:_UVR_3_V_MAX)
                  003223e0    00000004     main.obj (.econst:_UVR_3_V_MIN)
                  003223e4    00000003     menu.obj (.econst:_$P$T105$108)
                  003223e7    00000003     menu.obj (.econst:_$P$T29$30)
                  003223ea    00000003     menu.obj (.econst:_$P$T33$35)
                  003223ed    00000003     menu.obj (.econst:_$P$T35$37)
                  003223f0    00000003     menu.obj (.econst:_$P$T37$39)
                  003223f3    00000003     menu.obj (.econst:_$P$T40$42)
                  003223f6    00000003     menu.obj (.econst:_$P$T42$44)
                  003223f9    00000003     menu.obj (.econst:_$P$T44$46)
                  003223fc    00000003     menu.obj (.econst:_$P$T45$47)
                  003223ff    00000003     menu.obj (.econst:_$P$T46$48)
                  00322402    00000003     menu.obj (.econst:_$P$T47$49)
                  00322405    00000003     menu.obj (.econst:_$P$T48$50)
                  00322408    00000003     menu.obj (.econst:_$P$T50$52)
                  0032240b    00000003     menu.obj (.econst:_$P$T52$54)
                  0032240e    00000003     menu.obj (.econst:_$P$T53$55)
                  00322411    00000003     menu.obj (.econst:_$P$T55$57)
                  00322414    00000003     menu.obj (.econst:_$P$T56$58)
                  00322417    00000003     menu.obj (.econst:_$P$T59$61)
                  0032241a    00000003     menu.obj (.econst:_$P$T62$64)
                  0032241d    00000003     menu.obj (.econst:_$P$T65$67)
                  00322420    00000003     menu.obj (.econst:_$P$T68$70)
                  00322423    00000003     menu.obj (.econst:_$P$T73$75)
                  00322426    00000003     menu.obj (.econst:_$P$T74$76)
                  00322429    00000003     menu.obj (.econst:_$P$T75$77)
                  0032242c    00000003     menu.obj (.econst:_$P$T76$78)
                  0032242f    00000003     menu.obj (.econst:_$P$T78$80)
                  00322432    00000003     menu.obj (.econst:_$P$T82$84)
                  00322435    00000003     menu.obj (.econst:_$P$T91$93)
                  00322438    00000003     menu.obj (.econst:_$P$T93$95)
                  0032243b    00000003     menu.obj (.econst:_$P$T94$96)
                  0032243e    00000003     menu.obj (.econst:_$P$T95$97)
                  00322441    00000003     menu.obj (.econst:_$P$T96$98)
                  00322444    00000003     menu.obj (.econst:_$P$T97$99)
                  00322447    00000003     menu.obj (.econst:_$P$T98$100)
                  0032244a    00000003     main.obj (.econst:_DGR_V_MAX)
                  0032244d    00000003     main.obj (.econst:_DGR_V_MIN)
                  00322450    00000003     main.obj (.econst:_OVGR_V_MAX)
                  00322453    00000003     main.obj (.econst:_OVGR_V_MIN)
                  00322456    00000003     main.obj (.econst:_SGR_V_MAX)
                  00322459    00000003     main.obj (.econst:_SGR_V_MIN)
                  0032245c    00000002     menu.obj (.econst:_$P$T110$113)
                  0032245e    00000002     menu.obj (.econst:_$P$T111$114)
                  00322460    00000002     menu.obj (.econst:_$P$T54$56)
                  00322462    00000002     menu.obj (.econst:_$P$T58$60)
                  00322464    00000002     menu.obj (.econst:_$P$T61$63)
                  00322466    00000002     menu.obj (.econst:_$P$T64$66)
                  00322468    00000002     menu.obj (.econst:_$P$T67$69)
                  0032246a    00000002     menu.obj (.econst:_$P$T69$71)
                  0032246c    00000002     menu.obj (.econst:_$P$T71$73)
                  0032246e    00000002     menu.obj (.econst:_$P$T77$79)
                  00322470    00000002     menu.obj (.econst:_$P$T79$81)
                  00322472    00000002     menu.obj (.econst:_$P$T80$82)
                  00322474    00000002     menu.obj (.econst:_$P$T81$83)
                  00322476    00000002     menu.obj (.econst:_$P$T83$85)
                  00322478    00000002     menu.obj (.econst:_$P$T84$86)
                  0032247a    00000002     main.obj (.econst:_DGR_I_MAX)
                  0032247c    00000002     main.obj (.econst:_DGR_I_MIN)
                  0032247e    00000002     main.obj (.econst:_OCGR50_I_MAX)
                  00322480    00000002     main.obj (.econst:_OCGR50_I_MIN)
                  00322482    00000002     main.obj (.econst:_OCGR51_I_MAX)
                  00322484    00000002     main.obj (.econst:_OCGR51_I_MIN)
                  00322486    00000002     main.obj (.econst:_OCR50_I_MAX)
                  00322488    00000002     main.obj (.econst:_OCR50_I_MIN)
                  0032248a    00000002     main.obj (.econst:_OCR51_I_MAX)
                  0032248c    00000002     main.obj (.econst:_OCR51_I_MIN)

.cinit     0    0032248e    00000c0b     
                  0032248e    00000b39     menu.obj (.cinit)
                  00322fc7    000000b4     peripheral.obj (.cinit)
                  0032307b    0000000a     rts2800_fpu32.lib : _lock.obj (.cinit)
                  00323085    0000000a                       : exit.obj (.cinit)
                  0032308f    00000004     main.obj (.cinit)
                  00323093    00000004     rts2800_fpu32.lib : errno.obj (.cinit)
                  00323097    00000002     --HOLE-- [fill = 0]

codestart 
*          0    0033fff6    00000002     
                  0033fff6    00000002     DSP2833x_CodeStartBranch.obj (codestart)

.reset     0    003fffc0    00000002     DSECT
                  003fffc0    00000002     rts2800_fpu32.lib : boot.obj (.reset)

vectors    0    003fffc2    00000000     DSECT

PieVectTableFile 
*          1    00000d00    00000100     UNINITIALIZED
                  00000d00    00000100     DSP2833x_GlobalVariableDefs.obj (PieVectTableFile)

.ebss      1    0000c000    0000163c     UNINITIALIZED
                  0000c000    00000e14     main.obj (.ebss)
                  0000ce14    0000000d     comms.obj (.ebss)
                  0000ce21    00000001     rts2800_fpu32.lib : errno.obj (.ebss)
                  0000ce22    00000004                       : _lock.obj (.ebss)
                  0000ce26    00000004                       : exit.obj (.ebss)
                  0000ce2a    00000016     --HOLE--
                  0000ce40    000006f8     menu.obj (.ebss)
                  0000d538    00000008     --HOLE--
                  0000d540    000000fc     peripheral.obj (.ebss)

.stack     1    0000d63c    00000400     UNINITIALIZED
                  0000d63c    00000400     --HOLE--


GLOBAL SYMBOLS: SORTED ALPHABETICALLY BY Name 

address    name
--------   ----
0030a07c   .text
0031b96c   C$$EXIT
0031b26c   FD$$ADD
0031b7e7   FD$$CMP
0031b308   FD$$DIV
0031b41b   FD$$MPY
0031ba18   FD$$NEG
0031b9ec   FD$$SUB
0031b881   FD$$TOI
0031b8c3   FD$$TOL
0031b938   FD$$TOUL
0031b393   FS$$DIV
0031b900   FS$$TOFD
0031b85f   I$$DIV
0031b870   I$$MOD
0031b811   L$$DIV
0031b820   L$$MOD
0031b91c   L$$TOFD
0031b8e2   LL$$CMP
0031b0a1   LL$$DIV
0031b0dd   LL$$MOD
0031b9c6   LL$$MPY
0031b9fa   U$$DIV
0031b9ff   U$$MOD
0031b82e   UL$$DIV
0031b835   UL$$MOD
0031b99b   UL$$TOFD
0031b8f4   ULL$$CMP
0031b117   ULL$$DIV
0031b146   ULL$$MOD
0000c06a   _ACCUMULATION
0031ab48   _ADC_High_Calibration
0031aacd   _ADC_Offset_Calibration
0031ac3b   _ADC_low_Calibration
0000c00e   _ADDRESS
00318e49   _ADDRESS_Default_Settings
0000c00a   _AUTO_DISPLAY
00318e5f   _AUTO_DISPLAY_Default_Settings
0000c00c   _AUX_RELAY_TEST
0000d55a   _AckScr
0000ce43   _Button_Press
0000c740   _CALIBRATION
003220a8   _CALIB_I_MAX
003220aa   _CALIB_I_MIN
003220ae   _CALIB_In_MAX
003220ac   _CALIB_In_MIN
003220b8   _CALIB_V_MAX
003220b2   _CALIB_V_MIN
003220b6   _CALIB_Vo_MAX
003220b4   _CALIB_Vo_MIN
0000c024   _COMM
00316315   _COMM_CRC
0000c012   _CORE
0000c0aa   _CPT
00318def   _CPT_Default_Settings
00321b65   _CRC_High
00321c65   _CRC_Low
0032209c   _CT_1A_RATED
003220a0   _CT_5A_RATED
00322087   _CT_MAX
00322088   _CT_MIN
0000c001   _Calibration_Menu_Escape
003192cf   _ClearFLASH
0000d060   _Cursor_Position
003220a4   _DEBOUNCE_MAX
0032209d   _DEBOUNCE_MIN
0000c480   _DFT
0031aa1d   _DFT_Check
0000c3c0   _DGR
00322092   _DGR_A_MAX
00322091   _DGR_A_MIN
00319208   _DGR_Default_Settings
0032247a   _DGR_I_MAX
0032247c   _DGR_I_MIN
00322093   _DGR_T_MAX
00322095   _DGR_T_MIN
0032244a   _DGR_V_MAX
0032244d   _DGR_V_MIN
0000c052   _DIDO
0000c098   _DIGITAL_INPUT
0000c015   _DIGITAL_OUTPUT
0000c640   _DISPLAY
0000c006   _DISPLAY_3PHASE
00318ebd   _DISPLAY_3PHASE_Default_Settings
0031929e   _DI_Default_Settings
003192ba   _DO_Default_Settings
00322270   _DO_OFF_BIT
00322278   _DO_ON_BIT
0031a499   _DO_Output
0000c028   _DSGR_ANGLE
0000a077   _DSP28x_usDelay
0000ce41   _Data_Change
0000ce46   _Data_Change_Count
0031aa84   _Degree_Check
0000c380   _EVENT
00314d13   _Event_Item_Display
00314ecc   _Event_Time_Display
0000c018   _FLASH
0000d556   _FauScr
0031a5f2   _GPIO_setup
0000c030   _GPT
00318dd7   _GPT_Default_Settings
0000c010   _GR_ANGLE
0000c540   _HARMONICS
0000c4c0   _HIMIX
0000a061   _InitFlash
0031a6a3   _InitTimer
00009765   _Inverse_GetDelayTime
0031b025   _Inverse_Op_Timeset
0000ce44   _KHS_Key_Press
00321d66   _KHS_LCD_Buffer
0000c5c0   _LCD
00319c5b   _LCD_COMMAND
00319c48   _LCD_DATA
00319c6c   _LCD_INIT
0000d546   _LCD_LIGHT
003220ba   _LCD_Position_Value
0000d542   _LCD_RS
00319c98   _LCD_light_OFF
00319c92   _LCD_light_ON
0000c000   _LOCAL_CONTROL
0000c046   _LOCAL_CTRL
00318e8a   _LOCAL_CTRL_Default_Settings
0000d540   _Lcd_Bl_Count
0000cc00   _MANAGER
0000c880   _MEASUREMENT
0000c002   _MIN_MAX
0000c02c   _MODBUS
00318ed3   _MODBUS_Default_Settings
0000ce14   _ManagerSystem
0031b9b1   _MemCopy
0000c1da   _N47
00319141   _N47_Default_Settings
0032209f   _N47_T_MAX
00322090   _N47_T_MIN
003223b4   _N47_V_MAX
003223b8   _N47_V_MIN
0000d54a   _NorScr
0000c180   _OCGR50
00318fd9   _OCGR50_Default_Settings
0032247e   _OCGR50_I_MAX
00322480   _OCGR50_I_MIN
0032209a   _OCGR50_T_MAX
00322099   _OCGR50_T_MIN
0000c240   _OCGR51
00319009   _OCGR51_Default_Settings
00322482   _OCGR51_I_MAX
00322484   _OCGR51_I_MIN
0032209b   _OCGR51_TL_MAX
00322098   _OCGR51_TL_MIN
0000c340   _OCR50_1
00318f19   _OCR50_1_Default_Settings
00008f6b   _OCR50_1_RELAY
0000c2c0   _OCR50_2
00318f49   _OCR50_2_Default_Settings
0031aeff   _OCR50_2_RELAY
00322486   _OCR50_I_MAX
00322488   _OCR50_I_MIN
00322083   _OCR50_T_MAX
00322084   _OCR50_T_MIN
0000c440   _OCR51_1
00318f79   _OCR51_1_Default_Settings
0031af83   _OCR51_1_RELAY
0000c300   _OCR51_2
00318fa9   _OCR51_2_Default_Settings
0032248a   _OCR51_I_MAX
0032248c   _OCR51_I_MIN
003220a3   _OCR51_TL_MAX
003220a5   _OCR51_TL_MIN
00318eea   _OCR_MODE_Default_Settings
0000c039   _OCR_MODE_SET
0032225e   _OFF_BIT
00322267   _ON_BIT
0000c220   _OVGR
003191cd   _OVGR_Default_Settings
003220a1   _OVGR_TL_MAX
00322094   _OVGR_TL_MIN
00322450   _OVGR_V_MAX
00322453   _OVGR_V_MIN
0000c280   _OVR
00319183   _OVR_Default_Settings
0032208d   _OVR_TL_MAX
00322097   _OVR_TL_MIN
003220a2   _OVR_T_MAX
0032209e   _OVR_T_MIN
003223bc   _OVR_V_MAX
003223c0   _OVR_V_MIN
0031a9f5   _Offset_Check
0000c19a   _P47
003190ff   _P47_Default_Settings
00322096   _P47_T_MAX
0032208f   _P47_T_MIN
003223c4   _P47_V_MAX
003223c8   _P47_V_MIN
0000c008   _PASSWORD
00318e74   _PASSWORD_Default_Settings
0000c01c   _PROTECT
003220b0   _PT_MAX
003220a6   _PT_MIN
0031a523   _Peripheral_Clock_setup
00000d00   _PieVectTable
0000c05e   _RELAY_STATUS
0030a07b   _RamfuncsLoadEnd
00308000   _RamfuncsLoadStart
00008000   _RamfuncsRunStart
0000d552   _ReserveP
00314f7b   _Restore_Screen_Info
0000c9c0   _SAMPLE
00008d35   _SCIRXB_ISR
00008d78   _SCITXINTB_ISR
00008d9d   _SCITXINTC_ISR
0000c400   _SGR
00322089   _SGR_A_MAX
0032208b   _SGR_A_MIN
00319259   _SGR_Default_Settings
00322086   _SGR_I_MAX
00322085   _SGR_I_MIN
0032208a   _SGR_T_MAX
00322082   _SGR_T_MIN
00322456   _SGR_V_MAX
00322459   _SGR_V_MIN
0000c200   _SUPERVISION
0000c15a   _SYSTEM
0000c020   _SYSTEM_ALARM
00318f02   _SYSTEM_ALARM_Default_Settings
0000c034   _SYSTEM_SET
0000d070   _Save_Current_Screen
00314f70   _Save_Screen_Info
0000d064   _Screen_Position
0000ce45   _Set_Password
00318d88   _Setting_CRC
0000c0d8   _TIME
0000c08c   _TIMER
0000c040   _TIMER0
0000c004   _TIMER1
00008bf5   _TINT1_ISR
0000d500   _Trip_Message
0000c118   _UVR_1
00319039   _UVR_1_Default_Settings
003223cc   _UVR_1_V_MAX
003223d0   _UVR_1_V_MIN
0000c140   _UVR_2
0031907b   _UVR_2_Default_Settings
003223d4   _UVR_2_V_MAX
003223d8   _UVR_2_V_MIN
0000c1c0   _UVR_3
003190bd   _UVR_3_Default_Settings
003223dc   _UVR_3_V_MAX
003223e0   _UVR_3_V_MIN
0000c04c   _UVR_MODE
00318ea3   _UVR_MODE_Default_Settings
0032208e   _UVR_T_MAX
0032208c   _UVR_T_MIN
0000d580   _VFDABuffer
0000d5c0   _VFDFBuffer
0000d600   _VFDNBuffer
00319e17   _VFD_FONT
00319cb2   _VFD_Init
00319d88   _VFD_Single_Line_dump
00319db1   _VFD_Word_dump
0000d548   _VFD_cnt
00319ddb   _VFD_cursor
00319d03   _VFD_dump
00319d48   _VFD_dump2
00319c9d   _VFD_gotopo
00319cea   _VFD_gotoxy
00319cfc   _VFD_mem_cpy_test
00319e08   _VFD_printf
0000c080   _WAVE
00008000   _XINT3_ISR
0031a64d   _Xinterface_setup
0000da3c   __STACK_END
00000400   __STACK_SIZE
00000001   __TI_args_main
ffffffff   ___binit__
ffffffff   ___c_args__
0032248e   ___cinit__
0031ba39   ___etext__
0031b8a2   ___memcpy_ff
ffffffff   ___pinit__
0030a07c   ___text__
0031b953   __args_main
0000ce26   __cleanup_ptr
00321a64   __ctypes_
0000ce28   __dtors_ptr
0000ce24   __lock
0031b68c   __log
0031ba17   __nop
00319b16   __printfi
0031ba13   __register_lock
0031ba0f   __register_unlock
0000d63c   __stack
0000ce22   __unlock
0031b96c   _abort
0031b49e   _atan
0031b1a8   _atan2
0031b75b   _atoi
00318422   _aux_do_check
0031749f   _booting_setting_check
0031b6e0   _c_int00
0000d2f4   _cb_cancel1
0000d320   _cb_cancel2
0000d2ec   _cb_fail1
0000d2f8   _cb_fail2
0000d304   _cb_good1
0000d2f0   _cb_good2
0000d084   _cb_status_view1
0000d080   _cb_status_view2
0031721a   _comm_drive
0000d24c   _comm_set1
0000d264   _comm_set2
0000d250   _comm_view1
0000d244   _commx
0031b57a   _cos
00322128   _cos_50Hz
00322140   _cos_60Hz
0000c100   _cos_table
0000d0c0   _cpt1
0000d090   _cpt2
0031a4ce   _cpu_setup
0000cf50   _ct_ratio_set1
0000cf64   _ct_ratio_set2
0000cf7c   _ct_ratio_set3
0000cf78   _ct_ratio_set4
0000d2d0   _ct_ratio_view1
0000d2e8   _ct_ratio_view2
0000ce62   _ct_ratio_view3
0000cea0   _ct_ratio_view4
0000d1ec   _current1
0000d218   _current2
0000d214   _current3
0000d220   _current4
0000d21c   _current5
0000d208   _current6
0000d204   _current7
0030a07c   _cursor_move
0030a08b   _cursor_move_last
0000cfa8   _data_reset1
0000cfa4   _data_reset2
0000cfb8   _data_reset3
00319c19   _delay
0000d338   _delay_set1
00009d8f   _delay_us
0000d1d8   _delta_vdf1
0000d1c8   _di1
0000cf44   _di_set1
0000cf74   _di_set2
0000cf38   _di_set3
0000cf4c   _di_set4
0000cf40   _di_set5
0000cfcc   _di_set6
0000cfd4   _di_set7
0000cfc0   _di_set8
0000cfbc   _di_set_view1
0000cfd0   _di_set_view2
0000cfc4   _di_set_view3
0000cfe8   _di_set_view4
0000d010   _diag1
0000d024   _diag2
0000d018   _diag3
0000d1e0   _didocb1
0000d1dc   _didocb2
0000d17c   _display1
0000d194   _display2
0000d190   _display3
0000d19c   _display4
0000d1c4   _do1
0000d1d0   _do2
00008df9   _do_release
0000d07c   _docb1
0000d078   _docb2
0000d3c8   _dsgr_set1
0000d3a8   _dsgr_set2
0000d3a0   _dsgr_set3
0000d3a4   _dsgr_set4
0000d3c4   _dsgr_view1
0000d3bc   _dsgr_view2
0000d3d0   _dsgr_view3
0000d544   _dumpP
0000d06c   _east_egg1
0000d068   _east_egg2
0000d074   _east_egg3
00319e18   _eerom_control
00319f13   _eerom_read
00319e80   _eerom_write
0000ce21   _errno
0000cfac   _etc1
0000ce8c   _etc2
0000ce88   _etc3
0000d058   _etc_view1
0000d004   _etc_view2
0000ceb8   _event1
0000cec0   _event10
0000cebc   _event11
0000cecc   _event12
0000cef0   _event2
0000cee8   _event3
0000cf10   _event4
0000ceec   _event5
0000cefc   _event6
0000cf18   _event8
0000cf14   _event9
0000d424   _event_control
0000ced8   _event_d
00009c0d   _event_direct_save
00318dc4   _event_info_update
0000d492   _event_io
0000d464   _event_mode_change
0000d480   _event_phase
0000d4c0   _event_relay
0000d42c   _event_reset
0000d4a6   _event_set
0000ced0   _event_t
0000ce48   _event_test
0000cf00   _eventx
0031b96e   _exit
0031b510   _exp
00319fa4   _flash_sector_erase
00319fc1   _flash_word_write
00009941   _float_to_8bit_fram
00315787   _float_to_integer
0031b985   _frexp
0000cfd8   _gr_set1
0000cf94   _gr_set_view1
0000d148   _gr_view1
0000d144   _gr_view2
0000d170   _gr_view3
0000d16c   _gr_view4
0000d178   _gr_view5
0000d174   _gr_view6
0000d328   _h50_set1
0000d130   _h50_view1
0000d12c   _h50_view2
0000d31c   _h50_view3
00315dd5   _harmonic_real_imag_calculation
00315cd1   _harmonic_sample_backup
003157ac   _harmonics
0000d1c0   _harmonics1
0000d1bc   _harmonics2
0000d1a8   _harmonics3
0000d1a4   _harmonics4
0000d1b0   _harmonics5
0000d1ac   _harmonics6
00321db2   _harmonics_1st_cos
00321dfa   _harmonics_1st_sin
00321e42   _harmonics_3rd_cos
00321e8a   _harmonics_3rd_sin
00321ed2   _harmonics_5th_cos
00321f1a   _harmonics_5th_sin
00321f62   _harmonics_7th_cos
00321faa   _harmonics_7th_sin
00321ff2   _harmonics_9th_cos
0032203a   _harmonics_9th_sin
0000d044   _hidden1
0031574a   _himix_crc
00314f8f   _himix_drive
00322254   _himix_number
00009dbe   _i2c_read
0031a6d1   _i2c_setup
00009dfe   _i2c_write
003162dd   _interrupt_control
0031a546   _interrupt_setup
00009e3d   _key_drive
0000d308   _l_cb_close
0000d2fc   _l_cb_open
0000cf90   _lc_set1
0000cfb4   _lc_set2
0000cfb0   _lc_set3
0000cfe0   _lc_view1
00009ec9   _lcd_character_write
00009eac   _lcd_control_write
0031a6fc   _lcd_setup
0031b726   _ldexp
0031a42b   _led_handling
0000d054   _led_test1
0031b7bb   _ltoa
00314f82   _main
00009ee6   _make_crc_send
0031633b   _manager_handling
00316176   _measure2_display
0031601c   _measure_display
0000d198   _measuremnt1
0000d184   _measuremnt2
0000d180   _measuremnt3
0000d18c   _measuremnt4
0031b9da   _memccpy
0031ba32   _memset
0030a0c1   _menu_00_00
0030a141   _menu_00_01
0030a18e   _menu_00_02
0030a1fe   _menu_00_03
0030a253   _menu_00_04
0030a2a8   _menu_00_05
0030a2fd   _menu_00_06
0030a352   _menu_00_07
0030a3a3   _menu_00_08
0030a3f4   _menu_01_01
0030a44a   _menu_01_03
0030a497   _menu_01_04
0030a518   _menu_01_05
0030a555   _menu_01_06
0030a5a2   _menu_01_07
0030a60b   _menu_01_08
0030a682   _menu_01_09
0030a6eb   _menu_01_10
0030a762   _menu_01_11
0030a7cb   _menu_01_12
0030a842   _menu_01_13
0030a893   _menu_01_14
0030a8e4   _menu_02_01
0030a91c   _menu_02_03
0030a96d   _menu_02_04
0030a9e2   _menu_02_05
0030aa31   _menu_02_06
0030aa80   _menu_03_03
0030aae9   _menu_04_02
0030ab29   _menu_04_03
00312e11   _menu_100_04
00312e7b   _menu_100_05
00312eac   _menu_100_06
00312f15   _menu_100_07
00312f38   _menu_100_08
00312f5b   _menu_101_04
00312fb7   _menu_101_05
0031300e   _menu_101_06
00313045   _menu_101_07
003130b1   _menu_101_08
003130d4   _menu_101_09
003130f7   _menu_102_05
0031313b   _menu_102_06
00313166   _menu_103_04
003131cd   _menu_103_05
00313218   _menu_103_06
00313253   _menu_103_07
003132be   _menu_103_08
003132e1   _menu_103_09
00313304   _menu_104_04
0031336b   _menu_104_05
003133f8   _menu_104_06
00313423   _menu_104_07
00313457   _menu_104_08
003134b2   _menu_104_09
0031351d   _menu_104_10
00313540   _menu_104_11
00313563   _menu_150_01
003135c9   _menu_150_02
0031361f   _menu_151_01
0031373e   _menu_151_02
003137a4   _menu_151_03
0031380a   _menu_151_04
00313871   _menu_151_05
00313915   _menu_151_06
0031392f   _menu_151_07
00313949   _menu_152_01
003139a7   _menu_152_02
003139da   _menu_152_03
00313a75   _menu_152_04
00313b1b   _menu_152_05
00313b46   _menu_153_01
00313bc5   _menu_153_02
00313c89   _menu_153_03
00313d4d   _menu_153_04
00313e11   _menu_153_05
00313fa1   _menu_153_06
00314065   _menu_153_07
00314129   _menu_153_08
003141ed   _menu_153_09
003142b7   _menu_153_10
0031443a   _menu_153_11
0031445d   _menu_153_12
00314480   _menu_154_02
003144d7   _menu_154_03
003144fa   _menu_154_04
0031451d   _menu_156_02
003145b1   _menu_156_03
00314645   _menu_156_04
003146d9   _menu_156_05
0031476d   _menu_156_06
00314801   _menu_156_07
00314895   _menu_156_08
00314929   _menu_156_09
003149c0   _menu_156_10
003149f1   _menu_156_11
00314a22   _menu_156_12
00314a53   _menu_156_13
00314a81   _menu_156_14
00314af8   _menu_156_15
00314b1b   _menu_156_16
00314b3e   _menu_157_02
00314bcd   _menu_157_03
00314c36   _menu_157_04
00314c59   _menu_157_05
0030abbe   _menu_29_02
0030ac21   _menu_29_03
0030ac32   _menu_41_02
0030ac7d   _menu_41_03
0030ad15   _menu_41_04
0030ad87   _menu_41_05
0030aee4   _menu_41_06
0030af71   _menu_41_07
0030af9a   _menu_41_08
0030aff1   _menu_41_09
0030b04c   _menu_41_10
0030b0b9   _menu_41_11
0030b0dc   _menu_41_12
0030b0ff   _menu_42_01
0030b1aa   _menu_42_02
0030b1c9   _menu_42_03
0030b265   _menu_42_05
0030b3c4   _menu_42_06
0030b46c   _menu_42_07
0030b4f9   _menu_42_08
0030b522   _menu_42_09
0030b591   _menu_42_10
0030b5ec   _menu_42_11
0030b65b   _menu_42_12
0030b67e   _menu_42_13
0030b6a1   _menu_43_03
0030b848   _menu_43_04
0030b8ba   _menu_43_05
0030ba17   _menu_43_06
0030baa4   _menu_43_07
0030bacd   _menu_43_08
0030bb24   _menu_43_09
0030bb7f   _menu_43_10
0030bbec   _menu_43_11
0030bc0f   _menu_43_12
0030bc32   _menu_44_03
0030bd86   _menu_44_05
0030bee5   _menu_44_06
0030bf8d   _menu_44_07
0030c01a   _menu_44_08
0030c043   _menu_44_09
0030c0b2   _menu_44_10
0030c10d   _menu_44_11
0030c17c   _menu_44_12
0030c19f   _menu_44_13
0030c1c2   _menu_45_03
0030c24d   _menu_45_04
0030c2c8   _menu_45_05
0030c421   _menu_45_06
0030c4c9   _menu_45_07
0030c556   _menu_45_08
0030c590   _menu_45_09
0030c5ff   _menu_45_10
0030c65a   _menu_45_11
0030c6c9   _menu_45_12
0030c6ec   _menu_45_13
0030c70f   _menu_46_04
0030c78a   _menu_46_05
0030c8e3   _menu_46_06
0030c98b   _menu_46_07
0030ca18   _menu_46_08
0030ca52   _menu_46_09
0030cac1   _menu_46_10
0030cb1c   _menu_46_11
0030cb8b   _menu_46_12
0030cbae   _menu_46_13
0030cbd1   _menu_47_04
0030cc43   _menu_47_05
0030cda0   _menu_47_06
0030ce2d   _menu_47_07
0030ce56   _menu_47_08
0030cead   _menu_47_09
0030cf08   _menu_47_10
0030cf75   _menu_47_11
0030cf98   _menu_47_12
0030cfbb   _menu_48_05
0030d11a   _menu_48_06
0030d1c2   _menu_48_07
0030d24f   _menu_48_08
0030d278   _menu_48_09
0030d2e7   _menu_48_10
0030d342   _menu_48_11
0030d3b1   _menu_48_12
0030d3d4   _menu_48_13
0030d3f7   _menu_49_04
0030d47e   _menu_49_05
0030d5cf   _menu_49_06
0030d677   _menu_49_07
0030d704   _menu_49_08
0030d73e   _menu_49_09
0030d7ad   _menu_49_10
0030d808   _menu_49_11
0030d877   _menu_49_12
0030d89a   _menu_49_13
0030d8bd   _menu_50_04
0030da31   _menu_50_05
0030dacb   _menu_50_06
0030db58   _menu_50_07
0030db8d   _menu_50_08
0030dbc2   _menu_50_09
0030dc1d   _menu_50_10
0030dc8a   _menu_50_11
0030dcad   _menu_50_12
0030dcd0   _menu_51_04
0030de44   _menu_51_05
0030dede   _menu_51_06
0030df6b   _menu_51_07
0030dfa0   _menu_51_08
0030dfd5   _menu_51_09
0030e030   _menu_51_10
0030e09d   _menu_51_11
0030e0c0   _menu_51_12
0030e0e3   _menu_52_04
0030e257   _menu_52_05
0030e2f1   _menu_52_06
0030e37e   _menu_52_07
0030e3b3   _menu_52_08
0030e3e8   _menu_52_09
0030e443   _menu_52_10
0030e4b0   _menu_52_11
0030e4d3   _menu_52_12
0030e4f6   _menu_53_04
0030e66a   _menu_53_05
0030e704   _menu_53_06
0030e791   _menu_53_07
0030e7c6   _menu_53_08
0030e7fb   _menu_53_09
0030e856   _menu_53_10
0030e8c3   _menu_53_11
0030e8e6   _menu_53_12
0030e909   _menu_54_04
0030ea21   _menu_54_05
0030eabb   _menu_54_06
0030eb48   _menu_54_07
0030eb7d   _menu_54_08
0030ebb2   _menu_54_09
0030ec0d   _menu_54_10
0030ec7a   _menu_54_11
0030ec9d   _menu_54_12
0030ecc0   _menu_55_04
0030ed8d   _menu_55_05
0030eea4   _menu_55_06
0030ef3e   _menu_55_07
0030efcb   _menu_55_08
0030eff4   _menu_55_09
0030f035   _menu_55_10
0030f090   _menu_55_11
0030f0ff   _menu_55_12
0030f122   _menu_55_13
0030f145   _menu_56_05
0030f25c   _menu_56_06
0030f304   _menu_56_07
0030f391   _menu_56_08
0030f3ba   _menu_56_09
0030f3fb   _menu_56_10
0030f456   _menu_56_11
0030f4c5   _menu_56_12
0030f4e8   _menu_56_13
0030f50b   _menu_57_04
0030f5bd   _menu_57_05
0030f6a2   _menu_57_06
0030f72f   _menu_57_07
0030f758   _menu_57_08
0030f78d   _menu_57_09
0030f7e8   _menu_57_10
0030f855   _menu_57_11
0030f878   _menu_57_12
0030f89b   _menu_58_05
0030f994   _menu_58_06
0030fa3c   _menu_58_07
0030fac9   _menu_58_08
0030faf2   _menu_58_09
0030fb33   _menu_58_10
0030fb8e   _menu_58_11
0030fbfd   _menu_58_12
0030fc20   _menu_58_13
0030fc43   _menu_59_04
0030fe14   _menu_59_05
0030ff0d   _menu_59_06
0030ffa8   _menu_59_07
00310036   _menu_59_08
003100c3   _menu_59_09
0031011a   _menu_59_10
0031015b   _menu_59_11
0031018a   _menu_59_12
003101e5   _menu_59_13
00310256   _menu_59_14
00310279   _menu_59_15
0031029c   _menu_60_04
00310381   _menu_60_05
0031047a   _menu_60_06
00310515   _menu_60_07
003105a3   _menu_60_08
00310630   _menu_60_09
00310665   _menu_60_10
003106a6   _menu_60_11
003106d5   _menu_60_12
00310730   _menu_60_13
003107a1   _menu_60_14
003107c4   _menu_60_15
003107e7   _menu_80_03
003108a4   _menu_80_04
00310955   _menu_80_05
003109e4   _menu_80_06
00310a73   _menu_80_07
00310b02   _menu_80_08
00310b91   _menu_80_09
00310c20   _menu_80_10
00310c6f   _menu_80_11
00310e15   _menu_80_12
00310e38   _menu_80_13
00310e5b   _menu_81_03
00310edc   _menu_81_04
00310f97   _menu_81_05
00311047   _menu_81_06
0031110f   _menu_81_07
0031127c   _menu_81_08
0031130f   _menu_81_09
0031138c   _menu_81_10
00311402   _menu_81_11
00311425   _menu_81_12
00311448   _menu_82_03
003114ac   _menu_82_04
00311529   _menu_82_05
003115a8   _menu_82_06
00311627   _menu_82_07
003116a4   _menu_82_08
00311721   _menu_82_09
003117a1   _menu_82_10
003117dc   _menu_82_11
0031182f   _menu_82_12
00311852   _menu_82_13
00311875   _menu_83_03
003118de   _menu_83_04
0031193b   _menu_83_05
0031198e   _menu_83_06
00311a18   _menu_83_07
00311a3b   _menu_83_08
00311a5e   _menu_84_03
00311acb   _menu_84_05
00311b5a   _menu_84_06
00311bf4   _menu_84_07
00311c1d   _menu_84_08
00311c40   _menu_84_09
00311c63   _menu_85_03
00311ce1   _menu_85_04
00311d34   _menu_85_05
00311d57   _menu_85_06
00311d7a   _menu_86_03
00311dee   _menu_86_04
00311e41   _menu_86_05
00311e64   _menu_86_06
00311e87   _menu_87_03
00311f01   _menu_87_04
00311f54   _menu_87_05
00311f77   _menu_87_06
00311f9a   _menu_88_03
00312010   _menu_88_04
003120a0   _menu_88_05
003120cf   _menu_88_06
00312138   _menu_88_07
0031215b   _menu_88_08
0031217e   _menu_89_03
00312201   _menu_89_04
0031225a   _menu_89_05
003122c3   _menu_89_06
003122e6   _menu_89_07
00312309   _menu_90_03
00312351   _menu_90_04
003123a4   _menu_90_05
003123c7   _menu_90_06
003123ea   _menu_91_04
0031247b   _menu_91_05
003124aa   _menu_91_06
00312513   _menu_91_07
00312536   _menu_91_08
00312559   _menu_92_04
003125f1   _menu_92_05
0031266b   _menu_92_06
003126bd   _menu_92_07
00312728   _menu_92_08
0031274b   _menu_92_09
0031276e   _menu_95_04
003127d5   _menu_95_05
0031281d   _menu_95_06
0031286a   _menu_95_07
003128d7   _menu_95_08
003128fa   _menu_95_09
0031291d   _menu_96_05
00312948   _menu_97_04
003129c8   _menu_97_05
00312a4b   _menu_97_06
00312a82   _menu_97_07
00312add   _menu_97_08
00312b00   _menu_97_09
00312b23   _menu_98_04
00312b8c   _menu_98_05
00312bf5   _menu_98_06
00312c55   _menu_98_07
00312c89   _menu_98_08
00312cc5   _menu_98_09
00312d32   _menu_98_10
00312d55   _menu_98_11
00314cf7   _menu_99_00
00312d78   _menu_99_04
00312dcb   _menu_99_05
00312dee   _menu_99_06
00009fd9   _menu_drive
00314c7c   _menu_dummy
00314f51   _menu_init
00314c9b   _menu_popup
00314ccd   _menu_reset
0031fe44   _menu_tables
0000d22c   _motor_set1
0000d258   _motor_set2
0000d254   _motor_set3
0000d224   _motor_view1
0000d230   _motor_view2
0000d270   _n47_set1
0000d29c   _n47_view1
0000d314   _nch_set1
0000d39c   _nch_set2
0000d2bc   _nch_set3
0000d2b8   _nch_set4
0000d2c4   _nch_view1
0000d2c0   _nch_view2
0000d120   _nch_view4
0000d11c   _nch_view5
0000d23c   _nsocr_set1
0000d228   _nsocr_view1
0000d100   _nsocr_view4
0000d0fc   _nsocr_view5
0000d34c   _ocgr50_set1
0000d348   _ocgr50_view1
0000d35c   _ocgr50_view2
0000d350   _ocgr51_set1
0000d3d4   _ocgr51_view1
0000d340   _ocr50_set1
0000d334   _ocr50_view1
0000d358   _ocr50_view2
0000d354   _ocr51_set1
0000d360   _ocr51_view1
0000cfa0   _ocr_pro_set1
0000cf8c   _ocr_pro_set2
0000cf88   _ocr_pro_view1
0000cf9c   _ocr_pro_view2
0000d150   _ocr_view1
0000d14c   _ocr_view2
0000d158   _ocr_view3
0000d154   _ocr_view4
0000d140   _ocr_view5
0000d13c   _ocr_view6
00008e61   _over_phase_value_check
0000d3b8   _ovgr_set1
0000d3ac   _ovgr_view1
0000d3b0   _ovgr_view2
0000d168   _ovgr_view4
0000d164   _ovgr_view5
0000d110   _ovgr_view6
0000d10c   _ovgr_view7
0000d398   _ovr_set1
0000d3cc   _ovr_view1
0000d3b4   _ovr_view2
0000d160   _ovr_view4
0000d15c   _ovr_view5
0000d268   _p47_set1
0000d274   _p47_view1
0000ce72   _p_view_format1
0000ce4e   _p_view_format10
0000cef8   _p_view_format100
0000ced4   _p_view_format100g
0000cf04   _p_view_format100k
0000cec8   _p_view_format100m
0000cee0   _p_view_format10g
0000cf0c   _p_view_format10k
0000cedc   _p_view_format10m
0000cee4   _p_view_format1g
0000cef4   _p_view_format1k
0000cf08   _p_view_format1m
0000cfe4   _password_input1
0000d038   _password_input2
0000cfdc   _password_set1
0031a4ec   _pll_setup
0031b5db   _pow
0000d210   _power1
0000d20c   _power2
0000d1b8   _power3
0000d1b4   _power4
000099d2   _power_update
00008fef   _protective_relay
0000cf84   _pt_ratio_set1
0000cf70   _pt_ratio_set2
0000cf6c   _pt_ratio_set3
0000ce52   _pt_ratio_view1
0000cf34   _pt_ratio_view10
0000cf28   _pt_ratio_view11
0000cf2c   _pt_ratio_view12
0000cf58   _pt_ratio_view13
0000cf54   _pt_ratio_view14
0000cf60   _pt_ratio_view15
0000cf5c   _pt_ratio_view16
0000ce4a   _pt_ratio_view2
0000cfc8   _pt_ratio_view3
0000cf3c   _pt_ratio_view4
0000cf48   _pt_ratio_view5
0000cf24   _pt_ratio_view6
0000cf30   _pt_ratio_view7
0000cf1c   _pt_ratio_view8
0000cf20   _pt_ratio_view9
00318442   _pt_setting_min_max_check
0000cf80   _pt_wiring_set1
0000cf68   _pt_wiring_view1
0000d1d4   _q_value
000097c9   _real_main
0000d1cc   _relay1
0000d0e8   _relay10
0000d0f4   _relay11
0000d0f0   _relay12
0000d0dc   _relay13
0000d0d8   _relay14
0000d0e4   _relay15
0000d0e0   _relay16
0000d0cc   _relay2
0000d0c8   _relay3
0000d0d4   _relay4
0000d0d0   _relay5
0000d0bc   _relay6
0000d0b8   _relay7
0000d0c4   _relay8
0000d0ec   _relay9
0000d440   _relay_curve
00008dcf   _relay_detect_to_pickup
00008e57   _relay_dropout_to_normal
0000d3c0   _relay_mode1
0000d394   _relay_mode2
0000d388   _relay_mode3
0000d33c   _relay_mode4
00008dca   _relay_normal_to_detect
0000d38c   _relay_onoff1
00008def   _relay_opeartion_to_dropout
00008dd5   _relay_pickup_to_operation
0000ceb4   _relay_popup1
0000cec4   _relay_popup2
0000ce6a   _relay_popup3
0000ce76   _relay_popup4
0000ce66   _relay_popup5
0000ce6e   _relay_popup6
0000ce5e   _relay_popup7
0000ce5a   _relay_popup8
0000d034   _relay_popup9
0000d32c   _relay_relay1
0000d330   _relay_set_view1
0000d040   _relay_test1
0000d02c   _relay_test2
0000d028   _relay_test3
0000d03c   _relay_test4
0000d030   _relay_test5
0000ce84   _reset1
0000cea8   _reset2
0000cea4   _reset3
0000ce90   _resetq
00009c9f   _rtc_handling
0000d00c   _run_time
0000d30c   _s_l_set1
0000d318   _s_l_set2
0000d324   _s_l_view1
0000d310   _s_l_view2
0000ceb0   _save1
0000ce9c   _save_cancel1
0000ce98   _save_confirm1
0000ceac   _save_fail1
0000ce56   _save_no1
0031a59d   _sci_setup
0000d54e   _scrP
0030a092   _screen_frame
0030a0a2   _screen_frame2
0030a0b1   _screen_frame3
00009f4b   _serial_ok_nak_send
0031716e   _serial_write
0000d44c   _set_integer
0000d08c   _setting1
0000d088   _setting2
0000d094   _setting3
00318d64   _setting_load
0031842f   _setting_min_max_check
0031848c   _setting_post_handling
00318456   _setting_save
0031b635   _sin
00322158   _sin_50Hz
00322170   _sin_60Hz
0000c0c0   _sin_table
0000d458   _six_point_2
0000d138   _sl_view1
0000d134   _sl_view2
0000d374   _sovr_view1
0000d370   _sovr_view2
0031b78c   _sprintf
0031b83c   _sqrt
0031ba21   _strcpy
0031ba05   _strlen
0000998b   _supervision_relay
0000d0b0   _supervison_set1
0000d09c   _supervison_set2
0000d098   _supervison_set3
0000d0a4   _supervison_set4
0000d0a0   _supervison_set5
0000d0f8   _supervison_set6
0000d0ac   _supervison_view1
0000d0a8   _supervison_view2
0000d0b4   _supervison_view3
0000d298   _sync_set1
0000d2a4   _sync_set2
0000d2a0   _sync_set3
0000d28c   _sync_set4
0000d288   _sync_view1
0000d294   _sync_view2
0000d290   _sync_view3
0000d37c   _syncro_view1
0000d368   _syncro_view2
0000d364   _syncro_view3
0000d378   _syncro_view4
0000d000   _sys_time
0000d2d8   _system_set1
0000d2e4   _system_set2
0000d2e0   _system_set3
0000d2cc   _system_set4
0000d2c8   _system_set5
0000d2d4   _system_set6
0000d2ac   _system_view1
0000d2a8   _system_view2
0000d2b4   _system_view3
0000d2b0   _system_view4
0000d2dc   _system_view5
0000d050   _test2
0000d05c   _test3
0000d048   _test4
0000d25c   _thr_set1
0000d248   _thr_set2
0000d260   _thr_view1
0000d108   _thr_view4
0000d104   _thr_view5
0000cff8   _time_set1
0000cff4   _time_set2
0000d008   _time_set3
0000cffc   _time_set4
0000d020   _time_set5
0000d01c   _time_set6
0000d04c   _time_set7
0000d014   _time_set8
0000d344   _tl_set1
0000d300   _ucr_set1
0000d238   _ucr_set2
0000d234   _ucr_view1
0000d240   _ucr_view2
0000d118   _ucr_view3
0000d114   _ucr_view4
00008ee9   _under_phase_value_check
0000d27c   _uvr_set1
0000d278   _uvr_set2
0000d284   _uvr_set_view1
0000d280   _uvr_set_view2
0000d26c   _uvr_set_view3
0000d128   _uvr_view1
0000d124   _uvr_view2
0000d36c   _uvr_view3
0000d380   _uvr_view4
0000d384   _uvr_view5
0000d390   _uvr_view6
0000d3ea   _view_format1
0000d3e4   _view_format10
0000d3f6   _view_format100
0000d412   _view_format100g
0000d3d8   _view_format100k
0000d400   _view_format100m
0000d418   _view_format10g
0000d3de   _view_format10k
0000d406   _view_format10m
0000d40c   _view_format1g
0000d3f0   _view_format1k
0000d41e   _view_format1m
0000d188   _volt1
0000d1a0   _volt2
0000d1f8   _volt3
0000d1f4   _volt4
0000d200   _volt5
0000d1fc   _volt6
0000d1e8   _volt7
0000d1e4   _volt8
0000d1f0   _volt9
0000ce94   _wave1
0000ce80   _wave2
0000ce7a   _wave3
003221a0   _wave_buffer_address
003221b4   _wave_buffer_post_address
0031a03c   _wave_di_initial_post
0031a021   _wave_di_initial_pre1
0031a02f   _wave_di_initial_pre2
00009f89   _wave_dump_serial_sram
0031a046   _wave_flash_sector_erase
00319fd8   _wave_flash_word_write
0031a05f   _wave_save_process
0031a017   _wave_vi_initial_post
00319ffc   _wave_vi_initial_pre1
0031a00a   _wave_vi_initial_pre2
0000cfec   _zct_set1
0000cf98   _zct_view1
ffffffff   binit
0032248e   cinit
0033fff6   code_start
0031ba39   etext
ffffffff   pinit


GLOBAL SYMBOLS: SORTED BY Symbol Address 

address    name
--------   ----
00000001   __TI_args_main
00000400   __STACK_SIZE
00000d00   _PieVectTable
00008000   _RamfuncsRunStart
00008000   _XINT3_ISR
00008bf5   _TINT1_ISR
00008d35   _SCIRXB_ISR
00008d78   _SCITXINTB_ISR
00008d9d   _SCITXINTC_ISR
00008dca   _relay_normal_to_detect
00008dcf   _relay_detect_to_pickup
00008dd5   _relay_pickup_to_operation
00008def   _relay_opeartion_to_dropout
00008df9   _do_release
00008e57   _relay_dropout_to_normal
00008e61   _over_phase_value_check
00008ee9   _under_phase_value_check
00008f6b   _OCR50_1_RELAY
00008fef   _protective_relay
00009765   _Inverse_GetDelayTime
000097c9   _real_main
00009941   _float_to_8bit_fram
0000998b   _supervision_relay
000099d2   _power_update
00009c0d   _event_direct_save
00009c9f   _rtc_handling
00009d8f   _delay_us
00009dbe   _i2c_read
00009dfe   _i2c_write
00009e3d   _key_drive
00009eac   _lcd_control_write
00009ec9   _lcd_character_write
00009ee6   _make_crc_send
00009f4b   _serial_ok_nak_send
00009f89   _wave_dump_serial_sram
00009fd9   _menu_drive
0000a061   _InitFlash
0000a077   _DSP28x_usDelay
0000c000   _LOCAL_CONTROL
0000c001   _Calibration_Menu_Escape
0000c002   _MIN_MAX
0000c004   _TIMER1
0000c006   _DISPLAY_3PHASE
0000c008   _PASSWORD
0000c00a   _AUTO_DISPLAY
0000c00c   _AUX_RELAY_TEST
0000c00e   _ADDRESS
0000c010   _GR_ANGLE
0000c012   _CORE
0000c015   _DIGITAL_OUTPUT
0000c018   _FLASH
0000c01c   _PROTECT
0000c020   _SYSTEM_ALARM
0000c024   _COMM
0000c028   _DSGR_ANGLE
0000c02c   _MODBUS
0000c030   _GPT
0000c034   _SYSTEM_SET
0000c039   _OCR_MODE_SET
0000c040   _TIMER0
0000c046   _LOCAL_CTRL
0000c04c   _UVR_MODE
0000c052   _DIDO
0000c05e   _RELAY_STATUS
0000c06a   _ACCUMULATION
0000c080   _WAVE
0000c08c   _TIMER
0000c098   _DIGITAL_INPUT
0000c0aa   _CPT
0000c0c0   _sin_table
0000c0d8   _TIME
0000c100   _cos_table
0000c118   _UVR_1
0000c140   _UVR_2
0000c15a   _SYSTEM
0000c180   _OCGR50
0000c19a   _P47
0000c1c0   _UVR_3
0000c1da   _N47
0000c200   _SUPERVISION
0000c220   _OVGR
0000c240   _OCGR51
0000c280   _OVR
0000c2c0   _OCR50_2
0000c300   _OCR51_2
0000c340   _OCR50_1
0000c380   _EVENT
0000c3c0   _DGR
0000c400   _SGR
0000c440   _OCR51_1
0000c480   _DFT
0000c4c0   _HIMIX
0000c540   _HARMONICS
0000c5c0   _LCD
0000c640   _DISPLAY
0000c740   _CALIBRATION
0000c880   _MEASUREMENT
0000c9c0   _SAMPLE
0000cc00   _MANAGER
0000ce14   _ManagerSystem
0000ce21   _errno
0000ce22   __unlock
0000ce24   __lock
0000ce26   __cleanup_ptr
0000ce28   __dtors_ptr
0000ce41   _Data_Change
0000ce43   _Button_Press
0000ce44   _KHS_Key_Press
0000ce45   _Set_Password
0000ce46   _Data_Change_Count
0000ce48   _event_test
0000ce4a   _pt_ratio_view2
0000ce4e   _p_view_format10
0000ce52   _pt_ratio_view1
0000ce56   _save_no1
0000ce5a   _relay_popup8
0000ce5e   _relay_popup7
0000ce62   _ct_ratio_view3
0000ce66   _relay_popup5
0000ce6a   _relay_popup3
0000ce6e   _relay_popup6
0000ce72   _p_view_format1
0000ce76   _relay_popup4
0000ce7a   _wave3
0000ce80   _wave2
0000ce84   _reset1
0000ce88   _etc3
0000ce8c   _etc2
0000ce90   _resetq
0000ce94   _wave1
0000ce98   _save_confirm1
0000ce9c   _save_cancel1
0000cea0   _ct_ratio_view4
0000cea4   _reset3
0000cea8   _reset2
0000ceac   _save_fail1
0000ceb0   _save1
0000ceb4   _relay_popup1
0000ceb8   _event1
0000cebc   _event11
0000cec0   _event10
0000cec4   _relay_popup2
0000cec8   _p_view_format100m
0000cecc   _event12
0000ced0   _event_t
0000ced4   _p_view_format100g
0000ced8   _event_d
0000cedc   _p_view_format10m
0000cee0   _p_view_format10g
0000cee4   _p_view_format1g
0000cee8   _event3
0000ceec   _event5
0000cef0   _event2
0000cef4   _p_view_format1k
0000cef8   _p_view_format100
0000cefc   _event6
0000cf00   _eventx
0000cf04   _p_view_format100k
0000cf08   _p_view_format1m
0000cf0c   _p_view_format10k
0000cf10   _event4
0000cf14   _event9
0000cf18   _event8
0000cf1c   _pt_ratio_view8
0000cf20   _pt_ratio_view9
0000cf24   _pt_ratio_view6
0000cf28   _pt_ratio_view11
0000cf2c   _pt_ratio_view12
0000cf30   _pt_ratio_view7
0000cf34   _pt_ratio_view10
0000cf38   _di_set3
0000cf3c   _pt_ratio_view4
0000cf40   _di_set5
0000cf44   _di_set1
0000cf48   _pt_ratio_view5
0000cf4c   _di_set4
0000cf50   _ct_ratio_set1
0000cf54   _pt_ratio_view14
0000cf58   _pt_ratio_view13
0000cf5c   _pt_ratio_view16
0000cf60   _pt_ratio_view15
0000cf64   _ct_ratio_set2
0000cf68   _pt_wiring_view1
0000cf6c   _pt_ratio_set3
0000cf70   _pt_ratio_set2
0000cf74   _di_set2
0000cf78   _ct_ratio_set4
0000cf7c   _ct_ratio_set3
0000cf80   _pt_wiring_set1
0000cf84   _pt_ratio_set1
0000cf88   _ocr_pro_view1
0000cf8c   _ocr_pro_set2
0000cf90   _lc_set1
0000cf94   _gr_set_view1
0000cf98   _zct_view1
0000cf9c   _ocr_pro_view2
0000cfa0   _ocr_pro_set1
0000cfa4   _data_reset2
0000cfa8   _data_reset1
0000cfac   _etc1
0000cfb0   _lc_set3
0000cfb4   _lc_set2
0000cfb8   _data_reset3
0000cfbc   _di_set_view1
0000cfc0   _di_set8
0000cfc4   _di_set_view3
0000cfc8   _pt_ratio_view3
0000cfcc   _di_set6
0000cfd0   _di_set_view2
0000cfd4   _di_set7
0000cfd8   _gr_set1
0000cfdc   _password_set1
0000cfe0   _lc_view1
0000cfe4   _password_input1
0000cfe8   _di_set_view4
0000cfec   _zct_set1
0000cff4   _time_set2
0000cff8   _time_set1
0000cffc   _time_set4
0000d000   _sys_time
0000d004   _etc_view2
0000d008   _time_set3
0000d00c   _run_time
0000d010   _diag1
0000d014   _time_set8
0000d018   _diag3
0000d01c   _time_set6
0000d020   _time_set5
0000d024   _diag2
0000d028   _relay_test3
0000d02c   _relay_test2
0000d030   _relay_test5
0000d034   _relay_popup9
0000d038   _password_input2
0000d03c   _relay_test4
0000d040   _relay_test1
0000d044   _hidden1
0000d048   _test4
0000d04c   _time_set7
0000d050   _test2
0000d054   _led_test1
0000d058   _etc_view1
0000d05c   _test3
0000d060   _Cursor_Position
0000d064   _Screen_Position
0000d068   _east_egg2
0000d06c   _east_egg1
0000d070   _Save_Current_Screen
0000d074   _east_egg3
0000d078   _docb2
0000d07c   _docb1
0000d080   _cb_status_view2
0000d084   _cb_status_view1
0000d088   _setting2
0000d08c   _setting1
0000d090   _cpt2
0000d094   _setting3
0000d098   _supervison_set3
0000d09c   _supervison_set2
0000d0a0   _supervison_set5
0000d0a4   _supervison_set4
0000d0a8   _supervison_view2
0000d0ac   _supervison_view1
0000d0b0   _supervison_set1
0000d0b4   _supervison_view3
0000d0b8   _relay7
0000d0bc   _relay6
0000d0c0   _cpt1
0000d0c4   _relay8
0000d0c8   _relay3
0000d0cc   _relay2
0000d0d0   _relay5
0000d0d4   _relay4
0000d0d8   _relay14
0000d0dc   _relay13
0000d0e0   _relay16
0000d0e4   _relay15
0000d0e8   _relay10
0000d0ec   _relay9
0000d0f0   _relay12
0000d0f4   _relay11
0000d0f8   _supervison_set6
0000d0fc   _nsocr_view5
0000d100   _nsocr_view4
0000d104   _thr_view5
0000d108   _thr_view4
0000d10c   _ovgr_view7
0000d110   _ovgr_view6
0000d114   _ucr_view4
0000d118   _ucr_view3
0000d11c   _nch_view5
0000d120   _nch_view4
0000d124   _uvr_view2
0000d128   _uvr_view1
0000d12c   _h50_view2
0000d130   _h50_view1
0000d134   _sl_view2
0000d138   _sl_view1
0000d13c   _ocr_view6
0000d140   _ocr_view5
0000d144   _gr_view2
0000d148   _gr_view1
0000d14c   _ocr_view2
0000d150   _ocr_view1
0000d154   _ocr_view4
0000d158   _ocr_view3
0000d15c   _ovr_view5
0000d160   _ovr_view4
0000d164   _ovgr_view5
0000d168   _ovgr_view4
0000d16c   _gr_view4
0000d170   _gr_view3
0000d174   _gr_view6
0000d178   _gr_view5
0000d17c   _display1
0000d180   _measuremnt3
0000d184   _measuremnt2
0000d188   _volt1
0000d18c   _measuremnt4
0000d190   _display3
0000d194   _display2
0000d198   _measuremnt1
0000d19c   _display4
0000d1a0   _volt2
0000d1a4   _harmonics4
0000d1a8   _harmonics3
0000d1ac   _harmonics6
0000d1b0   _harmonics5
0000d1b4   _power4
0000d1b8   _power3
0000d1bc   _harmonics2
0000d1c0   _harmonics1
0000d1c4   _do1
0000d1c8   _di1
0000d1cc   _relay1
0000d1d0   _do2
0000d1d4   _q_value
0000d1d8   _delta_vdf1
0000d1dc   _didocb2
0000d1e0   _didocb1
0000d1e4   _volt8
0000d1e8   _volt7
0000d1ec   _current1
0000d1f0   _volt9
0000d1f4   _volt4
0000d1f8   _volt3
0000d1fc   _volt6
0000d200   _volt5
0000d204   _current7
0000d208   _current6
0000d20c   _power2
0000d210   _power1
0000d214   _current3
0000d218   _current2
0000d21c   _current5
0000d220   _current4
0000d224   _motor_view1
0000d228   _nsocr_view1
0000d22c   _motor_set1
0000d230   _motor_view2
0000d234   _ucr_view1
0000d238   _ucr_set2
0000d23c   _nsocr_set1
0000d240   _ucr_view2
0000d244   _commx
0000d248   _thr_set2
0000d24c   _comm_set1
0000d250   _comm_view1
0000d254   _motor_set3
0000d258   _motor_set2
0000d25c   _thr_set1
0000d260   _thr_view1
0000d264   _comm_set2
0000d268   _p47_set1
0000d26c   _uvr_set_view3
0000d270   _n47_set1
0000d274   _p47_view1
0000d278   _uvr_set2
0000d27c   _uvr_set1
0000d280   _uvr_set_view2
0000d284   _uvr_set_view1
0000d288   _sync_view1
0000d28c   _sync_set4
0000d290   _sync_view3
0000d294   _sync_view2
0000d298   _sync_set1
0000d29c   _n47_view1
0000d2a0   _sync_set3
0000d2a4   _sync_set2
0000d2a8   _system_view2
0000d2ac   _system_view1
0000d2b0   _system_view4
0000d2b4   _system_view3
0000d2b8   _nch_set4
0000d2bc   _nch_set3
0000d2c0   _nch_view2
0000d2c4   _nch_view1
0000d2c8   _system_set5
0000d2cc   _system_set4
0000d2d0   _ct_ratio_view1
0000d2d4   _system_set6
0000d2d8   _system_set1
0000d2dc   _system_view5
0000d2e0   _system_set3
0000d2e4   _system_set2
0000d2e8   _ct_ratio_view2
0000d2ec   _cb_fail1
0000d2f0   _cb_good2
0000d2f4   _cb_cancel1
0000d2f8   _cb_fail2
0000d2fc   _l_cb_open
0000d300   _ucr_set1
0000d304   _cb_good1
0000d308   _l_cb_close
0000d30c   _s_l_set1
0000d310   _s_l_view2
0000d314   _nch_set1
0000d318   _s_l_set2
0000d31c   _h50_view3
0000d320   _cb_cancel2
0000d324   _s_l_view1
0000d328   _h50_set1
0000d32c   _relay_relay1
0000d330   _relay_set_view1
0000d334   _ocr50_view1
0000d338   _delay_set1
0000d33c   _relay_mode4
0000d340   _ocr50_set1
0000d344   _tl_set1
0000d348   _ocgr50_view1
0000d34c   _ocgr50_set1
0000d350   _ocgr51_set1
0000d354   _ocr51_set1
0000d358   _ocr50_view2
0000d35c   _ocgr50_view2
0000d360   _ocr51_view1
0000d364   _syncro_view3
0000d368   _syncro_view2
0000d36c   _uvr_view3
0000d370   _sovr_view2
0000d374   _sovr_view1
0000d378   _syncro_view4
0000d37c   _syncro_view1
0000d380   _uvr_view4
0000d384   _uvr_view5
0000d388   _relay_mode3
0000d38c   _relay_onoff1
0000d390   _uvr_view6
0000d394   _relay_mode2
0000d398   _ovr_set1
0000d39c   _nch_set2
0000d3a0   _dsgr_set3
0000d3a4   _dsgr_set4
0000d3a8   _dsgr_set2
0000d3ac   _ovgr_view1
0000d3b0   _ovgr_view2
0000d3b4   _ovr_view2
0000d3b8   _ovgr_set1
0000d3bc   _dsgr_view2
0000d3c0   _relay_mode1
0000d3c4   _dsgr_view1
0000d3c8   _dsgr_set1
0000d3cc   _ovr_view1
0000d3d0   _dsgr_view3
0000d3d4   _ocgr51_view1
0000d3d8   _view_format100k
0000d3de   _view_format10k
0000d3e4   _view_format10
0000d3ea   _view_format1
0000d3f0   _view_format1k
0000d3f6   _view_format100
0000d400   _view_format100m
0000d406   _view_format10m
0000d40c   _view_format1g
0000d412   _view_format100g
0000d418   _view_format10g
0000d41e   _view_format1m
0000d424   _event_control
0000d42c   _event_reset
0000d440   _relay_curve
0000d44c   _set_integer
0000d458   _six_point_2
0000d464   _event_mode_change
0000d480   _event_phase
0000d492   _event_io
0000d4a6   _event_set
0000d4c0   _event_relay
0000d500   _Trip_Message
0000d540   _Lcd_Bl_Count
0000d542   _LCD_RS
0000d544   _dumpP
0000d546   _LCD_LIGHT
0000d548   _VFD_cnt
0000d54a   _NorScr
0000d54e   _scrP
0000d552   _ReserveP
0000d556   _FauScr
0000d55a   _AckScr
0000d580   _VFDABuffer
0000d5c0   _VFDFBuffer
0000d600   _VFDNBuffer
0000d63c   __stack
0000da3c   __STACK_END
00308000   _RamfuncsLoadStart
0030a07b   _RamfuncsLoadEnd
0030a07c   .text
0030a07c   ___text__
0030a07c   _cursor_move
0030a08b   _cursor_move_last
0030a092   _screen_frame
0030a0a2   _screen_frame2
0030a0b1   _screen_frame3
0030a0c1   _menu_00_00
0030a141   _menu_00_01
0030a18e   _menu_00_02
0030a1fe   _menu_00_03
0030a253   _menu_00_04
0030a2a8   _menu_00_05
0030a2fd   _menu_00_06
0030a352   _menu_00_07
0030a3a3   _menu_00_08
0030a3f4   _menu_01_01
0030a44a   _menu_01_03
0030a497   _menu_01_04
0030a518   _menu_01_05
0030a555   _menu_01_06
0030a5a2   _menu_01_07
0030a60b   _menu_01_08
0030a682   _menu_01_09
0030a6eb   _menu_01_10
0030a762   _menu_01_11
0030a7cb   _menu_01_12
0030a842   _menu_01_13
0030a893   _menu_01_14
0030a8e4   _menu_02_01
0030a91c   _menu_02_03
0030a96d   _menu_02_04
0030a9e2   _menu_02_05
0030aa31   _menu_02_06
0030aa80   _menu_03_03
0030aae9   _menu_04_02
0030ab29   _menu_04_03
0030abbe   _menu_29_02
0030ac21   _menu_29_03
0030ac32   _menu_41_02
0030ac7d   _menu_41_03
0030ad15   _menu_41_04
0030ad87   _menu_41_05
0030aee4   _menu_41_06
0030af71   _menu_41_07
0030af9a   _menu_41_08
0030aff1   _menu_41_09
0030b04c   _menu_41_10
0030b0b9   _menu_41_11
0030b0dc   _menu_41_12
0030b0ff   _menu_42_01
0030b1aa   _menu_42_02
0030b1c9   _menu_42_03
0030b265   _menu_42_05
0030b3c4   _menu_42_06
0030b46c   _menu_42_07
0030b4f9   _menu_42_08
0030b522   _menu_42_09
0030b591   _menu_42_10
0030b5ec   _menu_42_11
0030b65b   _menu_42_12
0030b67e   _menu_42_13
0030b6a1   _menu_43_03
0030b848   _menu_43_04
0030b8ba   _menu_43_05
0030ba17   _menu_43_06
0030baa4   _menu_43_07
0030bacd   _menu_43_08
0030bb24   _menu_43_09
0030bb7f   _menu_43_10
0030bbec   _menu_43_11
0030bc0f   _menu_43_12
0030bc32   _menu_44_03
0030bd86   _menu_44_05
0030bee5   _menu_44_06
0030bf8d   _menu_44_07
0030c01a   _menu_44_08
0030c043   _menu_44_09
0030c0b2   _menu_44_10
0030c10d   _menu_44_11
0030c17c   _menu_44_12
0030c19f   _menu_44_13
0030c1c2   _menu_45_03
0030c24d   _menu_45_04
0030c2c8   _menu_45_05
0030c421   _menu_45_06
0030c4c9   _menu_45_07
0030c556   _menu_45_08
0030c590   _menu_45_09
0030c5ff   _menu_45_10
0030c65a   _menu_45_11
0030c6c9   _menu_45_12
0030c6ec   _menu_45_13
0030c70f   _menu_46_04
0030c78a   _menu_46_05
0030c8e3   _menu_46_06
0030c98b   _menu_46_07
0030ca18   _menu_46_08
0030ca52   _menu_46_09
0030cac1   _menu_46_10
0030cb1c   _menu_46_11
0030cb8b   _menu_46_12
0030cbae   _menu_46_13
0030cbd1   _menu_47_04
0030cc43   _menu_47_05
0030cda0   _menu_47_06
0030ce2d   _menu_47_07
0030ce56   _menu_47_08
0030cead   _menu_47_09
0030cf08   _menu_47_10
0030cf75   _menu_47_11
0030cf98   _menu_47_12
0030cfbb   _menu_48_05
0030d11a   _menu_48_06
0030d1c2   _menu_48_07
0030d24f   _menu_48_08
0030d278   _menu_48_09
0030d2e7   _menu_48_10
0030d342   _menu_48_11
0030d3b1   _menu_48_12
0030d3d4   _menu_48_13
0030d3f7   _menu_49_04
0030d47e   _menu_49_05
0030d5cf   _menu_49_06
0030d677   _menu_49_07
0030d704   _menu_49_08
0030d73e   _menu_49_09
0030d7ad   _menu_49_10
0030d808   _menu_49_11
0030d877   _menu_49_12
0030d89a   _menu_49_13
0030d8bd   _menu_50_04
0030da31   _menu_50_05
0030dacb   _menu_50_06
0030db58   _menu_50_07
0030db8d   _menu_50_08
0030dbc2   _menu_50_09
0030dc1d   _menu_50_10
0030dc8a   _menu_50_11
0030dcad   _menu_50_12
0030dcd0   _menu_51_04
0030de44   _menu_51_05
0030dede   _menu_51_06
0030df6b   _menu_51_07
0030dfa0   _menu_51_08
0030dfd5   _menu_51_09
0030e030   _menu_51_10
0030e09d   _menu_51_11
0030e0c0   _menu_51_12
0030e0e3   _menu_52_04
0030e257   _menu_52_05
0030e2f1   _menu_52_06
0030e37e   _menu_52_07
0030e3b3   _menu_52_08
0030e3e8   _menu_52_09
0030e443   _menu_52_10
0030e4b0   _menu_52_11
0030e4d3   _menu_52_12
0030e4f6   _menu_53_04
0030e66a   _menu_53_05
0030e704   _menu_53_06
0030e791   _menu_53_07
0030e7c6   _menu_53_08
0030e7fb   _menu_53_09
0030e856   _menu_53_10
0030e8c3   _menu_53_11
0030e8e6   _menu_53_12
0030e909   _menu_54_04
0030ea21   _menu_54_05
0030eabb   _menu_54_06
0030eb48   _menu_54_07
0030eb7d   _menu_54_08
0030ebb2   _menu_54_09
0030ec0d   _menu_54_10
0030ec7a   _menu_54_11
0030ec9d   _menu_54_12
0030ecc0   _menu_55_04
0030ed8d   _menu_55_05
0030eea4   _menu_55_06
0030ef3e   _menu_55_07
0030efcb   _menu_55_08
0030eff4   _menu_55_09
0030f035   _menu_55_10
0030f090   _menu_55_11
0030f0ff   _menu_55_12
0030f122   _menu_55_13
0030f145   _menu_56_05
0030f25c   _menu_56_06
0030f304   _menu_56_07
0030f391   _menu_56_08
0030f3ba   _menu_56_09
0030f3fb   _menu_56_10
0030f456   _menu_56_11
0030f4c5   _menu_56_12
0030f4e8   _menu_56_13
0030f50b   _menu_57_04
0030f5bd   _menu_57_05
0030f6a2   _menu_57_06
0030f72f   _menu_57_07
0030f758   _menu_57_08
0030f78d   _menu_57_09
0030f7e8   _menu_57_10
0030f855   _menu_57_11
0030f878   _menu_57_12
0030f89b   _menu_58_05
0030f994   _menu_58_06
0030fa3c   _menu_58_07
0030fac9   _menu_58_08
0030faf2   _menu_58_09
0030fb33   _menu_58_10
0030fb8e   _menu_58_11
0030fbfd   _menu_58_12
0030fc20   _menu_58_13
0030fc43   _menu_59_04
0030fe14   _menu_59_05
0030ff0d   _menu_59_06
0030ffa8   _menu_59_07
00310036   _menu_59_08
003100c3   _menu_59_09
0031011a   _menu_59_10
0031015b   _menu_59_11
0031018a   _menu_59_12
003101e5   _menu_59_13
00310256   _menu_59_14
00310279   _menu_59_15
0031029c   _menu_60_04
00310381   _menu_60_05
0031047a   _menu_60_06
00310515   _menu_60_07
003105a3   _menu_60_08
00310630   _menu_60_09
00310665   _menu_60_10
003106a6   _menu_60_11
003106d5   _menu_60_12
00310730   _menu_60_13
003107a1   _menu_60_14
003107c4   _menu_60_15
003107e7   _menu_80_03
003108a4   _menu_80_04
00310955   _menu_80_05
003109e4   _menu_80_06
00310a73   _menu_80_07
00310b02   _menu_80_08
00310b91   _menu_80_09
00310c20   _menu_80_10
00310c6f   _menu_80_11
00310e15   _menu_80_12
00310e38   _menu_80_13
00310e5b   _menu_81_03
00310edc   _menu_81_04
00310f97   _menu_81_05
00311047   _menu_81_06
0031110f   _menu_81_07
0031127c   _menu_81_08
0031130f   _menu_81_09
0031138c   _menu_81_10
00311402   _menu_81_11
00311425   _menu_81_12
00311448   _menu_82_03
003114ac   _menu_82_04
00311529   _menu_82_05
003115a8   _menu_82_06
00311627   _menu_82_07
003116a4   _menu_82_08
00311721   _menu_82_09
003117a1   _menu_82_10
003117dc   _menu_82_11
0031182f   _menu_82_12
00311852   _menu_82_13
00311875   _menu_83_03
003118de   _menu_83_04
0031193b   _menu_83_05
0031198e   _menu_83_06
00311a18   _menu_83_07
00311a3b   _menu_83_08
00311a5e   _menu_84_03
00311acb   _menu_84_05
00311b5a   _menu_84_06
00311bf4   _menu_84_07
00311c1d   _menu_84_08
00311c40   _menu_84_09
00311c63   _menu_85_03
00311ce1   _menu_85_04
00311d34   _menu_85_05
00311d57   _menu_85_06
00311d7a   _menu_86_03
00311dee   _menu_86_04
00311e41   _menu_86_05
00311e64   _menu_86_06
00311e87   _menu_87_03
00311f01   _menu_87_04
00311f54   _menu_87_05
00311f77   _menu_87_06
00311f9a   _menu_88_03
00312010   _menu_88_04
003120a0   _menu_88_05
003120cf   _menu_88_06
00312138   _menu_88_07
0031215b   _menu_88_08
0031217e   _menu_89_03
00312201   _menu_89_04
0031225a   _menu_89_05
003122c3   _menu_89_06
003122e6   _menu_89_07
00312309   _menu_90_03
00312351   _menu_90_04
003123a4   _menu_90_05
003123c7   _menu_90_06
003123ea   _menu_91_04
0031247b   _menu_91_05
003124aa   _menu_91_06
00312513   _menu_91_07
00312536   _menu_91_08
00312559   _menu_92_04
003125f1   _menu_92_05
0031266b   _menu_92_06
003126bd   _menu_92_07
00312728   _menu_92_08
0031274b   _menu_92_09
0031276e   _menu_95_04
003127d5   _menu_95_05
0031281d   _menu_95_06
0031286a   _menu_95_07
003128d7   _menu_95_08
003128fa   _menu_95_09
0031291d   _menu_96_05
00312948   _menu_97_04
003129c8   _menu_97_05
00312a4b   _menu_97_06
00312a82   _menu_97_07
00312add   _menu_97_08
00312b00   _menu_97_09
00312b23   _menu_98_04
00312b8c   _menu_98_05
00312bf5   _menu_98_06
00312c55   _menu_98_07
00312c89   _menu_98_08
00312cc5   _menu_98_09
00312d32   _menu_98_10
00312d55   _menu_98_11
00312d78   _menu_99_04
00312dcb   _menu_99_05
00312dee   _menu_99_06
00312e11   _menu_100_04
00312e7b   _menu_100_05
00312eac   _menu_100_06
00312f15   _menu_100_07
00312f38   _menu_100_08
00312f5b   _menu_101_04
00312fb7   _menu_101_05
0031300e   _menu_101_06
00313045   _menu_101_07
003130b1   _menu_101_08
003130d4   _menu_101_09
003130f7   _menu_102_05
0031313b   _menu_102_06
00313166   _menu_103_04
003131cd   _menu_103_05
00313218   _menu_103_06
00313253   _menu_103_07
003132be   _menu_103_08
003132e1   _menu_103_09
00313304   _menu_104_04
0031336b   _menu_104_05
003133f8   _menu_104_06
00313423   _menu_104_07
00313457   _menu_104_08
003134b2   _menu_104_09
0031351d   _menu_104_10
00313540   _menu_104_11
00313563   _menu_150_01
003135c9   _menu_150_02
0031361f   _menu_151_01
0031373e   _menu_151_02
003137a4   _menu_151_03
0031380a   _menu_151_04
00313871   _menu_151_05
00313915   _menu_151_06
0031392f   _menu_151_07
00313949   _menu_152_01
003139a7   _menu_152_02
003139da   _menu_152_03
00313a75   _menu_152_04
00313b1b   _menu_152_05
00313b46   _menu_153_01
00313bc5   _menu_153_02
00313c89   _menu_153_03
00313d4d   _menu_153_04
00313e11   _menu_153_05
00313fa1   _menu_153_06
00314065   _menu_153_07
00314129   _menu_153_08
003141ed   _menu_153_09
003142b7   _menu_153_10
0031443a   _menu_153_11
0031445d   _menu_153_12
00314480   _menu_154_02
003144d7   _menu_154_03
003144fa   _menu_154_04
0031451d   _menu_156_02
003145b1   _menu_156_03
00314645   _menu_156_04
003146d9   _menu_156_05
0031476d   _menu_156_06
00314801   _menu_156_07
00314895   _menu_156_08
00314929   _menu_156_09
003149c0   _menu_156_10
003149f1   _menu_156_11
00314a22   _menu_156_12
00314a53   _menu_156_13
00314a81   _menu_156_14
00314af8   _menu_156_15
00314b1b   _menu_156_16
00314b3e   _menu_157_02
00314bcd   _menu_157_03
00314c36   _menu_157_04
00314c59   _menu_157_05
00314c7c   _menu_dummy
00314c9b   _menu_popup
00314ccd   _menu_reset
00314cf7   _menu_99_00
00314d13   _Event_Item_Display
00314ecc   _Event_Time_Display
00314f51   _menu_init
00314f70   _Save_Screen_Info
00314f7b   _Restore_Screen_Info
00314f82   _main
00314f8f   _himix_drive
0031574a   _himix_crc
00315787   _float_to_integer
003157ac   _harmonics
00315cd1   _harmonic_sample_backup
00315dd5   _harmonic_real_imag_calculation
0031601c   _measure_display
00316176   _measure2_display
003162dd   _interrupt_control
00316315   _COMM_CRC
0031633b   _manager_handling
0031716e   _serial_write
0031721a   _comm_drive
0031749f   _booting_setting_check
00318422   _aux_do_check
0031842f   _setting_min_max_check
00318442   _pt_setting_min_max_check
00318456   _setting_save
0031848c   _setting_post_handling
00318d64   _setting_load
00318d88   _Setting_CRC
00318dc4   _event_info_update
00318dd7   _GPT_Default_Settings
00318def   _CPT_Default_Settings
00318e49   _ADDRESS_Default_Settings
00318e5f   _AUTO_DISPLAY_Default_Settings
00318e74   _PASSWORD_Default_Settings
00318e8a   _LOCAL_CTRL_Default_Settings
00318ea3   _UVR_MODE_Default_Settings
00318ebd   _DISPLAY_3PHASE_Default_Settings
00318ed3   _MODBUS_Default_Settings
00318eea   _OCR_MODE_Default_Settings
00318f02   _SYSTEM_ALARM_Default_Settings
00318f19   _OCR50_1_Default_Settings
00318f49   _OCR50_2_Default_Settings
00318f79   _OCR51_1_Default_Settings
00318fa9   _OCR51_2_Default_Settings
00318fd9   _OCGR50_Default_Settings
00319009   _OCGR51_Default_Settings
00319039   _UVR_1_Default_Settings
0031907b   _UVR_2_Default_Settings
003190bd   _UVR_3_Default_Settings
003190ff   _P47_Default_Settings
00319141   _N47_Default_Settings
00319183   _OVR_Default_Settings
003191cd   _OVGR_Default_Settings
00319208   _DGR_Default_Settings
00319259   _SGR_Default_Settings
0031929e   _DI_Default_Settings
003192ba   _DO_Default_Settings
003192cf   _ClearFLASH
00319b16   __printfi
00319c19   _delay
00319c48   _LCD_DATA
00319c5b   _LCD_COMMAND
00319c6c   _LCD_INIT
00319c92   _LCD_light_ON
00319c98   _LCD_light_OFF
00319c9d   _VFD_gotopo
00319cb2   _VFD_Init
00319cea   _VFD_gotoxy
00319cfc   _VFD_mem_cpy_test
00319d03   _VFD_dump
00319d48   _VFD_dump2
00319d88   _VFD_Single_Line_dump
00319db1   _VFD_Word_dump
00319ddb   _VFD_cursor
00319e08   _VFD_printf
00319e17   _VFD_FONT
00319e18   _eerom_control
00319e80   _eerom_write
00319f13   _eerom_read
00319fa4   _flash_sector_erase
00319fc1   _flash_word_write
00319fd8   _wave_flash_word_write
00319ffc   _wave_vi_initial_pre1
0031a00a   _wave_vi_initial_pre2
0031a017   _wave_vi_initial_post
0031a021   _wave_di_initial_pre1
0031a02f   _wave_di_initial_pre2
0031a03c   _wave_di_initial_post
0031a046   _wave_flash_sector_erase
0031a05f   _wave_save_process
0031a42b   _led_handling
0031a499   _DO_Output
0031a4ce   _cpu_setup
0031a4ec   _pll_setup
0031a523   _Peripheral_Clock_setup
0031a546   _interrupt_setup
0031a59d   _sci_setup
0031a5f2   _GPIO_setup
0031a64d   _Xinterface_setup
0031a6a3   _InitTimer
0031a6d1   _i2c_setup
0031a6fc   _lcd_setup
0031a9f5   _Offset_Check
0031aa1d   _DFT_Check
0031aa84   _Degree_Check
0031aacd   _ADC_Offset_Calibration
0031ab48   _ADC_High_Calibration
0031ac3b   _ADC_low_Calibration
0031aeff   _OCR50_2_RELAY
0031af83   _OCR51_1_RELAY
0031b025   _Inverse_Op_Timeset
0031b0a1   LL$$DIV
0031b0dd   LL$$MOD
0031b117   ULL$$DIV
0031b146   ULL$$MOD
0031b1a8   _atan2
0031b26c   FD$$ADD
0031b308   FD$$DIV
0031b393   FS$$DIV
0031b41b   FD$$MPY
0031b49e   _atan
0031b510   _exp
0031b57a   _cos
0031b5db   _pow
0031b635   _sin
0031b68c   __log
0031b6e0   _c_int00
0031b726   _ldexp
0031b75b   _atoi
0031b78c   _sprintf
0031b7bb   _ltoa
0031b7e7   FD$$CMP
0031b811   L$$DIV
0031b820   L$$MOD
0031b82e   UL$$DIV
0031b835   UL$$MOD
0031b83c   _sqrt
0031b85f   I$$DIV
0031b870   I$$MOD
0031b881   FD$$TOI
0031b8a2   ___memcpy_ff
0031b8c3   FD$$TOL
0031b8e2   LL$$CMP
0031b8f4   ULL$$CMP
0031b900   FS$$TOFD
0031b91c   L$$TOFD
0031b938   FD$$TOUL
0031b953   __args_main
0031b96c   C$$EXIT
0031b96c   _abort
0031b96e   _exit
0031b985   _frexp
0031b99b   UL$$TOFD
0031b9b1   _MemCopy
0031b9c6   LL$$MPY
0031b9da   _memccpy
0031b9ec   FD$$SUB
0031b9fa   U$$DIV
0031b9ff   U$$MOD
0031ba05   _strlen
0031ba0f   __register_unlock
0031ba13   __register_lock
0031ba17   __nop
0031ba18   FD$$NEG
0031ba21   _strcpy
0031ba32   _memset
0031ba39   ___etext__
0031ba39   etext
0031fe44   _menu_tables
00321a64   __ctypes_
00321b65   _CRC_High
00321c65   _CRC_Low
00321d66   _KHS_LCD_Buffer
00321db2   _harmonics_1st_cos
00321dfa   _harmonics_1st_sin
00321e42   _harmonics_3rd_cos
00321e8a   _harmonics_3rd_sin
00321ed2   _harmonics_5th_cos
00321f1a   _harmonics_5th_sin
00321f62   _harmonics_7th_cos
00321faa   _harmonics_7th_sin
00321ff2   _harmonics_9th_cos
0032203a   _harmonics_9th_sin
00322082   _SGR_T_MIN
00322083   _OCR50_T_MAX
00322084   _OCR50_T_MIN
00322085   _SGR_I_MIN
00322086   _SGR_I_MAX
00322087   _CT_MAX
00322088   _CT_MIN
00322089   _SGR_A_MAX
0032208a   _SGR_T_MAX
0032208b   _SGR_A_MIN
0032208c   _UVR_T_MIN
0032208d   _OVR_TL_MAX
0032208e   _UVR_T_MAX
0032208f   _P47_T_MIN
00322090   _N47_T_MIN
00322091   _DGR_A_MIN
00322092   _DGR_A_MAX
00322093   _DGR_T_MAX
00322094   _OVGR_TL_MIN
00322095   _DGR_T_MIN
00322096   _P47_T_MAX
00322097   _OVR_TL_MIN
00322098   _OCGR51_TL_MIN
00322099   _OCGR50_T_MIN
0032209a   _OCGR50_T_MAX
0032209b   _OCGR51_TL_MAX
0032209c   _CT_1A_RATED
0032209d   _DEBOUNCE_MIN
0032209e   _OVR_T_MIN
0032209f   _N47_T_MAX
003220a0   _CT_5A_RATED
003220a1   _OVGR_TL_MAX
003220a2   _OVR_T_MAX
003220a3   _OCR51_TL_MAX
003220a4   _DEBOUNCE_MAX
003220a5   _OCR51_TL_MIN
003220a6   _PT_MIN
003220a8   _CALIB_I_MAX
003220aa   _CALIB_I_MIN
003220ac   _CALIB_In_MIN
003220ae   _CALIB_In_MAX
003220b0   _PT_MAX
003220b2   _CALIB_V_MIN
003220b4   _CALIB_Vo_MIN
003220b6   _CALIB_Vo_MAX
003220b8   _CALIB_V_MAX
003220ba   _LCD_Position_Value
00322128   _cos_50Hz
00322140   _cos_60Hz
00322158   _sin_50Hz
00322170   _sin_60Hz
003221a0   _wave_buffer_address
003221b4   _wave_buffer_post_address
00322254   _himix_number
0032225e   _OFF_BIT
00322267   _ON_BIT
00322270   _DO_OFF_BIT
00322278   _DO_ON_BIT
003223b4   _N47_V_MAX
003223b8   _N47_V_MIN
003223bc   _OVR_V_MAX
003223c0   _OVR_V_MIN
003223c4   _P47_V_MAX
003223c8   _P47_V_MIN
003223cc   _UVR_1_V_MAX
003223d0   _UVR_1_V_MIN
003223d4   _UVR_2_V_MAX
003223d8   _UVR_2_V_MIN
003223dc   _UVR_3_V_MAX
003223e0   _UVR_3_V_MIN
0032244a   _DGR_V_MAX
0032244d   _DGR_V_MIN
00322450   _OVGR_V_MAX
00322453   _OVGR_V_MIN
00322456   _SGR_V_MAX
00322459   _SGR_V_MIN
0032247a   _DGR_I_MAX
0032247c   _DGR_I_MIN
0032247e   _OCGR50_I_MAX
00322480   _OCGR50_I_MIN
00322482   _OCGR51_I_MAX
00322484   _OCGR51_I_MIN
00322486   _OCR50_I_MAX
00322488   _OCR50_I_MIN
0032248a   _OCR51_I_MAX
0032248c   _OCR51_I_MIN
0032248e   ___cinit__
0032248e   cinit
0033fff6   code_start
ffffffff   ___binit__
ffffffff   ___c_args__
ffffffff   ___pinit__
ffffffff   binit
ffffffff   pinit

[1203 symbols]
