******************************************************************************
             TMS320C2000 Linker PC v6.1.0                      
******************************************************************************
>> Linked Mon Apr 27 22:01:40 2015

OUTPUT FILE NAME:   <HIMAP4UP_v12.out>
ENTRY POINT SYMBOL: "_c_int00"  address: 0031b3ad


MEMORY CONFIGURATION

         name            origin    length      used     unused   attr    fill
----------------------  --------  ---------  --------  --------  ----  --------
PAGE 0:
  RAML_CODE             00008000   00004000  00002203  00001dfd  RWIX
  FLASH_CODE            00308000   00037f80  0001aced  0001d293  RWIX
  CSM_RSVD              0033ff80   00000076  00000000  00000076  RWIX
  BEGIN                 0033fff6   00000002  00000002  00000000  RWIX
  CSM_PWL               0033fff8   00000008  00000000  00000008  RWIX
  ADC_CAL               00380080   00000009  00000000  00000009  RWIX
  OTP                   00380400   00000400  00000000  00000400  RWIX
  IQTABLES              003fe000   00000b50  00000000  00000b50  RWIX
  IQTABLES2             003feb50   0000008c  00000000  0000008c  RWIX
  FPUTABLES             003febdc   000006a0  00000000  000006a0  RWIX
  ROM                   003ff27c   00000d44  00000000  00000d44  RWIX
  RESET                 003fffc0   00000002  00000000  00000002  RWIX
  VECTORS               003fffc2   0000003e  00000000  0000003e  RWIX

PAGE 1:
  BOOT_RSVD             00000000   00000050  00000000  00000050  RWIX
  RAMM0                 00000050   000003b0  00000000  000003b0  RWIX
  RAMM1                 00000400   00000400  00000000  00000400  RWIX
  DEV_EMU               00000880   00000180  00000000  00000180  RWIX
  FLASH_REGS            00000a80   00000060  00000000  00000060  RWIX
  CSM                   00000ae0   00000010  00000000  00000010  RWIX
  ADC_MIRROR            00000b00   00000010  00000000  00000010  RWIX
  XINTF                 00000b20   00000020  00000000  00000020  RWIX
  CPU_TIMER0            00000c00   00000008  00000000  00000008  RWIX
  CPU_TIMER1            00000c08   00000008  00000000  00000008  RWIX
  CPU_TIMER2            00000c10   00000008  00000000  00000008  RWIX
  PIE_CTRL              00000ce0   00000020  00000000  00000020  RWIX
  PIE_VECT              00000d00   00000100  00000100  00000000  RWIX
  DMA                   00001000   00000200  00000000  00000200  RWIX
  MCBSPA                00005000   00000040  00000000  00000040  RWIX
  MCBSPB                00005040   00000040  00000000  00000040  RWIX
  ECANA                 00006000   00000040  00000000  00000040  RWIX
  ECANA_LAM             00006040   00000040  00000000  00000040  RWIX
  ECANA_MOTS            00006080   00000040  00000000  00000040  RWIX
  ECANA_MOTO            000060c0   00000040  00000000  00000040  RWIX
  ECANA_MBOX            00006100   00000100  00000000  00000100  RWIX
  ECANB                 00006200   00000040  00000000  00000040  RWIX
  ECANB_LAM             00006240   00000040  00000000  00000040  RWIX
  ECANB_MOTS            00006280   00000040  00000000  00000040  RWIX
  ECANB_MOTO            000062c0   00000040  00000000  00000040  RWIX
  ECANB_MBOX            00006300   00000100  00000000  00000100  RWIX
  EPWM1                 00006800   00000022  00000000  00000022  RWIX
  EPWM2                 00006840   00000022  00000000  00000022  RWIX
  EPWM3                 00006880   00000022  00000000  00000022  RWIX
  EPWM4                 000068c0   00000022  00000000  00000022  RWIX
  EPWM5                 00006900   00000022  00000000  00000022  RWIX
  EPWM6                 00006940   00000022  00000000  00000022  RWIX
  ECAP1                 00006a00   00000020  00000000  00000020  RWIX
  ECAP2                 00006a20   00000020  00000000  00000020  RWIX
  ECAP3                 00006a40   00000020  00000000  00000020  RWIX
  ECAP4                 00006a60   00000020  00000000  00000020  RWIX
  ECAP5                 00006a80   00000020  00000000  00000020  RWIX
  ECAP6                 00006aa0   00000020  00000000  00000020  RWIX
  EQEP1                 00006b00   00000040  00000000  00000040  RWIX
  EQEP2                 00006b40   00000040  00000000  00000040  RWIX
  GPIOCTRL              00006f80   00000040  00000000  00000040  RWIX
  GPIODAT               00006fc0   00000020  00000000  00000020  RWIX
  GPIOINT               00006fe0   00000020  00000000  00000020  RWIX
  SYSTEM                00007010   00000020  00000000  00000020  RWIX
  SPIA                  00007040   00000010  00000000  00000010  RWIX
  SCIA                  00007050   00000010  00000000  00000010  RWIX
  XINTRUPT              00007070   00000010  00000000  00000010  RWIX
  ADC                   00007100   00000020  00000000  00000020  RWIX
  SCIB                  00007750   00000010  00000000  00000010  RWIX
  SCIC                  00007770   00000010  00000000  00000010  RWIX
  I2CA                  00007900   00000040  00000000  00000040  RWIX
  RAML_DATA             0000c000   00004000  000019bc  00002644  RWIX
  FLASHB                00330000   00008000  00000000  00008000  RWIX
  CSM_PWL               0033fff8   00000008  00000000  00000008  RWIX
  PARTID                00380090   00000001  00000000  00000001  RWIX


SECTION ALLOCATION MAP

 output                                  attributes/
section   page    origin      length       input sections
--------  ----  ----------  ----------   ----------------
.pinit     0    00308000    00000000     UNINITIALIZED

ramfuncs   0    00308000    00002203     RUN ADDR = 00008000
                  00308000    00000dcd     system_isr.obj (ramfuncs:retain)
                  00308dcd    00000b7b     relaying.obj (ramfuncs)
                  00309948    00000444     main.obj (ramfuncs)
                  00309d8c    00000182     setting.obj (ramfuncs)
                  00309f0e    00000161     peripheral.obj (ramfuncs)
                  0030a06f    000000f3     comms.obj (ramfuncs)
                  0030a162    00000087     menu.obj (ramfuncs)
                  0030a1e9    00000016     system_setup.obj (ramfuncs)
                  0030a1ff    00000004     DSP2833x_usDelay.obj (ramfuncs)

.text      0    0030a204    00011501     
                  0030a204    0000ab36     menu.obj (.text)
                  00314d3a    00001393     main.obj (.text)
                  003160cd    0000118a     comms.obj (.text)
                  00317257    00000fc2     booting.obj (.text)
                  00318219    00000f5e     setting.obj (.text)
                  00319177    00000911     rts2800_fpu32.lib : _printfi.obj (.text)
                  00319a88    000008b5     peripheral.obj (.text)
                  0031a33d    00000527     system_setup.obj (.text)
                  0031a864    0000050a     calibration.obj (.text)
                  0031ad6e    00000107     rts2800_fpu32.lib : ll_div.obj (.text)
                  0031ae75    000000c4                       : atan2.obj (.text)
                  0031af39    0000009c                       : fd_add.obj (.text)
                  0031afd5    0000008b                       : fd_div.obj (.text)
                  0031b060    00000088                       : fs_div.obj (.text)
                  0031b0e8    00000083                       : fd_mpy.obj (.text)
                  0031b16b    00000072                       : atan.obj (.text)
                  0031b1dd    0000006a                       : exp.obj (.text)
                  0031b247    00000061                       : cos.obj (.text)
                  0031b2a8    0000005a                       : pow.obj (.text)
                  0031b302    00000057                       : sin.obj (.text)
                  0031b359    00000054                       : _log.obj (.text)
                  0031b3ad    00000046                       : boot.obj (.text)
                  0031b3f3    00000035                       : ldexp.obj (.text)
                  0031b428    00000031                       : atoi.obj (.text)
                  0031b459    0000002f                       : sprintf.obj (.text)
                  0031b488    0000002c                       : ltoa.obj (.text)
                  0031b4b4    0000002a                       : fd_cmp.obj (.text)
                  0031b4de    0000002a                       : l_div.obj (.text)
                  0031b508    00000023                       : sqrt.obj (.text)
                  0031b52b    00000022                       : i_div.obj (.text)
                  0031b54d    00000021                       : fd_toi.obj (.text)
                  0031b56e    00000021                       : memcpy_ff.obj (.text)
                  0031b58f    0000001f                       : fd_tol.obj (.text)
                  0031b5ae    0000001e                       : ll_cmp.obj (.text)
                  0031b5cc    0000001c                       : fs_tofd.obj (.text)
                  0031b5e8    0000001c                       : l_tofd.obj (.text)
                  0031b604    0000001b                       : fd_toul.obj (.text)
                  0031b61f    00000019                       : args_main.obj (.text)
                  0031b638    00000019                       : exit.obj (.text)
                  0031b651    00000016                       : frexp.obj (.text)
                  0031b667    00000016                       : ul_tofd.obj (.text)
                  0031b67d    00000015     DSP2833x_MemCopy.obj (.text)
                  0031b692    00000014     rts2800_fpu32.lib : ll_mpy.obj (.text)
                  0031b6a6    00000012                       : memccpy.obj (.text)
                  0031b6b8    0000000e                       : fd_sub.obj (.text)
                  0031b6c6    0000000b                       : u_div.obj (.text)
                  0031b6d1    0000000a                       : strlen.obj (.text)
                  0031b6db    00000009                       : _lock.obj (.text)
                  0031b6e4    00000009                       : fd_neg.obj (.text)
                  0031b6ed    00000009                       : strcpy.obj (.text)
                  0031b6f6    00000008     DSP2833x_CodeStartBranch.obj (.text)
                  0031b6fe    00000007     rts2800_fpu32.lib : memset.obj (.text)

.econst    0    0031b706    00006a0c     
                  0031b706    000043d1     menu.obj (.econst:.string)
                  0031fad7    00000001     --HOLE-- [fill = 0]
                  0031fad8    00001c20     menu.obj (.econst:_menu_tables)
                  003216f8    00000101     rts2800_fpu32.lib : ctype.obj (.econst:__ctypes_)
                  003217f9    00000100     main.obj (.econst:_CRC_High)
                  003218f9    00000100     main.obj (.econst:_CRC_Low)
                  003219f9    00000001     --HOLE-- [fill = 0]
                  003219fa    0000004c     peripheral.obj (.econst)
                  00321a46    00000048     main.obj (.econst:_harmonics_1st_cos)
                  00321a8e    00000048     main.obj (.econst:_harmonics_1st_sin)
                  00321ad6    00000048     main.obj (.econst:_harmonics_3rd_cos)
                  00321b1e    00000048     main.obj (.econst:_harmonics_3rd_sin)
                  00321b66    00000048     main.obj (.econst:_harmonics_5th_cos)
                  00321bae    00000048     main.obj (.econst:_harmonics_5th_sin)
                  00321bf6    00000048     main.obj (.econst:_harmonics_7th_cos)
                  00321c3e    00000048     main.obj (.econst:_harmonics_7th_sin)
                  00321c86    00000048     main.obj (.econst:_harmonics_9th_cos)
                  00321cce    00000048     main.obj (.econst:_harmonics_9th_sin)
                  00321d16    00000038     main.obj (.econst)
                  00321d4e    00000028     peripheral.obj (.econst:_LCD_Position_Value)
                  00321d76    00000024     rts2800_fpu32.lib : _printfi.obj (.econst:.string)
                  00321d9a    00000021     booting.obj (.econst:.string)
                  00321dbb    00000001     --HOLE-- [fill = 0]
                  00321dbc    00000018     main.obj (.econst:_cos_50Hz)
                  00321dd4    00000018     main.obj (.econst:_cos_60Hz)
                  00321dec    00000018     main.obj (.econst:_sin_50Hz)
                  00321e04    00000018     main.obj (.econst:_sin_60Hz)
                  00321e1c    00000018     rts2800_fpu32.lib : _printfi.obj (.econst)
                  00321e34    00000014     main.obj (.econst:_wave_buffer_address)
                  00321e48    00000014     main.obj (.econst:_wave_buffer_post_address)
                  00321e5c    0000000c     menu.obj (.econst:_$P$T102$106)
                  00321e68    0000000c     menu.obj (.econst:_$P$T113$117)
                  00321e74    0000000c     menu.obj (.econst:_$P$T114$118)
                  00321e80    0000000c     menu.obj (.econst:_$P$T115$119)
                  00321e8c    0000000c     menu.obj (.econst:_$P$T116$120)
                  00321e98    0000000c     menu.obj (.econst:_$P$T117$121)
                  00321ea4    0000000c     menu.obj (.econst:_$P$T118$122)
                  00321eb0    0000000c     menu.obj (.econst:_$P$T119$123)
                  00321ebc    0000000c     menu.obj (.econst:_$P$T120$124)
                  00321ec8    0000000c     menu.obj (.econst:_$P$T84$86)
                  00321ed4    0000000a     menu.obj (.econst:_$P$T107$111)
                  00321ede    0000000a     menu.obj (.econst:_$P$T108$112)
                  00321ee8    0000000a     main.obj (.econst:_himix_number)
                  00321ef2    00000009     main.obj (.econst:_DO_ON_BIT)
                  00321efb    00000009     main.obj (.econst:_OFF_BIT)
                  00321f04    00000009     main.obj (.econst:_ON_BIT)
                  00321f0d    00000001     --HOLE-- [fill = 0]
                  00321f0e    00000008     rts2800_fpu32.lib : atan.obj (.econst:_a$1)
                  00321f16    00000008                       : atan2.obj (.econst:_a$1)
                  00321f1e    00000007     main.obj (.econst:_DO_OFF_BIT)
                  00321f25    00000001     --HOLE-- [fill = 0]
                  00321f26    00000004     menu.obj (.econst:_$P$T0$1)
                  00321f2a    00000004     menu.obj (.econst:_$P$T1$2)
                  00321f2e    00000004     menu.obj (.econst:_$P$T10$11)
                  00321f32    00000004     menu.obj (.econst:_$P$T101$105)
                  00321f36    00000004     menu.obj (.econst:_$P$T103$107)
                  00321f3a    00000004     menu.obj (.econst:_$P$T104$108)
                  00321f3e    00000004     menu.obj (.econst:_$P$T109$113)
                  00321f42    00000004     menu.obj (.econst:_$P$T11$12)
                  00321f46    00000004     menu.obj (.econst:_$P$T110$114)
                  00321f4a    00000004     menu.obj (.econst:_$P$T111$115)
                  00321f4e    00000004     menu.obj (.econst:_$P$T112$116)
                  00321f52    00000004     menu.obj (.econst:_$P$T12$13)
                  00321f56    00000004     menu.obj (.econst:_$P$T121$125)
                  00321f5a    00000004     menu.obj (.econst:_$P$T122$126)
                  00321f5e    00000004     menu.obj (.econst:_$P$T123$127)
                  00321f62    00000004     menu.obj (.econst:_$P$T124$128)
                  00321f66    00000004     menu.obj (.econst:_$P$T125$129)
                  00321f6a    00000004     menu.obj (.econst:_$P$T126$130)
                  00321f6e    00000004     menu.obj (.econst:_$P$T127$131)
                  00321f72    00000004     menu.obj (.econst:_$P$T128$132)
                  00321f76    00000004     menu.obj (.econst:_$P$T13$14)
                  00321f7a    00000004     menu.obj (.econst:_$P$T14$15)
                  00321f7e    00000004     menu.obj (.econst:_$P$T15$16)
                  00321f82    00000004     menu.obj (.econst:_$P$T16$17)
                  00321f86    00000004     menu.obj (.econst:_$P$T17$18)
                  00321f8a    00000004     menu.obj (.econst:_$P$T18$19)
                  00321f8e    00000004     menu.obj (.econst:_$P$T19$20)
                  00321f92    00000004     menu.obj (.econst:_$P$T2$3)
                  00321f96    00000004     menu.obj (.econst:_$P$T20$21)
                  00321f9a    00000004     menu.obj (.econst:_$P$T21$22)
                  00321f9e    00000004     menu.obj (.econst:_$P$T22$23)
                  00321fa2    00000004     menu.obj (.econst:_$P$T23$24)
                  00321fa6    00000004     menu.obj (.econst:_$P$T24$25)
                  00321faa    00000004     menu.obj (.econst:_$P$T25$26)
                  00321fae    00000004     menu.obj (.econst:_$P$T26$27)
                  00321fb2    00000004     menu.obj (.econst:_$P$T27$28)
                  00321fb6    00000004     menu.obj (.econst:_$P$T29$30)
                  00321fba    00000004     menu.obj (.econst:_$P$T3$4)
                  00321fbe    00000004     menu.obj (.econst:_$P$T30$32)
                  00321fc2    00000004     menu.obj (.econst:_$P$T31$33)
                  00321fc6    00000004     menu.obj (.econst:_$P$T33$35)
                  00321fca    00000004     menu.obj (.econst:_$P$T35$37)
                  00321fce    00000004     menu.obj (.econst:_$P$T37$39)
                  00321fd2    00000004     menu.obj (.econst:_$P$T38$40)
                  00321fd6    00000004     menu.obj (.econst:_$P$T4$5)
                  00321fda    00000004     menu.obj (.econst:_$P$T40$42)
                  00321fde    00000004     menu.obj (.econst:_$P$T42$44)
                  00321fe2    00000004     menu.obj (.econst:_$P$T5$6)
                  00321fe6    00000004     menu.obj (.econst:_$P$T55$57)
                  00321fea    00000004     menu.obj (.econst:_$P$T58$60)
                  00321fee    00000004     menu.obj (.econst:_$P$T6$7)
                  00321ff2    00000004     menu.obj (.econst:_$P$T61$63)
                  00321ff6    00000004     menu.obj (.econst:_$P$T65$67)
                  00321ffa    00000004     menu.obj (.econst:_$P$T67$69)
                  00321ffe    00000004     menu.obj (.econst:_$P$T7$8)
                  00322002    00000004     menu.obj (.econst:_$P$T8$9)
                  00322006    00000004     menu.obj (.econst:_$P$T80$82)
                  0032200a    00000004     menu.obj (.econst:_$P$T81$83)
                  0032200e    00000004     menu.obj (.econst:_$P$T82$84)
                  00322012    00000004     menu.obj (.econst:_$P$T83$85)
                  00322016    00000004     menu.obj (.econst:_$P$T85$87)
                  0032201a    00000004     menu.obj (.econst:_$P$T87$89)
                  0032201e    00000004     menu.obj (.econst:_$P$T9$10)
                  00322022    00000004     menu.obj (.econst:_$P$T94$96)
                  00322026    00000004     menu.obj (.econst:_$P$T95$99)
                  0032202a    00000004     menu.obj (.econst:_$P$T96$100)
                  0032202e    00000004     menu.obj (.econst:_$P$T97$101)
                  00322032    00000004     menu.obj (.econst:_$P$T98$102)
                  00322036    00000004     menu.obj (.econst:_$P$T99$103)
                  0032203a    00000004     main.obj (.econst:_N47_V_MAX)
                  0032203e    00000004     main.obj (.econst:_N47_V_MIN)
                  00322042    00000004     main.obj (.econst:_OVR_V_MAX)
                  00322046    00000004     main.obj (.econst:_OVR_V_MIN)
                  0032204a    00000004     main.obj (.econst:_P47_V_MAX)
                  0032204e    00000004     main.obj (.econst:_P47_V_MIN)
                  00322052    00000004     main.obj (.econst:_UVR_1_V_MAX)
                  00322056    00000004     main.obj (.econst:_UVR_1_V_MIN)
                  0032205a    00000004     main.obj (.econst:_UVR_2_V_MAX)
                  0032205e    00000004     main.obj (.econst:_UVR_2_V_MIN)
                  00322062    00000004     main.obj (.econst:_UVR_3_V_MAX)
                  00322066    00000004     main.obj (.econst:_UVR_3_V_MIN)
                  0032206a    00000003     menu.obj (.econst:_$P$T100$104)
                  0032206d    00000003     menu.obj (.econst:_$P$T28$29)
                  00322070    00000003     menu.obj (.econst:_$P$T32$34)
                  00322073    00000003     menu.obj (.econst:_$P$T34$36)
                  00322076    00000003     menu.obj (.econst:_$P$T36$38)
                  00322079    00000003     menu.obj (.econst:_$P$T39$41)
                  0032207c    00000003     menu.obj (.econst:_$P$T41$43)
                  0032207f    00000003     menu.obj (.econst:_$P$T43$45)
                  00322082    00000003     menu.obj (.econst:_$P$T44$46)
                  00322085    00000003     menu.obj (.econst:_$P$T45$47)
                  00322088    00000003     menu.obj (.econst:_$P$T46$48)
                  0032208b    00000003     menu.obj (.econst:_$P$T47$49)
                  0032208e    00000003     menu.obj (.econst:_$P$T48$50)
                  00322091    00000003     menu.obj (.econst:_$P$T49$51)
                  00322094    00000003     menu.obj (.econst:_$P$T50$52)
                  00322097    00000003     menu.obj (.econst:_$P$T51$53)
                  0032209a    00000003     menu.obj (.econst:_$P$T52$54)
                  0032209d    00000003     menu.obj (.econst:_$P$T54$56)
                  003220a0    00000003     menu.obj (.econst:_$P$T57$59)
                  003220a3    00000003     menu.obj (.econst:_$P$T60$62)
                  003220a6    00000003     menu.obj (.econst:_$P$T63$65)
                  003220a9    00000003     menu.obj (.econst:_$P$T68$70)
                  003220ac    00000003     menu.obj (.econst:_$P$T69$71)
                  003220af    00000003     menu.obj (.econst:_$P$T70$72)
                  003220b2    00000003     menu.obj (.econst:_$P$T71$73)
                  003220b5    00000003     menu.obj (.econst:_$P$T73$75)
                  003220b8    00000003     menu.obj (.econst:_$P$T77$79)
                  003220bb    00000003     menu.obj (.econst:_$P$T86$88)
                  003220be    00000003     menu.obj (.econst:_$P$T88$90)
                  003220c1    00000003     menu.obj (.econst:_$P$T89$91)
                  003220c4    00000003     menu.obj (.econst:_$P$T90$92)
                  003220c7    00000003     menu.obj (.econst:_$P$T91$93)
                  003220ca    00000003     menu.obj (.econst:_$P$T92$94)
                  003220cd    00000003     menu.obj (.econst:_$P$T93$95)
                  003220d0    00000003     main.obj (.econst:_DGR_V_MAX)
                  003220d3    00000003     main.obj (.econst:_DGR_V_MIN)
                  003220d6    00000003     main.obj (.econst:_OVGR_V_MAX)
                  003220d9    00000003     main.obj (.econst:_OVGR_V_MIN)
                  003220dc    00000003     main.obj (.econst:_SGR_V_MAX)
                  003220df    00000003     main.obj (.econst:_SGR_V_MIN)
                  003220e2    00000002     menu.obj (.econst:_$P$T105$109)
                  003220e4    00000002     menu.obj (.econst:_$P$T106$110)
                  003220e6    00000002     menu.obj (.econst:_$P$T53$55)
                  003220e8    00000002     menu.obj (.econst:_$P$T56$58)
                  003220ea    00000002     menu.obj (.econst:_$P$T59$61)
                  003220ec    00000002     menu.obj (.econst:_$P$T62$64)
                  003220ee    00000002     menu.obj (.econst:_$P$T64$66)
                  003220f0    00000002     menu.obj (.econst:_$P$T66$68)
                  003220f2    00000002     menu.obj (.econst:_$P$T72$74)
                  003220f4    00000002     menu.obj (.econst:_$P$T74$76)
                  003220f6    00000002     menu.obj (.econst:_$P$T75$77)
                  003220f8    00000002     menu.obj (.econst:_$P$T76$78)
                  003220fa    00000002     menu.obj (.econst:_$P$T78$80)
                  003220fc    00000002     menu.obj (.econst:_$P$T79$81)
                  003220fe    00000002     main.obj (.econst:_DGR_I_MAX)
                  00322100    00000002     main.obj (.econst:_DGR_I_MIN)
                  00322102    00000002     main.obj (.econst:_OCGR50_I_MAX)
                  00322104    00000002     main.obj (.econst:_OCGR50_I_MIN)
                  00322106    00000002     main.obj (.econst:_OCGR51_I_MAX)
                  00322108    00000002     main.obj (.econst:_OCGR51_I_MIN)
                  0032210a    00000002     main.obj (.econst:_OCR50_I_MAX)
                  0032210c    00000002     main.obj (.econst:_OCR50_I_MIN)
                  0032210e    00000002     main.obj (.econst:_OCR51_I_MAX)
                  00322110    00000002     main.obj (.econst:_OCR51_I_MIN)

.cinit     0    00322112    00000bdd     
                  00322112    00000b0b     menu.obj (.cinit)
                  00322c1d    000000b4     peripheral.obj (.cinit)
                  00322cd1    0000000a     rts2800_fpu32.lib : _lock.obj (.cinit)
                  00322cdb    0000000a                       : exit.obj (.cinit)
                  00322ce5    00000004     main.obj (.cinit)
                  00322ce9    00000004     rts2800_fpu32.lib : errno.obj (.cinit)
                  00322ced    00000002     --HOLE-- [fill = 0]

codestart 
*          0    0033fff6    00000002     
                  0033fff6    00000002     DSP2833x_CodeStartBranch.obj (codestart)

.reset     0    003fffc0    00000002     DSECT
                  003fffc0    00000002     rts2800_fpu32.lib : boot.obj (.reset)

vectors    0    003fffc2    00000000     DSECT

PieVectTableFile 
*          1    00000d00    00000100     UNINITIALIZED
                  00000d00    00000100     DSP2833x_GlobalVariableDefs.obj (PieVectTableFile)

.ebss      1    0000c000    000015bc     UNINITIALIZED
                  0000c000    00000dd4     main.obj (.ebss)
                  0000cdd4    0000000d     comms.obj (.ebss)
                  0000cde1    00000001     rts2800_fpu32.lib : errno.obj (.ebss)
                  0000cde2    00000004                       : _lock.obj (.ebss)
                  0000cde6    00000004                       : exit.obj (.ebss)
                  0000cdea    00000016     --HOLE--
                  0000ce00    000006b6     menu.obj (.ebss)
                  0000d4b6    0000000a     --HOLE--
                  0000d4c0    000000fc     peripheral.obj (.ebss)

.stack     1    0000d5bc    00000400     UNINITIALIZED
                  0000d5bc    00000400     --HOLE--


GLOBAL SYMBOLS: SORTED ALPHABETICALLY BY Name 

address    name
--------   ----
0030a204   .text
0031b638   C$$EXIT
0031af39   FD$$ADD
0031b4b4   FD$$CMP
0031afd5   FD$$DIV
0031b0e8   FD$$MPY
0031b6e4   FD$$NEG
0031b6b8   FD$$SUB
0031b54d   FD$$TOI
0031b58f   FD$$TOL
0031b604   FD$$TOUL
0031b060   FS$$DIV
0031b5cc   FS$$TOFD
0031b52b   I$$DIV
0031b53c   I$$MOD
0031b4de   L$$DIV
0031b4ed   L$$MOD
0031b5e8   L$$TOFD
0031b5ae   LL$$CMP
0031ad6e   LL$$DIV
0031adaa   LL$$MOD
0031b692   LL$$MPY
0031b6c6   U$$DIV
0031b6cb   U$$MOD
0031b4fb   UL$$DIV
0031b502   UL$$MOD
0031b667   UL$$TOFD
0031b5c0   ULL$$CMP
0031ade4   ULL$$DIV
0031ae13   ULL$$MOD
0000c05e   _ACCUMULATION
0031a9b7   _ADC_High_Calibration
0031a93c   _ADC_Offset_Calibration
0031aaaa   _ADC_low_Calibration
0000c00c   _ADDRESS
00318cb8   _ADDRESS_Default_Settings
0000c008   _AUTO_DISPLAY
00318cce   _AUTO_DISPLAY_Default_Settings
0000d4d2   _AckScr
0000ce03   _Button_Press
0000c700   _CALIBRATION
00321d3e   _CALIB_I_MAX
00321d44   _CALIB_I_MIN
00321d42   _CALIB_In_MAX
00321d3c   _CALIB_In_MIN
00321d48   _CALIB_V_MAX
00321d40   _CALIB_V_MIN
00321d4a   _CALIB_Vo_MAX
00321d4c   _CALIB_Vo_MIN
0000c022   _COMM
003160cd   _COMM_CRC
0000c010   _CORE
0000c0aa   _CPT
00318c5e   _CPT_Default_Settings
003217f9   _CRC_High
003218f9   _CRC_Low
00321d30   _CT_1A_RATED
00321d34   _CT_5A_RATED
00321d1b   _CT_MAX
00321d1c   _CT_MIN
0000c001   _Calibration_Menu_Escape
0031913e   _ClearFLASH
0000d034   _Cursor_Position
00321d38   _DEBOUNCE_MAX
00321d31   _DEBOUNCE_MIN
0000c440   _DFT
0031a88c   _DFT_Check
0000c400   _DGR
00321d26   _DGR_A_MAX
00321d25   _DGR_A_MIN
00319077   _DGR_Default_Settings
003220fe   _DGR_I_MAX
00322100   _DGR_I_MIN
00321d27   _DGR_T_MAX
00321d29   _DGR_T_MIN
003220d0   _DGR_V_MAX
003220d3   _DGR_V_MIN
0000c052   _DIDO
0000c098   _DIGITAL_INPUT
0000c013   _DIGITAL_OUTPUT
0000c600   _DISPLAY
0000c006   _DISPLAY_3PHASE
00318d2c   _DISPLAY_3PHASE_Default_Settings
0031910d   _DI_Default_Settings
00319129   _DO_Default_Settings
00321f1e   _DO_OFF_BIT
00321ef2   _DO_ON_BIT
0031a308   _DO_Output
0000c01a   _DSGR_ANGLE
0000a1ff   _DSP28x_usDelay
0000ce01   _Data_Change
0000ce06   _Data_Change_Count
0031a8f3   _Degree_Check
0000c380   _EVENT
00314acf   _Event_Item_Display
00314c88   _Event_Time_Display
0000c02e   _FLASH
0000d4d6   _FauScr
0031a461   _GPIO_setup
0000c02a   _GPT
00318c46   _GPT_Default_Settings
0000c00e   _GR_ANGLE
0000c500   _HARMONICS
0000c480   _HIMIX
0000a1e9   _InitFlash
0031a512   _InitTimer
000098cc   _Inverse_Op_Timeset
0000ce04   _KHS_Key_Press
003219fa   _KHS_LCD_Buffer
0000c580   _LCD
00319aca   _LCD_COMMAND
00319ab7   _LCD_DATA
00319adb   _LCD_INIT
0000d4c2   _LCD_LIGHT
00321d4e   _LCD_Position_Value
0000d4c4   _LCD_RS
00319b07   _LCD_light_OFF
00319b01   _LCD_light_ON
0000c000   _LOCAL_CONTROL
0000c04c   _LOCAL_CTRL
00318cf9   _LOCAL_CTRL_Default_Settings
0000d4c0   _Lcd_Bl_Count
0000cbc0   _MANAGER
0000c840   _MEASUREMENT
0000c002   _MIN_MAX
0000c026   _MODBUS
00318d42   _MODBUS_Default_Settings
0000cdd4   _ManagerSystem
0031b67d   _MemCopy
0000c1c0   _N47
00318fb0   _N47_Default_Settings
00321d32   _N47_T_MAX
00321d24   _N47_T_MIN
0032203a   _N47_V_MAX
0032203e   _N47_V_MIN
0000d4ca   _NorScr
0000c118   _OCGR50
00318e48   _OCGR50_Default_Settings
00322102   _OCGR50_I_MAX
00322104   _OCGR50_I_MIN
00321d2d   _OCGR50_T_MAX
00321d2e   _OCGR50_T_MIN
0000c280   _OCGR51
00318e78   _OCGR51_Default_Settings
00322106   _OCGR51_I_MAX
00322108   _OCGR51_I_MIN
00321d21   _OCGR51_TL_MAX
00321d2f   _OCGR51_TL_MIN
0000c21a   _OCR50_1
00318d88   _OCR50_1_Default_Settings
00008fc5   _OCR50_1_RELAY
0000c180   _OCR50_2
00318db8   _OCR50_2_Default_Settings
0032210a   _OCR50_I_MAX
0032210c   _OCR50_I_MIN
00321d33   _OCR50_T_MAX
00321d17   _OCR50_T_MIN
0000c300   _OCR51_1
00318de8   _OCR51_1_Default_Settings
0000c340   _OCR51_2
00318e18   _OCR51_2_Default_Settings
0032210e   _OCR51_I_MAX
00322110   _OCR51_I_MIN
00321d35   _OCR51_TL_MAX
00321d37   _OCR51_TL_MIN
00318d59   _OCR_MODE_Default_Settings
0000c032   _OCR_MODE_SET
00321efb   _OFF_BIT
00321f04   _ON_BIT
0000c240   _OVGR
0031903c   _OVGR_Default_Settings
00321d36   _OVGR_TL_MAX
00321d18   _OVGR_TL_MIN
003220d6   _OVGR_V_MAX
003220d9   _OVGR_V_MIN
0000c2c0   _OVR
00318ff2   _OVR_Default_Settings
00321d28   _OVR_TL_MAX
00321d2c   _OVR_TL_MIN
00321d2b   _OVR_T_MAX
00321d39   _OVR_T_MIN
00322042   _OVR_V_MAX
00322046   _OVR_V_MIN
0031a864   _Offset_Check
0000c19a   _P47
00318f6e   _P47_Default_Settings
00321d2a   _P47_T_MAX
00321d23   _P47_T_MIN
0032204a   _P47_V_MAX
0032204e   _P47_V_MIN
0000c00a   _PASSWORD
00318ce3   _PASSWORD_Default_Settings
0000c016   _PROTECT
00321d46   _PT_MAX
00321d3a   _PT_MIN
0031a392   _Peripheral_Clock_setup
00000d00   _PieVectTable
0000c06a   _RELAY_STATUS
0030a203   _RamfuncsLoadEnd
00308000   _RamfuncsLoadStart
00008000   _RamfuncsRunStart
0000d4ce   _ReserveP
00314d33   _Restore_Screen_Info
0000c980   _SAMPLE
00008d38   _SCIRXB_ISR
00008d7b   _SCITXINTB_ISR
00008da0   _SCITXINTC_ISR
0000c3c0   _SGR
00321d1d   _SGR_A_MAX
00321d1f   _SGR_A_MIN
003190c8   _SGR_Default_Settings
00321d1a   _SGR_I_MAX
00321d19   _SGR_I_MIN
00321d1e   _SGR_T_MAX
00321d16   _SGR_T_MIN
003220dc   _SGR_V_MAX
003220df   _SGR_V_MIN
0000c260   _SUPERVISION
0000c15a   _SYSTEM
0000c01e   _SYSTEM_ALARM
00318d71   _SYSTEM_ALARM_Default_Settings
0000c037   _SYSTEM_SET
0000d36c   _Save_Current_Screen
00314d2c   _Save_Screen_Info
0000d038   _Screen_Position
0000ce05   _Set_Password
00318bf7   _Setting_CRC
0000c100   _TIME
0000c080   _TIMER
0000c040   _TIMER0
0000c004   _TIMER1
00008bf5   _TINT1_ISR
0000c140   _UVR_1
00318ea8   _UVR_1_Default_Settings
00322052   _UVR_1_V_MAX
00322056   _UVR_1_V_MIN
0000c1da   _UVR_2
00318eea   _UVR_2_Default_Settings
0032205a   _UVR_2_V_MAX
0032205e   _UVR_2_V_MIN
0000c200   _UVR_3
00318f2c   _UVR_3_Default_Settings
00322062   _UVR_3_V_MAX
00322066   _UVR_3_V_MIN
0000c046   _UVR_MODE
00318d12   _UVR_MODE_Default_Settings
00321d22   _UVR_T_MAX
00321d20   _UVR_T_MIN
0000d500   _VFDABuffer
0000d580   _VFDFBuffer
0000d540   _VFDNBuffer
00319c86   _VFD_FONT
00319b21   _VFD_Init
00319bf7   _VFD_Single_Line_dump
00319c20   _VFD_Word_dump
0000d4c6   _VFD_cnt
00319c4a   _VFD_cursor
00319b72   _VFD_dump
00319bb7   _VFD_dump2
00319b0c   _VFD_gotopo
00319b59   _VFD_gotoxy
00319b6b   _VFD_mem_cpy_test
00319c77   _VFD_printf
0000c08c   _WAVE
00008000   _XINT3_ISR
0031a4bc   _Xinterface_setup
0000d9bc   __STACK_END
00000400   __STACK_SIZE
00000001   __TI_args_main
ffffffff   ___binit__
ffffffff   ___c_args__
00322112   ___cinit__
0031b705   ___etext__
0031b56e   ___memcpy_ff
ffffffff   ___pinit__
0030a204   ___text__
0031b61f   __args_main
0000cde6   __cleanup_ptr
003216f8   __ctypes_
0000cde8   __dtors_ptr
0000cde4   __lock
0031b359   __log
0031b6e3   __nop
00319985   __printfi
0031b6df   __register_lock
0031b6db   __register_unlock
0000d5bc   __stack
0000cde2   __unlock
0031b638   _abort
0031b16b   _atan
0031ae75   _atan2
0031b428   _atoi
003181e5   _aux_do_check
00317257   _booting_setting_check
0031b3ad   _c_int00
0000d2b4   _cb_cancel1
0000d2e0   _cb_cancel2
0000d2ac   _cb_fail1
0000d2b8   _cb_fail2
0000d2c4   _cb_good1
0000d2b0   _cb_good2
0000d048   _cb_status_view1
0000d044   _cb_status_view2
00316fd2   _comm_drive
0000d268   _comm_set1
0000d2c0   _comm_set2
0000d210   _comm_view1
0000d214   _commx
0031b247   _cos
00321dbc   _cos_50Hz
00321dd4   _cos_60Hz
0000c0c0   _cos_table
0000d084   _cpt1
0000d054   _cpt2
0031a33d   _cpu_setup
0000cf34   _ct_ratio_set1
0000cf88   _ct_ratio_set2
0000cf2c   _ct_ratio_set3
0000cf28   _ct_ratio_set4
0000ce54   _ct_ratio_view1
0000ce26   _ct_ratio_view2
0000cf90   _ct_ratio_view3
0000cef0   _ct_ratio_view4
0000d1d8   _current1
0000d1d4   _current2
0000d1e0   _current3
0000d1dc   _current4
0000d1c8   _current5
0000d1c4   _current6
0000d1d0   _current7
0030a204   _cursor_move
0030a213   _cursor_move_last
0000ce40   _data_reset1
0000ce5c   _data_reset2
0000ce3a   _data_reset3
00319a88   _delay
0000d348   _delay_set1
00009f0e   _delay_us
0000d194   _delta_vdf1
0000d184   _di1
0000cf04   _di_set1
0000cef8   _di_set2
0000cf84   _di_set3
0000cf7c   _di_set4
0000cf78   _di_set5
0000cf8c   _di_set6
0000cf80   _di_set7
0000cfa4   _di_set8
0000cfa0   _di_set_view1
0000cff4   _di_set_view2
0000cf98   _di_set_view3
0000cf94   _di_set_view4
0000d024   _diag1
0000d030   _diag2
0000d01c   _diag3
0000d19c   _didocb1
0000d188   _didocb2
0000d140   _display1
0000d158   _display2
0000d154   _display3
0000d160   _display4
0000d190   _do1
0000d18c   _do2
00008e4b   _do_release
0000d040   _docb1
0000d03c   _docb2
0000d380   _dsgr_set1
0000d384   _dsgr_set2
0000d378   _dsgr_set3
0000d360   _dsgr_set4
0000d38c   _dsgr_view1
0000d388   _dsgr_view2
0000d394   _dsgr_view3
0000d4c8   _dumpP
0000d018   _east_egg1
0000d02c   _east_egg2
0000d020   _east_egg3
00319c87   _eerom_control
00319d82   _eerom_read
00319cef   _eerom_write
0000cde1   _errno
0000ce32   _etc1
0000ce36   _etc2
0000ce12   _etc3
0000cfc8   _etc_view1
0000cfb4   _etc_view2
0000ceb8   _event1
0000ce60   _event10
0000ce6c   _event11
0000ce68   _event12
0000cec4   _event2
0000cec0   _event3
0000ce74   _event4
0000ce70   _event5
0000ce90   _event6
0000ce78   _event8
0000ce64   _event9
0000d3e4   _event_control
0000ce98   _event_d
00009d8c   _event_direct_save
00318c33   _event_info_update
0000d452   _event_io
0000d424   _event_mode_change
0000d440   _event_phase
0000d480   _event_relay
0000d3f6   _event_reset
0000d466   _event_set
0000ce8c   _event_t
0000ce08   _event_test
0000cebc   _eventx
0031b63a   _exit
0031b1dd   _exp
00319e13   _flash_sector_erase
00319e30   _flash_word_write
00009ac0   _float_to_8bit_fram
0031553f   _float_to_integer
0031b651   _frexp
0000cf4c   _gr_set1
0000cf40   _gr_set_view1
0000d104   _gr_view1
0000d130   _gr_view2
0000d12c   _gr_view3
0000d138   _gr_view4
0000d134   _gr_view5
0000d120   _gr_view6
0000d2e8   _h50_set1
0000d0ec   _h50_view1
0000d0f8   _h50_view2
0000d2dc   _h50_view3
00315b8d   _harmonic_real_imag_calculation
00315a89   _harmonic_sample_backup
00315564   _harmonics
0000d17c   _harmonics1
0000d168   _harmonics2
0000d164   _harmonics3
0000d170   _harmonics4
0000d16c   _harmonics5
0000d198   _harmonics6
00321a46   _harmonics_1st_cos
00321a8e   _harmonics_1st_sin
00321ad6   _harmonics_3rd_cos
00321b1e   _harmonics_3rd_sin
00321b66   _harmonics_5th_cos
00321bae   _harmonics_5th_sin
00321bf6   _harmonics_7th_cos
00321c3e   _harmonics_7th_sin
00321c86   _harmonics_9th_cos
00321cce   _harmonics_9th_sin
0000cfbc   _hidden1
00315502   _himix_crc
00314d47   _himix_drive
00321ee8   _himix_number
00009f3d   _i2c_read
0031a540   _i2c_setup
00009f7d   _i2c_write
00316095   _interrupt_control
0031a3b5   _interrupt_setup
00009fbc   _key_drive
0000d2c8   _l_cb_close
0000d2bc   _l_cb_open
0000cf74   _lc_set1
0000cf60   _lc_set2
0000cf5c   _lc_set3
0000cf70   _lc_view1
0000a052   _lcd_character_write
0000a035   _lcd_control_write
0031a56b   _lcd_setup
0031b3f3   _ldexp
0031a29a   _led_handling
0000d004   _led_test1
0031b488   _ltoa
00314d3a   _main
0000a06f   _make_crc_send
003160f3   _manager_handling
00315f2e   _measure2_display
00315dd4   _measure_display
0000d15c   _measuremnt1
0000d148   _measuremnt2
0000d144   _measuremnt3
0000d150   _measuremnt4
0031b6a6   _memccpy
0031b6fe   _memset
0030a249   _menu_00_00
0030a2c9   _menu_00_01
0030a316   _menu_00_02
0030a386   _menu_00_03
0030a3db   _menu_00_04
0030a430   _menu_00_05
0030a485   _menu_00_06
0030a4da   _menu_00_07
0030a52b   _menu_00_08
0030a57c   _menu_01_01
0030a5d2   _menu_01_03
0030a61f   _menu_01_04
0030a6a0   _menu_01_05
0030a6dd   _menu_01_06
0030a72a   _menu_01_07
0030a793   _menu_01_08
0030a80a   _menu_01_09
0030a873   _menu_01_10
0030a8ea   _menu_01_11
0030a953   _menu_01_12
0030a9ca   _menu_01_13
0030aa1b   _menu_01_14
0030aa6c   _menu_02_01
0030aaa4   _menu_02_03
0030aaf5   _menu_02_04
0030ab6a   _menu_02_05
0030abb9   _menu_02_06
0030ac08   _menu_03_03
0030ac71   _menu_04_02
00312be1   _menu_100_04
00312c4b   _menu_100_05
00312c7c   _menu_100_06
00312ce5   _menu_100_07
00312d08   _menu_100_08
00312d2b   _menu_101_04
00312d87   _menu_101_05
00312dde   _menu_101_06
00312e15   _menu_101_07
00312e81   _menu_101_08
00312ea4   _menu_101_09
00312ec7   _menu_102_05
00312f0b   _menu_102_06
00312f36   _menu_103_04
00312f9d   _menu_103_05
00312fe8   _menu_103_06
00313023   _menu_103_07
0031308e   _menu_103_08
003130b1   _menu_103_09
003130d4   _menu_104_04
0031313b   _menu_104_05
003131ce   _menu_104_06
003131f9   _menu_104_07
0031322d   _menu_104_08
0031328e   _menu_104_09
003132f9   _menu_104_10
0031331c   _menu_104_11
0031333f   _menu_150_01
003133a5   _menu_150_02
003133fb   _menu_151_01
0031351a   _menu_151_02
00313580   _menu_151_03
003135e6   _menu_151_04
0031364d   _menu_151_05
003136f1   _menu_151_06
0031370b   _menu_151_07
00313725   _menu_152_01
00313783   _menu_152_02
003137b6   _menu_152_03
00313851   _menu_152_04
003138f7   _menu_152_05
00313922   _menu_153_01
003139a1   _menu_153_02
00313a65   _menu_153_03
00313b29   _menu_153_04
00313bed   _menu_153_05
00313d7d   _menu_153_06
00313e41   _menu_153_07
00313f05   _menu_153_08
00313fc9   _menu_153_09
00314093   _menu_153_10
00314216   _menu_153_11
00314239   _menu_153_12
0031425c   _menu_154_02
003142b3   _menu_154_03
003142d6   _menu_154_04
003142f9   _menu_156_02
0031438d   _menu_156_03
00314421   _menu_156_04
003144b5   _menu_156_05
00314549   _menu_156_06
003145dd   _menu_156_07
00314671   _menu_156_08
00314705   _menu_156_09
0031479c   _menu_156_10
003147cd   _menu_156_11
003147fe   _menu_156_12
0031482f   _menu_156_13
0031485d   _menu_156_14
003148d4   _menu_156_15
003148f7   _menu_156_16
0031491a   _menu_157_02
003149a9   _menu_157_03
00314a12   _menu_157_04
00314a35   _menu_157_05
0030acb1   _menu_29_02
0030ad14   _menu_29_03
0030ad25   _menu_41_02
0030ad70   _menu_41_03
0030ae08   _menu_41_04
0030ae7a   _menu_41_05
0030afd7   _menu_41_06
0030b06a   _menu_41_07
0030b093   _menu_41_08
0030b0ea   _menu_41_09
0030b14b   _menu_41_10
0030b1b8   _menu_41_11
0030b1db   _menu_41_12
0030b1fe   _menu_42_01
0030b2a9   _menu_42_02
0030b2c8   _menu_42_03
0030b364   _menu_42_05
0030b4c3   _menu_42_06
0030b56b   _menu_42_07
0030b5fe   _menu_42_08
0030b627   _menu_42_09
0030b696   _menu_42_10
0030b6f7   _menu_42_11
0030b766   _menu_42_12
0030b789   _menu_42_13
0030b7ac   _menu_43_03
0030b94a   _menu_43_04
0030b9bc   _menu_43_05
0030bb19   _menu_43_06
0030bbac   _menu_43_07
0030bbd5   _menu_43_08
0030bc2c   _menu_43_09
0030bc8d   _menu_43_10
0030bcfa   _menu_43_11
0030bd1d   _menu_43_12
0030bd40   _menu_44_03
0030be8a   _menu_44_05
0030bfe9   _menu_44_06
0030c091   _menu_44_07
0030c124   _menu_44_08
0030c14d   _menu_44_09
0030c1bc   _menu_44_10
0030c21d   _menu_44_11
0030c28c   _menu_44_12
0030c2af   _menu_44_13
0030c2d2   _menu_45_03
0030c35b   _menu_45_04
0030c3d6   _menu_45_05
0030c52f   _menu_45_06
0030c5d7   _menu_45_07
0030c66a   _menu_45_08
0030c6a4   _menu_45_09
0030c713   _menu_45_10
0030c774   _menu_45_11
0030c7e3   _menu_45_12
0030c806   _menu_45_13
0030c829   _menu_46_04
0030c8a4   _menu_46_05
0030c9fd   _menu_46_06
0030caa5   _menu_46_07
0030cb38   _menu_46_08
0030cb72   _menu_46_09
0030cbe1   _menu_46_10
0030cc42   _menu_46_11
0030ccb1   _menu_46_12
0030ccd4   _menu_46_13
0030ccf7   _menu_47_04
0030cd63   _menu_47_05
0030ce12   _menu_47_06
0030cea5   _menu_47_07
0030cece   _menu_47_08
0030cf08   _menu_47_09
0030cf69   _menu_47_10
0030cfd6   _menu_47_11
0030cff9   _menu_47_12
0030d01c   _menu_48_05
0030d0cb   _menu_48_06
0030d173   _menu_48_07
0030d206   _menu_48_08
0030d22f   _menu_48_09
0030d289   _menu_48_10
0030d2ea   _menu_48_11
0030d359   _menu_48_12
0030d37c   _menu_48_13
0030d39f   _menu_49_04
0030d41a   _menu_49_05
0030d4ca   _menu_49_06
0030d572   _menu_49_07
0030d605   _menu_49_08
0030d63f   _menu_49_09
0030d699   _menu_49_10
0030d6fa   _menu_49_11
0030d769   _menu_49_12
0030d78c   _menu_49_13
0030d7af   _menu_50_04
0030d8c7   _menu_50_05
0030d961   _menu_50_06
0030d9f4   _menu_50_07
0030da29   _menu_50_08
0030da5e   _menu_50_09
0030dabf   _menu_50_10
0030db2c   _menu_50_11
0030db4f   _menu_50_12
0030db72   _menu_51_04
0030dce6   _menu_51_05
0030dd80   _menu_51_06
0030de13   _menu_51_07
0030de48   _menu_51_08
0030de7d   _menu_51_09
0030dede   _menu_51_10
0030df4b   _menu_51_11
0030df6e   _menu_51_12
0030df91   _menu_52_04
0030e105   _menu_52_05
0030e19f   _menu_52_06
0030e232   _menu_52_07
0030e267   _menu_52_08
0030e29c   _menu_52_09
0030e2fd   _menu_52_10
0030e36a   _menu_52_11
0030e38d   _menu_52_12
0030e3b0   _menu_53_04
0030e524   _menu_53_05
0030e5be   _menu_53_06
0030e651   _menu_53_07
0030e686   _menu_53_08
0030e6bb   _menu_53_09
0030e71c   _menu_53_10
0030e789   _menu_53_11
0030e7ac   _menu_53_12
0030e7cf   _menu_54_04
0030e8e7   _menu_54_05
0030e981   _menu_54_06
0030ea14   _menu_54_07
0030ea49   _menu_54_08
0030ea7e   _menu_54_09
0030eadf   _menu_54_10
0030eb4c   _menu_54_11
0030eb6f   _menu_54_12
0030eb92   _menu_55_04
0030ec5f   _menu_55_05
0030ed76   _menu_55_06
0030ee10   _menu_55_07
0030eea3   _menu_55_08
0030eecc   _menu_55_09
0030ef0d   _menu_55_10
0030ef6e   _menu_55_11
0030efdd   _menu_55_12
0030f000   _menu_55_13
0030f023   _menu_56_05
0030f13a   _menu_56_06
0030f1e2   _menu_56_07
0030f275   _menu_56_08
0030f29e   _menu_56_09
0030f2df   _menu_56_10
0030f340   _menu_56_11
0030f3af   _menu_56_12
0030f3d2   _menu_56_13
0030f3f5   _menu_57_04
0030f4a7   _menu_57_05
0030f58c   _menu_57_06
0030f61f   _menu_57_07
0030f648   _menu_57_08
0030f67d   _menu_57_09
0030f6de   _menu_57_10
0030f74b   _menu_57_11
0030f76e   _menu_57_12
0030f791   _menu_58_05
0030f889   _menu_58_06
0030f931   _menu_58_07
0030f9c4   _menu_58_08
0030f9ed   _menu_58_09
0030fa2e   _menu_58_10
0030fa8f   _menu_58_11
0030fafe   _menu_58_12
0030fb21   _menu_58_13
0030fb44   _menu_59_04
0030fc30   _menu_59_05
0030fd29   _menu_59_06
0030fdc3   _menu_59_07
0030fe51   _menu_59_08
0030fee4   _menu_59_09
0030ff28   _menu_59_10
0030ff69   _menu_59_11
0030ff98   _menu_59_12
0030fff9   _menu_59_13
0031006a   _menu_59_14
0031008d   _menu_59_15
003100b0   _menu_60_04
00310195   _menu_60_05
0031028e   _menu_60_06
00310328   _menu_60_07
003103b6   _menu_60_08
00310449   _menu_60_09
0031047e   _menu_60_10
003104bf   _menu_60_11
003104ee   _menu_60_12
0031054f   _menu_60_13
003105c0   _menu_60_14
003105e3   _menu_60_15
00310606   _menu_80_03
003106c3   _menu_80_04
00310774   _menu_80_05
00310803   _menu_80_06
00310892   _menu_80_07
00310921   _menu_80_08
003109b0   _menu_80_09
00310a3f   _menu_80_10
00310a8e   _menu_80_11
00310c34   _menu_80_12
00310c57   _menu_80_13
00310c7a   _menu_81_03
00310cfb   _menu_81_04
00310db6   _menu_81_05
00310e66   _menu_81_06
00310f2e   _menu_81_07
0031109b   _menu_81_08
0031112e   _menu_81_09
003111ab   _menu_81_10
00311221   _menu_81_11
00311244   _menu_81_12
00311267   _menu_82_03
003112cb   _menu_82_04
00311348   _menu_82_05
003113c7   _menu_82_06
00311446   _menu_82_07
003114c3   _menu_82_08
00311540   _menu_82_09
003115c0   _menu_82_10
003115fb   _menu_82_11
0031164e   _menu_82_12
00311671   _menu_82_13
00311694   _menu_83_03
003116fd   _menu_83_04
00311754   _menu_83_05
003117a7   _menu_83_06
00311834   _menu_83_07
00311857   _menu_83_08
0031187a   _menu_84_03
003118e7   _menu_84_05
00311977   _menu_84_06
003119ca   _menu_84_07
003119ed   _menu_84_08
00311a10   _menu_84_09
00311a33   _menu_85_03
00311ab1   _menu_85_04
00311b04   _menu_85_05
00311b27   _menu_85_06
00311b4a   _menu_86_03
00311bbe   _menu_86_04
00311c11   _menu_86_05
00311c34   _menu_86_06
00311c57   _menu_87_03
00311cd1   _menu_87_04
00311d24   _menu_87_05
00311d47   _menu_87_06
00311d6a   _menu_88_03
00311de0   _menu_88_04
00311e70   _menu_88_05
00311e9f   _menu_88_06
00311f08   _menu_88_07
00311f2b   _menu_88_08
00311f4e   _menu_89_03
00311fd1   _menu_89_04
0031202a   _menu_89_05
00312093   _menu_89_06
003120b6   _menu_89_07
003120d9   _menu_90_03
00312121   _menu_90_04
00312174   _menu_90_05
00312197   _menu_90_06
003121ba   _menu_91_04
0031224b   _menu_91_05
0031227a   _menu_91_06
003122e3   _menu_91_07
00312306   _menu_91_08
00312329   _menu_92_04
003123c1   _menu_92_05
0031243b   _menu_92_06
0031248d   _menu_92_07
003124f8   _menu_92_08
0031251b   _menu_92_09
0031253e   _menu_95_04
003125a5   _menu_95_05
003125ed   _menu_95_06
0031263a   _menu_95_07
003126a7   _menu_95_08
003126ca   _menu_95_09
003126ed   _menu_96_05
00312718   _menu_97_04
00312798   _menu_97_05
0031281b   _menu_97_06
00312852   _menu_97_07
003128ad   _menu_97_08
003128d0   _menu_97_09
003128f3   _menu_98_04
0031295c   _menu_98_05
003129c5   _menu_98_06
00312a25   _menu_98_07
00312a59   _menu_98_08
00312a95   _menu_98_09
00312b02   _menu_98_10
00312b25   _menu_98_11
00314ab3   _menu_99_00
00312b48   _menu_99_04
00312b9b   _menu_99_05
00312bbe   _menu_99_06
0000a162   _menu_drive
00314a58   _menu_dummy
00314d0d   _menu_init
00314a77   _menu_popup
0031fad8   _menu_tables
0000d21c   _motor_set1
0000d218   _motor_set2
0000d224   _motor_set3
0000d1f4   _motor_view1
0000d1f0   _motor_view2
0000d230   _n47_set1
0000d25c   _n47_view1
0000d2d4   _nch_set1
0000d280   _nch_set2
0000d27c   _nch_set3
0000d288   _nch_set4
0000d284   _nch_view1
0000d270   _nch_view2
0000d0dc   _nch_view4
0000d0e8   _nch_view5
0000d1ec   _nsocr_set1
0000d1e8   _nsocr_view1
0000d0bc   _nsocr_view4
0000d0c8   _nsocr_view5
0000d320   _ocgr50_set1
0000d30c   _ocgr50_view1
0000d308   _ocgr50_view2
0000d310   _ocgr51_set1
0000d37c   _ocgr51_view1
0000d2f0   _ocr50_set1
0000d2ec   _ocr50_view1
0000d300   _ocr50_view2
0000d318   _ocr51_set1
0000d314   _ocr51_view1
0000cf54   _ocr_pro_set1
0000cf48   _ocr_pro_set2
0000cf6c   _ocr_pro_view1
0000cf68   _ocr_pro_view2
0000d10c   _ocr_view1
0000d118   _ocr_view2
0000d114   _ocr_view3
0000d100   _ocr_view4
0000d0fc   _ocr_view5
0000d108   _ocr_view6
00008ebb   _over_phase_value_check
0000d370   _ovgr_set1
0000d374   _ovgr_view1
0000d368   _ovgr_view2
0000d124   _ovgr_view4
0000d0d0   _ovgr_view5
0000d0cc   _ovgr_view6
0000d0d8   _ovgr_view7
0000d364   _ovr_set1
0000d358   _ovr_view1
0000d35c   _ovr_view2
0000d11c   _ovr_view4
0000d128   _ovr_view5
0000d228   _p47_set1
0000d234   _p47_view1
0000ce0e   _p_view_format1
0000ceb0   _p_view_format10
0000ceac   _p_view_format100
0000ced0   _p_view_format100g
0000cea0   _p_view_format100k
0000cea4   _p_view_format100m
0000cf64   _p_view_format10g
0000ceb4   _p_view_format10k
0000cea8   _p_view_format10m
0000cec8   _p_view_format1g
0000cecc   _p_view_format1k
0000ce9c   _p_view_format1m
0000cfa8   _password_input1
0000cf9c   _password_input2
0000cf50   _password_set1
0031a35b   _pll_setup
0031b2a8   _pow
0000d1cc   _power1
0000d178   _power2
0000d174   _power3
0000d180   _power4
00009b51   _power_update
00009015   _protective_relay
0000cf3c   _pt_ratio_set1
0000cf30   _pt_ratio_set2
0000cefc   _pt_ratio_set3
0000cf08   _pt_ratio_view1
0000cf38   _pt_ratio_view10
0000cf14   _pt_ratio_view11
0000cf1c   _pt_ratio_view12
0000cf18   _pt_ratio_view13
0000cf24   _pt_ratio_view14
0000cf10   _pt_ratio_view15
0000cf0c   _pt_ratio_view16
0000cf00   _pt_ratio_view2
0000cedc   _pt_ratio_view3
0000cee8   _pt_ratio_view4
0000ced4   _pt_ratio_view5
0000ced8   _pt_ratio_view6
0000ceec   _pt_ratio_view7
0000cee0   _pt_ratio_view8
0000cee4   _pt_ratio_view9
00318205   _pt_setting_min_max_check
0000cef4   _pt_wiring_set1
0000cf20   _pt_wiring_view1
0000d1a0   _q_value
00009948   _real_main
0000d1e4   _relay1
0000d0ac   _relay10
0000d0b8   _relay11
0000d0b4   _relay12
0000d0a0   _relay13
0000d09c   _relay14
0000d0a8   _relay15
0000d0a4   _relay16
0000d090   _relay2
0000d08c   _relay3
0000d098   _relay4
0000d094   _relay5
0000d080   _relay6
0000d07c   _relay7
0000d088   _relay8
0000d0b0   _relay9
0000d418   _relay_curve
00008dd2   _relay_detect_to_pickup
00008ea9   _relay_dropout_to_normal
0000d390   _relay_mode1
0000d344   _relay_mode2
0000d340   _relay_mode3
0000d354   _relay_mode4
00008dcd   _relay_normal_to_detect
0000d34c   _relay_onoff1
00008e41   _relay_opeartion_to_dropout
00008de5   _relay_pickup_to_operation
0000ce94   _relay_popup1
0000ce80   _relay_popup2
0000ce7c   _relay_popup3
0000ce88   _relay_popup4
0000ce84   _relay_popup5
0000cff0   _relay_popup6
0000cffc   _relay_popup7
0000cfe8   _relay_popup8
0000cfe4   _relay_popup9
0000d304   _relay_relay1
0000d2f8   _relay_set_view1
0000cff8   _relay_test1
0000cfec   _relay_test2
0000d010   _relay_test3
0000d00c   _relay_test4
0000d028   _relay_test5
0000ce48   _reset1
0000ce44   _reset2
0000ce50   _reset3
0000ce0a   _resetq
00009e1e   _rtc_handling
0000cfc4   _run_time
0000d2cc   _s_l_set1
0000d2d8   _s_l_set2
0000d2e4   _s_l_view1
0000d2d0   _s_l_view2
0000ce2a   _save1
0000ce22   _save_cancel1
0000ce2e   _save_confirm1
0000ce58   _save_fail1
0000ce4c   _save_no1
0031a40c   _sci_setup
0000d4da   _scrP
0030a21a   _screen_frame
0030a22a   _screen_frame2
0030a239   _screen_frame3
0000a0d4   _serial_ok_nak_send
00316f26   _serial_write
0000d40c   _set_integer
0000d050   _setting1
0000d04c   _setting2
0000d058   _setting3
00318bd3   _setting_load
003181f2   _setting_min_max_check
0031825e   _setting_post_handling
00318219   _setting_save
0031b302   _sin
00321dec   _sin_50Hz
00321e04   _sin_60Hz
0000c0d8   _sin_table
0000d400   _six_point_2
0000d0f4   _sl_view1
0000d0e0   _sl_view2
0000d32c   _sovr_view1
0000d338   _sovr_view2
0031b459   _sprintf
0031b508   _sqrt
0031b6ed   _strcpy
0031b6d1   _strlen
00009b0a   _supervision_relay
0000d074   _supervison_set1
0000d060   _supervison_set2
0000d05c   _supervison_set3
0000d068   _supervison_set4
0000d064   _supervison_set5
0000d110   _supervison_set6
0000d070   _supervison_view1
0000d06c   _supervison_view2
0000d078   _supervison_view3
0000d258   _sync_set1
0000d264   _sync_set2
0000d260   _sync_set3
0000d24c   _sync_set4
0000d248   _sync_view1
0000d254   _sync_view2
0000d250   _sync_view3
0000d324   _syncro_view1
0000d328   _syncro_view2
0000d33c   _syncro_view3
0000d330   _syncro_view4
0000cfb0   _sys_time
0000d2a8   _system_set1
0000d2a4   _system_set2
0000d290   _system_set3
0000d28c   _system_set4
0000d298   _system_set5
0000d294   _system_set6
0000d26c   _system_view1
0000d278   _system_view2
0000d274   _system_view3
0000d2a0   _system_view4
0000d29c   _system_view5
0000d000   _test2
0000d014   _test3
0000cfc0   _test4
0000d20c   _thr_set1
0000d208   _thr_set2
0000d220   _thr_view1
0000d0c4   _thr_view4
0000d0f0   _thr_view5
0000cfb8   _time_set1
0000cfdc   _time_set2
0000cfd8   _time_set3
0000d008   _time_set4
0000cfd0   _time_set5
0000cfcc   _time_set6
0000cfe0   _time_set7
0000cfd4   _time_set8
0000d2fc   _tl_set1
0000d1fc   _ucr_set1
0000d1f8   _ucr_set2
0000d204   _ucr_view1
0000d200   _ucr_view2
0000d0d4   _ucr_view3
0000d0c0   _ucr_view4
00008f43   _under_phase_value_check
0000d23c   _uvr_set1
0000d238   _uvr_set2
0000d244   _uvr_set_view1
0000d240   _uvr_set_view2
0000d22c   _uvr_set_view3
0000d0e4   _uvr_view1
0000d13c   _uvr_view2
0000d334   _uvr_view3
0000d31c   _uvr_view4
0000d2f4   _uvr_view5
0000d350   _uvr_view6
0000d3de   _view_format1
0000d3c0   _view_format10
0000d3b6   _view_format100
0000d3d2   _view_format100g
0000d3d8   _view_format100k
0000d398   _view_format100m
0000d3a4   _view_format10g
0000d3c6   _view_format10k
0000d3aa   _view_format10m
0000d39e   _view_format1g
0000d3cc   _view_format1k
0000d3b0   _view_format1m
0000d14c   _volt1
0000d1b8   _volt2
0000d1b4   _volt3
0000d1c0   _volt4
0000d1bc   _volt5
0000d1a8   _volt6
0000d1a4   _volt7
0000d1b0   _volt8
0000d1ac   _volt9
0000ce16   _wave1
0000ce1e   _wave2
0000ce1a   _wave3
00321e34   _wave_buffer_address
00321e48   _wave_buffer_post_address
00319eab   _wave_di_initial_post
00319e90   _wave_di_initial_pre1
00319e9e   _wave_di_initial_pre2
0000a112   _wave_dump_serial_sram
00319eb5   _wave_flash_sector_erase
00319e47   _wave_flash_word_write
00319ece   _wave_save_process
00319e86   _wave_vi_initial_post
00319e6b   _wave_vi_initial_pre1
00319e79   _wave_vi_initial_pre2
0000cf58   _zct_set1
0000cf44   _zct_view1
ffffffff   binit
00322112   cinit
0033fff6   code_start
0031b705   etext
ffffffff   pinit


GLOBAL SYMBOLS: SORTED BY Symbol Address 

address    name
--------   ----
00000001   __TI_args_main
00000400   __STACK_SIZE
00000d00   _PieVectTable
00008000   _RamfuncsRunStart
00008000   _XINT3_ISR
00008bf5   _TINT1_ISR
00008d38   _SCIRXB_ISR
00008d7b   _SCITXINTB_ISR
00008da0   _SCITXINTC_ISR
00008dcd   _relay_normal_to_detect
00008dd2   _relay_detect_to_pickup
00008de5   _relay_pickup_to_operation
00008e41   _relay_opeartion_to_dropout
00008e4b   _do_release
00008ea9   _relay_dropout_to_normal
00008ebb   _over_phase_value_check
00008f43   _under_phase_value_check
00008fc5   _OCR50_1_RELAY
00009015   _protective_relay
000098cc   _Inverse_Op_Timeset
00009948   _real_main
00009ac0   _float_to_8bit_fram
00009b0a   _supervision_relay
00009b51   _power_update
00009d8c   _event_direct_save
00009e1e   _rtc_handling
00009f0e   _delay_us
00009f3d   _i2c_read
00009f7d   _i2c_write
00009fbc   _key_drive
0000a035   _lcd_control_write
0000a052   _lcd_character_write
0000a06f   _make_crc_send
0000a0d4   _serial_ok_nak_send
0000a112   _wave_dump_serial_sram
0000a162   _menu_drive
0000a1e9   _InitFlash
0000a1ff   _DSP28x_usDelay
0000c000   _LOCAL_CONTROL
0000c001   _Calibration_Menu_Escape
0000c002   _MIN_MAX
0000c004   _TIMER1
0000c006   _DISPLAY_3PHASE
0000c008   _AUTO_DISPLAY
0000c00a   _PASSWORD
0000c00c   _ADDRESS
0000c00e   _GR_ANGLE
0000c010   _CORE
0000c013   _DIGITAL_OUTPUT
0000c016   _PROTECT
0000c01a   _DSGR_ANGLE
0000c01e   _SYSTEM_ALARM
0000c022   _COMM
0000c026   _MODBUS
0000c02a   _GPT
0000c02e   _FLASH
0000c032   _OCR_MODE_SET
0000c037   _SYSTEM_SET
0000c040   _TIMER0
0000c046   _UVR_MODE
0000c04c   _LOCAL_CTRL
0000c052   _DIDO
0000c05e   _ACCUMULATION
0000c06a   _RELAY_STATUS
0000c080   _TIMER
0000c08c   _WAVE
0000c098   _DIGITAL_INPUT
0000c0aa   _CPT
0000c0c0   _cos_table
0000c0d8   _sin_table
0000c100   _TIME
0000c118   _OCGR50
0000c140   _UVR_1
0000c15a   _SYSTEM
0000c180   _OCR50_2
0000c19a   _P47
0000c1c0   _N47
0000c1da   _UVR_2
0000c200   _UVR_3
0000c21a   _OCR50_1
0000c240   _OVGR
0000c260   _SUPERVISION
0000c280   _OCGR51
0000c2c0   _OVR
0000c300   _OCR51_1
0000c340   _OCR51_2
0000c380   _EVENT
0000c3c0   _SGR
0000c400   _DGR
0000c440   _DFT
0000c480   _HIMIX
0000c500   _HARMONICS
0000c580   _LCD
0000c600   _DISPLAY
0000c700   _CALIBRATION
0000c840   _MEASUREMENT
0000c980   _SAMPLE
0000cbc0   _MANAGER
0000cdd4   _ManagerSystem
0000cde1   _errno
0000cde2   __unlock
0000cde4   __lock
0000cde6   __cleanup_ptr
0000cde8   __dtors_ptr
0000ce01   _Data_Change
0000ce03   _Button_Press
0000ce04   _KHS_Key_Press
0000ce05   _Set_Password
0000ce06   _Data_Change_Count
0000ce08   _event_test
0000ce0a   _resetq
0000ce0e   _p_view_format1
0000ce12   _etc3
0000ce16   _wave1
0000ce1a   _wave3
0000ce1e   _wave2
0000ce22   _save_cancel1
0000ce26   _ct_ratio_view2
0000ce2a   _save1
0000ce2e   _save_confirm1
0000ce32   _etc1
0000ce36   _etc2
0000ce3a   _data_reset3
0000ce40   _data_reset1
0000ce44   _reset2
0000ce48   _reset1
0000ce4c   _save_no1
0000ce50   _reset3
0000ce54   _ct_ratio_view1
0000ce58   _save_fail1
0000ce5c   _data_reset2
0000ce60   _event10
0000ce64   _event9
0000ce68   _event12
0000ce6c   _event11
0000ce70   _event5
0000ce74   _event4
0000ce78   _event8
0000ce7c   _relay_popup3
0000ce80   _relay_popup2
0000ce84   _relay_popup5
0000ce88   _relay_popup4
0000ce8c   _event_t
0000ce90   _event6
0000ce94   _relay_popup1
0000ce98   _event_d
0000ce9c   _p_view_format1m
0000cea0   _p_view_format100k
0000cea4   _p_view_format100m
0000cea8   _p_view_format10m
0000ceac   _p_view_format100
0000ceb0   _p_view_format10
0000ceb4   _p_view_format10k
0000ceb8   _event1
0000cebc   _eventx
0000cec0   _event3
0000cec4   _event2
0000cec8   _p_view_format1g
0000cecc   _p_view_format1k
0000ced0   _p_view_format100g
0000ced4   _pt_ratio_view5
0000ced8   _pt_ratio_view6
0000cedc   _pt_ratio_view3
0000cee0   _pt_ratio_view8
0000cee4   _pt_ratio_view9
0000cee8   _pt_ratio_view4
0000ceec   _pt_ratio_view7
0000cef0   _ct_ratio_view4
0000cef4   _pt_wiring_set1
0000cef8   _di_set2
0000cefc   _pt_ratio_set3
0000cf00   _pt_ratio_view2
0000cf04   _di_set1
0000cf08   _pt_ratio_view1
0000cf0c   _pt_ratio_view16
0000cf10   _pt_ratio_view15
0000cf14   _pt_ratio_view11
0000cf18   _pt_ratio_view13
0000cf1c   _pt_ratio_view12
0000cf20   _pt_wiring_view1
0000cf24   _pt_ratio_view14
0000cf28   _ct_ratio_set4
0000cf2c   _ct_ratio_set3
0000cf30   _pt_ratio_set2
0000cf34   _ct_ratio_set1
0000cf38   _pt_ratio_view10
0000cf3c   _pt_ratio_set1
0000cf40   _gr_set_view1
0000cf44   _zct_view1
0000cf48   _ocr_pro_set2
0000cf4c   _gr_set1
0000cf50   _password_set1
0000cf54   _ocr_pro_set1
0000cf58   _zct_set1
0000cf5c   _lc_set3
0000cf60   _lc_set2
0000cf64   _p_view_format10g
0000cf68   _ocr_pro_view2
0000cf6c   _ocr_pro_view1
0000cf70   _lc_view1
0000cf74   _lc_set1
0000cf78   _di_set5
0000cf7c   _di_set4
0000cf80   _di_set7
0000cf84   _di_set3
0000cf88   _ct_ratio_set2
0000cf8c   _di_set6
0000cf90   _ct_ratio_view3
0000cf94   _di_set_view4
0000cf98   _di_set_view3
0000cf9c   _password_input2
0000cfa0   _di_set_view1
0000cfa4   _di_set8
0000cfa8   _password_input1
0000cfb0   _sys_time
0000cfb4   _etc_view2
0000cfb8   _time_set1
0000cfbc   _hidden1
0000cfc0   _test4
0000cfc4   _run_time
0000cfc8   _etc_view1
0000cfcc   _time_set6
0000cfd0   _time_set5
0000cfd4   _time_set8
0000cfd8   _time_set3
0000cfdc   _time_set2
0000cfe0   _time_set7
0000cfe4   _relay_popup9
0000cfe8   _relay_popup8
0000cfec   _relay_test2
0000cff0   _relay_popup6
0000cff4   _di_set_view2
0000cff8   _relay_test1
0000cffc   _relay_popup7
0000d000   _test2
0000d004   _led_test1
0000d008   _time_set4
0000d00c   _relay_test4
0000d010   _relay_test3
0000d014   _test3
0000d018   _east_egg1
0000d01c   _diag3
0000d020   _east_egg3
0000d024   _diag1
0000d028   _relay_test5
0000d02c   _east_egg2
0000d030   _diag2
0000d034   _Cursor_Position
0000d038   _Screen_Position
0000d03c   _docb2
0000d040   _docb1
0000d044   _cb_status_view2
0000d048   _cb_status_view1
0000d04c   _setting2
0000d050   _setting1
0000d054   _cpt2
0000d058   _setting3
0000d05c   _supervison_set3
0000d060   _supervison_set2
0000d064   _supervison_set5
0000d068   _supervison_set4
0000d06c   _supervison_view2
0000d070   _supervison_view1
0000d074   _supervison_set1
0000d078   _supervison_view3
0000d07c   _relay7
0000d080   _relay6
0000d084   _cpt1
0000d088   _relay8
0000d08c   _relay3
0000d090   _relay2
0000d094   _relay5
0000d098   _relay4
0000d09c   _relay14
0000d0a0   _relay13
0000d0a4   _relay16
0000d0a8   _relay15
0000d0ac   _relay10
0000d0b0   _relay9
0000d0b4   _relay12
0000d0b8   _relay11
0000d0bc   _nsocr_view4
0000d0c0   _ucr_view4
0000d0c4   _thr_view4
0000d0c8   _nsocr_view5
0000d0cc   _ovgr_view6
0000d0d0   _ovgr_view5
0000d0d4   _ucr_view3
0000d0d8   _ovgr_view7
0000d0dc   _nch_view4
0000d0e0   _sl_view2
0000d0e4   _uvr_view1
0000d0e8   _nch_view5
0000d0ec   _h50_view1
0000d0f0   _thr_view5
0000d0f4   _sl_view1
0000d0f8   _h50_view2
0000d0fc   _ocr_view5
0000d100   _ocr_view4
0000d104   _gr_view1
0000d108   _ocr_view6
0000d10c   _ocr_view1
0000d110   _supervison_set6
0000d114   _ocr_view3
0000d118   _ocr_view2
0000d11c   _ovr_view4
0000d120   _gr_view6
0000d124   _ovgr_view4
0000d128   _ovr_view5
0000d12c   _gr_view3
0000d130   _gr_view2
0000d134   _gr_view5
0000d138   _gr_view4
0000d13c   _uvr_view2
0000d140   _display1
0000d144   _measuremnt3
0000d148   _measuremnt2
0000d14c   _volt1
0000d150   _measuremnt4
0000d154   _display3
0000d158   _display2
0000d15c   _measuremnt1
0000d160   _display4
0000d164   _harmonics3
0000d168   _harmonics2
0000d16c   _harmonics5
0000d170   _harmonics4
0000d174   _power3
0000d178   _power2
0000d17c   _harmonics1
0000d180   _power4
0000d184   _di1
0000d188   _didocb2
0000d18c   _do2
0000d190   _do1
0000d194   _delta_vdf1
0000d198   _harmonics6
0000d19c   _didocb1
0000d1a0   _q_value
0000d1a4   _volt7
0000d1a8   _volt6
0000d1ac   _volt9
0000d1b0   _volt8
0000d1b4   _volt3
0000d1b8   _volt2
0000d1bc   _volt5
0000d1c0   _volt4
0000d1c4   _current6
0000d1c8   _current5
0000d1cc   _power1
0000d1d0   _current7
0000d1d4   _current2
0000d1d8   _current1
0000d1dc   _current4
0000d1e0   _current3
0000d1e4   _relay1
0000d1e8   _nsocr_view1
0000d1ec   _nsocr_set1
0000d1f0   _motor_view2
0000d1f4   _motor_view1
0000d1f8   _ucr_set2
0000d1fc   _ucr_set1
0000d200   _ucr_view2
0000d204   _ucr_view1
0000d208   _thr_set2
0000d20c   _thr_set1
0000d210   _comm_view1
0000d214   _commx
0000d218   _motor_set2
0000d21c   _motor_set1
0000d220   _thr_view1
0000d224   _motor_set3
0000d228   _p47_set1
0000d22c   _uvr_set_view3
0000d230   _n47_set1
0000d234   _p47_view1
0000d238   _uvr_set2
0000d23c   _uvr_set1
0000d240   _uvr_set_view2
0000d244   _uvr_set_view1
0000d248   _sync_view1
0000d24c   _sync_set4
0000d250   _sync_view3
0000d254   _sync_view2
0000d258   _sync_set1
0000d25c   _n47_view1
0000d260   _sync_set3
0000d264   _sync_set2
0000d268   _comm_set1
0000d26c   _system_view1
0000d270   _nch_view2
0000d274   _system_view3
0000d278   _system_view2
0000d27c   _nch_set3
0000d280   _nch_set2
0000d284   _nch_view1
0000d288   _nch_set4
0000d28c   _system_set4
0000d290   _system_set3
0000d294   _system_set6
0000d298   _system_set5
0000d29c   _system_view5
0000d2a0   _system_view4
0000d2a4   _system_set2
0000d2a8   _system_set1
0000d2ac   _cb_fail1
0000d2b0   _cb_good2
0000d2b4   _cb_cancel1
0000d2b8   _cb_fail2
0000d2bc   _l_cb_open
0000d2c0   _comm_set2
0000d2c4   _cb_good1
0000d2c8   _l_cb_close
0000d2cc   _s_l_set1
0000d2d0   _s_l_view2
0000d2d4   _nch_set1
0000d2d8   _s_l_set2
0000d2dc   _h50_view3
0000d2e0   _cb_cancel2
0000d2e4   _s_l_view1
0000d2e8   _h50_set1
0000d2ec   _ocr50_view1
0000d2f0   _ocr50_set1
0000d2f4   _uvr_view5
0000d2f8   _relay_set_view1
0000d2fc   _tl_set1
0000d300   _ocr50_view2
0000d304   _relay_relay1
0000d308   _ocgr50_view2
0000d30c   _ocgr50_view1
0000d310   _ocgr51_set1
0000d314   _ocr51_view1
0000d318   _ocr51_set1
0000d31c   _uvr_view4
0000d320   _ocgr50_set1
0000d324   _syncro_view1
0000d328   _syncro_view2
0000d32c   _sovr_view1
0000d330   _syncro_view4
0000d334   _uvr_view3
0000d338   _sovr_view2
0000d33c   _syncro_view3
0000d340   _relay_mode3
0000d344   _relay_mode2
0000d348   _delay_set1
0000d34c   _relay_onoff1
0000d350   _uvr_view6
0000d354   _relay_mode4
0000d358   _ovr_view1
0000d35c   _ovr_view2
0000d360   _dsgr_set4
0000d364   _ovr_set1
0000d368   _ovgr_view2
0000d36c   _Save_Current_Screen
0000d370   _ovgr_set1
0000d374   _ovgr_view1
0000d378   _dsgr_set3
0000d37c   _ocgr51_view1
0000d380   _dsgr_set1
0000d384   _dsgr_set2
0000d388   _dsgr_view2
0000d38c   _dsgr_view1
0000d390   _relay_mode1
0000d394   _dsgr_view3
0000d398   _view_format100m
0000d39e   _view_format1g
0000d3a4   _view_format10g
0000d3aa   _view_format10m
0000d3b0   _view_format1m
0000d3b6   _view_format100
0000d3c0   _view_format10
0000d3c6   _view_format10k
0000d3cc   _view_format1k
0000d3d2   _view_format100g
0000d3d8   _view_format100k
0000d3de   _view_format1
0000d3e4   _event_control
0000d3f6   _event_reset
0000d400   _six_point_2
0000d40c   _set_integer
0000d418   _relay_curve
0000d424   _event_mode_change
0000d440   _event_phase
0000d452   _event_io
0000d466   _event_set
0000d480   _event_relay
0000d4c0   _Lcd_Bl_Count
0000d4c2   _LCD_LIGHT
0000d4c4   _LCD_RS
0000d4c6   _VFD_cnt
0000d4c8   _dumpP
0000d4ca   _NorScr
0000d4ce   _ReserveP
0000d4d2   _AckScr
0000d4d6   _FauScr
0000d4da   _scrP
0000d500   _VFDABuffer
0000d540   _VFDNBuffer
0000d580   _VFDFBuffer
0000d5bc   __stack
0000d9bc   __STACK_END
00308000   _RamfuncsLoadStart
0030a203   _RamfuncsLoadEnd
0030a204   .text
0030a204   ___text__
0030a204   _cursor_move
0030a213   _cursor_move_last
0030a21a   _screen_frame
0030a22a   _screen_frame2
0030a239   _screen_frame3
0030a249   _menu_00_00
0030a2c9   _menu_00_01
0030a316   _menu_00_02
0030a386   _menu_00_03
0030a3db   _menu_00_04
0030a430   _menu_00_05
0030a485   _menu_00_06
0030a4da   _menu_00_07
0030a52b   _menu_00_08
0030a57c   _menu_01_01
0030a5d2   _menu_01_03
0030a61f   _menu_01_04
0030a6a0   _menu_01_05
0030a6dd   _menu_01_06
0030a72a   _menu_01_07
0030a793   _menu_01_08
0030a80a   _menu_01_09
0030a873   _menu_01_10
0030a8ea   _menu_01_11
0030a953   _menu_01_12
0030a9ca   _menu_01_13
0030aa1b   _menu_01_14
0030aa6c   _menu_02_01
0030aaa4   _menu_02_03
0030aaf5   _menu_02_04
0030ab6a   _menu_02_05
0030abb9   _menu_02_06
0030ac08   _menu_03_03
0030ac71   _menu_04_02
0030acb1   _menu_29_02
0030ad14   _menu_29_03
0030ad25   _menu_41_02
0030ad70   _menu_41_03
0030ae08   _menu_41_04
0030ae7a   _menu_41_05
0030afd7   _menu_41_06
0030b06a   _menu_41_07
0030b093   _menu_41_08
0030b0ea   _menu_41_09
0030b14b   _menu_41_10
0030b1b8   _menu_41_11
0030b1db   _menu_41_12
0030b1fe   _menu_42_01
0030b2a9   _menu_42_02
0030b2c8   _menu_42_03
0030b364   _menu_42_05
0030b4c3   _menu_42_06
0030b56b   _menu_42_07
0030b5fe   _menu_42_08
0030b627   _menu_42_09
0030b696   _menu_42_10
0030b6f7   _menu_42_11
0030b766   _menu_42_12
0030b789   _menu_42_13
0030b7ac   _menu_43_03
0030b94a   _menu_43_04
0030b9bc   _menu_43_05
0030bb19   _menu_43_06
0030bbac   _menu_43_07
0030bbd5   _menu_43_08
0030bc2c   _menu_43_09
0030bc8d   _menu_43_10
0030bcfa   _menu_43_11
0030bd1d   _menu_43_12
0030bd40   _menu_44_03
0030be8a   _menu_44_05
0030bfe9   _menu_44_06
0030c091   _menu_44_07
0030c124   _menu_44_08
0030c14d   _menu_44_09
0030c1bc   _menu_44_10
0030c21d   _menu_44_11
0030c28c   _menu_44_12
0030c2af   _menu_44_13
0030c2d2   _menu_45_03
0030c35b   _menu_45_04
0030c3d6   _menu_45_05
0030c52f   _menu_45_06
0030c5d7   _menu_45_07
0030c66a   _menu_45_08
0030c6a4   _menu_45_09
0030c713   _menu_45_10
0030c774   _menu_45_11
0030c7e3   _menu_45_12
0030c806   _menu_45_13
0030c829   _menu_46_04
0030c8a4   _menu_46_05
0030c9fd   _menu_46_06
0030caa5   _menu_46_07
0030cb38   _menu_46_08
0030cb72   _menu_46_09
0030cbe1   _menu_46_10
0030cc42   _menu_46_11
0030ccb1   _menu_46_12
0030ccd4   _menu_46_13
0030ccf7   _menu_47_04
0030cd63   _menu_47_05
0030ce12   _menu_47_06
0030cea5   _menu_47_07
0030cece   _menu_47_08
0030cf08   _menu_47_09
0030cf69   _menu_47_10
0030cfd6   _menu_47_11
0030cff9   _menu_47_12
0030d01c   _menu_48_05
0030d0cb   _menu_48_06
0030d173   _menu_48_07
0030d206   _menu_48_08
0030d22f   _menu_48_09
0030d289   _menu_48_10
0030d2ea   _menu_48_11
0030d359   _menu_48_12
0030d37c   _menu_48_13
0030d39f   _menu_49_04
0030d41a   _menu_49_05
0030d4ca   _menu_49_06
0030d572   _menu_49_07
0030d605   _menu_49_08
0030d63f   _menu_49_09
0030d699   _menu_49_10
0030d6fa   _menu_49_11
0030d769   _menu_49_12
0030d78c   _menu_49_13
0030d7af   _menu_50_04
0030d8c7   _menu_50_05
0030d961   _menu_50_06
0030d9f4   _menu_50_07
0030da29   _menu_50_08
0030da5e   _menu_50_09
0030dabf   _menu_50_10
0030db2c   _menu_50_11
0030db4f   _menu_50_12
0030db72   _menu_51_04
0030dce6   _menu_51_05
0030dd80   _menu_51_06
0030de13   _menu_51_07
0030de48   _menu_51_08
0030de7d   _menu_51_09
0030dede   _menu_51_10
0030df4b   _menu_51_11
0030df6e   _menu_51_12
0030df91   _menu_52_04
0030e105   _menu_52_05
0030e19f   _menu_52_06
0030e232   _menu_52_07
0030e267   _menu_52_08
0030e29c   _menu_52_09
0030e2fd   _menu_52_10
0030e36a   _menu_52_11
0030e38d   _menu_52_12
0030e3b0   _menu_53_04
0030e524   _menu_53_05
0030e5be   _menu_53_06
0030e651   _menu_53_07
0030e686   _menu_53_08
0030e6bb   _menu_53_09
0030e71c   _menu_53_10
0030e789   _menu_53_11
0030e7ac   _menu_53_12
0030e7cf   _menu_54_04
0030e8e7   _menu_54_05
0030e981   _menu_54_06
0030ea14   _menu_54_07
0030ea49   _menu_54_08
0030ea7e   _menu_54_09
0030eadf   _menu_54_10
0030eb4c   _menu_54_11
0030eb6f   _menu_54_12
0030eb92   _menu_55_04
0030ec5f   _menu_55_05
0030ed76   _menu_55_06
0030ee10   _menu_55_07
0030eea3   _menu_55_08
0030eecc   _menu_55_09
0030ef0d   _menu_55_10
0030ef6e   _menu_55_11
0030efdd   _menu_55_12
0030f000   _menu_55_13
0030f023   _menu_56_05
0030f13a   _menu_56_06
0030f1e2   _menu_56_07
0030f275   _menu_56_08
0030f29e   _menu_56_09
0030f2df   _menu_56_10
0030f340   _menu_56_11
0030f3af   _menu_56_12
0030f3d2   _menu_56_13
0030f3f5   _menu_57_04
0030f4a7   _menu_57_05
0030f58c   _menu_57_06
0030f61f   _menu_57_07
0030f648   _menu_57_08
0030f67d   _menu_57_09
0030f6de   _menu_57_10
0030f74b   _menu_57_11
0030f76e   _menu_57_12
0030f791   _menu_58_05
0030f889   _menu_58_06
0030f931   _menu_58_07
0030f9c4   _menu_58_08
0030f9ed   _menu_58_09
0030fa2e   _menu_58_10
0030fa8f   _menu_58_11
0030fafe   _menu_58_12
0030fb21   _menu_58_13
0030fb44   _menu_59_04
0030fc30   _menu_59_05
0030fd29   _menu_59_06
0030fdc3   _menu_59_07
0030fe51   _menu_59_08
0030fee4   _menu_59_09
0030ff28   _menu_59_10
0030ff69   _menu_59_11
0030ff98   _menu_59_12
0030fff9   _menu_59_13
0031006a   _menu_59_14
0031008d   _menu_59_15
003100b0   _menu_60_04
00310195   _menu_60_05
0031028e   _menu_60_06
00310328   _menu_60_07
003103b6   _menu_60_08
00310449   _menu_60_09
0031047e   _menu_60_10
003104bf   _menu_60_11
003104ee   _menu_60_12
0031054f   _menu_60_13
003105c0   _menu_60_14
003105e3   _menu_60_15
00310606   _menu_80_03
003106c3   _menu_80_04
00310774   _menu_80_05
00310803   _menu_80_06
00310892   _menu_80_07
00310921   _menu_80_08
003109b0   _menu_80_09
00310a3f   _menu_80_10
00310a8e   _menu_80_11
00310c34   _menu_80_12
00310c57   _menu_80_13
00310c7a   _menu_81_03
00310cfb   _menu_81_04
00310db6   _menu_81_05
00310e66   _menu_81_06
00310f2e   _menu_81_07
0031109b   _menu_81_08
0031112e   _menu_81_09
003111ab   _menu_81_10
00311221   _menu_81_11
00311244   _menu_81_12
00311267   _menu_82_03
003112cb   _menu_82_04
00311348   _menu_82_05
003113c7   _menu_82_06
00311446   _menu_82_07
003114c3   _menu_82_08
00311540   _menu_82_09
003115c0   _menu_82_10
003115fb   _menu_82_11
0031164e   _menu_82_12
00311671   _menu_82_13
00311694   _menu_83_03
003116fd   _menu_83_04
00311754   _menu_83_05
003117a7   _menu_83_06
00311834   _menu_83_07
00311857   _menu_83_08
0031187a   _menu_84_03
003118e7   _menu_84_05
00311977   _menu_84_06
003119ca   _menu_84_07
003119ed   _menu_84_08
00311a10   _menu_84_09
00311a33   _menu_85_03
00311ab1   _menu_85_04
00311b04   _menu_85_05
00311b27   _menu_85_06
00311b4a   _menu_86_03
00311bbe   _menu_86_04
00311c11   _menu_86_05
00311c34   _menu_86_06
00311c57   _menu_87_03
00311cd1   _menu_87_04
00311d24   _menu_87_05
00311d47   _menu_87_06
00311d6a   _menu_88_03
00311de0   _menu_88_04
00311e70   _menu_88_05
00311e9f   _menu_88_06
00311f08   _menu_88_07
00311f2b   _menu_88_08
00311f4e   _menu_89_03
00311fd1   _menu_89_04
0031202a   _menu_89_05
00312093   _menu_89_06
003120b6   _menu_89_07
003120d9   _menu_90_03
00312121   _menu_90_04
00312174   _menu_90_05
00312197   _menu_90_06
003121ba   _menu_91_04
0031224b   _menu_91_05
0031227a   _menu_91_06
003122e3   _menu_91_07
00312306   _menu_91_08
00312329   _menu_92_04
003123c1   _menu_92_05
0031243b   _menu_92_06
0031248d   _menu_92_07
003124f8   _menu_92_08
0031251b   _menu_92_09
0031253e   _menu_95_04
003125a5   _menu_95_05
003125ed   _menu_95_06
0031263a   _menu_95_07
003126a7   _menu_95_08
003126ca   _menu_95_09
003126ed   _menu_96_05
00312718   _menu_97_04
00312798   _menu_97_05
0031281b   _menu_97_06
00312852   _menu_97_07
003128ad   _menu_97_08
003128d0   _menu_97_09
003128f3   _menu_98_04
0031295c   _menu_98_05
003129c5   _menu_98_06
00312a25   _menu_98_07
00312a59   _menu_98_08
00312a95   _menu_98_09
00312b02   _menu_98_10
00312b25   _menu_98_11
00312b48   _menu_99_04
00312b9b   _menu_99_05
00312bbe   _menu_99_06
00312be1   _menu_100_04
00312c4b   _menu_100_05
00312c7c   _menu_100_06
00312ce5   _menu_100_07
00312d08   _menu_100_08
00312d2b   _menu_101_04
00312d87   _menu_101_05
00312dde   _menu_101_06
00312e15   _menu_101_07
00312e81   _menu_101_08
00312ea4   _menu_101_09
00312ec7   _menu_102_05
00312f0b   _menu_102_06
00312f36   _menu_103_04
00312f9d   _menu_103_05
00312fe8   _menu_103_06
00313023   _menu_103_07
0031308e   _menu_103_08
003130b1   _menu_103_09
003130d4   _menu_104_04
0031313b   _menu_104_05
003131ce   _menu_104_06
003131f9   _menu_104_07
0031322d   _menu_104_08
0031328e   _menu_104_09
003132f9   _menu_104_10
0031331c   _menu_104_11
0031333f   _menu_150_01
003133a5   _menu_150_02
003133fb   _menu_151_01
0031351a   _menu_151_02
00313580   _menu_151_03
003135e6   _menu_151_04
0031364d   _menu_151_05
003136f1   _menu_151_06
0031370b   _menu_151_07
00313725   _menu_152_01
00313783   _menu_152_02
003137b6   _menu_152_03
00313851   _menu_152_04
003138f7   _menu_152_05
00313922   _menu_153_01
003139a1   _menu_153_02
00313a65   _menu_153_03
00313b29   _menu_153_04
00313bed   _menu_153_05
00313d7d   _menu_153_06
00313e41   _menu_153_07
00313f05   _menu_153_08
00313fc9   _menu_153_09
00314093   _menu_153_10
00314216   _menu_153_11
00314239   _menu_153_12
0031425c   _menu_154_02
003142b3   _menu_154_03
003142d6   _menu_154_04
003142f9   _menu_156_02
0031438d   _menu_156_03
00314421   _menu_156_04
003144b5   _menu_156_05
00314549   _menu_156_06
003145dd   _menu_156_07
00314671   _menu_156_08
00314705   _menu_156_09
0031479c   _menu_156_10
003147cd   _menu_156_11
003147fe   _menu_156_12
0031482f   _menu_156_13
0031485d   _menu_156_14
003148d4   _menu_156_15
003148f7   _menu_156_16
0031491a   _menu_157_02
003149a9   _menu_157_03
00314a12   _menu_157_04
00314a35   _menu_157_05
00314a58   _menu_dummy
00314a77   _menu_popup
00314ab3   _menu_99_00
00314acf   _Event_Item_Display
00314c88   _Event_Time_Display
00314d0d   _menu_init
00314d2c   _Save_Screen_Info
00314d33   _Restore_Screen_Info
00314d3a   _main
00314d47   _himix_drive
00315502   _himix_crc
0031553f   _float_to_integer
00315564   _harmonics
00315a89   _harmonic_sample_backup
00315b8d   _harmonic_real_imag_calculation
00315dd4   _measure_display
00315f2e   _measure2_display
00316095   _interrupt_control
003160cd   _COMM_CRC
003160f3   _manager_handling
00316f26   _serial_write
00316fd2   _comm_drive
00317257   _booting_setting_check
003181e5   _aux_do_check
003181f2   _setting_min_max_check
00318205   _pt_setting_min_max_check
00318219   _setting_save
0031825e   _setting_post_handling
00318bd3   _setting_load
00318bf7   _Setting_CRC
00318c33   _event_info_update
00318c46   _GPT_Default_Settings
00318c5e   _CPT_Default_Settings
00318cb8   _ADDRESS_Default_Settings
00318cce   _AUTO_DISPLAY_Default_Settings
00318ce3   _PASSWORD_Default_Settings
00318cf9   _LOCAL_CTRL_Default_Settings
00318d12   _UVR_MODE_Default_Settings
00318d2c   _DISPLAY_3PHASE_Default_Settings
00318d42   _MODBUS_Default_Settings
00318d59   _OCR_MODE_Default_Settings
00318d71   _SYSTEM_ALARM_Default_Settings
00318d88   _OCR50_1_Default_Settings
00318db8   _OCR50_2_Default_Settings
00318de8   _OCR51_1_Default_Settings
00318e18   _OCR51_2_Default_Settings
00318e48   _OCGR50_Default_Settings
00318e78   _OCGR51_Default_Settings
00318ea8   _UVR_1_Default_Settings
00318eea   _UVR_2_Default_Settings
00318f2c   _UVR_3_Default_Settings
00318f6e   _P47_Default_Settings
00318fb0   _N47_Default_Settings
00318ff2   _OVR_Default_Settings
0031903c   _OVGR_Default_Settings
00319077   _DGR_Default_Settings
003190c8   _SGR_Default_Settings
0031910d   _DI_Default_Settings
00319129   _DO_Default_Settings
0031913e   _ClearFLASH
00319985   __printfi
00319a88   _delay
00319ab7   _LCD_DATA
00319aca   _LCD_COMMAND
00319adb   _LCD_INIT
00319b01   _LCD_light_ON
00319b07   _LCD_light_OFF
00319b0c   _VFD_gotopo
00319b21   _VFD_Init
00319b59   _VFD_gotoxy
00319b6b   _VFD_mem_cpy_test
00319b72   _VFD_dump
00319bb7   _VFD_dump2
00319bf7   _VFD_Single_Line_dump
00319c20   _VFD_Word_dump
00319c4a   _VFD_cursor
00319c77   _VFD_printf
00319c86   _VFD_FONT
00319c87   _eerom_control
00319cef   _eerom_write
00319d82   _eerom_read
00319e13   _flash_sector_erase
00319e30   _flash_word_write
00319e47   _wave_flash_word_write
00319e6b   _wave_vi_initial_pre1
00319e79   _wave_vi_initial_pre2
00319e86   _wave_vi_initial_post
00319e90   _wave_di_initial_pre1
00319e9e   _wave_di_initial_pre2
00319eab   _wave_di_initial_post
00319eb5   _wave_flash_sector_erase
00319ece   _wave_save_process
0031a29a   _led_handling
0031a308   _DO_Output
0031a33d   _cpu_setup
0031a35b   _pll_setup
0031a392   _Peripheral_Clock_setup
0031a3b5   _interrupt_setup
0031a40c   _sci_setup
0031a461   _GPIO_setup
0031a4bc   _Xinterface_setup
0031a512   _InitTimer
0031a540   _i2c_setup
0031a56b   _lcd_setup
0031a864   _Offset_Check
0031a88c   _DFT_Check
0031a8f3   _Degree_Check
0031a93c   _ADC_Offset_Calibration
0031a9b7   _ADC_High_Calibration
0031aaaa   _ADC_low_Calibration
0031ad6e   LL$$DIV
0031adaa   LL$$MOD
0031ade4   ULL$$DIV
0031ae13   ULL$$MOD
0031ae75   _atan2
0031af39   FD$$ADD
0031afd5   FD$$DIV
0031b060   FS$$DIV
0031b0e8   FD$$MPY
0031b16b   _atan
0031b1dd   _exp
0031b247   _cos
0031b2a8   _pow
0031b302   _sin
0031b359   __log
0031b3ad   _c_int00
0031b3f3   _ldexp
0031b428   _atoi
0031b459   _sprintf
0031b488   _ltoa
0031b4b4   FD$$CMP
0031b4de   L$$DIV
0031b4ed   L$$MOD
0031b4fb   UL$$DIV
0031b502   UL$$MOD
0031b508   _sqrt
0031b52b   I$$DIV
0031b53c   I$$MOD
0031b54d   FD$$TOI
0031b56e   ___memcpy_ff
0031b58f   FD$$TOL
0031b5ae   LL$$CMP
0031b5c0   ULL$$CMP
0031b5cc   FS$$TOFD
0031b5e8   L$$TOFD
0031b604   FD$$TOUL
0031b61f   __args_main
0031b638   C$$EXIT
0031b638   _abort
0031b63a   _exit
0031b651   _frexp
0031b667   UL$$TOFD
0031b67d   _MemCopy
0031b692   LL$$MPY
0031b6a6   _memccpy
0031b6b8   FD$$SUB
0031b6c6   U$$DIV
0031b6cb   U$$MOD
0031b6d1   _strlen
0031b6db   __register_unlock
0031b6df   __register_lock
0031b6e3   __nop
0031b6e4   FD$$NEG
0031b6ed   _strcpy
0031b6fe   _memset
0031b705   ___etext__
0031b705   etext
0031fad8   _menu_tables
003216f8   __ctypes_
003217f9   _CRC_High
003218f9   _CRC_Low
003219fa   _KHS_LCD_Buffer
00321a46   _harmonics_1st_cos
00321a8e   _harmonics_1st_sin
00321ad6   _harmonics_3rd_cos
00321b1e   _harmonics_3rd_sin
00321b66   _harmonics_5th_cos
00321bae   _harmonics_5th_sin
00321bf6   _harmonics_7th_cos
00321c3e   _harmonics_7th_sin
00321c86   _harmonics_9th_cos
00321cce   _harmonics_9th_sin
00321d16   _SGR_T_MIN
00321d17   _OCR50_T_MIN
00321d18   _OVGR_TL_MIN
00321d19   _SGR_I_MIN
00321d1a   _SGR_I_MAX
00321d1b   _CT_MAX
00321d1c   _CT_MIN
00321d1d   _SGR_A_MAX
00321d1e   _SGR_T_MAX
00321d1f   _SGR_A_MIN
00321d20   _UVR_T_MIN
00321d21   _OCGR51_TL_MAX
00321d22   _UVR_T_MAX
00321d23   _P47_T_MIN
00321d24   _N47_T_MIN
00321d25   _DGR_A_MIN
00321d26   _DGR_A_MAX
00321d27   _DGR_T_MAX
00321d28   _OVR_TL_MAX
00321d29   _DGR_T_MIN
00321d2a   _P47_T_MAX
00321d2b   _OVR_T_MAX
00321d2c   _OVR_TL_MIN
00321d2d   _OCGR50_T_MAX
00321d2e   _OCGR50_T_MIN
00321d2f   _OCGR51_TL_MIN
00321d30   _CT_1A_RATED
00321d31   _DEBOUNCE_MIN
00321d32   _N47_T_MAX
00321d33   _OCR50_T_MAX
00321d34   _CT_5A_RATED
00321d35   _OCR51_TL_MAX
00321d36   _OVGR_TL_MAX
00321d37   _OCR51_TL_MIN
00321d38   _DEBOUNCE_MAX
00321d39   _OVR_T_MIN
00321d3a   _PT_MIN
00321d3c   _CALIB_In_MIN
00321d3e   _CALIB_I_MAX
00321d40   _CALIB_V_MIN
00321d42   _CALIB_In_MAX
00321d44   _CALIB_I_MIN
00321d46   _PT_MAX
00321d48   _CALIB_V_MAX
00321d4a   _CALIB_Vo_MAX
00321d4c   _CALIB_Vo_MIN
00321d4e   _LCD_Position_Value
00321dbc   _cos_50Hz
00321dd4   _cos_60Hz
00321dec   _sin_50Hz
00321e04   _sin_60Hz
00321e34   _wave_buffer_address
00321e48   _wave_buffer_post_address
00321ee8   _himix_number
00321ef2   _DO_ON_BIT
00321efb   _OFF_BIT
00321f04   _ON_BIT
00321f1e   _DO_OFF_BIT
0032203a   _N47_V_MAX
0032203e   _N47_V_MIN
00322042   _OVR_V_MAX
00322046   _OVR_V_MIN
0032204a   _P47_V_MAX
0032204e   _P47_V_MIN
00322052   _UVR_1_V_MAX
00322056   _UVR_1_V_MIN
0032205a   _UVR_2_V_MAX
0032205e   _UVR_2_V_MIN
00322062   _UVR_3_V_MAX
00322066   _UVR_3_V_MIN
003220d0   _DGR_V_MAX
003220d3   _DGR_V_MIN
003220d6   _OVGR_V_MAX
003220d9   _OVGR_V_MIN
003220dc   _SGR_V_MAX
003220df   _SGR_V_MIN
003220fe   _DGR_I_MAX
00322100   _DGR_I_MIN
00322102   _OCGR50_I_MAX
00322104   _OCGR50_I_MIN
00322106   _OCGR51_I_MAX
00322108   _OCGR51_I_MIN
0032210a   _OCR50_I_MAX
0032210c   _OCR50_I_MIN
0032210e   _OCR51_I_MAX
00322110   _OCR51_I_MIN
00322112   ___cinit__
00322112   cinit
0033fff6   code_start
ffffffff   ___binit__
ffffffff   ___c_args__
ffffffff   ___pinit__
ffffffff   binit
ffffffff   pinit

[1196 symbols]
