******************************************************************************
             TMS320C2000 Linker PC v6.1.0                      
******************************************************************************
>> Linked Mon Apr 27 20:44:50 2015

OUTPUT FILE NAME:   <HIMAP4UP_v11_modify.out>
ENTRY POINT SYMBOL: "_c_int00"  address: 0031b0d2


MEMORY CONFIGURATION

         name            origin    length      used     unused   attr    fill
----------------------  --------  ---------  --------  --------  ----  --------
PAGE 0:
  RAML_CODE             00008000   00004000  00002203  00001dfd  RWIX
  FLASH_CODE            00308000   00037f80  0001aa13  0001d56d  RWIX
  CSM_RSVD              0033ff80   00000076  00000000  00000076  RWIX
  BEGIN                 0033fff6   00000002  00000002  00000000  RWIX
  CSM_PWL               0033fff8   00000008  00000000  00000008  RWIX
  ADC_CAL               00380080   00000009  00000000  00000009  RWIX
  OTP                   00380400   00000400  00000000  00000400  RWIX
  IQTABLES              003fe000   00000b50  00000000  00000b50  RWIX
  IQTABLES2             003feb50   0000008c  00000000  0000008c  RWIX
  FPUTABLES             003febdc   000006a0  00000000  000006a0  RWIX
  ROM                   003ff27c   00000d44  00000000  00000d44  RWIX
  RESET                 003fffc0   00000002  00000000  00000002  RWIX
  VECTORS               003fffc2   0000003e  00000000  0000003e  RWIX

PAGE 1:
  BOOT_RSVD             00000000   00000050  00000000  00000050  RWIX
  RAMM0                 00000050   000003b0  00000000  000003b0  RWIX
  RAMM1                 00000400   00000400  00000000  00000400  RWIX
  DEV_EMU               00000880   00000180  00000000  00000180  RWIX
  FLASH_REGS            00000a80   00000060  00000000  00000060  RWIX
  CSM                   00000ae0   00000010  00000000  00000010  RWIX
  ADC_MIRROR            00000b00   00000010  00000000  00000010  RWIX
  XINTF                 00000b20   00000020  00000000  00000020  RWIX
  CPU_TIMER0            00000c00   00000008  00000000  00000008  RWIX
  CPU_TIMER1            00000c08   00000008  00000000  00000008  RWIX
  CPU_TIMER2            00000c10   00000008  00000000  00000008  RWIX
  PIE_CTRL              00000ce0   00000020  00000000  00000020  RWIX
  PIE_VECT              00000d00   00000100  00000100  00000000  RWIX
  DMA                   00001000   00000200  00000000  00000200  RWIX
  MCBSPA                00005000   00000040  00000000  00000040  RWIX
  MCBSPB                00005040   00000040  00000000  00000040  RWIX
  ECANA                 00006000   00000040  00000000  00000040  RWIX
  ECANA_LAM             00006040   00000040  00000000  00000040  RWIX
  ECANA_MOTS            00006080   00000040  00000000  00000040  RWIX
  ECANA_MOTO            000060c0   00000040  00000000  00000040  RWIX
  ECANA_MBOX            00006100   00000100  00000000  00000100  RWIX
  ECANB                 00006200   00000040  00000000  00000040  RWIX
  ECANB_LAM             00006240   00000040  00000000  00000040  RWIX
  ECANB_MOTS            00006280   00000040  00000000  00000040  RWIX
  ECANB_MOTO            000062c0   00000040  00000000  00000040  RWIX
  ECANB_MBOX            00006300   00000100  00000000  00000100  RWIX
  EPWM1                 00006800   00000022  00000000  00000022  RWIX
  EPWM2                 00006840   00000022  00000000  00000022  RWIX
  EPWM3                 00006880   00000022  00000000  00000022  RWIX
  EPWM4                 000068c0   00000022  00000000  00000022  RWIX
  EPWM5                 00006900   00000022  00000000  00000022  RWIX
  EPWM6                 00006940   00000022  00000000  00000022  RWIX
  ECAP1                 00006a00   00000020  00000000  00000020  RWIX
  ECAP2                 00006a20   00000020  00000000  00000020  RWIX
  ECAP3                 00006a40   00000020  00000000  00000020  RWIX
  ECAP4                 00006a60   00000020  00000000  00000020  RWIX
  ECAP5                 00006a80   00000020  00000000  00000020  RWIX
  ECAP6                 00006aa0   00000020  00000000  00000020  RWIX
  EQEP1                 00006b00   00000040  00000000  00000040  RWIX
  EQEP2                 00006b40   00000040  00000000  00000040  RWIX
  GPIOCTRL              00006f80   00000040  00000000  00000040  RWIX
  GPIODAT               00006fc0   00000020  00000000  00000020  RWIX
  GPIOINT               00006fe0   00000020  00000000  00000020  RWIX
  SYSTEM                00007010   00000020  00000000  00000020  RWIX
  SPIA                  00007040   00000010  00000000  00000010  RWIX
  SCIA                  00007050   00000010  00000000  00000010  RWIX
  XINTRUPT              00007070   00000010  00000000  00000010  RWIX
  ADC                   00007100   00000020  00000000  00000020  RWIX
  SCIB                  00007750   00000010  00000000  00000010  RWIX
  SCIC                  00007770   00000010  00000000  00000010  RWIX
  I2CA                  00007900   00000040  00000000  00000040  RWIX
  RAML_DATA             0000c000   00004000  000019bc  00002644  RWIX
  FLASHB                00330000   00008000  00000000  00008000  RWIX
  CSM_PWL               0033fff8   00000008  00000000  00000008  RWIX
  PARTID                00380090   00000001  00000000  00000001  RWIX


SECTION ALLOCATION MAP

 output                                  attributes/
section   page    origin      length       input sections
--------  ----  ----------  ----------   ----------------
.pinit     0    00308000    00000000     UNINITIALIZED

ramfuncs   0    00308000    00002203     RUN ADDR = 00008000
                  00308000    00000dcd     system_isr.obj (ramfuncs:retain)
                  00308dcd    00000b7b     relaying.obj (ramfuncs)
                  00309948    00000444     main.obj (ramfuncs)
                  00309d8c    00000182     setting.obj (ramfuncs)
                  00309f0e    00000161     peripheral.obj (ramfuncs)
                  0030a06f    000000f3     comms.obj (ramfuncs)
                  0030a162    00000087     menu.obj (ramfuncs)
                  0030a1e9    00000016     system_setup.obj (ramfuncs)
                  0030a1ff    00000004     DSP2833x_usDelay.obj (ramfuncs)

.text      0    0030a204    00011227     
                  0030a204    0000a9ae     menu.obj (.text)
                  00314bb2    0000136e     main.obj (.text)
                  00315f20    0000105c     comms.obj (.text)
                  00316f7c    00000fc2     booting.obj (.text)
                  00317f3e    00000f5e     setting.obj (.text)
                  00318e9c    00000911     rts2800_fpu32.lib : _printfi.obj (.text)
                  003197ad    000008b5     peripheral.obj (.text)
                  0031a062    00000527     system_setup.obj (.text)
                  0031a589    0000050a     calibration.obj (.text)
                  0031aa93    00000107     rts2800_fpu32.lib : ll_div.obj (.text)
                  0031ab9a    000000c4                       : atan2.obj (.text)
                  0031ac5e    0000009c                       : fd_add.obj (.text)
                  0031acfa    0000008b                       : fd_div.obj (.text)
                  0031ad85    00000088                       : fs_div.obj (.text)
                  0031ae0d    00000083                       : fd_mpy.obj (.text)
                  0031ae90    00000072                       : atan.obj (.text)
                  0031af02    0000006a                       : exp.obj (.text)
                  0031af6c    00000061                       : cos.obj (.text)
                  0031afcd    0000005a                       : pow.obj (.text)
                  0031b027    00000057                       : sin.obj (.text)
                  0031b07e    00000054                       : _log.obj (.text)
                  0031b0d2    00000046                       : boot.obj (.text)
                  0031b118    00000035                       : ldexp.obj (.text)
                  0031b14d    00000031                       : atoi.obj (.text)
                  0031b17e    0000002f                       : sprintf.obj (.text)
                  0031b1ad    0000002c                       : ltoa.obj (.text)
                  0031b1d9    0000002a                       : fd_cmp.obj (.text)
                  0031b203    0000002a                       : l_div.obj (.text)
                  0031b22d    00000001     --HOLE-- [fill = 0]
                  0031b22e    00000023                       : sqrt.obj (.text)
                  0031b251    00000022                       : i_div.obj (.text)
                  0031b273    00000021                       : fd_toi.obj (.text)
                  0031b294    00000021                       : memcpy_ff.obj (.text)
                  0031b2b5    0000001f                       : fd_tol.obj (.text)
                  0031b2d4    0000001e                       : ll_cmp.obj (.text)
                  0031b2f2    0000001c                       : fs_tofd.obj (.text)
                  0031b30e    0000001c                       : l_tofd.obj (.text)
                  0031b32a    0000001b                       : fd_toul.obj (.text)
                  0031b345    00000019                       : args_main.obj (.text)
                  0031b35e    00000019                       : exit.obj (.text)
                  0031b377    00000016                       : frexp.obj (.text)
                  0031b38d    00000016                       : ul_tofd.obj (.text)
                  0031b3a3    00000015     DSP2833x_MemCopy.obj (.text)
                  0031b3b8    00000014     rts2800_fpu32.lib : ll_mpy.obj (.text)
                  0031b3cc    00000012                       : memccpy.obj (.text)
                  0031b3de    0000000e                       : fd_sub.obj (.text)
                  0031b3ec    0000000b                       : u_div.obj (.text)
                  0031b3f7    0000000a                       : strlen.obj (.text)
                  0031b401    00000009                       : _lock.obj (.text)
                  0031b40a    00000009                       : fd_neg.obj (.text)
                  0031b413    00000009                       : strcpy.obj (.text)
                  0031b41c    00000008     DSP2833x_CodeStartBranch.obj (.text)
                  0031b424    00000007     rts2800_fpu32.lib : memset.obj (.text)

.econst    0    0031b42c    00006a0c     
                  0031b42c    000043d1     menu.obj (.econst:.string)
                  0031f7fd    00000001     --HOLE-- [fill = 0]
                  0031f7fe    00001c20     menu.obj (.econst:_menu_tables)
                  0032141e    00000101     rts2800_fpu32.lib : ctype.obj (.econst:__ctypes_)
                  0032151f    00000100     main.obj (.econst:_CRC_High)
                  0032161f    00000100     main.obj (.econst:_CRC_Low)
                  0032171f    00000001     --HOLE-- [fill = 0]
                  00321720    0000004c     peripheral.obj (.econst)
                  0032176c    00000048     main.obj (.econst:_harmonics_1st_cos)
                  003217b4    00000048     main.obj (.econst:_harmonics_1st_sin)
                  003217fc    00000048     main.obj (.econst:_harmonics_3rd_cos)
                  00321844    00000048     main.obj (.econst:_harmonics_3rd_sin)
                  0032188c    00000048     main.obj (.econst:_harmonics_5th_cos)
                  003218d4    00000048     main.obj (.econst:_harmonics_5th_sin)
                  0032191c    00000048     main.obj (.econst:_harmonics_7th_cos)
                  00321964    00000048     main.obj (.econst:_harmonics_7th_sin)
                  003219ac    00000048     main.obj (.econst:_harmonics_9th_cos)
                  003219f4    00000048     main.obj (.econst:_harmonics_9th_sin)
                  00321a3c    00000038     main.obj (.econst)
                  00321a74    00000028     peripheral.obj (.econst:_LCD_Position_Value)
                  00321a9c    00000024     rts2800_fpu32.lib : _printfi.obj (.econst:.string)
                  00321ac0    00000021     booting.obj (.econst:.string)
                  00321ae1    00000001     --HOLE-- [fill = 0]
                  00321ae2    00000018     main.obj (.econst:_cos_50Hz)
                  00321afa    00000018     main.obj (.econst:_cos_60Hz)
                  00321b12    00000018     main.obj (.econst:_sin_50Hz)
                  00321b2a    00000018     main.obj (.econst:_sin_60Hz)
                  00321b42    00000018     rts2800_fpu32.lib : _printfi.obj (.econst)
                  00321b5a    00000014     main.obj (.econst:_wave_buffer_address)
                  00321b6e    00000014     main.obj (.econst:_wave_buffer_post_address)
                  00321b82    0000000c     menu.obj (.econst:_$P$T102$106)
                  00321b8e    0000000c     menu.obj (.econst:_$P$T113$117)
                  00321b9a    0000000c     menu.obj (.econst:_$P$T114$118)
                  00321ba6    0000000c     menu.obj (.econst:_$P$T115$119)
                  00321bb2    0000000c     menu.obj (.econst:_$P$T116$120)
                  00321bbe    0000000c     menu.obj (.econst:_$P$T117$121)
                  00321bca    0000000c     menu.obj (.econst:_$P$T118$122)
                  00321bd6    0000000c     menu.obj (.econst:_$P$T119$123)
                  00321be2    0000000c     menu.obj (.econst:_$P$T120$124)
                  00321bee    0000000c     menu.obj (.econst:_$P$T84$86)
                  00321bfa    0000000a     menu.obj (.econst:_$P$T107$111)
                  00321c04    0000000a     menu.obj (.econst:_$P$T108$112)
                  00321c0e    0000000a     main.obj (.econst:_himix_number)
                  00321c18    00000009     main.obj (.econst:_DO_ON_BIT)
                  00321c21    00000009     main.obj (.econst:_OFF_BIT)
                  00321c2a    00000009     main.obj (.econst:_ON_BIT)
                  00321c33    00000001     --HOLE-- [fill = 0]
                  00321c34    00000008     rts2800_fpu32.lib : atan.obj (.econst:_a$1)
                  00321c3c    00000008                       : atan2.obj (.econst:_a$1)
                  00321c44    00000007     main.obj (.econst:_DO_OFF_BIT)
                  00321c4b    00000001     --HOLE-- [fill = 0]
                  00321c4c    00000004     menu.obj (.econst:_$P$T0$1)
                  00321c50    00000004     menu.obj (.econst:_$P$T1$2)
                  00321c54    00000004     menu.obj (.econst:_$P$T10$11)
                  00321c58    00000004     menu.obj (.econst:_$P$T101$105)
                  00321c5c    00000004     menu.obj (.econst:_$P$T103$107)
                  00321c60    00000004     menu.obj (.econst:_$P$T104$108)
                  00321c64    00000004     menu.obj (.econst:_$P$T109$113)
                  00321c68    00000004     menu.obj (.econst:_$P$T11$12)
                  00321c6c    00000004     menu.obj (.econst:_$P$T110$114)
                  00321c70    00000004     menu.obj (.econst:_$P$T111$115)
                  00321c74    00000004     menu.obj (.econst:_$P$T112$116)
                  00321c78    00000004     menu.obj (.econst:_$P$T12$13)
                  00321c7c    00000004     menu.obj (.econst:_$P$T121$125)
                  00321c80    00000004     menu.obj (.econst:_$P$T122$126)
                  00321c84    00000004     menu.obj (.econst:_$P$T123$127)
                  00321c88    00000004     menu.obj (.econst:_$P$T124$128)
                  00321c8c    00000004     menu.obj (.econst:_$P$T125$129)
                  00321c90    00000004     menu.obj (.econst:_$P$T126$130)
                  00321c94    00000004     menu.obj (.econst:_$P$T127$131)
                  00321c98    00000004     menu.obj (.econst:_$P$T128$132)
                  00321c9c    00000004     menu.obj (.econst:_$P$T13$14)
                  00321ca0    00000004     menu.obj (.econst:_$P$T14$15)
                  00321ca4    00000004     menu.obj (.econst:_$P$T15$16)
                  00321ca8    00000004     menu.obj (.econst:_$P$T16$17)
                  00321cac    00000004     menu.obj (.econst:_$P$T17$18)
                  00321cb0    00000004     menu.obj (.econst:_$P$T18$19)
                  00321cb4    00000004     menu.obj (.econst:_$P$T19$20)
                  00321cb8    00000004     menu.obj (.econst:_$P$T2$3)
                  00321cbc    00000004     menu.obj (.econst:_$P$T20$21)
                  00321cc0    00000004     menu.obj (.econst:_$P$T21$22)
                  00321cc4    00000004     menu.obj (.econst:_$P$T22$23)
                  00321cc8    00000004     menu.obj (.econst:_$P$T23$24)
                  00321ccc    00000004     menu.obj (.econst:_$P$T24$25)
                  00321cd0    00000004     menu.obj (.econst:_$P$T25$26)
                  00321cd4    00000004     menu.obj (.econst:_$P$T26$27)
                  00321cd8    00000004     menu.obj (.econst:_$P$T27$28)
                  00321cdc    00000004     menu.obj (.econst:_$P$T29$30)
                  00321ce0    00000004     menu.obj (.econst:_$P$T3$4)
                  00321ce4    00000004     menu.obj (.econst:_$P$T30$32)
                  00321ce8    00000004     menu.obj (.econst:_$P$T31$33)
                  00321cec    00000004     menu.obj (.econst:_$P$T33$35)
                  00321cf0    00000004     menu.obj (.econst:_$P$T35$37)
                  00321cf4    00000004     menu.obj (.econst:_$P$T37$39)
                  00321cf8    00000004     menu.obj (.econst:_$P$T38$40)
                  00321cfc    00000004     menu.obj (.econst:_$P$T4$5)
                  00321d00    00000004     menu.obj (.econst:_$P$T40$42)
                  00321d04    00000004     menu.obj (.econst:_$P$T42$44)
                  00321d08    00000004     menu.obj (.econst:_$P$T5$6)
                  00321d0c    00000004     menu.obj (.econst:_$P$T55$57)
                  00321d10    00000004     menu.obj (.econst:_$P$T58$60)
                  00321d14    00000004     menu.obj (.econst:_$P$T6$7)
                  00321d18    00000004     menu.obj (.econst:_$P$T61$63)
                  00321d1c    00000004     menu.obj (.econst:_$P$T65$67)
                  00321d20    00000004     menu.obj (.econst:_$P$T67$69)
                  00321d24    00000004     menu.obj (.econst:_$P$T7$8)
                  00321d28    00000004     menu.obj (.econst:_$P$T8$9)
                  00321d2c    00000004     menu.obj (.econst:_$P$T80$82)
                  00321d30    00000004     menu.obj (.econst:_$P$T81$83)
                  00321d34    00000004     menu.obj (.econst:_$P$T82$84)
                  00321d38    00000004     menu.obj (.econst:_$P$T83$85)
                  00321d3c    00000004     menu.obj (.econst:_$P$T85$87)
                  00321d40    00000004     menu.obj (.econst:_$P$T87$89)
                  00321d44    00000004     menu.obj (.econst:_$P$T9$10)
                  00321d48    00000004     menu.obj (.econst:_$P$T94$96)
                  00321d4c    00000004     menu.obj (.econst:_$P$T95$99)
                  00321d50    00000004     menu.obj (.econst:_$P$T96$100)
                  00321d54    00000004     menu.obj (.econst:_$P$T97$101)
                  00321d58    00000004     menu.obj (.econst:_$P$T98$102)
                  00321d5c    00000004     menu.obj (.econst:_$P$T99$103)
                  00321d60    00000004     main.obj (.econst:_N47_V_MAX)
                  00321d64    00000004     main.obj (.econst:_N47_V_MIN)
                  00321d68    00000004     main.obj (.econst:_OVR_V_MAX)
                  00321d6c    00000004     main.obj (.econst:_OVR_V_MIN)
                  00321d70    00000004     main.obj (.econst:_P47_V_MAX)
                  00321d74    00000004     main.obj (.econst:_P47_V_MIN)
                  00321d78    00000004     main.obj (.econst:_UVR_1_V_MAX)
                  00321d7c    00000004     main.obj (.econst:_UVR_1_V_MIN)
                  00321d80    00000004     main.obj (.econst:_UVR_2_V_MAX)
                  00321d84    00000004     main.obj (.econst:_UVR_2_V_MIN)
                  00321d88    00000004     main.obj (.econst:_UVR_3_V_MAX)
                  00321d8c    00000004     main.obj (.econst:_UVR_3_V_MIN)
                  00321d90    00000003     menu.obj (.econst:_$P$T100$104)
                  00321d93    00000003     menu.obj (.econst:_$P$T28$29)
                  00321d96    00000003     menu.obj (.econst:_$P$T32$34)
                  00321d99    00000003     menu.obj (.econst:_$P$T34$36)
                  00321d9c    00000003     menu.obj (.econst:_$P$T36$38)
                  00321d9f    00000003     menu.obj (.econst:_$P$T39$41)
                  00321da2    00000003     menu.obj (.econst:_$P$T41$43)
                  00321da5    00000003     menu.obj (.econst:_$P$T43$45)
                  00321da8    00000003     menu.obj (.econst:_$P$T44$46)
                  00321dab    00000003     menu.obj (.econst:_$P$T45$47)
                  00321dae    00000003     menu.obj (.econst:_$P$T46$48)
                  00321db1    00000003     menu.obj (.econst:_$P$T47$49)
                  00321db4    00000003     menu.obj (.econst:_$P$T48$50)
                  00321db7    00000003     menu.obj (.econst:_$P$T49$51)
                  00321dba    00000003     menu.obj (.econst:_$P$T50$52)
                  00321dbd    00000003     menu.obj (.econst:_$P$T51$53)
                  00321dc0    00000003     menu.obj (.econst:_$P$T52$54)
                  00321dc3    00000003     menu.obj (.econst:_$P$T54$56)
                  00321dc6    00000003     menu.obj (.econst:_$P$T57$59)
                  00321dc9    00000003     menu.obj (.econst:_$P$T60$62)
                  00321dcc    00000003     menu.obj (.econst:_$P$T63$65)
                  00321dcf    00000003     menu.obj (.econst:_$P$T68$70)
                  00321dd2    00000003     menu.obj (.econst:_$P$T69$71)
                  00321dd5    00000003     menu.obj (.econst:_$P$T70$72)
                  00321dd8    00000003     menu.obj (.econst:_$P$T71$73)
                  00321ddb    00000003     menu.obj (.econst:_$P$T73$75)
                  00321dde    00000003     menu.obj (.econst:_$P$T77$79)
                  00321de1    00000003     menu.obj (.econst:_$P$T86$88)
                  00321de4    00000003     menu.obj (.econst:_$P$T88$90)
                  00321de7    00000003     menu.obj (.econst:_$P$T89$91)
                  00321dea    00000003     menu.obj (.econst:_$P$T90$92)
                  00321ded    00000003     menu.obj (.econst:_$P$T91$93)
                  00321df0    00000003     menu.obj (.econst:_$P$T92$94)
                  00321df3    00000003     menu.obj (.econst:_$P$T93$95)
                  00321df6    00000003     main.obj (.econst:_DGR_V_MAX)
                  00321df9    00000003     main.obj (.econst:_DGR_V_MIN)
                  00321dfc    00000003     main.obj (.econst:_OVGR_V_MAX)
                  00321dff    00000003     main.obj (.econst:_OVGR_V_MIN)
                  00321e02    00000003     main.obj (.econst:_SGR_V_MAX)
                  00321e05    00000003     main.obj (.econst:_SGR_V_MIN)
                  00321e08    00000002     menu.obj (.econst:_$P$T105$109)
                  00321e0a    00000002     menu.obj (.econst:_$P$T106$110)
                  00321e0c    00000002     menu.obj (.econst:_$P$T53$55)
                  00321e0e    00000002     menu.obj (.econst:_$P$T56$58)
                  00321e10    00000002     menu.obj (.econst:_$P$T59$61)
                  00321e12    00000002     menu.obj (.econst:_$P$T62$64)
                  00321e14    00000002     menu.obj (.econst:_$P$T64$66)
                  00321e16    00000002     menu.obj (.econst:_$P$T66$68)
                  00321e18    00000002     menu.obj (.econst:_$P$T72$74)
                  00321e1a    00000002     menu.obj (.econst:_$P$T74$76)
                  00321e1c    00000002     menu.obj (.econst:_$P$T75$77)
                  00321e1e    00000002     menu.obj (.econst:_$P$T76$78)
                  00321e20    00000002     menu.obj (.econst:_$P$T78$80)
                  00321e22    00000002     menu.obj (.econst:_$P$T79$81)
                  00321e24    00000002     main.obj (.econst:_DGR_I_MAX)
                  00321e26    00000002     main.obj (.econst:_DGR_I_MIN)
                  00321e28    00000002     main.obj (.econst:_OCGR50_I_MAX)
                  00321e2a    00000002     main.obj (.econst:_OCGR50_I_MIN)
                  00321e2c    00000002     main.obj (.econst:_OCGR51_I_MAX)
                  00321e2e    00000002     main.obj (.econst:_OCGR51_I_MIN)
                  00321e30    00000002     main.obj (.econst:_OCR50_I_MAX)
                  00321e32    00000002     main.obj (.econst:_OCR50_I_MIN)
                  00321e34    00000002     main.obj (.econst:_OCR51_I_MAX)
                  00321e36    00000002     main.obj (.econst:_OCR51_I_MIN)

.cinit     0    00321e38    00000bdd     
                  00321e38    00000b0b     menu.obj (.cinit)
                  00322943    000000b4     peripheral.obj (.cinit)
                  003229f7    0000000a     rts2800_fpu32.lib : _lock.obj (.cinit)
                  00322a01    0000000a                       : exit.obj (.cinit)
                  00322a0b    00000004     main.obj (.cinit)
                  00322a0f    00000004     rts2800_fpu32.lib : errno.obj (.cinit)
                  00322a13    00000002     --HOLE-- [fill = 0]

codestart 
*          0    0033fff6    00000002     
                  0033fff6    00000002     DSP2833x_CodeStartBranch.obj (codestart)

.reset     0    003fffc0    00000002     DSECT
                  003fffc0    00000002     rts2800_fpu32.lib : boot.obj (.reset)

vectors    0    003fffc2    00000000     DSECT

PieVectTableFile 
*          1    00000d00    00000100     UNINITIALIZED
                  00000d00    00000100     DSP2833x_GlobalVariableDefs.obj (PieVectTableFile)

.ebss      1    0000c000    000015bc     UNINITIALIZED
                  0000c000    00000dd4     main.obj (.ebss)
                  0000cdd4    00000004     rts2800_fpu32.lib : _lock.obj (.ebss)
                  0000cdd8    00000004                       : exit.obj (.ebss)
                  0000cddc    00000001                       : errno.obj (.ebss)
                  0000cddd    00000023     --HOLE--
                  0000ce00    000006b6     menu.obj (.ebss)
                  0000d4b6    0000000a     --HOLE--
                  0000d4c0    000000fc     peripheral.obj (.ebss)

.stack     1    0000d5bc    00000400     UNINITIALIZED
                  0000d5bc    00000400     --HOLE--


GLOBAL SYMBOLS: SORTED ALPHABETICALLY BY Name 

address    name
--------   ----
0030a204   .text
0031b35e   C$$EXIT
0031ac5e   FD$$ADD
0031b1d9   FD$$CMP
0031acfa   FD$$DIV
0031ae0d   FD$$MPY
0031b40a   FD$$NEG
0031b3de   FD$$SUB
0031b273   FD$$TOI
0031b2b5   FD$$TOL
0031b32a   FD$$TOUL
0031ad85   FS$$DIV
0031b2f2   FS$$TOFD
0031b251   I$$DIV
0031b262   I$$MOD
0031b203   L$$DIV
0031b212   L$$MOD
0031b30e   L$$TOFD
0031b2d4   LL$$CMP
0031aa93   LL$$DIV
0031aacf   LL$$MOD
0031b3b8   LL$$MPY
0031b3ec   U$$DIV
0031b3f1   U$$MOD
0031b220   UL$$DIV
0031b227   UL$$MOD
0031b38d   UL$$TOFD
0031b2e6   ULL$$CMP
0031ab09   ULL$$DIV
0031ab38   ULL$$MOD
0000c05e   _ACCUMULATION
0031a6dc   _ADC_High_Calibration
0031a661   _ADC_Offset_Calibration
0031a7cf   _ADC_low_Calibration
0000c00c   _ADDRESS
003189dd   _ADDRESS_Default_Settings
0000c008   _AUTO_DISPLAY
003189f3   _AUTO_DISPLAY_Default_Settings
0000d4d2   _AckScr
0000ce03   _Button_Press
0000c700   _CALIBRATION
00321a64   _CALIB_I_MAX
00321a6a   _CALIB_I_MIN
00321a68   _CALIB_In_MAX
00321a62   _CALIB_In_MIN
00321a6e   _CALIB_V_MAX
00321a66   _CALIB_V_MIN
00321a70   _CALIB_Vo_MAX
00321a72   _CALIB_Vo_MIN
0000c022   _COMM
00315f20   _COMM_CRC
0000c010   _CORE
0000c0aa   _CPT
00318983   _CPT_Default_Settings
0032151f   _CRC_High
0032161f   _CRC_Low
00321a5d   _CT_1A_RATED
00321a5f   _CT_5A_RATED
00321a5c   _CT_MAX
00321a59   _CT_MIN
0000c001   _Calibration_Menu_Escape
00318e63   _ClearFLASH
0000d034   _Cursor_Position
00321a56   _DEBOUNCE_MAX
00321a5e   _DEBOUNCE_MIN
0000c440   _DFT
0031a5b1   _DFT_Check
0000c400   _DGR
00321a3c   _DGR_A_MAX
00321a3d   _DGR_A_MIN
00318d9c   _DGR_Default_Settings
00321e24   _DGR_I_MAX
00321e26   _DGR_I_MIN
00321a3e   _DGR_T_MAX
00321a40   _DGR_T_MIN
00321df6   _DGR_V_MAX
00321df9   _DGR_V_MIN
0000c052   _DIDO
0000c098   _DIGITAL_INPUT
0000c013   _DIGITAL_OUTPUT
0000c600   _DISPLAY
0000c006   _DISPLAY_3PHASE
00318a51   _DISPLAY_3PHASE_Default_Settings
00318e32   _DI_Default_Settings
00318e4e   _DO_Default_Settings
00321c44   _DO_OFF_BIT
00321c18   _DO_ON_BIT
0031a02d   _DO_Output
0000c01a   _DSGR_ANGLE
0000a1ff   _DSP28x_usDelay
0000ce01   _Data_Change
0000ce06   _Data_Change_Count
0031a618   _Degree_Check
0000c380   _EVENT
00314947   _Event_Item_Display
00314b00   _Event_Time_Display
0000c02e   _FLASH
0000d4d6   _FauScr
0031a186   _GPIO_setup
0000c02a   _GPT
0031896b   _GPT_Default_Settings
0000c00e   _GR_ANGLE
0000c500   _HARMONICS
0000c480   _HIMIX
0000a1e9   _InitFlash
0031a237   _InitTimer
000098cc   _Inverse_Op_Timeset
0000ce04   _KHS_Key_Press
00321720   _KHS_LCD_Buffer
0000c580   _LCD
003197ef   _LCD_COMMAND
003197dc   _LCD_DATA
00319800   _LCD_INIT
0000d4c2   _LCD_LIGHT
00321a74   _LCD_Position_Value
0000d4c4   _LCD_RS
0031982c   _LCD_light_OFF
00319826   _LCD_light_ON
0000c000   _LOCAL_CONTROL
0000c04c   _LOCAL_CTRL
00318a1e   _LOCAL_CTRL_Default_Settings
0000d4c0   _Lcd_Bl_Count
0000cbc0   _MANAGER
0000c840   _MEASUREMENT
0000c004   _MIN_MAX
0000c026   _MODBUS
00318a67   _MODBUS_Default_Settings
0031b3a3   _MemCopy
0000c1c0   _N47
00318cd5   _N47_Default_Settings
00321a50   _N47_T_MAX
00321a51   _N47_T_MIN
00321d60   _N47_V_MAX
00321d64   _N47_V_MIN
0000d4ca   _NorScr
0000c118   _OCGR50
00318b6d   _OCGR50_Default_Settings
00321e28   _OCGR50_I_MAX
00321e2a   _OCGR50_I_MIN
00321a57   _OCGR50_T_MAX
00321a58   _OCGR50_T_MIN
0000c280   _OCGR51
00318b9d   _OCGR51_Default_Settings
00321e2c   _OCGR51_I_MAX
00321e2e   _OCGR51_I_MIN
00321a41   _OCGR51_TL_MAX
00321a55   _OCGR51_TL_MIN
0000c21a   _OCR50_1
00318aad   _OCR50_1_Default_Settings
00008fc5   _OCR50_1_RELAY
0000c180   _OCR50_2
00318add   _OCR50_2_Default_Settings
00321e30   _OCR50_I_MAX
00321e32   _OCR50_I_MIN
00321a5a   _OCR50_T_MAX
00321a46   _OCR50_T_MIN
0000c300   _OCR51_1
00318b0d   _OCR51_1_Default_Settings
0000c340   _OCR51_2
00318b3d   _OCR51_2_Default_Settings
00321e34   _OCR51_I_MAX
00321e36   _OCR51_I_MIN
00321a54   _OCR51_TL_MAX
00321a53   _OCR51_TL_MIN
00318a7e   _OCR_MODE_Default_Settings
0000c032   _OCR_MODE_SET
00321c21   _OFF_BIT
00321c2a   _ON_BIT
0000c240   _OVGR
00318d61   _OVGR_Default_Settings
00321a4c   _OVGR_TL_MAX
00321a4b   _OVGR_TL_MIN
00321dfc   _OVGR_V_MAX
00321dff   _OVGR_V_MIN
0000c2c0   _OVR
00318d17   _OVR_Default_Settings
00321a4a   _OVR_TL_MAX
00321a48   _OVR_TL_MIN
00321a49   _OVR_T_MAX
00321a52   _OVR_T_MIN
00321d68   _OVR_V_MAX
00321d6c   _OVR_V_MIN
0031a589   _Offset_Check
0000c19a   _P47
00318c93   _P47_Default_Settings
00321a4f   _P47_T_MAX
00321a4d   _P47_T_MIN
00321d70   _P47_V_MAX
00321d74   _P47_V_MIN
0000c00a   _PASSWORD
00318a08   _PASSWORD_Default_Settings
0000c016   _PROTECT
00321a6c   _PT_MAX
00321a5b   _PT_MIN
0031a0b7   _Peripheral_Clock_setup
00000d00   _PieVectTable
0000c06a   _RELAY_STATUS
0030a203   _RamfuncsLoadEnd
00308000   _RamfuncsLoadStart
00008000   _RamfuncsRunStart
0000d4ce   _ReserveP
00314bab   _Restore_Screen_Info
0000c980   _SAMPLE
00008d38   _SCIRXB_ISR
00008d7b   _SCITXINTB_ISR
00008da0   _SCITXINTC_ISR
0000c3c0   _SGR
00321a60   _SGR_A_MAX
00321a42   _SGR_A_MIN
00318ded   _SGR_Default_Settings
00321a45   _SGR_I_MAX
00321a47   _SGR_I_MIN
00321a43   _SGR_T_MAX
00321a44   _SGR_T_MIN
00321e02   _SGR_V_MAX
00321e05   _SGR_V_MIN
0000c260   _SUPERVISION
0000c15a   _SYSTEM
0000c01e   _SYSTEM_ALARM
00318a96   _SYSTEM_ALARM_Default_Settings
0000c037   _SYSTEM_SET
0000d36c   _Save_Current_Screen
00314ba4   _Save_Screen_Info
0000d038   _Screen_Position
0000ce05   _Set_Password
0031891c   _Setting_CRC
0000c100   _TIME
0000c080   _TIMER
0000c040   _TIMER0
0000c002   _TIMER1
00008bf5   _TINT1_ISR
0000c140   _UVR_1
00318bcd   _UVR_1_Default_Settings
00321d78   _UVR_1_V_MAX
00321d7c   _UVR_1_V_MIN
0000c1da   _UVR_2
00318c0f   _UVR_2_Default_Settings
00321d80   _UVR_2_V_MAX
00321d84   _UVR_2_V_MIN
0000c200   _UVR_3
00318c51   _UVR_3_Default_Settings
00321d88   _UVR_3_V_MAX
00321d8c   _UVR_3_V_MIN
0000c046   _UVR_MODE
00318a37   _UVR_MODE_Default_Settings
00321a4e   _UVR_T_MAX
00321a3f   _UVR_T_MIN
0000d500   _VFDABuffer
0000d580   _VFDFBuffer
0000d540   _VFDNBuffer
003199ab   _VFD_FONT
00319846   _VFD_Init
0031991c   _VFD_Single_Line_dump
00319945   _VFD_Word_dump
0000d4c6   _VFD_cnt
0031996f   _VFD_cursor
00319897   _VFD_dump
003198dc   _VFD_dump2
00319831   _VFD_gotopo
0031987e   _VFD_gotoxy
00319890   _VFD_mem_cpy_test
0031999c   _VFD_printf
0000c08c   _WAVE
00008000   _XINT3_ISR
0031a1e1   _Xinterface_setup
0000d9bc   __STACK_END
00000400   __STACK_SIZE
00000001   __TI_args_main
ffffffff   ___binit__
ffffffff   ___c_args__
00321e38   ___cinit__
0031b42b   ___etext__
0031b294   ___memcpy_ff
ffffffff   ___pinit__
0030a204   ___text__
0031b345   __args_main
0000cdd8   __cleanup_ptr
0032141e   __ctypes_
0000cdda   __dtors_ptr
0000cdd6   __lock
0031b07e   __log
0031b409   __nop
003196aa   __printfi
0031b405   __register_lock
0031b401   __register_unlock
0000d5bc   __stack
0000cdd4   __unlock
0031b35e   _abort
0031ae90   _atan
0031ab9a   _atan2
0031b14d   _atoi
00317f0a   _aux_do_check
00316f7c   _booting_setting_check
0031b0d2   _c_int00
0000d2b4   _cb_cancel1
0000d2e0   _cb_cancel2
0000d2ac   _cb_fail1
0000d2b8   _cb_fail2
0000d2c4   _cb_good1
0000d2b0   _cb_good2
0000d048   _cb_status_view1
0000d044   _cb_status_view2
00316d8d   _comm_drive
0000d268   _comm_set1
0000d2c0   _comm_set2
0000d210   _comm_view1
0000d214   _commx
0031af6c   _cos
00321ae2   _cos_50Hz
00321afa   _cos_60Hz
0000c0c0   _cos_table
0000d084   _cpt1
0000d054   _cpt2
0031a062   _cpu_setup
0000cf34   _ct_ratio_set1
0000cf88   _ct_ratio_set2
0000cf2c   _ct_ratio_set3
0000cf28   _ct_ratio_set4
0000ce54   _ct_ratio_view1
0000ce26   _ct_ratio_view2
0000cf90   _ct_ratio_view3
0000cef0   _ct_ratio_view4
0000d1d8   _current1
0000d1d4   _current2
0000d1e0   _current3
0000d1dc   _current4
0000d1c8   _current5
0000d1c4   _current6
0000d1d0   _current7
0030a204   _cursor_move
0030a213   _cursor_move_last
0000ce40   _data_reset1
0000ce5c   _data_reset2
0000ce3a   _data_reset3
003197ad   _delay
0000d348   _delay_set1
00009f0e   _delay_us
0000d194   _delta_vdf1
0000d184   _di1
0000cf04   _di_set1
0000cef8   _di_set2
0000cf84   _di_set3
0000cf7c   _di_set4
0000cf78   _di_set5
0000cf8c   _di_set6
0000cf80   _di_set7
0000cfa4   _di_set8
0000cfa0   _di_set_view1
0000cff4   _di_set_view2
0000cf98   _di_set_view3
0000cf94   _di_set_view4
0000d024   _diag1
0000d030   _diag2
0000d01c   _diag3
0000d19c   _didocb1
0000d188   _didocb2
0000d140   _display1
0000d158   _display2
0000d154   _display3
0000d160   _display4
0000d190   _do1
0000d18c   _do2
00008e4b   _do_release
0000d040   _docb1
0000d03c   _docb2
0000d380   _dsgr_set1
0000d384   _dsgr_set2
0000d378   _dsgr_set3
0000d360   _dsgr_set4
0000d38c   _dsgr_view1
0000d388   _dsgr_view2
0000d394   _dsgr_view3
0000d4c8   _dumpP
0000d018   _east_egg1
0000d02c   _east_egg2
0000d020   _east_egg3
003199ac   _eerom_control
00319aa7   _eerom_read
00319a14   _eerom_write
0000cddc   _errno
0000ce32   _etc1
0000ce36   _etc2
0000ce12   _etc3
0000cfc8   _etc_view1
0000cfb4   _etc_view2
0000ceb8   _event1
0000ce60   _event10
0000ce6c   _event11
0000ce68   _event12
0000cec4   _event2
0000cec0   _event3
0000ce74   _event4
0000ce70   _event5
0000ce90   _event6
0000ce78   _event8
0000ce64   _event9
0000d3e4   _event_control
0000ce98   _event_d
00009d8c   _event_direct_save
00318958   _event_info_update
0000d452   _event_io
0000d424   _event_mode_change
0000d440   _event_phase
0000d480   _event_relay
0000d3f6   _event_reset
0000d466   _event_set
0000ce8c   _event_t
0000ce08   _event_test
0000cebc   _eventx
0031b360   _exit
0031af02   _exp
00319b38   _flash_sector_erase
00319b55   _flash_word_write
00009ac0   _float_to_8bit_fram
0031b377   _frexp
0000cf4c   _gr_set1
0000cf40   _gr_set_view1
0000d104   _gr_view1
0000d130   _gr_view2
0000d12c   _gr_view3
0000d138   _gr_view4
0000d134   _gr_view5
0000d120   _gr_view6
0000d2e8   _h50_set1
0000d0ec   _h50_view1
0000d0f8   _h50_view2
0000d2dc   _h50_view3
003159e0   _harmonic_real_imag_calculation
003158dc   _harmonic_sample_backup
003153b7   _harmonics
0000d17c   _harmonics1
0000d168   _harmonics2
0000d164   _harmonics3
0000d170   _harmonics4
0000d16c   _harmonics5
0000d198   _harmonics6
0032176c   _harmonics_1st_cos
003217b4   _harmonics_1st_sin
003217fc   _harmonics_3rd_cos
00321844   _harmonics_3rd_sin
0032188c   _harmonics_5th_cos
003218d4   _harmonics_5th_sin
0032191c   _harmonics_7th_cos
00321964   _harmonics_7th_sin
003219ac   _harmonics_9th_cos
003219f4   _harmonics_9th_sin
0000cfbc   _hidden1
0031537a   _himix_crc
00314bbf   _himix_drive
00321c0e   _himix_number
00009f3d   _i2c_read
0031a265   _i2c_setup
00009f7d   _i2c_write
00315ee8   _interrupt_control
0031a0da   _interrupt_setup
00009fbc   _key_drive
0000d2c8   _l_cb_close
0000d2bc   _l_cb_open
0000cf74   _lc_set1
0000cf60   _lc_set2
0000cf5c   _lc_set3
0000cf70   _lc_view1
0000a052   _lcd_character_write
0000a035   _lcd_control_write
0031a290   _lcd_setup
0031b118   _ldexp
00319fbf   _led_handling
0000d004   _led_test1
0031b1ad   _ltoa
00314bb2   _main
0000a06f   _make_crc_send
00315f46   _manager_handling
00315d81   _measure2_display
00315c27   _measure_display
0000d15c   _measuremnt1
0000d148   _measuremnt2
0000d144   _measuremnt3
0000d150   _measuremnt4
0031b3cc   _memccpy
0031b424   _memset
0030a249   _menu_00_00
0030a2c9   _menu_00_01
0030a316   _menu_00_02
0030a386   _menu_00_03
0030a3db   _menu_00_04
0030a430   _menu_00_05
0030a485   _menu_00_06
0030a4da   _menu_00_07
0030a52b   _menu_00_08
0030a57c   _menu_01_01
0030a5d2   _menu_01_03
0030a61f   _menu_01_04
0030a6a0   _menu_01_05
0030a6dd   _menu_01_06
0030a72a   _menu_01_07
0030a793   _menu_01_08
0030a80a   _menu_01_09
0030a873   _menu_01_10
0030a8ea   _menu_01_11
0030a953   _menu_01_12
0030a9ca   _menu_01_13
0030aa1b   _menu_01_14
0030aa6c   _menu_02_01
0030aaa4   _menu_02_03
0030aaf5   _menu_02_04
0030ab6a   _menu_02_05
0030abb9   _menu_02_06
0030ac08   _menu_03_03
0030ac71   _menu_04_02
00312a59   _menu_100_04
00312ac3   _menu_100_05
00312af4   _menu_100_06
00312b5d   _menu_100_07
00312b80   _menu_100_08
00312ba3   _menu_101_04
00312bff   _menu_101_05
00312c56   _menu_101_06
00312c8d   _menu_101_07
00312cf9   _menu_101_08
00312d1c   _menu_101_09
00312d3f   _menu_102_05
00312d83   _menu_102_06
00312dae   _menu_103_04
00312e15   _menu_103_05
00312e60   _menu_103_06
00312e9b   _menu_103_07
00312f06   _menu_103_08
00312f29   _menu_103_09
00312f4c   _menu_104_04
00312fb3   _menu_104_05
00313046   _menu_104_06
00313071   _menu_104_07
003130a5   _menu_104_08
00313106   _menu_104_09
00313171   _menu_104_10
00313194   _menu_104_11
003131b7   _menu_150_01
0031321d   _menu_150_02
00313273   _menu_151_01
00313392   _menu_151_02
003133f8   _menu_151_03
0031345e   _menu_151_04
003134c5   _menu_151_05
00313569   _menu_151_06
00313583   _menu_151_07
0031359d   _menu_152_01
003135fb   _menu_152_02
0031362e   _menu_152_03
003136c9   _menu_152_04
0031376f   _menu_152_05
0031379a   _menu_153_01
00313819   _menu_153_02
003138dd   _menu_153_03
003139a1   _menu_153_04
00313a65   _menu_153_05
00313bf5   _menu_153_06
00313cb9   _menu_153_07
00313d7d   _menu_153_08
00313e41   _menu_153_09
00313f0b   _menu_153_10
0031408e   _menu_153_11
003140b1   _menu_153_12
003140d4   _menu_154_02
0031412b   _menu_154_03
0031414e   _menu_154_04
00314171   _menu_156_02
00314205   _menu_156_03
00314299   _menu_156_04
0031432d   _menu_156_05
003143c1   _menu_156_06
00314455   _menu_156_07
003144e9   _menu_156_08
0031457d   _menu_156_09
00314614   _menu_156_10
00314645   _menu_156_11
00314676   _menu_156_12
003146a7   _menu_156_13
003146d5   _menu_156_14
0031474c   _menu_156_15
0031476f   _menu_156_16
00314792   _menu_157_02
00314821   _menu_157_03
0031488a   _menu_157_04
003148ad   _menu_157_05
0030acb1   _menu_29_02
0030ad14   _menu_29_03
0030ad25   _menu_41_02
0030ad70   _menu_41_03
0030ae08   _menu_41_04
0030ae74   _menu_41_05
0030afd1   _menu_41_06
0030b064   _menu_41_07
0030b08d   _menu_41_08
0030b0e4   _menu_41_09
0030b145   _menu_41_10
0030b1b2   _menu_41_11
0030b1d5   _menu_41_12
0030b1f8   _menu_42_01
0030b2a3   _menu_42_02
0030b2c2   _menu_42_03
0030b35e   _menu_42_05
0030b4bd   _menu_42_06
0030b565   _menu_42_07
0030b5f8   _menu_42_08
0030b621   _menu_42_09
0030b690   _menu_42_10
0030b6f1   _menu_42_11
0030b760   _menu_42_12
0030b783   _menu_42_13
0030b7a6   _menu_43_03
0030b944   _menu_43_04
0030b9b0   _menu_43_05
0030bb0d   _menu_43_06
0030bba0   _menu_43_07
0030bbc9   _menu_43_08
0030bc20   _menu_43_09
0030bc81   _menu_43_10
0030bcee   _menu_43_11
0030bd11   _menu_43_12
0030bd34   _menu_44_03
0030be7e   _menu_44_05
0030bfdd   _menu_44_06
0030c085   _menu_44_07
0030c118   _menu_44_08
0030c141   _menu_44_09
0030c1b0   _menu_44_10
0030c211   _menu_44_11
0030c280   _menu_44_12
0030c2a3   _menu_44_13
0030c2c6   _menu_45_03
0030c34f   _menu_45_04
0030c3ca   _menu_45_05
0030c47a   _menu_45_06
0030c522   _menu_45_07
0030c5b5   _menu_45_08
0030c5ef   _menu_45_09
0030c649   _menu_45_10
0030c6aa   _menu_45_11
0030c719   _menu_45_12
0030c73c   _menu_45_13
0030c75f   _menu_46_04
0030c7da   _menu_46_05
0030c88a   _menu_46_06
0030c932   _menu_46_07
0030c9c5   _menu_46_08
0030c9ff   _menu_46_09
0030ca59   _menu_46_10
0030caba   _menu_46_11
0030cb29   _menu_46_12
0030cb4c   _menu_46_13
0030cb6f   _menu_47_04
0030cbdb   _menu_47_05
0030cc8a   _menu_47_06
0030cd1d   _menu_47_07
0030cd46   _menu_47_08
0030cd80   _menu_47_09
0030cde1   _menu_47_10
0030ce4e   _menu_47_11
0030ce71   _menu_47_12
0030ce94   _menu_48_05
0030cf43   _menu_48_06
0030cfeb   _menu_48_07
0030d07e   _menu_48_08
0030d0a7   _menu_48_09
0030d101   _menu_48_10
0030d162   _menu_48_11
0030d1d1   _menu_48_12
0030d1f4   _menu_48_13
0030d217   _menu_49_04
0030d292   _menu_49_05
0030d342   _menu_49_06
0030d3ea   _menu_49_07
0030d47d   _menu_49_08
0030d4b7   _menu_49_09
0030d511   _menu_49_10
0030d572   _menu_49_11
0030d5e1   _menu_49_12
0030d604   _menu_49_13
0030d627   _menu_50_04
0030d73f   _menu_50_05
0030d7d9   _menu_50_06
0030d86c   _menu_50_07
0030d8a1   _menu_50_08
0030d8d6   _menu_50_09
0030d937   _menu_50_10
0030d9a4   _menu_50_11
0030d9c7   _menu_50_12
0030d9ea   _menu_51_04
0030db5e   _menu_51_05
0030dbf8   _menu_51_06
0030dc8b   _menu_51_07
0030dcc0   _menu_51_08
0030dcf5   _menu_51_09
0030dd56   _menu_51_10
0030ddc3   _menu_51_11
0030dde6   _menu_51_12
0030de09   _menu_52_04
0030df7d   _menu_52_05
0030e017   _menu_52_06
0030e0aa   _menu_52_07
0030e0df   _menu_52_08
0030e114   _menu_52_09
0030e175   _menu_52_10
0030e1e2   _menu_52_11
0030e205   _menu_52_12
0030e228   _menu_53_04
0030e39c   _menu_53_05
0030e436   _menu_53_06
0030e4c9   _menu_53_07
0030e4fe   _menu_53_08
0030e533   _menu_53_09
0030e594   _menu_53_10
0030e601   _menu_53_11
0030e624   _menu_53_12
0030e647   _menu_54_04
0030e75f   _menu_54_05
0030e7f9   _menu_54_06
0030e88c   _menu_54_07
0030e8c1   _menu_54_08
0030e8f6   _menu_54_09
0030e957   _menu_54_10
0030e9c4   _menu_54_11
0030e9e7   _menu_54_12
0030ea0a   _menu_55_04
0030ead7   _menu_55_05
0030ebee   _menu_55_06
0030ec88   _menu_55_07
0030ed1b   _menu_55_08
0030ed44   _menu_55_09
0030ed85   _menu_55_10
0030ede6   _menu_55_11
0030ee55   _menu_55_12
0030ee78   _menu_55_13
0030ee9b   _menu_56_05
0030efb2   _menu_56_06
0030f05a   _menu_56_07
0030f0ed   _menu_56_08
0030f116   _menu_56_09
0030f157   _menu_56_10
0030f1b8   _menu_56_11
0030f227   _menu_56_12
0030f24a   _menu_56_13
0030f26d   _menu_57_04
0030f31f   _menu_57_05
0030f404   _menu_57_06
0030f497   _menu_57_07
0030f4c0   _menu_57_08
0030f4f5   _menu_57_09
0030f556   _menu_57_10
0030f5c3   _menu_57_11
0030f5e6   _menu_57_12
0030f609   _menu_58_05
0030f701   _menu_58_06
0030f7a9   _menu_58_07
0030f83c   _menu_58_08
0030f865   _menu_58_09
0030f8a6   _menu_58_10
0030f907   _menu_58_11
0030f976   _menu_58_12
0030f999   _menu_58_13
0030f9bc   _menu_59_04
0030faa8   _menu_59_05
0030fba1   _menu_59_06
0030fc3b   _menu_59_07
0030fcc9   _menu_59_08
0030fd5c   _menu_59_09
0030fda0   _menu_59_10
0030fde1   _menu_59_11
0030fe10   _menu_59_12
0030fe71   _menu_59_13
0030fee2   _menu_59_14
0030ff05   _menu_59_15
0030ff28   _menu_60_04
0031000d   _menu_60_05
00310106   _menu_60_06
003101a0   _menu_60_07
0031022e   _menu_60_08
003102c1   _menu_60_09
003102f6   _menu_60_10
00310337   _menu_60_11
00310366   _menu_60_12
003103c7   _menu_60_13
00310438   _menu_60_14
0031045b   _menu_60_15
0031047e   _menu_80_03
0031053b   _menu_80_04
003105ec   _menu_80_05
0031067b   _menu_80_06
0031070a   _menu_80_07
00310799   _menu_80_08
00310828   _menu_80_09
003108b7   _menu_80_10
00310906   _menu_80_11
00310aac   _menu_80_12
00310acf   _menu_80_13
00310af2   _menu_81_03
00310b73   _menu_81_04
00310c2e   _menu_81_05
00310cde   _menu_81_06
00310da6   _menu_81_07
00310f13   _menu_81_08
00310fa6   _menu_81_09
00311023   _menu_81_10
00311099   _menu_81_11
003110bc   _menu_81_12
003110df   _menu_82_03
00311143   _menu_82_04
003111c0   _menu_82_05
0031123f   _menu_82_06
003112be   _menu_82_07
0031133b   _menu_82_08
003113b8   _menu_82_09
00311438   _menu_82_10
00311473   _menu_82_11
003114c6   _menu_82_12
003114e9   _menu_82_13
0031150c   _menu_83_03
00311575   _menu_83_04
003115cc   _menu_83_05
0031161f   _menu_83_06
003116ac   _menu_83_07
003116cf   _menu_83_08
003116f2   _menu_84_03
0031175f   _menu_84_05
003117ef   _menu_84_06
00311842   _menu_84_07
00311865   _menu_84_08
00311888   _menu_84_09
003118ab   _menu_85_03
00311929   _menu_85_04
0031197c   _menu_85_05
0031199f   _menu_85_06
003119c2   _menu_86_03
00311a36   _menu_86_04
00311a89   _menu_86_05
00311aac   _menu_86_06
00311acf   _menu_87_03
00311b49   _menu_87_04
00311b9c   _menu_87_05
00311bbf   _menu_87_06
00311be2   _menu_88_03
00311c58   _menu_88_04
00311ce8   _menu_88_05
00311d17   _menu_88_06
00311d80   _menu_88_07
00311da3   _menu_88_08
00311dc6   _menu_89_03
00311e49   _menu_89_04
00311ea2   _menu_89_05
00311f0b   _menu_89_06
00311f2e   _menu_89_07
00311f51   _menu_90_03
00311f99   _menu_90_04
00311fec   _menu_90_05
0031200f   _menu_90_06
00312032   _menu_91_04
003120c3   _menu_91_05
003120f2   _menu_91_06
0031215b   _menu_91_07
0031217e   _menu_91_08
003121a1   _menu_92_04
00312239   _menu_92_05
003122b3   _menu_92_06
00312305   _menu_92_07
00312370   _menu_92_08
00312393   _menu_92_09
003123b6   _menu_95_04
0031241d   _menu_95_05
00312465   _menu_95_06
003124b2   _menu_95_07
0031251f   _menu_95_08
00312542   _menu_95_09
00312565   _menu_96_05
00312590   _menu_97_04
00312610   _menu_97_05
00312693   _menu_97_06
003126ca   _menu_97_07
00312725   _menu_97_08
00312748   _menu_97_09
0031276b   _menu_98_04
003127d4   _menu_98_05
0031283d   _menu_98_06
0031289d   _menu_98_07
003128d1   _menu_98_08
0031290d   _menu_98_09
0031297a   _menu_98_10
0031299d   _menu_98_11
0031492b   _menu_99_00
003129c0   _menu_99_04
00312a13   _menu_99_05
00312a36   _menu_99_06
0000a162   _menu_drive
003148d0   _menu_dummy
00314b85   _menu_init
003148ef   _menu_popup
0031f7fe   _menu_tables
0000d21c   _motor_set1
0000d218   _motor_set2
0000d224   _motor_set3
0000d1f4   _motor_view1
0000d1f0   _motor_view2
0000d230   _n47_set1
0000d25c   _n47_view1
0000d2d4   _nch_set1
0000d280   _nch_set2
0000d27c   _nch_set3
0000d288   _nch_set4
0000d284   _nch_view1
0000d270   _nch_view2
0000d0dc   _nch_view4
0000d0e8   _nch_view5
0000d1ec   _nsocr_set1
0000d1e8   _nsocr_view1
0000d0bc   _nsocr_view4
0000d0c8   _nsocr_view5
0000d320   _ocgr50_set1
0000d30c   _ocgr50_view1
0000d308   _ocgr50_view2
0000d310   _ocgr51_set1
0000d37c   _ocgr51_view1
0000d2f0   _ocr50_set1
0000d2ec   _ocr50_view1
0000d300   _ocr50_view2
0000d318   _ocr51_set1
0000d314   _ocr51_view1
0000cf54   _ocr_pro_set1
0000cf48   _ocr_pro_set2
0000cf6c   _ocr_pro_view1
0000cf68   _ocr_pro_view2
0000d10c   _ocr_view1
0000d118   _ocr_view2
0000d114   _ocr_view3
0000d100   _ocr_view4
0000d0fc   _ocr_view5
0000d108   _ocr_view6
00008ebb   _over_phase_value_check
0000d370   _ovgr_set1
0000d374   _ovgr_view1
0000d368   _ovgr_view2
0000d124   _ovgr_view4
0000d0d0   _ovgr_view5
0000d0cc   _ovgr_view6
0000d0d8   _ovgr_view7
0000d364   _ovr_set1
0000d358   _ovr_view1
0000d35c   _ovr_view2
0000d11c   _ovr_view4
0000d128   _ovr_view5
0000d228   _p47_set1
0000d234   _p47_view1
0000ce0e   _p_view_format1
0000ceb0   _p_view_format10
0000ceac   _p_view_format100
0000ced0   _p_view_format100g
0000cea0   _p_view_format100k
0000cea4   _p_view_format100m
0000cf64   _p_view_format10g
0000ceb4   _p_view_format10k
0000cea8   _p_view_format10m
0000cec8   _p_view_format1g
0000cecc   _p_view_format1k
0000ce9c   _p_view_format1m
0000cfa8   _password_input1
0000cf9c   _password_input2
0000cf50   _password_set1
0031a080   _pll_setup
0031afcd   _pow
0000d1cc   _power1
0000d178   _power2
0000d174   _power3
0000d180   _power4
00009b51   _power_update
00009015   _protective_relay
0000cf3c   _pt_ratio_set1
0000cf30   _pt_ratio_set2
0000cefc   _pt_ratio_set3
0000cf08   _pt_ratio_view1
0000cf38   _pt_ratio_view10
0000cf14   _pt_ratio_view11
0000cf1c   _pt_ratio_view12
0000cf18   _pt_ratio_view13
0000cf24   _pt_ratio_view14
0000cf10   _pt_ratio_view15
0000cf0c   _pt_ratio_view16
0000cf00   _pt_ratio_view2
0000cedc   _pt_ratio_view3
0000cee8   _pt_ratio_view4
0000ced4   _pt_ratio_view5
0000ced8   _pt_ratio_view6
0000ceec   _pt_ratio_view7
0000cee0   _pt_ratio_view8
0000cee4   _pt_ratio_view9
00317f2a   _pt_setting_min_max_check
0000cef4   _pt_wiring_set1
0000cf20   _pt_wiring_view1
0000d1a0   _q_value
00009948   _real_main
0000d1e4   _relay1
0000d0ac   _relay10
0000d0b8   _relay11
0000d0b4   _relay12
0000d0a0   _relay13
0000d09c   _relay14
0000d0a8   _relay15
0000d0a4   _relay16
0000d090   _relay2
0000d08c   _relay3
0000d098   _relay4
0000d094   _relay5
0000d080   _relay6
0000d07c   _relay7
0000d088   _relay8
0000d0b0   _relay9
0000d418   _relay_curve
00008dd2   _relay_detect_to_pickup
00008ea9   _relay_dropout_to_normal
0000d390   _relay_mode1
0000d344   _relay_mode2
0000d340   _relay_mode3
0000d354   _relay_mode4
00008dcd   _relay_normal_to_detect
0000d34c   _relay_onoff1
00008e41   _relay_opeartion_to_dropout
00008de5   _relay_pickup_to_operation
0000ce94   _relay_popup1
0000ce80   _relay_popup2
0000ce7c   _relay_popup3
0000ce88   _relay_popup4
0000ce84   _relay_popup5
0000cff0   _relay_popup6
0000cffc   _relay_popup7
0000cfe8   _relay_popup8
0000cfe4   _relay_popup9
0000d304   _relay_relay1
0000d2f8   _relay_set_view1
0000cff8   _relay_test1
0000cfec   _relay_test2
0000d010   _relay_test3
0000d00c   _relay_test4
0000d028   _relay_test5
0000ce48   _reset1
0000ce44   _reset2
0000ce50   _reset3
0000ce0a   _resetq
00009e1e   _rtc_handling
0000cfc4   _run_time
0000d2cc   _s_l_set1
0000d2d8   _s_l_set2
0000d2e4   _s_l_view1
0000d2d0   _s_l_view2
0000ce2a   _save1
0000ce22   _save_cancel1
0000ce2e   _save_confirm1
0000ce58   _save_fail1
0000ce4c   _save_no1
0031a131   _sci_setup
0000d4da   _scrP
0030a21a   _screen_frame
0030a22a   _screen_frame2
0030a239   _screen_frame3
0000a0d4   _serial_ok_nak_send
00316ce1   _serial_write
0000d40c   _set_integer
0000d050   _setting1
0000d04c   _setting2
0000d058   _setting3
003188f8   _setting_load
00317f17   _setting_min_max_check
00317f83   _setting_post_handling
00317f3e   _setting_save
0031b027   _sin
00321b12   _sin_50Hz
00321b2a   _sin_60Hz
0000c0d8   _sin_table
0000d400   _six_point_2
0000d0f4   _sl_view1
0000d0e0   _sl_view2
0000d32c   _sovr_view1
0000d338   _sovr_view2
0031b17e   _sprintf
0031b22e   _sqrt
0031b413   _strcpy
0031b3f7   _strlen
00009b0a   _supervision_relay
0000d074   _supervison_set1
0000d060   _supervison_set2
0000d05c   _supervison_set3
0000d068   _supervison_set4
0000d064   _supervison_set5
0000d110   _supervison_set6
0000d070   _supervison_view1
0000d06c   _supervison_view2
0000d078   _supervison_view3
0000d258   _sync_set1
0000d264   _sync_set2
0000d260   _sync_set3
0000d24c   _sync_set4
0000d248   _sync_view1
0000d254   _sync_view2
0000d250   _sync_view3
0000d324   _syncro_view1
0000d328   _syncro_view2
0000d33c   _syncro_view3
0000d330   _syncro_view4
0000cfb0   _sys_time
0000d2a8   _system_set1
0000d2a4   _system_set2
0000d290   _system_set3
0000d28c   _system_set4
0000d298   _system_set5
0000d294   _system_set6
0000d26c   _system_view1
0000d278   _system_view2
0000d274   _system_view3
0000d2a0   _system_view4
0000d29c   _system_view5
0000d000   _test2
0000d014   _test3
0000cfc0   _test4
0000d20c   _thr_set1
0000d208   _thr_set2
0000d220   _thr_view1
0000d0c4   _thr_view4
0000d0f0   _thr_view5
0000cfb8   _time_set1
0000cfdc   _time_set2
0000cfd8   _time_set3
0000d008   _time_set4
0000cfd0   _time_set5
0000cfcc   _time_set6
0000cfe0   _time_set7
0000cfd4   _time_set8
0000d2fc   _tl_set1
0000d1fc   _ucr_set1
0000d1f8   _ucr_set2
0000d204   _ucr_view1
0000d200   _ucr_view2
0000d0d4   _ucr_view3
0000d0c0   _ucr_view4
00008f43   _under_phase_value_check
0000d23c   _uvr_set1
0000d238   _uvr_set2
0000d244   _uvr_set_view1
0000d240   _uvr_set_view2
0000d22c   _uvr_set_view3
0000d0e4   _uvr_view1
0000d13c   _uvr_view2
0000d334   _uvr_view3
0000d31c   _uvr_view4
0000d2f4   _uvr_view5
0000d350   _uvr_view6
0000d3de   _view_format1
0000d3c0   _view_format10
0000d3b6   _view_format100
0000d3d2   _view_format100g
0000d3d8   _view_format100k
0000d398   _view_format100m
0000d3a4   _view_format10g
0000d3c6   _view_format10k
0000d3aa   _view_format10m
0000d39e   _view_format1g
0000d3cc   _view_format1k
0000d3b0   _view_format1m
0000d14c   _volt1
0000d1b8   _volt2
0000d1b4   _volt3
0000d1c0   _volt4
0000d1bc   _volt5
0000d1a8   _volt6
0000d1a4   _volt7
0000d1b0   _volt8
0000d1ac   _volt9
0000ce16   _wave1
0000ce1e   _wave2
0000ce1a   _wave3
00321b5a   _wave_buffer_address
00321b6e   _wave_buffer_post_address
00319bd0   _wave_di_initial_post
00319bb5   _wave_di_initial_pre1
00319bc3   _wave_di_initial_pre2
0000a112   _wave_dump_serial_sram
00319bda   _wave_flash_sector_erase
00319b6c   _wave_flash_word_write
00319bf3   _wave_save_process
00319bab   _wave_vi_initial_post
00319b90   _wave_vi_initial_pre1
00319b9e   _wave_vi_initial_pre2
0000cf58   _zct_set1
0000cf44   _zct_view1
ffffffff   binit
00321e38   cinit
0033fff6   code_start
0031b42b   etext
ffffffff   pinit


GLOBAL SYMBOLS: SORTED BY Symbol Address 

address    name
--------   ----
00000001   __TI_args_main
00000400   __STACK_SIZE
00000d00   _PieVectTable
00008000   _RamfuncsRunStart
00008000   _XINT3_ISR
00008bf5   _TINT1_ISR
00008d38   _SCIRXB_ISR
00008d7b   _SCITXINTB_ISR
00008da0   _SCITXINTC_ISR
00008dcd   _relay_normal_to_detect
00008dd2   _relay_detect_to_pickup
00008de5   _relay_pickup_to_operation
00008e41   _relay_opeartion_to_dropout
00008e4b   _do_release
00008ea9   _relay_dropout_to_normal
00008ebb   _over_phase_value_check
00008f43   _under_phase_value_check
00008fc5   _OCR50_1_RELAY
00009015   _protective_relay
000098cc   _Inverse_Op_Timeset
00009948   _real_main
00009ac0   _float_to_8bit_fram
00009b0a   _supervision_relay
00009b51   _power_update
00009d8c   _event_direct_save
00009e1e   _rtc_handling
00009f0e   _delay_us
00009f3d   _i2c_read
00009f7d   _i2c_write
00009fbc   _key_drive
0000a035   _lcd_control_write
0000a052   _lcd_character_write
0000a06f   _make_crc_send
0000a0d4   _serial_ok_nak_send
0000a112   _wave_dump_serial_sram
0000a162   _menu_drive
0000a1e9   _InitFlash
0000a1ff   _DSP28x_usDelay
0000c000   _LOCAL_CONTROL
0000c001   _Calibration_Menu_Escape
0000c002   _TIMER1
0000c004   _MIN_MAX
0000c006   _DISPLAY_3PHASE
0000c008   _AUTO_DISPLAY
0000c00a   _PASSWORD
0000c00c   _ADDRESS
0000c00e   _GR_ANGLE
0000c010   _CORE
0000c013   _DIGITAL_OUTPUT
0000c016   _PROTECT
0000c01a   _DSGR_ANGLE
0000c01e   _SYSTEM_ALARM
0000c022   _COMM
0000c026   _MODBUS
0000c02a   _GPT
0000c02e   _FLASH
0000c032   _OCR_MODE_SET
0000c037   _SYSTEM_SET
0000c040   _TIMER0
0000c046   _UVR_MODE
0000c04c   _LOCAL_CTRL
0000c052   _DIDO
0000c05e   _ACCUMULATION
0000c06a   _RELAY_STATUS
0000c080   _TIMER
0000c08c   _WAVE
0000c098   _DIGITAL_INPUT
0000c0aa   _CPT
0000c0c0   _cos_table
0000c0d8   _sin_table
0000c100   _TIME
0000c118   _OCGR50
0000c140   _UVR_1
0000c15a   _SYSTEM
0000c180   _OCR50_2
0000c19a   _P47
0000c1c0   _N47
0000c1da   _UVR_2
0000c200   _UVR_3
0000c21a   _OCR50_1
0000c240   _OVGR
0000c260   _SUPERVISION
0000c280   _OCGR51
0000c2c0   _OVR
0000c300   _OCR51_1
0000c340   _OCR51_2
0000c380   _EVENT
0000c3c0   _SGR
0000c400   _DGR
0000c440   _DFT
0000c480   _HIMIX
0000c500   _HARMONICS
0000c580   _LCD
0000c600   _DISPLAY
0000c700   _CALIBRATION
0000c840   _MEASUREMENT
0000c980   _SAMPLE
0000cbc0   _MANAGER
0000cdd4   __unlock
0000cdd6   __lock
0000cdd8   __cleanup_ptr
0000cdda   __dtors_ptr
0000cddc   _errno
0000ce01   _Data_Change
0000ce03   _Button_Press
0000ce04   _KHS_Key_Press
0000ce05   _Set_Password
0000ce06   _Data_Change_Count
0000ce08   _event_test
0000ce0a   _resetq
0000ce0e   _p_view_format1
0000ce12   _etc3
0000ce16   _wave1
0000ce1a   _wave3
0000ce1e   _wave2
0000ce22   _save_cancel1
0000ce26   _ct_ratio_view2
0000ce2a   _save1
0000ce2e   _save_confirm1
0000ce32   _etc1
0000ce36   _etc2
0000ce3a   _data_reset3
0000ce40   _data_reset1
0000ce44   _reset2
0000ce48   _reset1
0000ce4c   _save_no1
0000ce50   _reset3
0000ce54   _ct_ratio_view1
0000ce58   _save_fail1
0000ce5c   _data_reset2
0000ce60   _event10
0000ce64   _event9
0000ce68   _event12
0000ce6c   _event11
0000ce70   _event5
0000ce74   _event4
0000ce78   _event8
0000ce7c   _relay_popup3
0000ce80   _relay_popup2
0000ce84   _relay_popup5
0000ce88   _relay_popup4
0000ce8c   _event_t
0000ce90   _event6
0000ce94   _relay_popup1
0000ce98   _event_d
0000ce9c   _p_view_format1m
0000cea0   _p_view_format100k
0000cea4   _p_view_format100m
0000cea8   _p_view_format10m
0000ceac   _p_view_format100
0000ceb0   _p_view_format10
0000ceb4   _p_view_format10k
0000ceb8   _event1
0000cebc   _eventx
0000cec0   _event3
0000cec4   _event2
0000cec8   _p_view_format1g
0000cecc   _p_view_format1k
0000ced0   _p_view_format100g
0000ced4   _pt_ratio_view5
0000ced8   _pt_ratio_view6
0000cedc   _pt_ratio_view3
0000cee0   _pt_ratio_view8
0000cee4   _pt_ratio_view9
0000cee8   _pt_ratio_view4
0000ceec   _pt_ratio_view7
0000cef0   _ct_ratio_view4
0000cef4   _pt_wiring_set1
0000cef8   _di_set2
0000cefc   _pt_ratio_set3
0000cf00   _pt_ratio_view2
0000cf04   _di_set1
0000cf08   _pt_ratio_view1
0000cf0c   _pt_ratio_view16
0000cf10   _pt_ratio_view15
0000cf14   _pt_ratio_view11
0000cf18   _pt_ratio_view13
0000cf1c   _pt_ratio_view12
0000cf20   _pt_wiring_view1
0000cf24   _pt_ratio_view14
0000cf28   _ct_ratio_set4
0000cf2c   _ct_ratio_set3
0000cf30   _pt_ratio_set2
0000cf34   _ct_ratio_set1
0000cf38   _pt_ratio_view10
0000cf3c   _pt_ratio_set1
0000cf40   _gr_set_view1
0000cf44   _zct_view1
0000cf48   _ocr_pro_set2
0000cf4c   _gr_set1
0000cf50   _password_set1
0000cf54   _ocr_pro_set1
0000cf58   _zct_set1
0000cf5c   _lc_set3
0000cf60   _lc_set2
0000cf64   _p_view_format10g
0000cf68   _ocr_pro_view2
0000cf6c   _ocr_pro_view1
0000cf70   _lc_view1
0000cf74   _lc_set1
0000cf78   _di_set5
0000cf7c   _di_set4
0000cf80   _di_set7
0000cf84   _di_set3
0000cf88   _ct_ratio_set2
0000cf8c   _di_set6
0000cf90   _ct_ratio_view3
0000cf94   _di_set_view4
0000cf98   _di_set_view3
0000cf9c   _password_input2
0000cfa0   _di_set_view1
0000cfa4   _di_set8
0000cfa8   _password_input1
0000cfb0   _sys_time
0000cfb4   _etc_view2
0000cfb8   _time_set1
0000cfbc   _hidden1
0000cfc0   _test4
0000cfc4   _run_time
0000cfc8   _etc_view1
0000cfcc   _time_set6
0000cfd0   _time_set5
0000cfd4   _time_set8
0000cfd8   _time_set3
0000cfdc   _time_set2
0000cfe0   _time_set7
0000cfe4   _relay_popup9
0000cfe8   _relay_popup8
0000cfec   _relay_test2
0000cff0   _relay_popup6
0000cff4   _di_set_view2
0000cff8   _relay_test1
0000cffc   _relay_popup7
0000d000   _test2
0000d004   _led_test1
0000d008   _time_set4
0000d00c   _relay_test4
0000d010   _relay_test3
0000d014   _test3
0000d018   _east_egg1
0000d01c   _diag3
0000d020   _east_egg3
0000d024   _diag1
0000d028   _relay_test5
0000d02c   _east_egg2
0000d030   _diag2
0000d034   _Cursor_Position
0000d038   _Screen_Position
0000d03c   _docb2
0000d040   _docb1
0000d044   _cb_status_view2
0000d048   _cb_status_view1
0000d04c   _setting2
0000d050   _setting1
0000d054   _cpt2
0000d058   _setting3
0000d05c   _supervison_set3
0000d060   _supervison_set2
0000d064   _supervison_set5
0000d068   _supervison_set4
0000d06c   _supervison_view2
0000d070   _supervison_view1
0000d074   _supervison_set1
0000d078   _supervison_view3
0000d07c   _relay7
0000d080   _relay6
0000d084   _cpt1
0000d088   _relay8
0000d08c   _relay3
0000d090   _relay2
0000d094   _relay5
0000d098   _relay4
0000d09c   _relay14
0000d0a0   _relay13
0000d0a4   _relay16
0000d0a8   _relay15
0000d0ac   _relay10
0000d0b0   _relay9
0000d0b4   _relay12
0000d0b8   _relay11
0000d0bc   _nsocr_view4
0000d0c0   _ucr_view4
0000d0c4   _thr_view4
0000d0c8   _nsocr_view5
0000d0cc   _ovgr_view6
0000d0d0   _ovgr_view5
0000d0d4   _ucr_view3
0000d0d8   _ovgr_view7
0000d0dc   _nch_view4
0000d0e0   _sl_view2
0000d0e4   _uvr_view1
0000d0e8   _nch_view5
0000d0ec   _h50_view1
0000d0f0   _thr_view5
0000d0f4   _sl_view1
0000d0f8   _h50_view2
0000d0fc   _ocr_view5
0000d100   _ocr_view4
0000d104   _gr_view1
0000d108   _ocr_view6
0000d10c   _ocr_view1
0000d110   _supervison_set6
0000d114   _ocr_view3
0000d118   _ocr_view2
0000d11c   _ovr_view4
0000d120   _gr_view6
0000d124   _ovgr_view4
0000d128   _ovr_view5
0000d12c   _gr_view3
0000d130   _gr_view2
0000d134   _gr_view5
0000d138   _gr_view4
0000d13c   _uvr_view2
0000d140   _display1
0000d144   _measuremnt3
0000d148   _measuremnt2
0000d14c   _volt1
0000d150   _measuremnt4
0000d154   _display3
0000d158   _display2
0000d15c   _measuremnt1
0000d160   _display4
0000d164   _harmonics3
0000d168   _harmonics2
0000d16c   _harmonics5
0000d170   _harmonics4
0000d174   _power3
0000d178   _power2
0000d17c   _harmonics1
0000d180   _power4
0000d184   _di1
0000d188   _didocb2
0000d18c   _do2
0000d190   _do1
0000d194   _delta_vdf1
0000d198   _harmonics6
0000d19c   _didocb1
0000d1a0   _q_value
0000d1a4   _volt7
0000d1a8   _volt6
0000d1ac   _volt9
0000d1b0   _volt8
0000d1b4   _volt3
0000d1b8   _volt2
0000d1bc   _volt5
0000d1c0   _volt4
0000d1c4   _current6
0000d1c8   _current5
0000d1cc   _power1
0000d1d0   _current7
0000d1d4   _current2
0000d1d8   _current1
0000d1dc   _current4
0000d1e0   _current3
0000d1e4   _relay1
0000d1e8   _nsocr_view1
0000d1ec   _nsocr_set1
0000d1f0   _motor_view2
0000d1f4   _motor_view1
0000d1f8   _ucr_set2
0000d1fc   _ucr_set1
0000d200   _ucr_view2
0000d204   _ucr_view1
0000d208   _thr_set2
0000d20c   _thr_set1
0000d210   _comm_view1
0000d214   _commx
0000d218   _motor_set2
0000d21c   _motor_set1
0000d220   _thr_view1
0000d224   _motor_set3
0000d228   _p47_set1
0000d22c   _uvr_set_view3
0000d230   _n47_set1
0000d234   _p47_view1
0000d238   _uvr_set2
0000d23c   _uvr_set1
0000d240   _uvr_set_view2
0000d244   _uvr_set_view1
0000d248   _sync_view1
0000d24c   _sync_set4
0000d250   _sync_view3
0000d254   _sync_view2
0000d258   _sync_set1
0000d25c   _n47_view1
0000d260   _sync_set3
0000d264   _sync_set2
0000d268   _comm_set1
0000d26c   _system_view1
0000d270   _nch_view2
0000d274   _system_view3
0000d278   _system_view2
0000d27c   _nch_set3
0000d280   _nch_set2
0000d284   _nch_view1
0000d288   _nch_set4
0000d28c   _system_set4
0000d290   _system_set3
0000d294   _system_set6
0000d298   _system_set5
0000d29c   _system_view5
0000d2a0   _system_view4
0000d2a4   _system_set2
0000d2a8   _system_set1
0000d2ac   _cb_fail1
0000d2b0   _cb_good2
0000d2b4   _cb_cancel1
0000d2b8   _cb_fail2
0000d2bc   _l_cb_open
0000d2c0   _comm_set2
0000d2c4   _cb_good1
0000d2c8   _l_cb_close
0000d2cc   _s_l_set1
0000d2d0   _s_l_view2
0000d2d4   _nch_set1
0000d2d8   _s_l_set2
0000d2dc   _h50_view3
0000d2e0   _cb_cancel2
0000d2e4   _s_l_view1
0000d2e8   _h50_set1
0000d2ec   _ocr50_view1
0000d2f0   _ocr50_set1
0000d2f4   _uvr_view5
0000d2f8   _relay_set_view1
0000d2fc   _tl_set1
0000d300   _ocr50_view2
0000d304   _relay_relay1
0000d308   _ocgr50_view2
0000d30c   _ocgr50_view1
0000d310   _ocgr51_set1
0000d314   _ocr51_view1
0000d318   _ocr51_set1
0000d31c   _uvr_view4
0000d320   _ocgr50_set1
0000d324   _syncro_view1
0000d328   _syncro_view2
0000d32c   _sovr_view1
0000d330   _syncro_view4
0000d334   _uvr_view3
0000d338   _sovr_view2
0000d33c   _syncro_view3
0000d340   _relay_mode3
0000d344   _relay_mode2
0000d348   _delay_set1
0000d34c   _relay_onoff1
0000d350   _uvr_view6
0000d354   _relay_mode4
0000d358   _ovr_view1
0000d35c   _ovr_view2
0000d360   _dsgr_set4
0000d364   _ovr_set1
0000d368   _ovgr_view2
0000d36c   _Save_Current_Screen
0000d370   _ovgr_set1
0000d374   _ovgr_view1
0000d378   _dsgr_set3
0000d37c   _ocgr51_view1
0000d380   _dsgr_set1
0000d384   _dsgr_set2
0000d388   _dsgr_view2
0000d38c   _dsgr_view1
0000d390   _relay_mode1
0000d394   _dsgr_view3
0000d398   _view_format100m
0000d39e   _view_format1g
0000d3a4   _view_format10g
0000d3aa   _view_format10m
0000d3b0   _view_format1m
0000d3b6   _view_format100
0000d3c0   _view_format10
0000d3c6   _view_format10k
0000d3cc   _view_format1k
0000d3d2   _view_format100g
0000d3d8   _view_format100k
0000d3de   _view_format1
0000d3e4   _event_control
0000d3f6   _event_reset
0000d400   _six_point_2
0000d40c   _set_integer
0000d418   _relay_curve
0000d424   _event_mode_change
0000d440   _event_phase
0000d452   _event_io
0000d466   _event_set
0000d480   _event_relay
0000d4c0   _Lcd_Bl_Count
0000d4c2   _LCD_LIGHT
0000d4c4   _LCD_RS
0000d4c6   _VFD_cnt
0000d4c8   _dumpP
0000d4ca   _NorScr
0000d4ce   _ReserveP
0000d4d2   _AckScr
0000d4d6   _FauScr
0000d4da   _scrP
0000d500   _VFDABuffer
0000d540   _VFDNBuffer
0000d580   _VFDFBuffer
0000d5bc   __stack
0000d9bc   __STACK_END
00308000   _RamfuncsLoadStart
0030a203   _RamfuncsLoadEnd
0030a204   .text
0030a204   ___text__
0030a204   _cursor_move
0030a213   _cursor_move_last
0030a21a   _screen_frame
0030a22a   _screen_frame2
0030a239   _screen_frame3
0030a249   _menu_00_00
0030a2c9   _menu_00_01
0030a316   _menu_00_02
0030a386   _menu_00_03
0030a3db   _menu_00_04
0030a430   _menu_00_05
0030a485   _menu_00_06
0030a4da   _menu_00_07
0030a52b   _menu_00_08
0030a57c   _menu_01_01
0030a5d2   _menu_01_03
0030a61f   _menu_01_04
0030a6a0   _menu_01_05
0030a6dd   _menu_01_06
0030a72a   _menu_01_07
0030a793   _menu_01_08
0030a80a   _menu_01_09
0030a873   _menu_01_10
0030a8ea   _menu_01_11
0030a953   _menu_01_12
0030a9ca   _menu_01_13
0030aa1b   _menu_01_14
0030aa6c   _menu_02_01
0030aaa4   _menu_02_03
0030aaf5   _menu_02_04
0030ab6a   _menu_02_05
0030abb9   _menu_02_06
0030ac08   _menu_03_03
0030ac71   _menu_04_02
0030acb1   _menu_29_02
0030ad14   _menu_29_03
0030ad25   _menu_41_02
0030ad70   _menu_41_03
0030ae08   _menu_41_04
0030ae74   _menu_41_05
0030afd1   _menu_41_06
0030b064   _menu_41_07
0030b08d   _menu_41_08
0030b0e4   _menu_41_09
0030b145   _menu_41_10
0030b1b2   _menu_41_11
0030b1d5   _menu_41_12
0030b1f8   _menu_42_01
0030b2a3   _menu_42_02
0030b2c2   _menu_42_03
0030b35e   _menu_42_05
0030b4bd   _menu_42_06
0030b565   _menu_42_07
0030b5f8   _menu_42_08
0030b621   _menu_42_09
0030b690   _menu_42_10
0030b6f1   _menu_42_11
0030b760   _menu_42_12
0030b783   _menu_42_13
0030b7a6   _menu_43_03
0030b944   _menu_43_04
0030b9b0   _menu_43_05
0030bb0d   _menu_43_06
0030bba0   _menu_43_07
0030bbc9   _menu_43_08
0030bc20   _menu_43_09
0030bc81   _menu_43_10
0030bcee   _menu_43_11
0030bd11   _menu_43_12
0030bd34   _menu_44_03
0030be7e   _menu_44_05
0030bfdd   _menu_44_06
0030c085   _menu_44_07
0030c118   _menu_44_08
0030c141   _menu_44_09
0030c1b0   _menu_44_10
0030c211   _menu_44_11
0030c280   _menu_44_12
0030c2a3   _menu_44_13
0030c2c6   _menu_45_03
0030c34f   _menu_45_04
0030c3ca   _menu_45_05
0030c47a   _menu_45_06
0030c522   _menu_45_07
0030c5b5   _menu_45_08
0030c5ef   _menu_45_09
0030c649   _menu_45_10
0030c6aa   _menu_45_11
0030c719   _menu_45_12
0030c73c   _menu_45_13
0030c75f   _menu_46_04
0030c7da   _menu_46_05
0030c88a   _menu_46_06
0030c932   _menu_46_07
0030c9c5   _menu_46_08
0030c9ff   _menu_46_09
0030ca59   _menu_46_10
0030caba   _menu_46_11
0030cb29   _menu_46_12
0030cb4c   _menu_46_13
0030cb6f   _menu_47_04
0030cbdb   _menu_47_05
0030cc8a   _menu_47_06
0030cd1d   _menu_47_07
0030cd46   _menu_47_08
0030cd80   _menu_47_09
0030cde1   _menu_47_10
0030ce4e   _menu_47_11
0030ce71   _menu_47_12
0030ce94   _menu_48_05
0030cf43   _menu_48_06
0030cfeb   _menu_48_07
0030d07e   _menu_48_08
0030d0a7   _menu_48_09
0030d101   _menu_48_10
0030d162   _menu_48_11
0030d1d1   _menu_48_12
0030d1f4   _menu_48_13
0030d217   _menu_49_04
0030d292   _menu_49_05
0030d342   _menu_49_06
0030d3ea   _menu_49_07
0030d47d   _menu_49_08
0030d4b7   _menu_49_09
0030d511   _menu_49_10
0030d572   _menu_49_11
0030d5e1   _menu_49_12
0030d604   _menu_49_13
0030d627   _menu_50_04
0030d73f   _menu_50_05
0030d7d9   _menu_50_06
0030d86c   _menu_50_07
0030d8a1   _menu_50_08
0030d8d6   _menu_50_09
0030d937   _menu_50_10
0030d9a4   _menu_50_11
0030d9c7   _menu_50_12
0030d9ea   _menu_51_04
0030db5e   _menu_51_05
0030dbf8   _menu_51_06
0030dc8b   _menu_51_07
0030dcc0   _menu_51_08
0030dcf5   _menu_51_09
0030dd56   _menu_51_10
0030ddc3   _menu_51_11
0030dde6   _menu_51_12
0030de09   _menu_52_04
0030df7d   _menu_52_05
0030e017   _menu_52_06
0030e0aa   _menu_52_07
0030e0df   _menu_52_08
0030e114   _menu_52_09
0030e175   _menu_52_10
0030e1e2   _menu_52_11
0030e205   _menu_52_12
0030e228   _menu_53_04
0030e39c   _menu_53_05
0030e436   _menu_53_06
0030e4c9   _menu_53_07
0030e4fe   _menu_53_08
0030e533   _menu_53_09
0030e594   _menu_53_10
0030e601   _menu_53_11
0030e624   _menu_53_12
0030e647   _menu_54_04
0030e75f   _menu_54_05
0030e7f9   _menu_54_06
0030e88c   _menu_54_07
0030e8c1   _menu_54_08
0030e8f6   _menu_54_09
0030e957   _menu_54_10
0030e9c4   _menu_54_11
0030e9e7   _menu_54_12
0030ea0a   _menu_55_04
0030ead7   _menu_55_05
0030ebee   _menu_55_06
0030ec88   _menu_55_07
0030ed1b   _menu_55_08
0030ed44   _menu_55_09
0030ed85   _menu_55_10
0030ede6   _menu_55_11
0030ee55   _menu_55_12
0030ee78   _menu_55_13
0030ee9b   _menu_56_05
0030efb2   _menu_56_06
0030f05a   _menu_56_07
0030f0ed   _menu_56_08
0030f116   _menu_56_09
0030f157   _menu_56_10
0030f1b8   _menu_56_11
0030f227   _menu_56_12
0030f24a   _menu_56_13
0030f26d   _menu_57_04
0030f31f   _menu_57_05
0030f404   _menu_57_06
0030f497   _menu_57_07
0030f4c0   _menu_57_08
0030f4f5   _menu_57_09
0030f556   _menu_57_10
0030f5c3   _menu_57_11
0030f5e6   _menu_57_12
0030f609   _menu_58_05
0030f701   _menu_58_06
0030f7a9   _menu_58_07
0030f83c   _menu_58_08
0030f865   _menu_58_09
0030f8a6   _menu_58_10
0030f907   _menu_58_11
0030f976   _menu_58_12
0030f999   _menu_58_13
0030f9bc   _menu_59_04
0030faa8   _menu_59_05
0030fba1   _menu_59_06
0030fc3b   _menu_59_07
0030fcc9   _menu_59_08
0030fd5c   _menu_59_09
0030fda0   _menu_59_10
0030fde1   _menu_59_11
0030fe10   _menu_59_12
0030fe71   _menu_59_13
0030fee2   _menu_59_14
0030ff05   _menu_59_15
0030ff28   _menu_60_04
0031000d   _menu_60_05
00310106   _menu_60_06
003101a0   _menu_60_07
0031022e   _menu_60_08
003102c1   _menu_60_09
003102f6   _menu_60_10
00310337   _menu_60_11
00310366   _menu_60_12
003103c7   _menu_60_13
00310438   _menu_60_14
0031045b   _menu_60_15
0031047e   _menu_80_03
0031053b   _menu_80_04
003105ec   _menu_80_05
0031067b   _menu_80_06
0031070a   _menu_80_07
00310799   _menu_80_08
00310828   _menu_80_09
003108b7   _menu_80_10
00310906   _menu_80_11
00310aac   _menu_80_12
00310acf   _menu_80_13
00310af2   _menu_81_03
00310b73   _menu_81_04
00310c2e   _menu_81_05
00310cde   _menu_81_06
00310da6   _menu_81_07
00310f13   _menu_81_08
00310fa6   _menu_81_09
00311023   _menu_81_10
00311099   _menu_81_11
003110bc   _menu_81_12
003110df   _menu_82_03
00311143   _menu_82_04
003111c0   _menu_82_05
0031123f   _menu_82_06
003112be   _menu_82_07
0031133b   _menu_82_08
003113b8   _menu_82_09
00311438   _menu_82_10
00311473   _menu_82_11
003114c6   _menu_82_12
003114e9   _menu_82_13
0031150c   _menu_83_03
00311575   _menu_83_04
003115cc   _menu_83_05
0031161f   _menu_83_06
003116ac   _menu_83_07
003116cf   _menu_83_08
003116f2   _menu_84_03
0031175f   _menu_84_05
003117ef   _menu_84_06
00311842   _menu_84_07
00311865   _menu_84_08
00311888   _menu_84_09
003118ab   _menu_85_03
00311929   _menu_85_04
0031197c   _menu_85_05
0031199f   _menu_85_06
003119c2   _menu_86_03
00311a36   _menu_86_04
00311a89   _menu_86_05
00311aac   _menu_86_06
00311acf   _menu_87_03
00311b49   _menu_87_04
00311b9c   _menu_87_05
00311bbf   _menu_87_06
00311be2   _menu_88_03
00311c58   _menu_88_04
00311ce8   _menu_88_05
00311d17   _menu_88_06
00311d80   _menu_88_07
00311da3   _menu_88_08
00311dc6   _menu_89_03
00311e49   _menu_89_04
00311ea2   _menu_89_05
00311f0b   _menu_89_06
00311f2e   _menu_89_07
00311f51   _menu_90_03
00311f99   _menu_90_04
00311fec   _menu_90_05
0031200f   _menu_90_06
00312032   _menu_91_04
003120c3   _menu_91_05
003120f2   _menu_91_06
0031215b   _menu_91_07
0031217e   _menu_91_08
003121a1   _menu_92_04
00312239   _menu_92_05
003122b3   _menu_92_06
00312305   _menu_92_07
00312370   _menu_92_08
00312393   _menu_92_09
003123b6   _menu_95_04
0031241d   _menu_95_05
00312465   _menu_95_06
003124b2   _menu_95_07
0031251f   _menu_95_08
00312542   _menu_95_09
00312565   _menu_96_05
00312590   _menu_97_04
00312610   _menu_97_05
00312693   _menu_97_06
003126ca   _menu_97_07
00312725   _menu_97_08
00312748   _menu_97_09
0031276b   _menu_98_04
003127d4   _menu_98_05
0031283d   _menu_98_06
0031289d   _menu_98_07
003128d1   _menu_98_08
0031290d   _menu_98_09
0031297a   _menu_98_10
0031299d   _menu_98_11
003129c0   _menu_99_04
00312a13   _menu_99_05
00312a36   _menu_99_06
00312a59   _menu_100_04
00312ac3   _menu_100_05
00312af4   _menu_100_06
00312b5d   _menu_100_07
00312b80   _menu_100_08
00312ba3   _menu_101_04
00312bff   _menu_101_05
00312c56   _menu_101_06
00312c8d   _menu_101_07
00312cf9   _menu_101_08
00312d1c   _menu_101_09
00312d3f   _menu_102_05
00312d83   _menu_102_06
00312dae   _menu_103_04
00312e15   _menu_103_05
00312e60   _menu_103_06
00312e9b   _menu_103_07
00312f06   _menu_103_08
00312f29   _menu_103_09
00312f4c   _menu_104_04
00312fb3   _menu_104_05
00313046   _menu_104_06
00313071   _menu_104_07
003130a5   _menu_104_08
00313106   _menu_104_09
00313171   _menu_104_10
00313194   _menu_104_11
003131b7   _menu_150_01
0031321d   _menu_150_02
00313273   _menu_151_01
00313392   _menu_151_02
003133f8   _menu_151_03
0031345e   _menu_151_04
003134c5   _menu_151_05
00313569   _menu_151_06
00313583   _menu_151_07
0031359d   _menu_152_01
003135fb   _menu_152_02
0031362e   _menu_152_03
003136c9   _menu_152_04
0031376f   _menu_152_05
0031379a   _menu_153_01
00313819   _menu_153_02
003138dd   _menu_153_03
003139a1   _menu_153_04
00313a65   _menu_153_05
00313bf5   _menu_153_06
00313cb9   _menu_153_07
00313d7d   _menu_153_08
00313e41   _menu_153_09
00313f0b   _menu_153_10
0031408e   _menu_153_11
003140b1   _menu_153_12
003140d4   _menu_154_02
0031412b   _menu_154_03
0031414e   _menu_154_04
00314171   _menu_156_02
00314205   _menu_156_03
00314299   _menu_156_04
0031432d   _menu_156_05
003143c1   _menu_156_06
00314455   _menu_156_07
003144e9   _menu_156_08
0031457d   _menu_156_09
00314614   _menu_156_10
00314645   _menu_156_11
00314676   _menu_156_12
003146a7   _menu_156_13
003146d5   _menu_156_14
0031474c   _menu_156_15
0031476f   _menu_156_16
00314792   _menu_157_02
00314821   _menu_157_03
0031488a   _menu_157_04
003148ad   _menu_157_05
003148d0   _menu_dummy
003148ef   _menu_popup
0031492b   _menu_99_00
00314947   _Event_Item_Display
00314b00   _Event_Time_Display
00314b85   _menu_init
00314ba4   _Save_Screen_Info
00314bab   _Restore_Screen_Info
00314bb2   _main
00314bbf   _himix_drive
0031537a   _himix_crc
003153b7   _harmonics
003158dc   _harmonic_sample_backup
003159e0   _harmonic_real_imag_calculation
00315c27   _measure_display
00315d81   _measure2_display
00315ee8   _interrupt_control
00315f20   _COMM_CRC
00315f46   _manager_handling
00316ce1   _serial_write
00316d8d   _comm_drive
00316f7c   _booting_setting_check
00317f0a   _aux_do_check
00317f17   _setting_min_max_check
00317f2a   _pt_setting_min_max_check
00317f3e   _setting_save
00317f83   _setting_post_handling
003188f8   _setting_load
0031891c   _Setting_CRC
00318958   _event_info_update
0031896b   _GPT_Default_Settings
00318983   _CPT_Default_Settings
003189dd   _ADDRESS_Default_Settings
003189f3   _AUTO_DISPLAY_Default_Settings
00318a08   _PASSWORD_Default_Settings
00318a1e   _LOCAL_CTRL_Default_Settings
00318a37   _UVR_MODE_Default_Settings
00318a51   _DISPLAY_3PHASE_Default_Settings
00318a67   _MODBUS_Default_Settings
00318a7e   _OCR_MODE_Default_Settings
00318a96   _SYSTEM_ALARM_Default_Settings
00318aad   _OCR50_1_Default_Settings
00318add   _OCR50_2_Default_Settings
00318b0d   _OCR51_1_Default_Settings
00318b3d   _OCR51_2_Default_Settings
00318b6d   _OCGR50_Default_Settings
00318b9d   _OCGR51_Default_Settings
00318bcd   _UVR_1_Default_Settings
00318c0f   _UVR_2_Default_Settings
00318c51   _UVR_3_Default_Settings
00318c93   _P47_Default_Settings
00318cd5   _N47_Default_Settings
00318d17   _OVR_Default_Settings
00318d61   _OVGR_Default_Settings
00318d9c   _DGR_Default_Settings
00318ded   _SGR_Default_Settings
00318e32   _DI_Default_Settings
00318e4e   _DO_Default_Settings
00318e63   _ClearFLASH
003196aa   __printfi
003197ad   _delay
003197dc   _LCD_DATA
003197ef   _LCD_COMMAND
00319800   _LCD_INIT
00319826   _LCD_light_ON
0031982c   _LCD_light_OFF
00319831   _VFD_gotopo
00319846   _VFD_Init
0031987e   _VFD_gotoxy
00319890   _VFD_mem_cpy_test
00319897   _VFD_dump
003198dc   _VFD_dump2
0031991c   _VFD_Single_Line_dump
00319945   _VFD_Word_dump
0031996f   _VFD_cursor
0031999c   _VFD_printf
003199ab   _VFD_FONT
003199ac   _eerom_control
00319a14   _eerom_write
00319aa7   _eerom_read
00319b38   _flash_sector_erase
00319b55   _flash_word_write
00319b6c   _wave_flash_word_write
00319b90   _wave_vi_initial_pre1
00319b9e   _wave_vi_initial_pre2
00319bab   _wave_vi_initial_post
00319bb5   _wave_di_initial_pre1
00319bc3   _wave_di_initial_pre2
00319bd0   _wave_di_initial_post
00319bda   _wave_flash_sector_erase
00319bf3   _wave_save_process
00319fbf   _led_handling
0031a02d   _DO_Output
0031a062   _cpu_setup
0031a080   _pll_setup
0031a0b7   _Peripheral_Clock_setup
0031a0da   _interrupt_setup
0031a131   _sci_setup
0031a186   _GPIO_setup
0031a1e1   _Xinterface_setup
0031a237   _InitTimer
0031a265   _i2c_setup
0031a290   _lcd_setup
0031a589   _Offset_Check
0031a5b1   _DFT_Check
0031a618   _Degree_Check
0031a661   _ADC_Offset_Calibration
0031a6dc   _ADC_High_Calibration
0031a7cf   _ADC_low_Calibration
0031aa93   LL$$DIV
0031aacf   LL$$MOD
0031ab09   ULL$$DIV
0031ab38   ULL$$MOD
0031ab9a   _atan2
0031ac5e   FD$$ADD
0031acfa   FD$$DIV
0031ad85   FS$$DIV
0031ae0d   FD$$MPY
0031ae90   _atan
0031af02   _exp
0031af6c   _cos
0031afcd   _pow
0031b027   _sin
0031b07e   __log
0031b0d2   _c_int00
0031b118   _ldexp
0031b14d   _atoi
0031b17e   _sprintf
0031b1ad   _ltoa
0031b1d9   FD$$CMP
0031b203   L$$DIV
0031b212   L$$MOD
0031b220   UL$$DIV
0031b227   UL$$MOD
0031b22e   _sqrt
0031b251   I$$DIV
0031b262   I$$MOD
0031b273   FD$$TOI
0031b294   ___memcpy_ff
0031b2b5   FD$$TOL
0031b2d4   LL$$CMP
0031b2e6   ULL$$CMP
0031b2f2   FS$$TOFD
0031b30e   L$$TOFD
0031b32a   FD$$TOUL
0031b345   __args_main
0031b35e   C$$EXIT
0031b35e   _abort
0031b360   _exit
0031b377   _frexp
0031b38d   UL$$TOFD
0031b3a3   _MemCopy
0031b3b8   LL$$MPY
0031b3cc   _memccpy
0031b3de   FD$$SUB
0031b3ec   U$$DIV
0031b3f1   U$$MOD
0031b3f7   _strlen
0031b401   __register_unlock
0031b405   __register_lock
0031b409   __nop
0031b40a   FD$$NEG
0031b413   _strcpy
0031b424   _memset
0031b42b   ___etext__
0031b42b   etext
0031f7fe   _menu_tables
0032141e   __ctypes_
0032151f   _CRC_High
0032161f   _CRC_Low
00321720   _KHS_LCD_Buffer
0032176c   _harmonics_1st_cos
003217b4   _harmonics_1st_sin
003217fc   _harmonics_3rd_cos
00321844   _harmonics_3rd_sin
0032188c   _harmonics_5th_cos
003218d4   _harmonics_5th_sin
0032191c   _harmonics_7th_cos
00321964   _harmonics_7th_sin
003219ac   _harmonics_9th_cos
003219f4   _harmonics_9th_sin
00321a3c   _DGR_A_MAX
00321a3d   _DGR_A_MIN
00321a3e   _DGR_T_MAX
00321a3f   _UVR_T_MIN
00321a40   _DGR_T_MIN
00321a41   _OCGR51_TL_MAX
00321a42   _SGR_A_MIN
00321a43   _SGR_T_MAX
00321a44   _SGR_T_MIN
00321a45   _SGR_I_MAX
00321a46   _OCR50_T_MIN
00321a47   _SGR_I_MIN
00321a48   _OVR_TL_MIN
00321a49   _OVR_T_MAX
00321a4a   _OVR_TL_MAX
00321a4b   _OVGR_TL_MIN
00321a4c   _OVGR_TL_MAX
00321a4d   _P47_T_MIN
00321a4e   _UVR_T_MAX
00321a4f   _P47_T_MAX
00321a50   _N47_T_MAX
00321a51   _N47_T_MIN
00321a52   _OVR_T_MIN
00321a53   _OCR51_TL_MIN
00321a54   _OCR51_TL_MAX
00321a55   _OCGR51_TL_MIN
00321a56   _DEBOUNCE_MAX
00321a57   _OCGR50_T_MAX
00321a58   _OCGR50_T_MIN
00321a59   _CT_MIN
00321a5a   _OCR50_T_MAX
00321a5b   _PT_MIN
00321a5c   _CT_MAX
00321a5d   _CT_1A_RATED
00321a5e   _DEBOUNCE_MIN
00321a5f   _CT_5A_RATED
00321a60   _SGR_A_MAX
00321a62   _CALIB_In_MIN
00321a64   _CALIB_I_MAX
00321a66   _CALIB_V_MIN
00321a68   _CALIB_In_MAX
00321a6a   _CALIB_I_MIN
00321a6c   _PT_MAX
00321a6e   _CALIB_V_MAX
00321a70   _CALIB_Vo_MAX
00321a72   _CALIB_Vo_MIN
00321a74   _LCD_Position_Value
00321ae2   _cos_50Hz
00321afa   _cos_60Hz
00321b12   _sin_50Hz
00321b2a   _sin_60Hz
00321b5a   _wave_buffer_address
00321b6e   _wave_buffer_post_address
00321c0e   _himix_number
00321c18   _DO_ON_BIT
00321c21   _OFF_BIT
00321c2a   _ON_BIT
00321c44   _DO_OFF_BIT
00321d60   _N47_V_MAX
00321d64   _N47_V_MIN
00321d68   _OVR_V_MAX
00321d6c   _OVR_V_MIN
00321d70   _P47_V_MAX
00321d74   _P47_V_MIN
00321d78   _UVR_1_V_MAX
00321d7c   _UVR_1_V_MIN
00321d80   _UVR_2_V_MAX
00321d84   _UVR_2_V_MIN
00321d88   _UVR_3_V_MAX
00321d8c   _UVR_3_V_MIN
00321df6   _DGR_V_MAX
00321df9   _DGR_V_MIN
00321dfc   _OVGR_V_MAX
00321dff   _OVGR_V_MIN
00321e02   _SGR_V_MAX
00321e05   _SGR_V_MIN
00321e24   _DGR_I_MAX
00321e26   _DGR_I_MIN
00321e28   _OCGR50_I_MAX
00321e2a   _OCGR50_I_MIN
00321e2c   _OCGR51_I_MAX
00321e2e   _OCGR51_I_MIN
00321e30   _OCR50_I_MAX
00321e32   _OCR50_I_MIN
00321e34   _OCR51_I_MAX
00321e36   _OCR51_I_MIN
00321e38   ___cinit__
00321e38   cinit
0033fff6   code_start
ffffffff   ___binit__
ffffffff   ___c_args__
ffffffff   ___pinit__
ffffffff   binit
ffffffff   pinit

[1194 symbols]
