******************************************************************************
             TMS320C2000 Linker PC v6.1.0                      
******************************************************************************
>> Linked Mon Apr 13 19:38:46 2015

OUTPUT FILE NAME:   <HIMAP4UP_v09.out>
ENTRY POINT SYMBOL: "_c_int00"  address: 0031a508


MEMORY CONFIGURATION

         name            origin    length      used     unused   attr    fill
----------------------  --------  ---------  --------  --------  ----  --------
PAGE 0:
  RAML_CODE             00008000   00004000  0000221f  00001de1  RWIX
  FLASH_CODE            00308000   00037f80  00019b79  0001e407  RWIX
  CSM_RSVD              0033ff80   00000076  00000000  00000076  RWIX
  BEGIN                 0033fff6   00000002  00000002  00000000  RWIX
  CSM_PWL               0033fff8   00000008  00000000  00000008  RWIX
  ADC_CAL               00380080   00000009  00000000  00000009  RWIX
  OTP                   00380400   00000400  00000000  00000400  RWIX
  IQTABLES              003fe000   00000b50  00000000  00000b50  RWIX
  IQTABLES2             003feb50   0000008c  00000000  0000008c  RWIX
  FPUTABLES             003febdc   000006a0  00000000  000006a0  RWIX
  ROM                   003ff27c   00000d44  00000000  00000d44  RWIX
  RESET                 003fffc0   00000002  00000000  00000002  RWIX
  VECTORS               003fffc2   0000003e  00000000  0000003e  RWIX

PAGE 1:
  BOOT_RSVD             00000000   00000050  00000000  00000050  RWIX
  RAMM0                 00000050   000003b0  00000000  000003b0  RWIX
  RAMM1                 00000400   00000400  00000000  00000400  RWIX
  DEV_EMU               00000880   00000180  00000000  00000180  RWIX
  FLASH_REGS            00000a80   00000060  00000000  00000060  RWIX
  CSM                   00000ae0   00000010  00000000  00000010  RWIX
  ADC_MIRROR            00000b00   00000010  00000000  00000010  RWIX
  XINTF                 00000b20   00000020  00000000  00000020  RWIX
  CPU_TIMER0            00000c00   00000008  00000000  00000008  RWIX
  CPU_TIMER1            00000c08   00000008  00000000  00000008  RWIX
  CPU_TIMER2            00000c10   00000008  00000000  00000008  RWIX
  PIE_CTRL              00000ce0   00000020  00000000  00000020  RWIX
  PIE_VECT              00000d00   00000100  00000100  00000000  RWIX
  DMA                   00001000   00000200  00000000  00000200  RWIX
  MCBSPA                00005000   00000040  00000000  00000040  RWIX
  MCBSPB                00005040   00000040  00000000  00000040  RWIX
  ECANA                 00006000   00000040  00000000  00000040  RWIX
  ECANA_LAM             00006040   00000040  00000000  00000040  RWIX
  ECANA_MOTS            00006080   00000040  00000000  00000040  RWIX
  ECANA_MOTO            000060c0   00000040  00000000  00000040  RWIX
  ECANA_MBOX            00006100   00000100  00000000  00000100  RWIX
  ECANB                 00006200   00000040  00000000  00000040  RWIX
  ECANB_LAM             00006240   00000040  00000000  00000040  RWIX
  ECANB_MOTS            00006280   00000040  00000000  00000040  RWIX
  ECANB_MOTO            000062c0   00000040  00000000  00000040  RWIX
  ECANB_MBOX            00006300   00000100  00000000  00000100  RWIX
  EPWM1                 00006800   00000022  00000000  00000022  RWIX
  EPWM2                 00006840   00000022  00000000  00000022  RWIX
  EPWM3                 00006880   00000022  00000000  00000022  RWIX
  EPWM4                 000068c0   00000022  00000000  00000022  RWIX
  EPWM5                 00006900   00000022  00000000  00000022  RWIX
  EPWM6                 00006940   00000022  00000000  00000022  RWIX
  ECAP1                 00006a00   00000020  00000000  00000020  RWIX
  ECAP2                 00006a20   00000020  00000000  00000020  RWIX
  ECAP3                 00006a40   00000020  00000000  00000020  RWIX
  ECAP4                 00006a60   00000020  00000000  00000020  RWIX
  ECAP5                 00006a80   00000020  00000000  00000020  RWIX
  ECAP6                 00006aa0   00000020  00000000  00000020  RWIX
  EQEP1                 00006b00   00000040  00000000  00000040  RWIX
  EQEP2                 00006b40   00000040  00000000  00000040  RWIX
  GPIOCTRL              00006f80   00000040  00000000  00000040  RWIX
  GPIODAT               00006fc0   00000020  00000000  00000020  RWIX
  GPIOINT               00006fe0   00000020  00000000  00000020  RWIX
  SYSTEM                00007010   00000020  00000000  00000020  RWIX
  SPIA                  00007040   00000010  00000000  00000010  RWIX
  SCIA                  00007050   00000010  00000000  00000010  RWIX
  XINTRUPT              00007070   00000010  00000000  00000010  RWIX
  ADC                   00007100   00000020  00000000  00000020  RWIX
  SCIB                  00007750   00000010  00000000  00000010  RWIX
  SCIC                  00007770   00000010  00000000  00000010  RWIX
  I2CA                  00007900   00000040  00000000  00000040  RWIX
  RAML_DATA             0000c000   00004000  0000197c  00002684  RWIX
  FLASHB                00330000   00008000  00000000  00008000  RWIX
  CSM_PWL               0033fff8   00000008  00000000  00000008  RWIX
  PARTID                00380090   00000001  00000000  00000001  RWIX


SECTION ALLOCATION MAP

 output                                  attributes/
section   page    origin      length       input sections
--------  ----  ----------  ----------   ----------------
.pinit     0    00308000    00000000     UNINITIALIZED

ramfuncs   0    00308000    0000221f     RUN ADDR = 00008000
                  00308000    00000e44     system_isr.obj (ramfuncs:retain)
                  00308e44    00000b1e     relaying.obj (ramfuncs)
                  00309962    00000446     main.obj (ramfuncs)
                  00309da8    00000182     setting.obj (ramfuncs)
                  00309f2a    00000161     peripheral.obj (ramfuncs)
                  0030a08b    000000f3     comms.obj (ramfuncs)
                  0030a17e    00000087     menu.obj (ramfuncs)
                  0030a205    00000016     system_setup.obj (ramfuncs)
                  0030a21b    00000004     DSP2833x_usDelay.obj (ramfuncs)

.text      0    0030a220    00010641     
                  0030a220    000098c0     menu.obj (.text)
                  00313ae0    000012fb     main.obj (.text)
                  00314ddb    00001078     booting.obj (.text)
                  00315e53    0000106e     comms.obj (.text)
                  00316ec1    00000f43     setting.obj (.text)
                  00317e04    0000096f     peripheral.obj (.text)
                  00318773    00000911     rts2800_fpu32.lib : _printfi.obj (.text)
                  00319084    000008cb     calibration.obj (.text)
                  0031994f    0000052b     system_setup.obj (.text)
                  00319e7a    00000107     rts2800_fpu32.lib : ll_div.obj (.text)
                  00319f81    000000c4                       : atan2.obj (.text)
                  0031a045    0000009c                       : fd_add.obj (.text)
                  0031a0e1    0000008b                       : fd_div.obj (.text)
                  0031a16c    00000088                       : fs_div.obj (.text)
                  0031a1f4    00000083                       : fd_mpy.obj (.text)
                  0031a277    00000072                       : atan.obj (.text)
                  0031a2e9    0000006a                       : exp.obj (.text)
                  0031a353    00000061                       : cos.obj (.text)
                  0031a3b4    0000005a                       : pow.obj (.text)
                  0031a40e    00000057                       : sin.obj (.text)
                  0031a465    00000054                       : _log.obj (.text)
                  0031a4b9    0000004f     relaying.obj (.text)
                  0031a508    00000046     rts2800_fpu32.lib : boot.obj (.text)
                  0031a54e    00000035                       : ldexp.obj (.text)
                  0031a583    00000031                       : atoi.obj (.text)
                  0031a5b4    0000002f                       : sprintf.obj (.text)
                  0031a5e3    0000002c                       : ltoa.obj (.text)
                  0031a60f    0000002a                       : fd_cmp.obj (.text)
                  0031a639    0000002a                       : l_div.obj (.text)
                  0031a663    00000001     --HOLE-- [fill = 0]
                  0031a664    00000023                       : sqrt.obj (.text)
                  0031a687    00000022                       : i_div.obj (.text)
                  0031a6a9    00000021                       : fd_toi.obj (.text)
                  0031a6ca    00000021                       : memcpy_ff.obj (.text)
                  0031a6eb    0000001f                       : fd_tol.obj (.text)
                  0031a70a    0000001e                       : ll_cmp.obj (.text)
                  0031a728    0000001c                       : fs_tofd.obj (.text)
                  0031a744    0000001c                       : l_tofd.obj (.text)
                  0031a760    0000001b                       : fd_toul.obj (.text)
                  0031a77b    00000019                       : args_main.obj (.text)
                  0031a794    00000019                       : exit.obj (.text)
                  0031a7ad    00000016                       : frexp.obj (.text)
                  0031a7c3    00000016                       : ul_tofd.obj (.text)
                  0031a7d9    00000015     DSP2833x_MemCopy.obj (.text)
                  0031a7ee    00000014     rts2800_fpu32.lib : ll_mpy.obj (.text)
                  0031a802    00000012                       : memccpy.obj (.text)
                  0031a814    0000000e                       : fd_sub.obj (.text)
                  0031a822    0000000b                       : u_div.obj (.text)
                  0031a82d    0000000a                       : strlen.obj (.text)
                  0031a837    00000009                       : _lock.obj (.text)
                  0031a840    00000009                       : fd_neg.obj (.text)
                  0031a849    00000009                       : strcpy.obj (.text)
                  0031a852    00000008     DSP2833x_CodeStartBranch.obj (.text)
                  0031a85a    00000007     rts2800_fpu32.lib : memset.obj (.text)

.econst    0    0031a862    00006740     
                  0031a862    00004199     menu.obj (.econst:.string)
                  0031e9fb    00000001     --HOLE-- [fill = 0]
                  0031e9fc    00001c20     menu.obj (.econst:_menu_tables)
                  0032061c    00000101     rts2800_fpu32.lib : ctype.obj (.econst:__ctypes_)
                  0032071d    00000100     main.obj (.econst:_CRC_High)
                  0032081d    00000100     main.obj (.econst:_CRC_Low)
                  0032091d    00000001     --HOLE-- [fill = 0]
                  0032091e    0000004c     peripheral.obj (.econst)
                  0032096a    00000048     main.obj (.econst:_harmonics_1st_cos)
                  003209b2    00000048     main.obj (.econst:_harmonics_1st_sin)
                  003209fa    00000048     main.obj (.econst:_harmonics_3rd_cos)
                  00320a42    00000048     main.obj (.econst:_harmonics_3rd_sin)
                  00320a8a    00000048     main.obj (.econst:_harmonics_5th_cos)
                  00320ad2    00000048     main.obj (.econst:_harmonics_5th_sin)
                  00320b1a    00000048     main.obj (.econst:_harmonics_7th_cos)
                  00320b62    00000048     main.obj (.econst:_harmonics_7th_sin)
                  00320baa    00000048     main.obj (.econst:_harmonics_9th_cos)
                  00320bf2    00000048     main.obj (.econst:_harmonics_9th_sin)
                  00320c3a    00000028     peripheral.obj (.econst:_LCD_Position_Value)
                  00320c62    00000028     main.obj (.econst)
                  00320c8a    00000024     rts2800_fpu32.lib : _printfi.obj (.econst:.string)
                  00320cae    00000021     booting.obj (.econst:.string)
                  00320ccf    00000001     --HOLE-- [fill = 0]
                  00320cd0    00000018     main.obj (.econst:_cos_50Hz)
                  00320ce8    00000018     main.obj (.econst:_cos_60Hz)
                  00320d00    00000018     main.obj (.econst:_sin_50Hz)
                  00320d18    00000018     main.obj (.econst:_sin_60Hz)
                  00320d30    00000018     rts2800_fpu32.lib : _printfi.obj (.econst)
                  00320d48    00000014     main.obj (.econst:_wave_buffer_address)
                  00320d5c    00000014     main.obj (.econst:_wave_buffer_post_address)
                  00320d70    0000000c     menu.obj (.econst:_$P$T76$78)
                  00320d7c    0000000c     menu.obj (.econst:_$P$T94$98)
                  00320d88    0000000a     menu.obj (.econst:_$P$T98$102)
                  00320d92    0000000a     menu.obj (.econst:_$P$T99$103)
                  00320d9c    0000000a     main.obj (.econst:_himix_number)
                  00320da6    00000009     main.obj (.econst:_DO_ON_BIT)
                  00320daf    00000009     main.obj (.econst:_OFF_BIT)
                  00320db8    00000009     main.obj (.econst:_ON_BIT)
                  00320dc1    00000001     --HOLE-- [fill = 0]
                  00320dc2    00000008     rts2800_fpu32.lib : atan.obj (.econst:_a$1)
                  00320dca    00000008                       : atan2.obj (.econst:_a$1)
                  00320dd2    00000007     main.obj (.econst:_DO_OFF_BIT)
                  00320dd9    00000001     --HOLE-- [fill = 0]
                  00320dda    00000004     menu.obj (.econst:_$P$T0$1)
                  00320dde    00000004     menu.obj (.econst:_$P$T1$2)
                  00320de2    00000004     menu.obj (.econst:_$P$T10$11)
                  00320de6    00000004     menu.obj (.econst:_$P$T100$104)
                  00320dea    00000004     menu.obj (.econst:_$P$T101$105)
                  00320dee    00000004     menu.obj (.econst:_$P$T102$106)
                  00320df2    00000004     menu.obj (.econst:_$P$T103$107)
                  00320df6    00000004     menu.obj (.econst:_$P$T104$108)
                  00320dfa    00000004     menu.obj (.econst:_$P$T105$109)
                  00320dfe    00000004     menu.obj (.econst:_$P$T106$110)
                  00320e02    00000004     menu.obj (.econst:_$P$T107$111)
                  00320e06    00000004     menu.obj (.econst:_$P$T108$112)
                  00320e0a    00000004     menu.obj (.econst:_$P$T109$113)
                  00320e0e    00000004     menu.obj (.econst:_$P$T11$12)
                  00320e12    00000004     menu.obj (.econst:_$P$T110$114)
                  00320e16    00000004     menu.obj (.econst:_$P$T111$115)
                  00320e1a    00000004     menu.obj (.econst:_$P$T12$13)
                  00320e1e    00000004     menu.obj (.econst:_$P$T13$14)
                  00320e22    00000004     menu.obj (.econst:_$P$T14$15)
                  00320e26    00000004     menu.obj (.econst:_$P$T15$16)
                  00320e2a    00000004     menu.obj (.econst:_$P$T16$17)
                  00320e2e    00000004     menu.obj (.econst:_$P$T17$18)
                  00320e32    00000004     menu.obj (.econst:_$P$T18$19)
                  00320e36    00000004     menu.obj (.econst:_$P$T19$20)
                  00320e3a    00000004     menu.obj (.econst:_$P$T2$3)
                  00320e3e    00000004     menu.obj (.econst:_$P$T20$21)
                  00320e42    00000004     menu.obj (.econst:_$P$T21$22)
                  00320e46    00000004     menu.obj (.econst:_$P$T22$23)
                  00320e4a    00000004     menu.obj (.econst:_$P$T23$24)
                  00320e4e    00000004     menu.obj (.econst:_$P$T25$27)
                  00320e52    00000004     menu.obj (.econst:_$P$T26$28)
                  00320e56    00000004     menu.obj (.econst:_$P$T29$31)
                  00320e5a    00000004     menu.obj (.econst:_$P$T3$4)
                  00320e5e    00000004     menu.obj (.econst:_$P$T31$33)
                  00320e62    00000004     menu.obj (.econst:_$P$T34$36)
                  00320e66    00000004     menu.obj (.econst:_$P$T4$5)
                  00320e6a    00000004     menu.obj (.econst:_$P$T47$49)
                  00320e6e    00000004     menu.obj (.econst:_$P$T5$6)
                  00320e72    00000004     menu.obj (.econst:_$P$T50$52)
                  00320e76    00000004     menu.obj (.econst:_$P$T53$55)
                  00320e7a    00000004     menu.obj (.econst:_$P$T57$59)
                  00320e7e    00000004     menu.obj (.econst:_$P$T59$61)
                  00320e82    00000004     menu.obj (.econst:_$P$T6$7)
                  00320e86    00000004     menu.obj (.econst:_$P$T7$8)
                  00320e8a    00000004     menu.obj (.econst:_$P$T72$74)
                  00320e8e    00000004     menu.obj (.econst:_$P$T73$75)
                  00320e92    00000004     menu.obj (.econst:_$P$T74$76)
                  00320e96    00000004     menu.obj (.econst:_$P$T75$77)
                  00320e9a    00000004     menu.obj (.econst:_$P$T77$79)
                  00320e9e    00000004     menu.obj (.econst:_$P$T79$81)
                  00320ea2    00000004     menu.obj (.econst:_$P$T8$9)
                  00320ea6    00000004     menu.obj (.econst:_$P$T86$88)
                  00320eaa    00000004     menu.obj (.econst:_$P$T87$91)
                  00320eae    00000004     menu.obj (.econst:_$P$T88$92)
                  00320eb2    00000004     menu.obj (.econst:_$P$T89$93)
                  00320eb6    00000004     menu.obj (.econst:_$P$T9$10)
                  00320eba    00000004     menu.obj (.econst:_$P$T90$94)
                  00320ebe    00000004     menu.obj (.econst:_$P$T91$95)
                  00320ec2    00000004     menu.obj (.econst:_$P$T93$97)
                  00320ec6    00000004     menu.obj (.econst:_$P$T95$99)
                  00320eca    00000004     main.obj (.econst:_N47_V_MAX)
                  00320ece    00000004     main.obj (.econst:_N47_V_MIN)
                  00320ed2    00000004     main.obj (.econst:_OVR_V_MAX)
                  00320ed6    00000004     main.obj (.econst:_OVR_V_MIN)
                  00320eda    00000004     main.obj (.econst:_P47_V_MAX)
                  00320ede    00000004     main.obj (.econst:_P47_V_MIN)
                  00320ee2    00000004     main.obj (.econst:_UVR_1_V_MAX)
                  00320ee6    00000004     main.obj (.econst:_UVR_1_V_MIN)
                  00320eea    00000004     main.obj (.econst:_UVR_2_V_MAX)
                  00320eee    00000004     main.obj (.econst:_UVR_2_V_MIN)
                  00320ef2    00000004     main.obj (.econst:_UVR_3_V_MAX)
                  00320ef6    00000004     main.obj (.econst:_UVR_3_V_MIN)
                  00320efa    00000003     menu.obj (.econst:_$P$T24$25)
                  00320efd    00000003     menu.obj (.econst:_$P$T27$29)
                  00320f00    00000003     menu.obj (.econst:_$P$T28$30)
                  00320f03    00000003     menu.obj (.econst:_$P$T30$32)
                  00320f06    00000003     menu.obj (.econst:_$P$T32$34)
                  00320f09    00000003     menu.obj (.econst:_$P$T33$35)
                  00320f0c    00000003     menu.obj (.econst:_$P$T35$37)
                  00320f0f    00000003     menu.obj (.econst:_$P$T36$38)
                  00320f12    00000003     menu.obj (.econst:_$P$T37$39)
                  00320f15    00000003     menu.obj (.econst:_$P$T38$40)
                  00320f18    00000003     menu.obj (.econst:_$P$T39$41)
                  00320f1b    00000003     menu.obj (.econst:_$P$T40$42)
                  00320f1e    00000003     menu.obj (.econst:_$P$T41$43)
                  00320f21    00000003     menu.obj (.econst:_$P$T42$44)
                  00320f24    00000003     menu.obj (.econst:_$P$T43$45)
                  00320f27    00000003     menu.obj (.econst:_$P$T44$46)
                  00320f2a    00000003     menu.obj (.econst:_$P$T46$48)
                  00320f2d    00000003     menu.obj (.econst:_$P$T49$51)
                  00320f30    00000003     menu.obj (.econst:_$P$T52$54)
                  00320f33    00000003     menu.obj (.econst:_$P$T55$57)
                  00320f36    00000003     menu.obj (.econst:_$P$T60$62)
                  00320f39    00000003     menu.obj (.econst:_$P$T61$63)
                  00320f3c    00000003     menu.obj (.econst:_$P$T62$64)
                  00320f3f    00000003     menu.obj (.econst:_$P$T63$65)
                  00320f42    00000003     menu.obj (.econst:_$P$T65$67)
                  00320f45    00000003     menu.obj (.econst:_$P$T69$71)
                  00320f48    00000003     menu.obj (.econst:_$P$T78$80)
                  00320f4b    00000003     menu.obj (.econst:_$P$T80$82)
                  00320f4e    00000003     menu.obj (.econst:_$P$T81$83)
                  00320f51    00000003     menu.obj (.econst:_$P$T82$84)
                  00320f54    00000003     menu.obj (.econst:_$P$T83$85)
                  00320f57    00000003     menu.obj (.econst:_$P$T84$86)
                  00320f5a    00000003     menu.obj (.econst:_$P$T85$87)
                  00320f5d    00000003     menu.obj (.econst:_$P$T92$96)
                  00320f60    00000003     main.obj (.econst:_DGR_V_MAX)
                  00320f63    00000003     main.obj (.econst:_DGR_V_MIN)
                  00320f66    00000003     main.obj (.econst:_OVGR_V_MAX)
                  00320f69    00000003     main.obj (.econst:_OVGR_V_MIN)
                  00320f6c    00000003     main.obj (.econst:_SGR_V_MAX)
                  00320f6f    00000003     main.obj (.econst:_SGR_V_MIN)
                  00320f72    00000002     menu.obj (.econst:_$P$T45$47)
                  00320f74    00000002     menu.obj (.econst:_$P$T48$50)
                  00320f76    00000002     menu.obj (.econst:_$P$T51$53)
                  00320f78    00000002     menu.obj (.econst:_$P$T54$56)
                  00320f7a    00000002     menu.obj (.econst:_$P$T56$58)
                  00320f7c    00000002     menu.obj (.econst:_$P$T58$60)
                  00320f7e    00000002     menu.obj (.econst:_$P$T64$66)
                  00320f80    00000002     menu.obj (.econst:_$P$T66$68)
                  00320f82    00000002     menu.obj (.econst:_$P$T67$69)
                  00320f84    00000002     menu.obj (.econst:_$P$T68$70)
                  00320f86    00000002     menu.obj (.econst:_$P$T70$72)
                  00320f88    00000002     menu.obj (.econst:_$P$T71$73)
                  00320f8a    00000002     menu.obj (.econst:_$P$T96$100)
                  00320f8c    00000002     menu.obj (.econst:_$P$T97$101)
                  00320f8e    00000002     main.obj (.econst:_DGR_I_MAX)
                  00320f90    00000002     main.obj (.econst:_DGR_I_MIN)
                  00320f92    00000002     main.obj (.econst:_OCGR50_I_MAX)
                  00320f94    00000002     main.obj (.econst:_OCGR50_I_MIN)
                  00320f96    00000002     main.obj (.econst:_OCGR51_I_MAX)
                  00320f98    00000002     main.obj (.econst:_OCGR51_I_MIN)
                  00320f9a    00000002     main.obj (.econst:_OCR50_I_MAX)
                  00320f9c    00000002     main.obj (.econst:_OCR50_I_MIN)
                  00320f9e    00000002     main.obj (.econst:_OCR51_I_MAX)
                  00320fa0    00000002     main.obj (.econst:_OCR51_I_MIN)

.cinit     0    00320fa2    00000bd9     
                  00320fa2    00000b0b     menu.obj (.cinit)
                  00321aad    000000b4     peripheral.obj (.cinit)
                  00321b61    0000000a     rts2800_fpu32.lib : _lock.obj (.cinit)
                  00321b6b    0000000a                       : exit.obj (.cinit)
                  00321b75    00000004                       : errno.obj (.cinit)
                  00321b79    00000002     --HOLE-- [fill = 0]

codestart 
*          0    0033fff6    00000002     
                  0033fff6    00000002     DSP2833x_CodeStartBranch.obj (codestart)

.reset     0    003fffc0    00000002     DSECT
                  003fffc0    00000002     rts2800_fpu32.lib : boot.obj (.reset)

vectors    0    003fffc2    00000000     DSECT

PieVectTableFile 
*          1    00000d00    00000100     UNINITIALIZED
                  00000d00    00000100     DSP2833x_GlobalVariableDefs.obj (PieVectTableFile)

.ebss      1    0000c000    0000157c     UNINITIALIZED
                  0000c000    00000d94     main.obj (.ebss)
                  0000cd94    00000004     rts2800_fpu32.lib : _lock.obj (.ebss)
                  0000cd98    00000004                       : exit.obj (.ebss)
                  0000cd9c    00000001                       : errno.obj (.ebss)
                  0000cd9d    00000023     --HOLE--
                  0000cdc0    000006b6     menu.obj (.ebss)
                  0000d476    0000000a     --HOLE--
                  0000d480    000000fc     peripheral.obj (.ebss)

.stack     1    0000d57c    00000400     UNINITIALIZED
                  0000d57c    00000400     --HOLE--


GLOBAL SYMBOLS: SORTED ALPHABETICALLY BY Name 

address    name
--------   ----
0030a220   .text
0031a794   C$$EXIT
0031a045   FD$$ADD
0031a60f   FD$$CMP
0031a0e1   FD$$DIV
0031a1f4   FD$$MPY
0031a840   FD$$NEG
0031a814   FD$$SUB
0031a6a9   FD$$TOI
0031a6eb   FD$$TOL
0031a760   FD$$TOUL
0031a16c   FS$$DIV
0031a728   FS$$TOFD
0031a687   I$$DIV
0031a698   I$$MOD
0031a639   L$$DIV
0031a648   L$$MOD
0031a744   L$$TOFD
0031a70a   LL$$CMP
00319e7a   LL$$DIV
00319eb6   LL$$MOD
0031a7ee   LL$$MPY
0031a822   U$$DIV
0031a827   U$$MOD
0031a656   UL$$DIV
0031a65d   UL$$MOD
0031a7c3   UL$$TOFD
0031a71c   ULL$$CMP
00319ef0   ULL$$DIV
00319f1f   ULL$$MOD
0000c064   _ACCUMULATION
003191e3   _ADC_High_Calibration
00319196   _ADC_Offset_Calibration
003193b7   _ADC_low_Calibration
0000c00c   _ADDRESS
0031795e   _ADDRESS_Default_Settings
0000c008   _AUTO_DISPLAY
00317974   _AUTO_DISPLAY_Default_Settings
0000d48a   _AckScr
0000cdc0   _Button_Press
0000c700   _CALIBRATION
0000c02a   _COMM
00315e53   _COMM_CRC
0000c013   _CORE
0000c09e   _CPT
00317904   _CPT_Default_Settings
0032071d   _CRC_High
0032081d   _CRC_Low
00320c79   _CT_1A_RATED
00320c78   _CT_5A_RATED
00320c7c   _CT_MAX
00320c7b   _CT_MIN
00317dcd   _ClearFLASH
0000cfd0   _Cursor_Position
00320c7f   _DEBOUNCE_MAX
00320c7e   _DEBOUNCE_MIN
0000c440   _DFT
003190ac   _DFT_Check
0000c400   _DGR
00320c69   _DGR_A_MAX
00320c6a   _DGR_A_MIN
00317d06   _DGR_Default_Settings
00320f8e   _DGR_I_MAX
00320f90   _DGR_I_MIN
00320c6c   _DGR_T_MAX
00320c6b   _DGR_T_MIN
00320f60   _DGR_V_MAX
00320f63   _DGR_V_MIN
0000c04c   _DIDO
0000c08c   _DIGITAL_INPUT
0000c010   _DIGITAL_OUTPUT
0000c600   _DISPLAY
0000c00e   _DISPLAY_3PHASE
003179d2   _DISPLAY_3PHASE_Default_Settings
00317d9c   _DI_Default_Settings
00317db8   _DO_Default_Settings
00320dd2   _DO_OFF_BIT
00320da6   _DO_ON_BIT
0031873e   _DO_Output
0000c026   _DSGR_ANGLE
0000a21b   _DSP28x_usDelay
0000cdc3   _Data_Change
0000cdc6   _Data_Change_Count
0031911f   _Degree_Check
0000c2c0   _EVENT
00313875   _Event_Item_Display
00313a2e   _Event_Time_Display
0000c01a   _FLASH
0000d496   _FauScr
00319a73   _GPIO_setup
0000c01e   _GPT
003178ec   _GPT_Default_Settings
0000c001   _GR_ANGLE
0000c500   _HARMONICS
0000c480   _HIMIX
0000a205   _InitFlash
00319b24   _InitTimer
000098e6   _Inverse_Op_Timeset
0000cdc1   _KHS_Key_Press
0032091e   _KHS_LCD_Buffer
0000c580   _LCD
00317e46   _LCD_COMMAND
00317e33   _LCD_DATA
00317e57   _LCD_INIT
0000d482   _LCD_LIGHT
00320c3a   _LCD_Position_Value
0000d484   _LCD_RS
00317e83   _LCD_light_OFF
00317e7d   _LCD_light_ON
0000c000   _LOCAL_CONTROL
0000c038   _LOCAL_CTRL
0031799f   _LOCAL_CTRL_Default_Settings
0000d480   _Lcd_Bl_Count
0000cb80   _MANAGER
0000c800   _MEASUREMENT
0000c004   _MIN_MAX
0000c022   _MODBUS
003179e8   _MODBUS_Default_Settings
0031a7d9   _MemCopy
0000c180   _N47
00317c3f   _N47_Default_Settings
00320c71   _N47_T_MAX
00320c72   _N47_T_MIN
00320eca   _N47_V_MAX
00320ece   _N47_V_MIN
0000d492   _NorScr
0000c200   _OCGR50
00317ad7   _OCGR50_Default_Settings
00320f92   _OCGR50_I_MAX
00320f94   _OCGR50_I_MIN
00320c67   _OCGR50_T_MAX
00320c80   _OCGR50_T_MIN
0000c340   _OCGR51
00317b07   _OCGR51_Default_Settings
00320f96   _OCGR51_I_MAX
00320f98   _OCGR51_I_MIN
00320c73   _OCGR51_TL_MAX
00320c65   _OCGR51_TL_MIN
0000c21a   _OCR50_1
00317a17   _OCR50_1_Default_Settings
0031a4b9   _OCR50_1_RELAY
0000c1da   _OCR50_2
00317a47   _OCR50_2_Default_Settings
00320f9a   _OCR50_I_MAX
00320f9c   _OCR50_I_MIN
00320c63   _OCR50_T_MAX
00320c64   _OCR50_T_MIN
0000c380   _OCR51_1
00317a77   _OCR51_1_Default_Settings
0000c300   _OCR51_2
00317aa7   _OCR51_2_Default_Settings
00320f9e   _OCR51_I_MAX
00320fa0   _OCR51_I_MIN
00320c84   _OCR51_TL_MAX
00320c82   _OCR51_TL_MIN
003179ff   _OCR_MODE_Default_Settings
0000c02e   _OCR_MODE_SET
00320daf   _OFF_BIT
00320db8   _ON_BIT
0000c240   _OVGR
00317ccb   _OVGR_Default_Settings
00320c74   _OVGR_TL_MAX
00320c62   _OVGR_TL_MIN
00320f66   _OVGR_V_MAX
00320f69   _OVGR_V_MIN
0000c280   _OVR
00317c81   _OVR_Default_Settings
00320c66   _OVR_TL_MAX
00320c75   _OVR_TL_MIN
00320c6e   _OVR_T_MAX
00320c6d   _OVR_T_MIN
00320ed2   _OVR_V_MAX
00320ed6   _OVR_V_MIN
00319084   _Offset_Check
0000c118   _P47
00317bfd   _P47_Default_Settings
00320c70   _P47_T_MAX
00320c6f   _P47_T_MIN
00320eda   _P47_V_MAX
00320ede   _P47_V_MIN
0000c00a   _PASSWORD
00317989   _PASSWORD_Default_Settings
0000c016   _PROTECT
00320c88   _PT_MAX
00320c7a   _PT_MIN
0031914f   _P_Check
003199a4   _Peripheral_Clock_setup
00000d00   _PieVectTable
0000c058   _RELAY_STATUS
0030a21f   _RamfuncsLoadEnd
00308000   _RamfuncsLoadStart
00008000   _RamfuncsRunStart
0000d49a   _ReserveP
00313ad9   _Restore_Screen_Info
0000c940   _SAMPLE
00008daf   _SCIRXB_ISR
00008df2   _SCITXINTB_ISR
00008e17   _SCITXINTC_ISR
0000c3c0   _SGR
00320c7d   _SGR_A_MAX
00320c81   _SGR_A_MIN
00317d57   _SGR_Default_Settings
00320c83   _SGR_I_MAX
00320c68   _SGR_I_MIN
00320c85   _SGR_T_MAX
00320c86   _SGR_T_MIN
00320f6c   _SGR_V_MAX
00320f6f   _SGR_V_MIN
0000c260   _SUPERVISION
0000c15a   _SYSTEM
0000c033   _SYSTEM_SET
0000cfd8   _Save_Current_Screen
00313ad2   _Save_Screen_Info
0000cfd4   _Screen_Position
0000cdc2   _Set_Password
0031789d   _Setting_CRC
0000c0d8   _TIME
0000c070   _TIMER
0000c040   _TIMER0
0000c006   _TIMER1
00008c49   _TINT1_ISR
003190fa   _TRMS_Check
0000c19a   _UVR_1
00317b37   _UVR_1_Default_Settings
00320ee2   _UVR_1_V_MAX
00320ee6   _UVR_1_V_MIN
0000c1c0   _UVR_2
00317b79   _UVR_2_Default_Settings
00320eea   _UVR_2_V_MAX
00320eee   _UVR_2_V_MIN
0000c140   _UVR_3
00317bbb   _UVR_3_Default_Settings
00320ef2   _UVR_3_V_MAX
00320ef6   _UVR_3_V_MIN
0000c046   _UVR_MODE
003179b8   _UVR_MODE_Default_Settings
00320c76   _UVR_T_MAX
00320c77   _UVR_T_MIN
0000d4c0   _VFDABuffer
0000d500   _VFDFBuffer
0000d540   _VFDNBuffer
00318002   _VFD_FONT
00317e9d   _VFD_Init
00317f73   _VFD_Single_Line_dump
00317f9c   _VFD_Word_dump
0000d486   _VFD_cnt
00317fc6   _VFD_cursor
00317eee   _VFD_dump
00317f33   _VFD_dump2
00317e88   _VFD_gotopo
00317ed5   _VFD_gotoxy
00317ee7   _VFD_mem_cpy_test
00317ff3   _VFD_printf
0000c080   _WAVE
00008000   _XINT3_ISR
00319ace   _Xinterface_setup
0000d97c   __STACK_END
00000400   __STACK_SIZE
00000001   __TI_args_main
ffffffff   ___binit__
ffffffff   ___c_args__
00320fa2   ___cinit__
0031a861   ___etext__
0031a6ca   ___memcpy_ff
ffffffff   ___pinit__
0030a220   ___text__
0031a77b   __args_main
0000cd98   __cleanup_ptr
0032061c   __ctypes_
0000cd9a   __dtors_ptr
0000cd96   __lock
0031a465   __log
0031a83f   __nop
00318f81   __printfi
0031a83b   __register_lock
0031a837   __register_unlock
0000d57c   __stack
0000cd94   __unlock
0031a794   _abort
0031a277   _atan
00319f81   _atan2
0031a583   _atoi
00315e1f   _aux_do_check
00314ddb   _booting_setting_check
0031a508   _c_int00
0000d2a8   _cb_cancel1
0000d294   _cb_cancel2
0000d2a0   _cb_fail1
0000d2ac   _cb_fail2
0000d278   _cb_good1
0000d2a4   _cb_good2
0000d018   _cb_status_view1
0000d014   _cb_status_view2
00316cd2   _comm_drive
0000d288   _comm_set1
0000d274   _comm_set2
0000d28c   _comm_view1
0000d280   _commx
0031a353   _cos
00320cd0   _cos_50Hz
00320ce8   _cos_60Hz
0000c0c0   _cos_table
0000d054   _cpt1
0000d024   _cpt2
0031994f   _cpu_setup
0000ced8   _ct_ratio_set1
0000ced0   _ct_ratio_set2
0000cef4   _ct_ratio_set3
0000cef0   _ct_ratio_set4
0000cf34   _ct_ratio_view1
0000cf48   _ct_ratio_view2
0000ceb8   _ct_ratio_view3
0000ceb0   _ct_ratio_view4
0000d17c   _current1
0000d1a8   _current2
0000d1a4   _current3
0000d2fc   _current4
0000d1ac   _current5
0000d198   _current6
0000d194   _current7
0030a220   _cursor_move
0030a22f   _cursor_move_last
0000ce10   _data_reset1
0000ce70   _data_reset2
0000ce18   _data_reset3
00317e04   _delay
0000d2b8   _delay_set1
00009f2a   _delay_us
0000d168   _delta_vdf1
0000d158   _di1
0000cf3c   _di_set1
0000cf30   _di_set2
0000cf44   _di_set3
0000cf38   _di_set4
0000cf58   _di_set5
0000cfac   _di_set6
0000cf50   _di_set7
0000cf4c   _di_set8
0000cf60   _di_set_view1
0000cf0c   _di_set_view2
0000cf08   _di_set_view3
0000cf14   _di_set_view4
0000d000   _diag1
0000d2b0   _diag2
0000cff8   _diag3
0000d170   _didocb1
0000d16c   _didocb2
0000d110   _display1
0000d10c   _display2
0000d128   _display3
0000d124   _display4
0000d154   _do1
0000d160   _do2
00008eb5   _do_release
00318684   _do_test_check
0000d010   _docb1
0000d00c   _docb2
0000d340   _dsgr_set1
0000d324   _dsgr_set2
0000d350   _dsgr_set3
0000d33c   _dsgr_set4
0000d328   _dsgr_view1
0000d320   _dsgr_view2
0000d338   _dsgr_view3
0000d488   _dumpP
0000cff4   _east_egg1
0000d008   _east_egg2
0000cffc   _east_egg3
00318003   _eerom_control
003180fe   _eerom_read
0031806b   _eerom_write
0000cd9c   _errno
0000ce14   _etc1
0000ce28   _etc2
0000ce1c   _etc3
0000cf98   _etc_view1
0000cf84   _etc_view2
0000ce38   _event1
0000ce84   _event10
0000ce4c   _event11
0000ce5c   _event12
0000ce44   _event2
0000ce30   _event3
0000ce2c   _event4
0000ce40   _event5
0000ce34   _event6
0000ce58   _event8
0000ce54   _event9
0000d3a4   _event_control
0000cfa8   _event_d
00009da8   _event_direct_save
003178d9   _event_info_update
0000d412   _event_io
0000d3e4   _event_mode_change
0000d400   _event_phase
0000d440   _event_relay
0000d3b6   _event_reset
0000d426   _event_set
0000ce50   _event_t
0000cdc8   _event_test
0000ce3c   _eventx
0031a796   _exit
0031a2e9   _exp
0031818f   _flash_sector_erase
003181ac   _flash_word_write
00009adc   _float_to_8bit_fram
0031a7ad   _frexp
0000cf04   _gr_set1
0000cf54   _gr_set_view1
0000d0d4   _gr_view1
0000d100   _gr_view2
0000d0fc   _gr_view3
0000d108   _gr_view4
0000d104   _gr_view5
0000d0f0   _gr_view6
0000d29c   _h50_set1
0000d0bc   _h50_view1
0000d0c8   _h50_view2
0000d290   _h50_view3
0031490e   _harmonic_real_imag_calculation
0031480a   _harmonic_sample_backup
003142e5   _harmonics
0000d150   _harmonics1
0000d14c   _harmonics2
0000d138   _harmonics3
0000d134   _harmonics4
0000d140   _harmonics5
0000d13c   _harmonics6
0032096a   _harmonics_1st_cos
003209b2   _harmonics_1st_sin
003209fa   _harmonics_3rd_cos
00320a42   _harmonics_3rd_sin
00320a8a   _harmonics_5th_cos
00320ad2   _harmonics_5th_sin
00320b1a   _harmonics_7th_cos
00320b62   _harmonics_7th_sin
00320baa   _harmonics_9th_cos
00320bf2   _harmonics_9th_sin
0000cf8c   _hidden1
003142a8   _himix_crc
00313aed   _himix_drive
00320d9c   _himix_number
00009f59   _i2c_read
00319b52   _i2c_setup
00009f99   _i2c_write
00314da3   _interrupt_control
003199c7   _interrupt_setup
00009fd8   _key_drive
0000d27c   _l_cb_close
0000d270   _l_cb_open
0000ce08   _lc_set1
0000ce24   _lc_set2
0000ce00   _lc_set3
0000cdfa   _lc_view1
0000a06e   _lcd_character_write
0000a051   _lcd_control_write
00319b7d   _lcd_setup
0031a54e   _ldexp
00318616   _led_handling
0000cf6c   _led_test1
0031a5e3   _ltoa
00313ae0   _main
0000a08b   _make_crc_send
00315e79   _manager_handling
00314c95   _measure2_display
00314b55   _measure_display
0000d130   _measuremnt1
0000d12c   _measuremnt2
0000d118   _measuremnt3
0000d114   _measuremnt4
0031a802   _memccpy
0031a85a   _memset
0030a265   _menu_00_00
0030a2e5   _menu_00_01
0030a332   _menu_00_02
0030a3a2   _menu_00_03
0030a3f7   _menu_00_04
0030a44c   _menu_00_05
0030a4a1   _menu_00_06
0030a4f6   _menu_01_01
0030a54c   _menu_01_03
0030a599   _menu_01_04
0030a61a   _menu_01_05
0030a657   _menu_01_06
0030a6a4   _menu_01_07
0030a70d   _menu_01_08
0030a784   _menu_01_09
0030a7ed   _menu_01_10
0030a864   _menu_01_11
0030a8cd   _menu_01_12
0030a944   _menu_02_01
0030a97c   _menu_02_03
0030a9cd   _menu_02_04
0030aa42   _menu_02_05
0030aa91   _menu_02_06
0030aae0   _menu_03_03
0030ab49   _menu_04_02
003125d1   _menu_100_04
0031263b   _menu_100_05
0031266c   _menu_100_06
003126d5   _menu_100_07
003126f8   _menu_100_08
0031271b   _menu_101_04
00312777   _menu_101_05
003127ce   _menu_101_06
00312805   _menu_101_07
00312871   _menu_101_08
00312894   _menu_101_09
003128b7   _menu_102_05
003128fb   _menu_102_06
00312926   _menu_103_04
0031298d   _menu_103_05
003129d8   _menu_103_06
00312a13   _menu_103_07
00312a7e   _menu_103_08
00312aa1   _menu_103_09
00312ac4   _menu_150_01
00312b2a   _menu_150_02
00312b80   _menu_151_01
00312be1   _menu_151_02
00312c47   _menu_151_03
00312cad   _menu_151_04
00312d14   _menu_151_05
00312db8   _menu_151_06
00312ddf   _menu_151_07
00312e06   _menu_152_01
00312e64   _menu_152_02
00312e96   _menu_152_03
00312f00   _menu_152_04
00312f6a   _menu_152_05
00312f91   _menu_153_01
00313010   _menu_154_02
00313067   _menu_154_03
0031308a   _menu_154_04
003130ad   _menu_156_02
00313141   _menu_156_03
003131d5   _menu_156_04
00313269   _menu_156_05
003132fd   _menu_156_06
00313391   _menu_156_07
00313425   _menu_156_08
003134b9   _menu_156_09
00313550   _menu_156_10
00313581   _menu_156_11
003135b2   _menu_156_12
003135e3   _menu_156_13
00313611   _menu_156_14
00313688   _menu_156_15
003136ab   _menu_156_16
003136ce   _menu_157_02
0031375d   _menu_157_03
003137c6   _menu_157_04
003137e9   _menu_157_05
0030ab89   _menu_29_02
0030abec   _menu_29_03
0030abfd   _menu_41_02
0030ac48   _menu_41_03
0030ace0   _menu_41_04
0030ad4c   _menu_41_05
0030adfb   _menu_41_06
0030ae8e   _menu_41_07
0030aeb7   _menu_41_08
0030aef1   _menu_41_09
0030af52   _menu_41_10
0030afbf   _menu_41_11
0030afe2   _menu_41_12
0030b005   _menu_42_01
0030b0b0   _menu_42_02
0030b0cf   _menu_42_03
0030b16b   _menu_42_05
0030b21b   _menu_42_06
0030b2c3   _menu_42_07
0030b356   _menu_42_08
0030b37f   _menu_42_09
0030b3d9   _menu_42_10
0030b43a   _menu_42_11
0030b4a9   _menu_42_12
0030b4cc   _menu_42_13
0030b4ef   _menu_43_03
0030b68d   _menu_43_04
0030b6f9   _menu_43_05
0030b7a8   _menu_43_06
0030b83b   _menu_43_07
0030b864   _menu_43_08
0030b89e   _menu_43_09
0030b8ff   _menu_43_10
0030b96c   _menu_43_11
0030b98f   _menu_43_12
0030b9b2   _menu_44_03
0030bafc   _menu_44_05
0030bbac   _menu_44_06
0030bc54   _menu_44_07
0030bce7   _menu_44_08
0030bd10   _menu_44_09
0030bd6a   _menu_44_10
0030bdcb   _menu_44_11
0030be3a   _menu_44_12
0030be5d   _menu_44_13
0030be80   _menu_45_03
0030bf09   _menu_45_04
0030bf84   _menu_45_05
0030c034   _menu_45_06
0030c0dc   _menu_45_07
0030c16f   _menu_45_08
0030c1a9   _menu_45_09
0030c203   _menu_45_10
0030c264   _menu_45_11
0030c2d3   _menu_45_12
0030c2f6   _menu_45_13
0030c319   _menu_46_04
0030c394   _menu_46_05
0030c444   _menu_46_06
0030c4ec   _menu_46_07
0030c57f   _menu_46_08
0030c5b9   _menu_46_09
0030c613   _menu_46_10
0030c674   _menu_46_11
0030c6e3   _menu_46_12
0030c706   _menu_46_13
0030c729   _menu_47_04
0030c795   _menu_47_05
0030c844   _menu_47_06
0030c8d7   _menu_47_07
0030c900   _menu_47_08
0030c93a   _menu_47_09
0030c99b   _menu_47_10
0030ca08   _menu_47_11
0030ca2b   _menu_47_12
0030ca4e   _menu_48_05
0030cafd   _menu_48_06
0030cba5   _menu_48_07
0030cc38   _menu_48_08
0030cc61   _menu_48_09
0030ccbb   _menu_48_10
0030cd1c   _menu_48_11
0030cd8b   _menu_48_12
0030cdae   _menu_48_13
0030cdd1   _menu_49_04
0030ce4c   _menu_49_05
0030cefc   _menu_49_06
0030cfa4   _menu_49_07
0030d037   _menu_49_08
0030d071   _menu_49_09
0030d0cb   _menu_49_10
0030d12c   _menu_49_11
0030d19b   _menu_49_12
0030d1be   _menu_49_13
0030d1e1   _menu_50_04
0030d2f9   _menu_50_05
0030d393   _menu_50_06
0030d426   _menu_50_07
0030d45b   _menu_50_08
0030d490   _menu_50_09
0030d4f1   _menu_50_10
0030d55e   _menu_50_11
0030d581   _menu_50_12
0030d5a4   _menu_51_04
0030d718   _menu_51_05
0030d7b2   _menu_51_06
0030d845   _menu_51_07
0030d87a   _menu_51_08
0030d8af   _menu_51_09
0030d910   _menu_51_10
0030d97d   _menu_51_11
0030d9a0   _menu_51_12
0030d9c3   _menu_52_04
0030db37   _menu_52_05
0030dbd1   _menu_52_06
0030dc64   _menu_52_07
0030dc99   _menu_52_08
0030dcce   _menu_52_09
0030dd2f   _menu_52_10
0030dd9c   _menu_52_11
0030ddbf   _menu_52_12
0030dde2   _menu_53_04
0030df56   _menu_53_05
0030dff0   _menu_53_06
0030e083   _menu_53_07
0030e0b8   _menu_53_08
0030e0ed   _menu_53_09
0030e14e   _menu_53_10
0030e1bb   _menu_53_11
0030e1de   _menu_53_12
0030e201   _menu_54_04
0030e319   _menu_54_05
0030e3b3   _menu_54_06
0030e446   _menu_54_07
0030e47b   _menu_54_08
0030e4b0   _menu_54_09
0030e511   _menu_54_10
0030e57e   _menu_54_11
0030e5a1   _menu_54_12
0030e5c4   _menu_55_04
0030e691   _menu_55_05
0030e7a8   _menu_55_06
0030e842   _menu_55_07
0030e8d5   _menu_55_08
0030e8fe   _menu_55_09
0030e93f   _menu_55_10
0030e9a0   _menu_55_11
0030ea0f   _menu_55_12
0030ea32   _menu_55_13
0030ea55   _menu_56_05
0030eb6c   _menu_56_06
0030ec14   _menu_56_07
0030eca7   _menu_56_08
0030ecd0   _menu_56_09
0030ed11   _menu_56_10
0030ed72   _menu_56_11
0030ede1   _menu_56_12
0030ee04   _menu_56_13
0030ee27   _menu_57_04
0030eed9   _menu_57_05
0030efbe   _menu_57_06
0030f051   _menu_57_07
0030f07a   _menu_57_08
0030f0af   _menu_57_09
0030f110   _menu_57_10
0030f17d   _menu_57_11
0030f1a0   _menu_57_12
0030f1c3   _menu_58_05
0030f2bb   _menu_58_06
0030f363   _menu_58_07
0030f3f6   _menu_58_08
0030f41f   _menu_58_09
0030f460   _menu_58_10
0030f4c1   _menu_58_11
0030f530   _menu_58_12
0030f553   _menu_58_13
0030f576   _menu_59_04
0030f662   _menu_59_05
0030f75b   _menu_59_06
0030f7f5   _menu_59_07
0030f883   _menu_59_08
0030f916   _menu_59_09
0030f95a   _menu_59_10
0030f99b   _menu_59_11
0030f9ca   _menu_59_12
0030fa2b   _menu_59_13
0030fa9c   _menu_59_14
0030fabf   _menu_59_15
0030fae2   _menu_60_04
0030fbc7   _menu_60_05
0030fcc0   _menu_60_06
0030fd5a   _menu_60_07
0030fde8   _menu_60_08
0030fe7b   _menu_60_09
0030feb0   _menu_60_10
0030fef1   _menu_60_11
0030ff20   _menu_60_12
0030ff81   _menu_60_13
0030fff2   _menu_60_14
00310015   _menu_60_15
00310038   _menu_80_03
003100f5   _menu_80_04
003101a6   _menu_80_05
00310235   _menu_80_06
003102c4   _menu_80_07
00310353   _menu_80_08
003103e2   _menu_80_09
00310471   _menu_80_10
003104c0   _menu_80_11
00310666   _menu_80_12
00310689   _menu_80_13
003106ac   _menu_81_03
0031072d   _menu_81_04
003107e8   _menu_81_05
00310898   _menu_81_06
00310960   _menu_81_07
00310acd   _menu_81_08
00310b60   _menu_81_09
00310bdd   _menu_81_10
00310c53   _menu_81_11
00310c76   _menu_81_12
00310c99   _menu_82_03
00310cfd   _menu_82_04
00310d7a   _menu_82_05
00310df9   _menu_82_06
00310e78   _menu_82_07
00310ef5   _menu_82_08
00310f72   _menu_82_09
00310ff2   _menu_82_10
0031102d   _menu_82_11
00311080   _menu_82_12
003110a3   _menu_82_13
003110c6   _menu_83_03
0031112f   _menu_83_04
00311186   _menu_83_05
003111d9   _menu_83_06
0031126c   _menu_83_07
0031128f   _menu_83_08
003112b2   _menu_84_03
0031131f   _menu_84_05
003113af   _menu_84_06
00311402   _menu_84_07
00311425   _menu_84_08
00311448   _menu_84_09
0031146b   _menu_85_03
003114e9   _menu_85_04
0031153c   _menu_85_05
0031155f   _menu_85_06
00311582   _menu_86_03
003115f6   _menu_86_04
00311649   _menu_86_05
0031166c   _menu_86_06
0031168f   _menu_87_03
00311709   _menu_87_04
0031175c   _menu_87_05
0031177f   _menu_87_06
003117a2   _menu_88_03
00311818   _menu_88_04
003118a8   _menu_88_05
003118d7   _menu_88_06
00311940   _menu_88_07
00311963   _menu_88_08
00311986   _menu_89_03
00311a09   _menu_89_04
00311a62   _menu_89_05
00311acb   _menu_89_06
00311aee   _menu_89_07
00311b11   _menu_90_04
00311b64   _menu_90_05
00311b87   _menu_90_06
00311baa   _menu_91_04
00311c3b   _menu_91_05
00311c6a   _menu_91_06
00311cd3   _menu_91_07
00311cf6   _menu_91_08
00311d19   _menu_92_04
00311db1   _menu_92_05
00311e2b   _menu_92_06
00311e7d   _menu_92_07
00311ee8   _menu_92_08
00311f0b   _menu_92_09
00311f2e   _menu_95_04
00311f95   _menu_95_05
00311fdd   _menu_95_06
0031202a   _menu_95_07
00312097   _menu_95_08
003120ba   _menu_95_09
003120dd   _menu_96_05
00312108   _menu_97_04
00312188   _menu_97_05
0031220b   _menu_97_06
00312242   _menu_97_07
0031229d   _menu_97_08
003122c0   _menu_97_09
003122e3   _menu_98_04
0031234c   _menu_98_05
003123b5   _menu_98_06
00312415   _menu_98_07
00312449   _menu_98_08
00312485   _menu_98_09
003124f2   _menu_98_10
00312515   _menu_98_11
00313859   _menu_99_00
00312538   _menu_99_04
0031258b   _menu_99_05
003125ae   _menu_99_06
0000a17e   _menu_drive
0031380c   _menu_dummy
00313ab3   _menu_init
0031382b   _menu_popup
0031e9fc   _menu_tables
0000d1e8   _motor_set1
0000d1d4   _motor_set2
0000d1d0   _motor_set3
0000d1e0   _motor_view1
0000d1ec   _motor_view2
0000d22c   _n47_set1
0000d228   _n47_view1
0000d248   _nch_set1
0000d234   _nch_set2
0000d230   _nch_set3
0000d23c   _nch_set4
0000d238   _nch_view1
0000d264   _nch_view2
0000d0ac   _nch_view4
0000d0b8   _nch_view5
0000d1b8   _nsocr_set1
0000d1e4   _nsocr_view1
0000d08c   _nsocr_view4
0000d098   _nsocr_view5
0000d2e4   _ocgr50_set1
0000d2d8   _ocgr50_view1
0000d334   _ocgr50_view2
0000d32c   _ocgr51_set1
0000d330   _ocgr51_view1
0000d2e0   _ocr50_set1
0000d2dc   _ocr50_view1
0000d2e8   _ocr50_view2
0000d2d4   _ocr51_set1
0000d2d0   _ocr51_view1
0000cf1c   _ocr_pro_set1
0000cf18   _ocr_pro_set2
0000cf2c   _ocr_pro_view1
0000ce0c   _ocr_pro_view2
0000d0dc   _ocr_view1
0000d0e8   _ocr_view2
0000d0e4   _ocr_view3
0000d0d0   _ocr_view4
0000d0cc   _ocr_view5
0000d0d8   _ocr_view6
00008f25   _over_phase_value_check
0000d204   _ovgr_set1
0000d200   _ovgr_view1
0000d20c   _ovgr_view2
0000d0f4   _ovgr_view4
0000d0a0   _ovgr_view5
0000d09c   _ovgr_view6
0000d0a8   _ovgr_view7
0000d348   _ovr_set1
0000d344   _ovr_view1
0000d34c   _ovr_view2
0000d0ec   _ovr_view4
0000d0f8   _ovr_view5
0000d224   _p47_set1
0000d220   _p47_view1
0000ce6c   _p_view_format1
0000ce78   _p_view_format10
0000ce64   _p_view_format100
0000ce90   _p_view_format100g
0000ce68   _p_view_format100k
0000cf20   _p_view_format100m
0000ce7c   _p_view_format10g
0000ce74   _p_view_format10k
0000ce88   _p_view_format10m
0000ce80   _p_view_format1g
0000ce60   _p_view_format1k
0000ce8c   _p_view_format1m
0000cf00   _password_input1
0000cefc   _password_input2
0000cf10   _password_set1
0031996d   _pll_setup
0031a3b4   _pow
0000d1a0   _power1
0000d19c   _power2
0000d148   _power3
0000d144   _power4
00009b6d   _power_update
0000902f   _protective_relay
0000cf40   _pt_ratio_set1
0000cee4   _pt_ratio_set2
0000ceec   _pt_ratio_set3
0000ceb4   _pt_ratio_view1
0000cea4   _pt_ratio_view10
0000cef8   _pt_ratio_view11
0000cee8   _pt_ratio_view12
0000cedc   _pt_ratio_view13
0000cec8   _pt_ratio_view14
0000cecc   _pt_ratio_view15
0000cee0   _pt_ratio_view16
0000cebc   _pt_ratio_view2
0000cec0   _pt_ratio_view3
0000ce9c   _pt_ratio_view4
0000cea8   _pt_ratio_view5
0000ce94   _pt_ratio_view6
0000ce98   _pt_ratio_view7
0000ceac   _pt_ratio_view8
0000cea0   _pt_ratio_view9
00315e3f   _pt_setting_min_max_check
0000cec4   _pt_wiring_set1
0000ced4   _pt_wiring_view1
0000d164   _q_value
00009962   _real_main
0000d15c   _relay1
0000d07c   _relay10
0000d088   _relay11
0000d084   _relay12
0000d070   _relay13
0000d06c   _relay14
0000d078   _relay15
0000d074   _relay16
0000d060   _relay2
0000d05c   _relay3
0000d068   _relay4
0000d064   _relay5
0000d050   _relay6
0000d04c   _relay7
0000d058   _relay8
0000d080   _relay9
0000d3c0   _relay_curve
00008e49   _relay_detect_to_pickup
00008f13   _relay_dropout_to_normal
0000d310   _relay_mode1
0000d2c4   _relay_mode2
0000d2c0   _relay_mode3
0000d2cc   _relay_mode4
00008e44   _relay_normal_to_detect
0000d31c   _relay_onoff1
00008eab   _relay_opeartion_to_dropout
00008e5c   _relay_pickup_to_operation
0000cfc4   _relay_popup1
0000cfa0   _relay_popup2
0000cf9c   _relay_popup3
0000cfb0   _relay_popup4
0000cfa4   _relay_popup5
0000cfc0   _relay_popup6
0000cfcc   _relay_popup7
0000cfb8   _relay_popup8
0000cfb4   _relay_popup9
0000d2bc   _relay_relay1
0000d2c8   _relay_set_view1
0000cfc8   _relay_test1
0000cfbc   _relay_test2
0000cf78   _relay_test3
0000cf74   _relay_test4
0000cf90   _relay_test5
0000cdee   _reset1
0000cde6   _reset2
0000cde2   _reset3
0000cdf6   _resetq
00009e3a   _rtc_handling
0000cf94   _run_time
0000d240   _s_l_set1
0000d24c   _s_l_set2
0000d298   _s_l_view1
0000d244   _s_l_view2
0000cdea   _save1
0000cdf2   _save_cancel1
0000cdca   _save_confirm1
0000cdd2   _save_fail1
0000cdda   _save_no1
00319a1e   _sci_setup
0000d48e   _scrP
0030a236   _screen_frame
0030a246   _screen_frame2
0030a255   _screen_frame3
0000a0f0   _serial_ok_nak_send
00316c26   _serial_write
0000d3cc   _set_integer
0000d020   _setting1
0000d01c   _setting2
0000d028   _setting3
00317879   _setting_load
00315e2c   _setting_min_max_check
00316f06   _setting_post_handling
00316ec1   _setting_save
0031a40e   _sin
00320d00   _sin_50Hz
00320d18   _sin_60Hz
0000c100   _sin_table
0000d3d8   _six_point_2
0000d0c4   _sl_view1
0000d0b0   _sl_view2
0000d2ec   _sovr_view1
0000d300   _sovr_view2
0031a5b4   _sprintf
0031a664   _sqrt
0031a849   _strcpy
0031a82d   _strlen
00009b26   _supervision_relay
0000d044   _supervison_set1
0000d030   _supervison_set2
0000d02c   _supervison_set3
0000d038   _supervison_set4
0000d034   _supervison_set5
0000d0e0   _supervison_set6
0000d040   _supervison_view1
0000d03c   _supervison_view2
0000d048   _supervison_view3
0000d214   _sync_set1
0000d210   _sync_set2
0000d21c   _sync_set3
0000d218   _sync_set4
0000d1c4   _sync_view1
0000d1c0   _sync_view2
0000d1cc   _sync_view3
0000d2f4   _syncro_view1
0000d318   _syncro_view2
0000d314   _syncro_view3
0000d354   _syncro_view4
0000cf80   _sys_time
0000d25c   _system_set1
0000d258   _system_set2
0000ce48   _system_set3
0000ce20   _system_set4
0000ce04   _system_set5
0000cf5c   _system_set6
0000d260   _system_view1
0000d26c   _system_view2
0000d268   _system_view3
0000d254   _system_view4
0000d250   _system_view5
0000cf68   _test2
0000cf7c   _test3
0000cf70   _test4
0000d1d8   _thr_set1
0000d284   _thr_set2
0000d1dc   _thr_view1
0000d094   _thr_view4
0000d0c0   _thr_view5
0000cf88   _time_set1
0000cfec   _time_set2
0000cfe8   _time_set3
0000d004   _time_set4
0000cfe0   _time_set5
0000cfdc   _time_set6
0000cff0   _time_set7
0000cfe4   _time_set8
0000d2b4   _tl_set1
0000d1c8   _ucr_set1
0000d1b4   _ucr_set2
0000d1b0   _ucr_view1
0000d1bc   _ucr_view2
0000d0a4   _ucr_view3
0000d090   _ucr_view4
00008fad   _under_phase_value_check
0000d208   _uvr_set1
0000d1f4   _uvr_set2
0000d1f0   _uvr_set_view1
0000d1fc   _uvr_set_view2
0000d1f8   _uvr_set_view3
0000d0b4   _uvr_view1
0000d2f8   _uvr_view2
0000d30c   _uvr_view3
0000d304   _uvr_view4
0000d2f0   _uvr_view5
0000d308   _uvr_view6
0000d376   _view_format1
0000d38c   _view_format10
0000d386   _view_format100
0000d364   _view_format100g
0000d398   _view_format100k
0000d358   _view_format100m
0000d36a   _view_format10g
0000d380   _view_format10k
0000d35e   _view_format10m
0000d370   _view_format1g
0000d39e   _view_format1k
0000d392   _view_format1m
0000d120   _volt1
0000d11c   _volt2
0000d188   _volt3
0000d184   _volt4
0000d190   _volt5
0000d18c   _volt6
0000d178   _volt7
0000d174   _volt8
0000d180   _volt9
0000cdd6   _wave1
0000cdde   _wave2
0000cdce   _wave3
00320d48   _wave_buffer_address
00320d5c   _wave_buffer_post_address
00318227   _wave_di_initial_post
0031820c   _wave_di_initial_pre1
0031821a   _wave_di_initial_pre2
0000a12e   _wave_dump_serial_sram
00318231   _wave_flash_sector_erase
003181c3   _wave_flash_word_write
0031824a   _wave_save_process
00318202   _wave_vi_initial_post
003181e7   _wave_vi_initial_pre1
003181f5   _wave_vi_initial_pre2
0000cf28   _zct_set1
0000cf24   _zct_view1
ffffffff   binit
00320fa2   cinit
0033fff6   code_start
0031a861   etext
ffffffff   pinit


GLOBAL SYMBOLS: SORTED BY Symbol Address 

address    name
--------   ----
00000001   __TI_args_main
00000400   __STACK_SIZE
00000d00   _PieVectTable
00008000   _RamfuncsRunStart
00008000   _XINT3_ISR
00008c49   _TINT1_ISR
00008daf   _SCIRXB_ISR
00008df2   _SCITXINTB_ISR
00008e17   _SCITXINTC_ISR
00008e44   _relay_normal_to_detect
00008e49   _relay_detect_to_pickup
00008e5c   _relay_pickup_to_operation
00008eab   _relay_opeartion_to_dropout
00008eb5   _do_release
00008f13   _relay_dropout_to_normal
00008f25   _over_phase_value_check
00008fad   _under_phase_value_check
0000902f   _protective_relay
000098e6   _Inverse_Op_Timeset
00009962   _real_main
00009adc   _float_to_8bit_fram
00009b26   _supervision_relay
00009b6d   _power_update
00009da8   _event_direct_save
00009e3a   _rtc_handling
00009f2a   _delay_us
00009f59   _i2c_read
00009f99   _i2c_write
00009fd8   _key_drive
0000a051   _lcd_control_write
0000a06e   _lcd_character_write
0000a08b   _make_crc_send
0000a0f0   _serial_ok_nak_send
0000a12e   _wave_dump_serial_sram
0000a17e   _menu_drive
0000a205   _InitFlash
0000a21b   _DSP28x_usDelay
0000c000   _LOCAL_CONTROL
0000c001   _GR_ANGLE
0000c004   _MIN_MAX
0000c006   _TIMER1
0000c008   _AUTO_DISPLAY
0000c00a   _PASSWORD
0000c00c   _ADDRESS
0000c00e   _DISPLAY_3PHASE
0000c010   _DIGITAL_OUTPUT
0000c013   _CORE
0000c016   _PROTECT
0000c01a   _FLASH
0000c01e   _GPT
0000c022   _MODBUS
0000c026   _DSGR_ANGLE
0000c02a   _COMM
0000c02e   _OCR_MODE_SET
0000c033   _SYSTEM_SET
0000c038   _LOCAL_CTRL
0000c040   _TIMER0
0000c046   _UVR_MODE
0000c04c   _DIDO
0000c058   _RELAY_STATUS
0000c064   _ACCUMULATION
0000c070   _TIMER
0000c080   _WAVE
0000c08c   _DIGITAL_INPUT
0000c09e   _CPT
0000c0c0   _cos_table
0000c0d8   _TIME
0000c100   _sin_table
0000c118   _P47
0000c140   _UVR_3
0000c15a   _SYSTEM
0000c180   _N47
0000c19a   _UVR_1
0000c1c0   _UVR_2
0000c1da   _OCR50_2
0000c200   _OCGR50
0000c21a   _OCR50_1
0000c240   _OVGR
0000c260   _SUPERVISION
0000c280   _OVR
0000c2c0   _EVENT
0000c300   _OCR51_2
0000c340   _OCGR51
0000c380   _OCR51_1
0000c3c0   _SGR
0000c400   _DGR
0000c440   _DFT
0000c480   _HIMIX
0000c500   _HARMONICS
0000c580   _LCD
0000c600   _DISPLAY
0000c700   _CALIBRATION
0000c800   _MEASUREMENT
0000c940   _SAMPLE
0000cb80   _MANAGER
0000cd94   __unlock
0000cd96   __lock
0000cd98   __cleanup_ptr
0000cd9a   __dtors_ptr
0000cd9c   _errno
0000cdc0   _Button_Press
0000cdc1   _KHS_Key_Press
0000cdc2   _Set_Password
0000cdc3   _Data_Change
0000cdc6   _Data_Change_Count
0000cdc8   _event_test
0000cdca   _save_confirm1
0000cdce   _wave3
0000cdd2   _save_fail1
0000cdd6   _wave1
0000cdda   _save_no1
0000cdde   _wave2
0000cde2   _reset3
0000cde6   _reset2
0000cdea   _save1
0000cdee   _reset1
0000cdf2   _save_cancel1
0000cdf6   _resetq
0000cdfa   _lc_view1
0000ce00   _lc_set3
0000ce04   _system_set5
0000ce08   _lc_set1
0000ce0c   _ocr_pro_view2
0000ce10   _data_reset1
0000ce14   _etc1
0000ce18   _data_reset3
0000ce1c   _etc3
0000ce20   _system_set4
0000ce24   _lc_set2
0000ce28   _etc2
0000ce2c   _event4
0000ce30   _event3
0000ce34   _event6
0000ce38   _event1
0000ce3c   _eventx
0000ce40   _event5
0000ce44   _event2
0000ce48   _system_set3
0000ce4c   _event11
0000ce50   _event_t
0000ce54   _event9
0000ce58   _event8
0000ce5c   _event12
0000ce60   _p_view_format1k
0000ce64   _p_view_format100
0000ce68   _p_view_format100k
0000ce6c   _p_view_format1
0000ce70   _data_reset2
0000ce74   _p_view_format10k
0000ce78   _p_view_format10
0000ce7c   _p_view_format10g
0000ce80   _p_view_format1g
0000ce84   _event10
0000ce88   _p_view_format10m
0000ce8c   _p_view_format1m
0000ce90   _p_view_format100g
0000ce94   _pt_ratio_view6
0000ce98   _pt_ratio_view7
0000ce9c   _pt_ratio_view4
0000cea0   _pt_ratio_view9
0000cea4   _pt_ratio_view10
0000cea8   _pt_ratio_view5
0000ceac   _pt_ratio_view8
0000ceb0   _ct_ratio_view4
0000ceb4   _pt_ratio_view1
0000ceb8   _ct_ratio_view3
0000cebc   _pt_ratio_view2
0000cec0   _pt_ratio_view3
0000cec4   _pt_wiring_set1
0000cec8   _pt_ratio_view14
0000cecc   _pt_ratio_view15
0000ced0   _ct_ratio_set2
0000ced4   _pt_wiring_view1
0000ced8   _ct_ratio_set1
0000cedc   _pt_ratio_view13
0000cee0   _pt_ratio_view16
0000cee4   _pt_ratio_set2
0000cee8   _pt_ratio_view12
0000ceec   _pt_ratio_set3
0000cef0   _ct_ratio_set4
0000cef4   _ct_ratio_set3
0000cef8   _pt_ratio_view11
0000cefc   _password_input2
0000cf00   _password_input1
0000cf04   _gr_set1
0000cf08   _di_set_view3
0000cf0c   _di_set_view2
0000cf10   _password_set1
0000cf14   _di_set_view4
0000cf18   _ocr_pro_set2
0000cf1c   _ocr_pro_set1
0000cf20   _p_view_format100m
0000cf24   _zct_view1
0000cf28   _zct_set1
0000cf2c   _ocr_pro_view1
0000cf30   _di_set2
0000cf34   _ct_ratio_view1
0000cf38   _di_set4
0000cf3c   _di_set1
0000cf40   _pt_ratio_set1
0000cf44   _di_set3
0000cf48   _ct_ratio_view2
0000cf4c   _di_set8
0000cf50   _di_set7
0000cf54   _gr_set_view1
0000cf58   _di_set5
0000cf5c   _system_set6
0000cf60   _di_set_view1
0000cf68   _test2
0000cf6c   _led_test1
0000cf70   _test4
0000cf74   _relay_test4
0000cf78   _relay_test3
0000cf7c   _test3
0000cf80   _sys_time
0000cf84   _etc_view2
0000cf88   _time_set1
0000cf8c   _hidden1
0000cf90   _relay_test5
0000cf94   _run_time
0000cf98   _etc_view1
0000cf9c   _relay_popup3
0000cfa0   _relay_popup2
0000cfa4   _relay_popup5
0000cfa8   _event_d
0000cfac   _di_set6
0000cfb0   _relay_popup4
0000cfb4   _relay_popup9
0000cfb8   _relay_popup8
0000cfbc   _relay_test2
0000cfc0   _relay_popup6
0000cfc4   _relay_popup1
0000cfc8   _relay_test1
0000cfcc   _relay_popup7
0000cfd0   _Cursor_Position
0000cfd4   _Screen_Position
0000cfd8   _Save_Current_Screen
0000cfdc   _time_set6
0000cfe0   _time_set5
0000cfe4   _time_set8
0000cfe8   _time_set3
0000cfec   _time_set2
0000cff0   _time_set7
0000cff4   _east_egg1
0000cff8   _diag3
0000cffc   _east_egg3
0000d000   _diag1
0000d004   _time_set4
0000d008   _east_egg2
0000d00c   _docb2
0000d010   _docb1
0000d014   _cb_status_view2
0000d018   _cb_status_view1
0000d01c   _setting2
0000d020   _setting1
0000d024   _cpt2
0000d028   _setting3
0000d02c   _supervison_set3
0000d030   _supervison_set2
0000d034   _supervison_set5
0000d038   _supervison_set4
0000d03c   _supervison_view2
0000d040   _supervison_view1
0000d044   _supervison_set1
0000d048   _supervison_view3
0000d04c   _relay7
0000d050   _relay6
0000d054   _cpt1
0000d058   _relay8
0000d05c   _relay3
0000d060   _relay2
0000d064   _relay5
0000d068   _relay4
0000d06c   _relay14
0000d070   _relay13
0000d074   _relay16
0000d078   _relay15
0000d07c   _relay10
0000d080   _relay9
0000d084   _relay12
0000d088   _relay11
0000d08c   _nsocr_view4
0000d090   _ucr_view4
0000d094   _thr_view4
0000d098   _nsocr_view5
0000d09c   _ovgr_view6
0000d0a0   _ovgr_view5
0000d0a4   _ucr_view3
0000d0a8   _ovgr_view7
0000d0ac   _nch_view4
0000d0b0   _sl_view2
0000d0b4   _uvr_view1
0000d0b8   _nch_view5
0000d0bc   _h50_view1
0000d0c0   _thr_view5
0000d0c4   _sl_view1
0000d0c8   _h50_view2
0000d0cc   _ocr_view5
0000d0d0   _ocr_view4
0000d0d4   _gr_view1
0000d0d8   _ocr_view6
0000d0dc   _ocr_view1
0000d0e0   _supervison_set6
0000d0e4   _ocr_view3
0000d0e8   _ocr_view2
0000d0ec   _ovr_view4
0000d0f0   _gr_view6
0000d0f4   _ovgr_view4
0000d0f8   _ovr_view5
0000d0fc   _gr_view3
0000d100   _gr_view2
0000d104   _gr_view5
0000d108   _gr_view4
0000d10c   _display2
0000d110   _display1
0000d114   _measuremnt4
0000d118   _measuremnt3
0000d11c   _volt2
0000d120   _volt1
0000d124   _display4
0000d128   _display3
0000d12c   _measuremnt2
0000d130   _measuremnt1
0000d134   _harmonics4
0000d138   _harmonics3
0000d13c   _harmonics6
0000d140   _harmonics5
0000d144   _power4
0000d148   _power3
0000d14c   _harmonics2
0000d150   _harmonics1
0000d154   _do1
0000d158   _di1
0000d15c   _relay1
0000d160   _do2
0000d164   _q_value
0000d168   _delta_vdf1
0000d16c   _didocb2
0000d170   _didocb1
0000d174   _volt8
0000d178   _volt7
0000d17c   _current1
0000d180   _volt9
0000d184   _volt4
0000d188   _volt3
0000d18c   _volt6
0000d190   _volt5
0000d194   _current7
0000d198   _current6
0000d19c   _power2
0000d1a0   _power1
0000d1a4   _current3
0000d1a8   _current2
0000d1ac   _current5
0000d1b0   _ucr_view1
0000d1b4   _ucr_set2
0000d1b8   _nsocr_set1
0000d1bc   _ucr_view2
0000d1c0   _sync_view2
0000d1c4   _sync_view1
0000d1c8   _ucr_set1
0000d1cc   _sync_view3
0000d1d0   _motor_set3
0000d1d4   _motor_set2
0000d1d8   _thr_set1
0000d1dc   _thr_view1
0000d1e0   _motor_view1
0000d1e4   _nsocr_view1
0000d1e8   _motor_set1
0000d1ec   _motor_view2
0000d1f0   _uvr_set_view1
0000d1f4   _uvr_set2
0000d1f8   _uvr_set_view3
0000d1fc   _uvr_set_view2
0000d200   _ovgr_view1
0000d204   _ovgr_set1
0000d208   _uvr_set1
0000d20c   _ovgr_view2
0000d210   _sync_set2
0000d214   _sync_set1
0000d218   _sync_set4
0000d21c   _sync_set3
0000d220   _p47_view1
0000d224   _p47_set1
0000d228   _n47_view1
0000d22c   _n47_set1
0000d230   _nch_set3
0000d234   _nch_set2
0000d238   _nch_view1
0000d23c   _nch_set4
0000d240   _s_l_set1
0000d244   _s_l_view2
0000d248   _nch_set1
0000d24c   _s_l_set2
0000d250   _system_view5
0000d254   _system_view4
0000d258   _system_set2
0000d25c   _system_set1
0000d260   _system_view1
0000d264   _nch_view2
0000d268   _system_view3
0000d26c   _system_view2
0000d270   _l_cb_open
0000d274   _comm_set2
0000d278   _cb_good1
0000d27c   _l_cb_close
0000d280   _commx
0000d284   _thr_set2
0000d288   _comm_set1
0000d28c   _comm_view1
0000d290   _h50_view3
0000d294   _cb_cancel2
0000d298   _s_l_view1
0000d29c   _h50_set1
0000d2a0   _cb_fail1
0000d2a4   _cb_good2
0000d2a8   _cb_cancel1
0000d2ac   _cb_fail2
0000d2b0   _diag2
0000d2b4   _tl_set1
0000d2b8   _delay_set1
0000d2bc   _relay_relay1
0000d2c0   _relay_mode3
0000d2c4   _relay_mode2
0000d2c8   _relay_set_view1
0000d2cc   _relay_mode4
0000d2d0   _ocr51_view1
0000d2d4   _ocr51_set1
0000d2d8   _ocgr50_view1
0000d2dc   _ocr50_view1
0000d2e0   _ocr50_set1
0000d2e4   _ocgr50_set1
0000d2e8   _ocr50_view2
0000d2ec   _sovr_view1
0000d2f0   _uvr_view5
0000d2f4   _syncro_view1
0000d2f8   _uvr_view2
0000d2fc   _current4
0000d300   _sovr_view2
0000d304   _uvr_view4
0000d308   _uvr_view6
0000d30c   _uvr_view3
0000d310   _relay_mode1
0000d314   _syncro_view3
0000d318   _syncro_view2
0000d31c   _relay_onoff1
0000d320   _dsgr_view2
0000d324   _dsgr_set2
0000d328   _dsgr_view1
0000d32c   _ocgr51_set1
0000d330   _ocgr51_view1
0000d334   _ocgr50_view2
0000d338   _dsgr_view3
0000d33c   _dsgr_set4
0000d340   _dsgr_set1
0000d344   _ovr_view1
0000d348   _ovr_set1
0000d34c   _ovr_view2
0000d350   _dsgr_set3
0000d354   _syncro_view4
0000d358   _view_format100m
0000d35e   _view_format10m
0000d364   _view_format100g
0000d36a   _view_format10g
0000d370   _view_format1g
0000d376   _view_format1
0000d380   _view_format10k
0000d386   _view_format100
0000d38c   _view_format10
0000d392   _view_format1m
0000d398   _view_format100k
0000d39e   _view_format1k
0000d3a4   _event_control
0000d3b6   _event_reset
0000d3c0   _relay_curve
0000d3cc   _set_integer
0000d3d8   _six_point_2
0000d3e4   _event_mode_change
0000d400   _event_phase
0000d412   _event_io
0000d426   _event_set
0000d440   _event_relay
0000d480   _Lcd_Bl_Count
0000d482   _LCD_LIGHT
0000d484   _LCD_RS
0000d486   _VFD_cnt
0000d488   _dumpP
0000d48a   _AckScr
0000d48e   _scrP
0000d492   _NorScr
0000d496   _FauScr
0000d49a   _ReserveP
0000d4c0   _VFDABuffer
0000d500   _VFDFBuffer
0000d540   _VFDNBuffer
0000d57c   __stack
0000d97c   __STACK_END
00308000   _RamfuncsLoadStart
0030a21f   _RamfuncsLoadEnd
0030a220   .text
0030a220   ___text__
0030a220   _cursor_move
0030a22f   _cursor_move_last
0030a236   _screen_frame
0030a246   _screen_frame2
0030a255   _screen_frame3
0030a265   _menu_00_00
0030a2e5   _menu_00_01
0030a332   _menu_00_02
0030a3a2   _menu_00_03
0030a3f7   _menu_00_04
0030a44c   _menu_00_05
0030a4a1   _menu_00_06
0030a4f6   _menu_01_01
0030a54c   _menu_01_03
0030a599   _menu_01_04
0030a61a   _menu_01_05
0030a657   _menu_01_06
0030a6a4   _menu_01_07
0030a70d   _menu_01_08
0030a784   _menu_01_09
0030a7ed   _menu_01_10
0030a864   _menu_01_11
0030a8cd   _menu_01_12
0030a944   _menu_02_01
0030a97c   _menu_02_03
0030a9cd   _menu_02_04
0030aa42   _menu_02_05
0030aa91   _menu_02_06
0030aae0   _menu_03_03
0030ab49   _menu_04_02
0030ab89   _menu_29_02
0030abec   _menu_29_03
0030abfd   _menu_41_02
0030ac48   _menu_41_03
0030ace0   _menu_41_04
0030ad4c   _menu_41_05
0030adfb   _menu_41_06
0030ae8e   _menu_41_07
0030aeb7   _menu_41_08
0030aef1   _menu_41_09
0030af52   _menu_41_10
0030afbf   _menu_41_11
0030afe2   _menu_41_12
0030b005   _menu_42_01
0030b0b0   _menu_42_02
0030b0cf   _menu_42_03
0030b16b   _menu_42_05
0030b21b   _menu_42_06
0030b2c3   _menu_42_07
0030b356   _menu_42_08
0030b37f   _menu_42_09
0030b3d9   _menu_42_10
0030b43a   _menu_42_11
0030b4a9   _menu_42_12
0030b4cc   _menu_42_13
0030b4ef   _menu_43_03
0030b68d   _menu_43_04
0030b6f9   _menu_43_05
0030b7a8   _menu_43_06
0030b83b   _menu_43_07
0030b864   _menu_43_08
0030b89e   _menu_43_09
0030b8ff   _menu_43_10
0030b96c   _menu_43_11
0030b98f   _menu_43_12
0030b9b2   _menu_44_03
0030bafc   _menu_44_05
0030bbac   _menu_44_06
0030bc54   _menu_44_07
0030bce7   _menu_44_08
0030bd10   _menu_44_09
0030bd6a   _menu_44_10
0030bdcb   _menu_44_11
0030be3a   _menu_44_12
0030be5d   _menu_44_13
0030be80   _menu_45_03
0030bf09   _menu_45_04
0030bf84   _menu_45_05
0030c034   _menu_45_06
0030c0dc   _menu_45_07
0030c16f   _menu_45_08
0030c1a9   _menu_45_09
0030c203   _menu_45_10
0030c264   _menu_45_11
0030c2d3   _menu_45_12
0030c2f6   _menu_45_13
0030c319   _menu_46_04
0030c394   _menu_46_05
0030c444   _menu_46_06
0030c4ec   _menu_46_07
0030c57f   _menu_46_08
0030c5b9   _menu_46_09
0030c613   _menu_46_10
0030c674   _menu_46_11
0030c6e3   _menu_46_12
0030c706   _menu_46_13
0030c729   _menu_47_04
0030c795   _menu_47_05
0030c844   _menu_47_06
0030c8d7   _menu_47_07
0030c900   _menu_47_08
0030c93a   _menu_47_09
0030c99b   _menu_47_10
0030ca08   _menu_47_11
0030ca2b   _menu_47_12
0030ca4e   _menu_48_05
0030cafd   _menu_48_06
0030cba5   _menu_48_07
0030cc38   _menu_48_08
0030cc61   _menu_48_09
0030ccbb   _menu_48_10
0030cd1c   _menu_48_11
0030cd8b   _menu_48_12
0030cdae   _menu_48_13
0030cdd1   _menu_49_04
0030ce4c   _menu_49_05
0030cefc   _menu_49_06
0030cfa4   _menu_49_07
0030d037   _menu_49_08
0030d071   _menu_49_09
0030d0cb   _menu_49_10
0030d12c   _menu_49_11
0030d19b   _menu_49_12
0030d1be   _menu_49_13
0030d1e1   _menu_50_04
0030d2f9   _menu_50_05
0030d393   _menu_50_06
0030d426   _menu_50_07
0030d45b   _menu_50_08
0030d490   _menu_50_09
0030d4f1   _menu_50_10
0030d55e   _menu_50_11
0030d581   _menu_50_12
0030d5a4   _menu_51_04
0030d718   _menu_51_05
0030d7b2   _menu_51_06
0030d845   _menu_51_07
0030d87a   _menu_51_08
0030d8af   _menu_51_09
0030d910   _menu_51_10
0030d97d   _menu_51_11
0030d9a0   _menu_51_12
0030d9c3   _menu_52_04
0030db37   _menu_52_05
0030dbd1   _menu_52_06
0030dc64   _menu_52_07
0030dc99   _menu_52_08
0030dcce   _menu_52_09
0030dd2f   _menu_52_10
0030dd9c   _menu_52_11
0030ddbf   _menu_52_12
0030dde2   _menu_53_04
0030df56   _menu_53_05
0030dff0   _menu_53_06
0030e083   _menu_53_07
0030e0b8   _menu_53_08
0030e0ed   _menu_53_09
0030e14e   _menu_53_10
0030e1bb   _menu_53_11
0030e1de   _menu_53_12
0030e201   _menu_54_04
0030e319   _menu_54_05
0030e3b3   _menu_54_06
0030e446   _menu_54_07
0030e47b   _menu_54_08
0030e4b0   _menu_54_09
0030e511   _menu_54_10
0030e57e   _menu_54_11
0030e5a1   _menu_54_12
0030e5c4   _menu_55_04
0030e691   _menu_55_05
0030e7a8   _menu_55_06
0030e842   _menu_55_07
0030e8d5   _menu_55_08
0030e8fe   _menu_55_09
0030e93f   _menu_55_10
0030e9a0   _menu_55_11
0030ea0f   _menu_55_12
0030ea32   _menu_55_13
0030ea55   _menu_56_05
0030eb6c   _menu_56_06
0030ec14   _menu_56_07
0030eca7   _menu_56_08
0030ecd0   _menu_56_09
0030ed11   _menu_56_10
0030ed72   _menu_56_11
0030ede1   _menu_56_12
0030ee04   _menu_56_13
0030ee27   _menu_57_04
0030eed9   _menu_57_05
0030efbe   _menu_57_06
0030f051   _menu_57_07
0030f07a   _menu_57_08
0030f0af   _menu_57_09
0030f110   _menu_57_10
0030f17d   _menu_57_11
0030f1a0   _menu_57_12
0030f1c3   _menu_58_05
0030f2bb   _menu_58_06
0030f363   _menu_58_07
0030f3f6   _menu_58_08
0030f41f   _menu_58_09
0030f460   _menu_58_10
0030f4c1   _menu_58_11
0030f530   _menu_58_12
0030f553   _menu_58_13
0030f576   _menu_59_04
0030f662   _menu_59_05
0030f75b   _menu_59_06
0030f7f5   _menu_59_07
0030f883   _menu_59_08
0030f916   _menu_59_09
0030f95a   _menu_59_10
0030f99b   _menu_59_11
0030f9ca   _menu_59_12
0030fa2b   _menu_59_13
0030fa9c   _menu_59_14
0030fabf   _menu_59_15
0030fae2   _menu_60_04
0030fbc7   _menu_60_05
0030fcc0   _menu_60_06
0030fd5a   _menu_60_07
0030fde8   _menu_60_08
0030fe7b   _menu_60_09
0030feb0   _menu_60_10
0030fef1   _menu_60_11
0030ff20   _menu_60_12
0030ff81   _menu_60_13
0030fff2   _menu_60_14
00310015   _menu_60_15
00310038   _menu_80_03
003100f5   _menu_80_04
003101a6   _menu_80_05
00310235   _menu_80_06
003102c4   _menu_80_07
00310353   _menu_80_08
003103e2   _menu_80_09
00310471   _menu_80_10
003104c0   _menu_80_11
00310666   _menu_80_12
00310689   _menu_80_13
003106ac   _menu_81_03
0031072d   _menu_81_04
003107e8   _menu_81_05
00310898   _menu_81_06
00310960   _menu_81_07
00310acd   _menu_81_08
00310b60   _menu_81_09
00310bdd   _menu_81_10
00310c53   _menu_81_11
00310c76   _menu_81_12
00310c99   _menu_82_03
00310cfd   _menu_82_04
00310d7a   _menu_82_05
00310df9   _menu_82_06
00310e78   _menu_82_07
00310ef5   _menu_82_08
00310f72   _menu_82_09
00310ff2   _menu_82_10
0031102d   _menu_82_11
00311080   _menu_82_12
003110a3   _menu_82_13
003110c6   _menu_83_03
0031112f   _menu_83_04
00311186   _menu_83_05
003111d9   _menu_83_06
0031126c   _menu_83_07
0031128f   _menu_83_08
003112b2   _menu_84_03
0031131f   _menu_84_05
003113af   _menu_84_06
00311402   _menu_84_07
00311425   _menu_84_08
00311448   _menu_84_09
0031146b   _menu_85_03
003114e9   _menu_85_04
0031153c   _menu_85_05
0031155f   _menu_85_06
00311582   _menu_86_03
003115f6   _menu_86_04
00311649   _menu_86_05
0031166c   _menu_86_06
0031168f   _menu_87_03
00311709   _menu_87_04
0031175c   _menu_87_05
0031177f   _menu_87_06
003117a2   _menu_88_03
00311818   _menu_88_04
003118a8   _menu_88_05
003118d7   _menu_88_06
00311940   _menu_88_07
00311963   _menu_88_08
00311986   _menu_89_03
00311a09   _menu_89_04
00311a62   _menu_89_05
00311acb   _menu_89_06
00311aee   _menu_89_07
00311b11   _menu_90_04
00311b64   _menu_90_05
00311b87   _menu_90_06
00311baa   _menu_91_04
00311c3b   _menu_91_05
00311c6a   _menu_91_06
00311cd3   _menu_91_07
00311cf6   _menu_91_08
00311d19   _menu_92_04
00311db1   _menu_92_05
00311e2b   _menu_92_06
00311e7d   _menu_92_07
00311ee8   _menu_92_08
00311f0b   _menu_92_09
00311f2e   _menu_95_04
00311f95   _menu_95_05
00311fdd   _menu_95_06
0031202a   _menu_95_07
00312097   _menu_95_08
003120ba   _menu_95_09
003120dd   _menu_96_05
00312108   _menu_97_04
00312188   _menu_97_05
0031220b   _menu_97_06
00312242   _menu_97_07
0031229d   _menu_97_08
003122c0   _menu_97_09
003122e3   _menu_98_04
0031234c   _menu_98_05
003123b5   _menu_98_06
00312415   _menu_98_07
00312449   _menu_98_08
00312485   _menu_98_09
003124f2   _menu_98_10
00312515   _menu_98_11
00312538   _menu_99_04
0031258b   _menu_99_05
003125ae   _menu_99_06
003125d1   _menu_100_04
0031263b   _menu_100_05
0031266c   _menu_100_06
003126d5   _menu_100_07
003126f8   _menu_100_08
0031271b   _menu_101_04
00312777   _menu_101_05
003127ce   _menu_101_06
00312805   _menu_101_07
00312871   _menu_101_08
00312894   _menu_101_09
003128b7   _menu_102_05
003128fb   _menu_102_06
00312926   _menu_103_04
0031298d   _menu_103_05
003129d8   _menu_103_06
00312a13   _menu_103_07
00312a7e   _menu_103_08
00312aa1   _menu_103_09
00312ac4   _menu_150_01
00312b2a   _menu_150_02
00312b80   _menu_151_01
00312be1   _menu_151_02
00312c47   _menu_151_03
00312cad   _menu_151_04
00312d14   _menu_151_05
00312db8   _menu_151_06
00312ddf   _menu_151_07
00312e06   _menu_152_01
00312e64   _menu_152_02
00312e96   _menu_152_03
00312f00   _menu_152_04
00312f6a   _menu_152_05
00312f91   _menu_153_01
00313010   _menu_154_02
00313067   _menu_154_03
0031308a   _menu_154_04
003130ad   _menu_156_02
00313141   _menu_156_03
003131d5   _menu_156_04
00313269   _menu_156_05
003132fd   _menu_156_06
00313391   _menu_156_07
00313425   _menu_156_08
003134b9   _menu_156_09
00313550   _menu_156_10
00313581   _menu_156_11
003135b2   _menu_156_12
003135e3   _menu_156_13
00313611   _menu_156_14
00313688   _menu_156_15
003136ab   _menu_156_16
003136ce   _menu_157_02
0031375d   _menu_157_03
003137c6   _menu_157_04
003137e9   _menu_157_05
0031380c   _menu_dummy
0031382b   _menu_popup
00313859   _menu_99_00
00313875   _Event_Item_Display
00313a2e   _Event_Time_Display
00313ab3   _menu_init
00313ad2   _Save_Screen_Info
00313ad9   _Restore_Screen_Info
00313ae0   _main
00313aed   _himix_drive
003142a8   _himix_crc
003142e5   _harmonics
0031480a   _harmonic_sample_backup
0031490e   _harmonic_real_imag_calculation
00314b55   _measure_display
00314c95   _measure2_display
00314da3   _interrupt_control
00314ddb   _booting_setting_check
00315e1f   _aux_do_check
00315e2c   _setting_min_max_check
00315e3f   _pt_setting_min_max_check
00315e53   _COMM_CRC
00315e79   _manager_handling
00316c26   _serial_write
00316cd2   _comm_drive
00316ec1   _setting_save
00316f06   _setting_post_handling
00317879   _setting_load
0031789d   _Setting_CRC
003178d9   _event_info_update
003178ec   _GPT_Default_Settings
00317904   _CPT_Default_Settings
0031795e   _ADDRESS_Default_Settings
00317974   _AUTO_DISPLAY_Default_Settings
00317989   _PASSWORD_Default_Settings
0031799f   _LOCAL_CTRL_Default_Settings
003179b8   _UVR_MODE_Default_Settings
003179d2   _DISPLAY_3PHASE_Default_Settings
003179e8   _MODBUS_Default_Settings
003179ff   _OCR_MODE_Default_Settings
00317a17   _OCR50_1_Default_Settings
00317a47   _OCR50_2_Default_Settings
00317a77   _OCR51_1_Default_Settings
00317aa7   _OCR51_2_Default_Settings
00317ad7   _OCGR50_Default_Settings
00317b07   _OCGR51_Default_Settings
00317b37   _UVR_1_Default_Settings
00317b79   _UVR_2_Default_Settings
00317bbb   _UVR_3_Default_Settings
00317bfd   _P47_Default_Settings
00317c3f   _N47_Default_Settings
00317c81   _OVR_Default_Settings
00317ccb   _OVGR_Default_Settings
00317d06   _DGR_Default_Settings
00317d57   _SGR_Default_Settings
00317d9c   _DI_Default_Settings
00317db8   _DO_Default_Settings
00317dcd   _ClearFLASH
00317e04   _delay
00317e33   _LCD_DATA
00317e46   _LCD_COMMAND
00317e57   _LCD_INIT
00317e7d   _LCD_light_ON
00317e83   _LCD_light_OFF
00317e88   _VFD_gotopo
00317e9d   _VFD_Init
00317ed5   _VFD_gotoxy
00317ee7   _VFD_mem_cpy_test
00317eee   _VFD_dump
00317f33   _VFD_dump2
00317f73   _VFD_Single_Line_dump
00317f9c   _VFD_Word_dump
00317fc6   _VFD_cursor
00317ff3   _VFD_printf
00318002   _VFD_FONT
00318003   _eerom_control
0031806b   _eerom_write
003180fe   _eerom_read
0031818f   _flash_sector_erase
003181ac   _flash_word_write
003181c3   _wave_flash_word_write
003181e7   _wave_vi_initial_pre1
003181f5   _wave_vi_initial_pre2
00318202   _wave_vi_initial_post
0031820c   _wave_di_initial_pre1
0031821a   _wave_di_initial_pre2
00318227   _wave_di_initial_post
00318231   _wave_flash_sector_erase
0031824a   _wave_save_process
00318616   _led_handling
00318684   _do_test_check
0031873e   _DO_Output
00318f81   __printfi
00319084   _Offset_Check
003190ac   _DFT_Check
003190fa   _TRMS_Check
0031911f   _Degree_Check
0031914f   _P_Check
00319196   _ADC_Offset_Calibration
003191e3   _ADC_High_Calibration
003193b7   _ADC_low_Calibration
0031994f   _cpu_setup
0031996d   _pll_setup
003199a4   _Peripheral_Clock_setup
003199c7   _interrupt_setup
00319a1e   _sci_setup
00319a73   _GPIO_setup
00319ace   _Xinterface_setup
00319b24   _InitTimer
00319b52   _i2c_setup
00319b7d   _lcd_setup
00319e7a   LL$$DIV
00319eb6   LL$$MOD
00319ef0   ULL$$DIV
00319f1f   ULL$$MOD
00319f81   _atan2
0031a045   FD$$ADD
0031a0e1   FD$$DIV
0031a16c   FS$$DIV
0031a1f4   FD$$MPY
0031a277   _atan
0031a2e9   _exp
0031a353   _cos
0031a3b4   _pow
0031a40e   _sin
0031a465   __log
0031a4b9   _OCR50_1_RELAY
0031a508   _c_int00
0031a54e   _ldexp
0031a583   _atoi
0031a5b4   _sprintf
0031a5e3   _ltoa
0031a60f   FD$$CMP
0031a639   L$$DIV
0031a648   L$$MOD
0031a656   UL$$DIV
0031a65d   UL$$MOD
0031a664   _sqrt
0031a687   I$$DIV
0031a698   I$$MOD
0031a6a9   FD$$TOI
0031a6ca   ___memcpy_ff
0031a6eb   FD$$TOL
0031a70a   LL$$CMP
0031a71c   ULL$$CMP
0031a728   FS$$TOFD
0031a744   L$$TOFD
0031a760   FD$$TOUL
0031a77b   __args_main
0031a794   C$$EXIT
0031a794   _abort
0031a796   _exit
0031a7ad   _frexp
0031a7c3   UL$$TOFD
0031a7d9   _MemCopy
0031a7ee   LL$$MPY
0031a802   _memccpy
0031a814   FD$$SUB
0031a822   U$$DIV
0031a827   U$$MOD
0031a82d   _strlen
0031a837   __register_unlock
0031a83b   __register_lock
0031a83f   __nop
0031a840   FD$$NEG
0031a849   _strcpy
0031a85a   _memset
0031a861   ___etext__
0031a861   etext
0031e9fc   _menu_tables
0032061c   __ctypes_
0032071d   _CRC_High
0032081d   _CRC_Low
0032091e   _KHS_LCD_Buffer
0032096a   _harmonics_1st_cos
003209b2   _harmonics_1st_sin
003209fa   _harmonics_3rd_cos
00320a42   _harmonics_3rd_sin
00320a8a   _harmonics_5th_cos
00320ad2   _harmonics_5th_sin
00320b1a   _harmonics_7th_cos
00320b62   _harmonics_7th_sin
00320baa   _harmonics_9th_cos
00320bf2   _harmonics_9th_sin
00320c3a   _LCD_Position_Value
00320c62   _OVGR_TL_MIN
00320c63   _OCR50_T_MAX
00320c64   _OCR50_T_MIN
00320c65   _OCGR51_TL_MIN
00320c66   _OVR_TL_MAX
00320c67   _OCGR50_T_MAX
00320c68   _SGR_I_MIN
00320c69   _DGR_A_MAX
00320c6a   _DGR_A_MIN
00320c6b   _DGR_T_MIN
00320c6c   _DGR_T_MAX
00320c6d   _OVR_T_MIN
00320c6e   _OVR_T_MAX
00320c6f   _P47_T_MIN
00320c70   _P47_T_MAX
00320c71   _N47_T_MAX
00320c72   _N47_T_MIN
00320c73   _OCGR51_TL_MAX
00320c74   _OVGR_TL_MAX
00320c75   _OVR_TL_MIN
00320c76   _UVR_T_MAX
00320c77   _UVR_T_MIN
00320c78   _CT_5A_RATED
00320c79   _CT_1A_RATED
00320c7a   _PT_MIN
00320c7b   _CT_MIN
00320c7c   _CT_MAX
00320c7d   _SGR_A_MAX
00320c7e   _DEBOUNCE_MIN
00320c7f   _DEBOUNCE_MAX
00320c80   _OCGR50_T_MIN
00320c81   _SGR_A_MIN
00320c82   _OCR51_TL_MIN
00320c83   _SGR_I_MAX
00320c84   _OCR51_TL_MAX
00320c85   _SGR_T_MAX
00320c86   _SGR_T_MIN
00320c88   _PT_MAX
00320cd0   _cos_50Hz
00320ce8   _cos_60Hz
00320d00   _sin_50Hz
00320d18   _sin_60Hz
00320d48   _wave_buffer_address
00320d5c   _wave_buffer_post_address
00320d9c   _himix_number
00320da6   _DO_ON_BIT
00320daf   _OFF_BIT
00320db8   _ON_BIT
00320dd2   _DO_OFF_BIT
00320eca   _N47_V_MAX
00320ece   _N47_V_MIN
00320ed2   _OVR_V_MAX
00320ed6   _OVR_V_MIN
00320eda   _P47_V_MAX
00320ede   _P47_V_MIN
00320ee2   _UVR_1_V_MAX
00320ee6   _UVR_1_V_MIN
00320eea   _UVR_2_V_MAX
00320eee   _UVR_2_V_MIN
00320ef2   _UVR_3_V_MAX
00320ef6   _UVR_3_V_MIN
00320f60   _DGR_V_MAX
00320f63   _DGR_V_MIN
00320f66   _OVGR_V_MAX
00320f69   _OVGR_V_MIN
00320f6c   _SGR_V_MAX
00320f6f   _SGR_V_MIN
00320f8e   _DGR_I_MAX
00320f90   _DGR_I_MIN
00320f92   _OCGR50_I_MAX
00320f94   _OCGR50_I_MIN
00320f96   _OCGR51_I_MAX
00320f98   _OCGR51_I_MIN
00320f9a   _OCR50_I_MAX
00320f9c   _OCR50_I_MIN
00320f9e   _OCR51_I_MAX
00320fa0   _OCR51_I_MIN
00320fa2   ___cinit__
00320fa2   cinit
0033fff6   code_start
ffffffff   ___binit__
ffffffff   ___c_args__
ffffffff   ___pinit__
ffffffff   binit
ffffffff   pinit

[1162 symbols]
