******************************************************************************
             TMS320C2000 Linker PC v6.1.0                      
******************************************************************************
>> Linked Mon Apr 13 15:28:27 2015

OUTPUT FILE NAME:   <HIMAP4UP_v08_modify.out>
ENTRY POINT SYMBOL: "_c_int00"  address: 00318d75


MEMORY CONFIGURATION

         name            origin    length      used     unused   attr    fill
----------------------  --------  ---------  --------  --------  ----  --------
PAGE 0:
  RAML_CODE             00008000   00004000  000020c3  00001f3d  RWIX
  FLASH_CODE            00308000   00037f80  00015721  0002285f  RWIX
  CSM_RSVD              0033ff80   00000076  00000000  00000076  RWIX
  BEGIN                 0033fff6   00000002  00000002  00000000  RWIX
  CSM_PWL               0033fff8   00000008  00000000  00000008  RWIX
  ADC_CAL               00380080   00000009  00000000  00000009  RWIX
  OTP                   00380400   00000400  00000000  00000400  RWIX
  IQTABLES              003fe000   00000b50  00000000  00000b50  RWIX
  IQTABLES2             003feb50   0000008c  00000000  0000008c  RWIX
  FPUTABLES             003febdc   000006a0  00000000  000006a0  RWIX
  ROM                   003ff27c   00000d44  00000000  00000d44  RWIX
  RESET                 003fffc0   00000002  00000000  00000002  RWIX
  VECTORS               003fffc2   0000003e  00000000  0000003e  RWIX

PAGE 1:
  BOOT_RSVD             00000000   00000050  00000000  00000050  RWIX
  RAMM0                 00000050   000003b0  00000000  000003b0  RWIX
  RAMM1                 00000400   00000400  00000000  00000400  RWIX
  DEV_EMU               00000880   00000180  00000000  00000180  RWIX
  FLASH_REGS            00000a80   00000060  00000000  00000060  RWIX
  CSM                   00000ae0   00000010  00000000  00000010  RWIX
  ADC_MIRROR            00000b00   00000010  00000000  00000010  RWIX
  XINTF                 00000b20   00000020  00000000  00000020  RWIX
  CPU_TIMER0            00000c00   00000008  00000000  00000008  RWIX
  CPU_TIMER1            00000c08   00000008  00000000  00000008  RWIX
  CPU_TIMER2            00000c10   00000008  00000000  00000008  RWIX
  PIE_CTRL              00000ce0   00000020  00000000  00000020  RWIX
  PIE_VECT              00000d00   00000100  00000100  00000000  RWIX
  DMA                   00001000   00000200  00000000  00000200  RWIX
  MCBSPA                00005000   00000040  00000000  00000040  RWIX
  MCBSPB                00005040   00000040  00000000  00000040  RWIX
  ECANA                 00006000   00000040  00000000  00000040  RWIX
  ECANA_LAM             00006040   00000040  00000000  00000040  RWIX
  ECANA_MOTS            00006080   00000040  00000000  00000040  RWIX
  ECANA_MOTO            000060c0   00000040  00000000  00000040  RWIX
  ECANA_MBOX            00006100   00000100  00000000  00000100  RWIX
  ECANB                 00006200   00000040  00000000  00000040  RWIX
  ECANB_LAM             00006240   00000040  00000000  00000040  RWIX
  ECANB_MOTS            00006280   00000040  00000000  00000040  RWIX
  ECANB_MOTO            000062c0   00000040  00000000  00000040  RWIX
  ECANB_MBOX            00006300   00000100  00000000  00000100  RWIX
  EPWM1                 00006800   00000022  00000000  00000022  RWIX
  EPWM2                 00006840   00000022  00000000  00000022  RWIX
  EPWM3                 00006880   00000022  00000000  00000022  RWIX
  EPWM4                 000068c0   00000022  00000000  00000022  RWIX
  EPWM5                 00006900   00000022  00000000  00000022  RWIX
  EPWM6                 00006940   00000022  00000000  00000022  RWIX
  ECAP1                 00006a00   00000020  00000000  00000020  RWIX
  ECAP2                 00006a20   00000020  00000000  00000020  RWIX
  ECAP3                 00006a40   00000020  00000000  00000020  RWIX
  ECAP4                 00006a60   00000020  00000000  00000020  RWIX
  ECAP5                 00006a80   00000020  00000000  00000020  RWIX
  ECAP6                 00006aa0   00000020  00000000  00000020  RWIX
  EQEP1                 00006b00   00000040  00000000  00000040  RWIX
  EQEP2                 00006b40   00000040  00000000  00000040  RWIX
  GPIOCTRL              00006f80   00000040  00000000  00000040  RWIX
  GPIODAT               00006fc0   00000020  00000000  00000020  RWIX
  GPIOINT               00006fe0   00000020  00000000  00000020  RWIX
  SYSTEM                00007010   00000020  00000000  00000020  RWIX
  SPIA                  00007040   00000010  00000000  00000010  RWIX
  SCIA                  00007050   00000010  00000000  00000010  RWIX
  XINTRUPT              00007070   00000010  00000000  00000010  RWIX
  ADC                   00007100   00000020  00000000  00000020  RWIX
  SCIB                  00007750   00000010  00000000  00000010  RWIX
  SCIC                  00007770   00000010  00000000  00000010  RWIX
  I2CA                  00007900   00000040  00000000  00000040  RWIX
  RAML_DATA             0000c000   00004000  000012bc  00002d44  RWIX
  FLASHB                00330000   00008000  00000000  00008000  RWIX
  CSM_PWL               0033fff8   00000008  00000000  00000008  RWIX
  PARTID                00380090   00000001  00000000  00000001  RWIX


SECTION ALLOCATION MAP

 output                                  attributes/
section   page    origin      length       input sections
--------  ----  ----------  ----------   ----------------
.pinit     0    00308000    00000000     UNINITIALIZED

ramfuncs   0    00308000    000020c3     RUN ADDR = 00008000
                  00308000    00000e44     system_isr.obj (ramfuncs:retain)
                  00308e44    00000b1e     relaying.obj (ramfuncs)
                  00309962    000003ee     main.obj (ramfuncs)
                  00309d50    00000180     setting.obj (ramfuncs)
                  00309ed0    00000161     peripheral.obj (ramfuncs)
                  0030a031    00000078     menu.obj (ramfuncs)
                  0030a0a9    00000016     system_setup.obj (ramfuncs)
                  0030a0bf    00000004     DSP2833x_usDelay.obj (ramfuncs)

.text      0    0030a0c4    0000f009     
                  0030a0c4    000095f4     menu.obj (.text)
                  003136b8    000012fb     main.obj (.text)
                  003149b3    00000ff0     booting.obj (.text)
                  003159a3    00000f30     setting.obj (.text)
                  003168d3    00000911     rts2800_fpu32.lib : _printfi.obj (.text)
                  003171e4    000008cb     calibration.obj (.text)
                  00317aaf    0000052b     system_setup.obj (.text)
                  00317fda    0000051c     peripheral.obj (.text)
                  003184f6    000001f1     comms.obj (.text)
                  003186e7    00000107     rts2800_fpu32.lib : ll_div.obj (.text)
                  003187ee    000000c4                       : atan2.obj (.text)
                  003188b2    0000009c                       : fd_add.obj (.text)
                  0031894e    0000008b                       : fd_div.obj (.text)
                  003189d9    00000088                       : fs_div.obj (.text)
                  00318a61    00000083                       : fd_mpy.obj (.text)
                  00318ae4    00000072                       : atan.obj (.text)
                  00318b56    0000006a                       : exp.obj (.text)
                  00318bc0    00000061                       : cos.obj (.text)
                  00318c21    0000005a                       : pow.obj (.text)
                  00318c7b    00000057                       : sin.obj (.text)
                  00318cd2    00000054                       : _log.obj (.text)
                  00318d26    0000004f     relaying.obj (.text)
                  00318d75    00000046     rts2800_fpu32.lib : boot.obj (.text)
                  00318dbb    00000035                       : ldexp.obj (.text)
                  00318df0    00000031                       : atoi.obj (.text)
                  00318e21    0000002f                       : sprintf.obj (.text)
                  00318e50    0000002c                       : ltoa.obj (.text)
                  00318e7c    0000002a                       : fd_cmp.obj (.text)
                  00318ea6    0000002a                       : l_div.obj (.text)
                  00318ed0    00000023                       : sqrt.obj (.text)
                  00318ef3    00000022                       : i_div.obj (.text)
                  00318f15    00000021                       : fd_toi.obj (.text)
                  00318f36    00000021                       : memcpy_ff.obj (.text)
                  00318f57    0000001f                       : fd_tol.obj (.text)
                  00318f76    0000001e                       : ll_cmp.obj (.text)
                  00318f94    0000001c                       : fs_tofd.obj (.text)
                  00318fb0    0000001c                       : l_tofd.obj (.text)
                  00318fcc    0000001b                       : fd_toul.obj (.text)
                  00318fe7    00000019                       : args_main.obj (.text)
                  00319000    00000019                       : exit.obj (.text)
                  00319019    00000016                       : frexp.obj (.text)
                  0031902f    00000016                       : ul_tofd.obj (.text)
                  00319045    00000015     DSP2833x_MemCopy.obj (.text)
                  0031905a    00000014     rts2800_fpu32.lib : ll_mpy.obj (.text)
                  0031906e    00000012                       : memccpy.obj (.text)
                  00319080    0000000e                       : fd_sub.obj (.text)
                  0031908e    0000000b                       : u_div.obj (.text)
                  00319099    0000000a                       : strlen.obj (.text)
                  003190a3    00000009                       : _lock.obj (.text)
                  003190ac    00000009                       : fd_neg.obj (.text)
                  003190b5    00000009                       : strcpy.obj (.text)
                  003190be    00000008     DSP2833x_CodeStartBranch.obj (.text)
                  003190c6    00000007     rts2800_fpu32.lib : memset.obj (.text)

.econst    0    003190ce    0000455e     
                  003190ce    00001fb7     menu.obj (.econst:.string)
                  0031b085    00000001     --HOLE-- [fill = 0]
                  0031b086    00001c20     menu.obj (.econst:_menu_tables)
                  0031cca6    00000101     rts2800_fpu32.lib : ctype.obj (.econst:__ctypes_)
                  0031cda7    00000100     main.obj (.econst:_CRC_High)
                  0031cea7    00000100     main.obj (.econst:_CRC_Low)
                  0031cfa7    00000001     --HOLE-- [fill = 0]
                  0031cfa8    0000004c     peripheral.obj (.econst)
                  0031cff4    00000048     main.obj (.econst:_harmonics_1st_cos)
                  0031d03c    00000048     main.obj (.econst:_harmonics_1st_sin)
                  0031d084    00000048     main.obj (.econst:_harmonics_3rd_cos)
                  0031d0cc    00000048     main.obj (.econst:_harmonics_3rd_sin)
                  0031d114    00000048     main.obj (.econst:_harmonics_5th_cos)
                  0031d15c    00000048     main.obj (.econst:_harmonics_5th_sin)
                  0031d1a4    00000048     main.obj (.econst:_harmonics_7th_cos)
                  0031d1ec    00000048     main.obj (.econst:_harmonics_7th_sin)
                  0031d234    00000048     main.obj (.econst:_harmonics_9th_cos)
                  0031d27c    00000048     main.obj (.econst:_harmonics_9th_sin)
                  0031d2c4    00000028     peripheral.obj (.econst:_LCD_Position_Value)
                  0031d2ec    00000028     main.obj (.econst)
                  0031d314    00000024     rts2800_fpu32.lib : _printfi.obj (.econst:.string)
                  0031d338    00000021     booting.obj (.econst:.string)
                  0031d359    00000001     --HOLE-- [fill = 0]
                  0031d35a    00000018     main.obj (.econst:_cos_50Hz)
                  0031d372    00000018     main.obj (.econst:_cos_60Hz)
                  0031d38a    00000018     main.obj (.econst:_sin_50Hz)
                  0031d3a2    00000018     main.obj (.econst:_sin_60Hz)
                  0031d3ba    00000018     rts2800_fpu32.lib : _printfi.obj (.econst)
                  0031d3d2    00000014     main.obj (.econst:_wave_buffer_address)
                  0031d3e6    00000014     main.obj (.econst:_wave_buffer_post_address)
                  0031d3fa    0000000c     menu.obj (.econst:_$P$T76$78)
                  0031d406    0000000c     menu.obj (.econst:_$P$T94$98)
                  0031d412    0000000a     menu.obj (.econst:_$P$T98$102)
                  0031d41c    0000000a     menu.obj (.econst:_$P$T99$103)
                  0031d426    0000000a     main.obj (.econst:_himix_number)
                  0031d430    00000009     main.obj (.econst:_DO_ON_BIT)
                  0031d439    00000009     main.obj (.econst:_OFF_BIT)
                  0031d442    00000009     main.obj (.econst:_ON_BIT)
                  0031d44b    00000001     --HOLE-- [fill = 0]
                  0031d44c    00000008     rts2800_fpu32.lib : atan.obj (.econst:_a$1)
                  0031d454    00000008                       : atan2.obj (.econst:_a$1)
                  0031d45c    00000007     main.obj (.econst:_DO_OFF_BIT)
                  0031d463    00000001     --HOLE-- [fill = 0]
                  0031d464    00000004     menu.obj (.econst:_$P$T0$1)
                  0031d468    00000004     menu.obj (.econst:_$P$T1$2)
                  0031d46c    00000004     menu.obj (.econst:_$P$T10$11)
                  0031d470    00000004     menu.obj (.econst:_$P$T100$104)
                  0031d474    00000004     menu.obj (.econst:_$P$T101$105)
                  0031d478    00000004     menu.obj (.econst:_$P$T102$106)
                  0031d47c    00000004     menu.obj (.econst:_$P$T103$107)
                  0031d480    00000004     menu.obj (.econst:_$P$T104$108)
                  0031d484    00000004     menu.obj (.econst:_$P$T105$109)
                  0031d488    00000004     menu.obj (.econst:_$P$T106$110)
                  0031d48c    00000004     menu.obj (.econst:_$P$T107$111)
                  0031d490    00000004     menu.obj (.econst:_$P$T108$112)
                  0031d494    00000004     menu.obj (.econst:_$P$T109$113)
                  0031d498    00000004     menu.obj (.econst:_$P$T11$12)
                  0031d49c    00000004     menu.obj (.econst:_$P$T110$114)
                  0031d4a0    00000004     menu.obj (.econst:_$P$T111$115)
                  0031d4a4    00000004     menu.obj (.econst:_$P$T12$13)
                  0031d4a8    00000004     menu.obj (.econst:_$P$T13$14)
                  0031d4ac    00000004     menu.obj (.econst:_$P$T14$15)
                  0031d4b0    00000004     menu.obj (.econst:_$P$T15$16)
                  0031d4b4    00000004     menu.obj (.econst:_$P$T16$17)
                  0031d4b8    00000004     menu.obj (.econst:_$P$T17$18)
                  0031d4bc    00000004     menu.obj (.econst:_$P$T18$19)
                  0031d4c0    00000004     menu.obj (.econst:_$P$T19$20)
                  0031d4c4    00000004     menu.obj (.econst:_$P$T2$3)
                  0031d4c8    00000004     menu.obj (.econst:_$P$T20$21)
                  0031d4cc    00000004     menu.obj (.econst:_$P$T21$22)
                  0031d4d0    00000004     menu.obj (.econst:_$P$T22$23)
                  0031d4d4    00000004     menu.obj (.econst:_$P$T23$24)
                  0031d4d8    00000004     menu.obj (.econst:_$P$T25$27)
                  0031d4dc    00000004     menu.obj (.econst:_$P$T26$28)
                  0031d4e0    00000004     menu.obj (.econst:_$P$T29$31)
                  0031d4e4    00000004     menu.obj (.econst:_$P$T3$4)
                  0031d4e8    00000004     menu.obj (.econst:_$P$T31$33)
                  0031d4ec    00000004     menu.obj (.econst:_$P$T34$36)
                  0031d4f0    00000004     menu.obj (.econst:_$P$T4$5)
                  0031d4f4    00000004     menu.obj (.econst:_$P$T47$49)
                  0031d4f8    00000004     menu.obj (.econst:_$P$T5$6)
                  0031d4fc    00000004     menu.obj (.econst:_$P$T50$52)
                  0031d500    00000004     menu.obj (.econst:_$P$T53$55)
                  0031d504    00000004     menu.obj (.econst:_$P$T57$59)
                  0031d508    00000004     menu.obj (.econst:_$P$T59$61)
                  0031d50c    00000004     menu.obj (.econst:_$P$T6$7)
                  0031d510    00000004     menu.obj (.econst:_$P$T7$8)
                  0031d514    00000004     menu.obj (.econst:_$P$T72$74)
                  0031d518    00000004     menu.obj (.econst:_$P$T73$75)
                  0031d51c    00000004     menu.obj (.econst:_$P$T74$76)
                  0031d520    00000004     menu.obj (.econst:_$P$T75$77)
                  0031d524    00000004     menu.obj (.econst:_$P$T77$79)
                  0031d528    00000004     menu.obj (.econst:_$P$T79$81)
                  0031d52c    00000004     menu.obj (.econst:_$P$T8$9)
                  0031d530    00000004     menu.obj (.econst:_$P$T86$88)
                  0031d534    00000004     menu.obj (.econst:_$P$T87$91)
                  0031d538    00000004     menu.obj (.econst:_$P$T88$92)
                  0031d53c    00000004     menu.obj (.econst:_$P$T89$93)
                  0031d540    00000004     menu.obj (.econst:_$P$T9$10)
                  0031d544    00000004     menu.obj (.econst:_$P$T90$94)
                  0031d548    00000004     menu.obj (.econst:_$P$T91$95)
                  0031d54c    00000004     menu.obj (.econst:_$P$T93$97)
                  0031d550    00000004     menu.obj (.econst:_$P$T95$99)
                  0031d554    00000004     main.obj (.econst:_N47_V_MAX)
                  0031d558    00000004     main.obj (.econst:_N47_V_MIN)
                  0031d55c    00000004     main.obj (.econst:_OVR_V_MAX)
                  0031d560    00000004     main.obj (.econst:_OVR_V_MIN)
                  0031d564    00000004     main.obj (.econst:_P47_V_MAX)
                  0031d568    00000004     main.obj (.econst:_P47_V_MIN)
                  0031d56c    00000004     main.obj (.econst:_UVR_1_V_MAX)
                  0031d570    00000004     main.obj (.econst:_UVR_1_V_MIN)
                  0031d574    00000004     main.obj (.econst:_UVR_2_V_MAX)
                  0031d578    00000004     main.obj (.econst:_UVR_2_V_MIN)
                  0031d57c    00000004     main.obj (.econst:_UVR_3_V_MAX)
                  0031d580    00000004     main.obj (.econst:_UVR_3_V_MIN)
                  0031d584    00000003     menu.obj (.econst:_$P$T24$25)
                  0031d587    00000003     menu.obj (.econst:_$P$T27$29)
                  0031d58a    00000003     menu.obj (.econst:_$P$T28$30)
                  0031d58d    00000003     menu.obj (.econst:_$P$T30$32)
                  0031d590    00000003     menu.obj (.econst:_$P$T32$34)
                  0031d593    00000003     menu.obj (.econst:_$P$T33$35)
                  0031d596    00000003     menu.obj (.econst:_$P$T35$37)
                  0031d599    00000003     menu.obj (.econst:_$P$T36$38)
                  0031d59c    00000003     menu.obj (.econst:_$P$T37$39)
                  0031d59f    00000003     menu.obj (.econst:_$P$T38$40)
                  0031d5a2    00000003     menu.obj (.econst:_$P$T39$41)
                  0031d5a5    00000003     menu.obj (.econst:_$P$T40$42)
                  0031d5a8    00000003     menu.obj (.econst:_$P$T41$43)
                  0031d5ab    00000003     menu.obj (.econst:_$P$T42$44)
                  0031d5ae    00000003     menu.obj (.econst:_$P$T43$45)
                  0031d5b1    00000003     menu.obj (.econst:_$P$T44$46)
                  0031d5b4    00000003     menu.obj (.econst:_$P$T46$48)
                  0031d5b7    00000003     menu.obj (.econst:_$P$T49$51)
                  0031d5ba    00000003     menu.obj (.econst:_$P$T52$54)
                  0031d5bd    00000003     menu.obj (.econst:_$P$T55$57)
                  0031d5c0    00000003     menu.obj (.econst:_$P$T60$62)
                  0031d5c3    00000003     menu.obj (.econst:_$P$T61$63)
                  0031d5c6    00000003     menu.obj (.econst:_$P$T62$64)
                  0031d5c9    00000003     menu.obj (.econst:_$P$T63$65)
                  0031d5cc    00000003     menu.obj (.econst:_$P$T65$67)
                  0031d5cf    00000003     menu.obj (.econst:_$P$T69$71)
                  0031d5d2    00000003     menu.obj (.econst:_$P$T78$80)
                  0031d5d5    00000003     menu.obj (.econst:_$P$T80$82)
                  0031d5d8    00000003     menu.obj (.econst:_$P$T81$83)
                  0031d5db    00000003     menu.obj (.econst:_$P$T82$84)
                  0031d5de    00000003     menu.obj (.econst:_$P$T83$85)
                  0031d5e1    00000003     menu.obj (.econst:_$P$T84$86)
                  0031d5e4    00000003     menu.obj (.econst:_$P$T85$87)
                  0031d5e7    00000003     menu.obj (.econst:_$P$T92$96)
                  0031d5ea    00000003     main.obj (.econst:_DGR_V_MAX)
                  0031d5ed    00000003     main.obj (.econst:_DGR_V_MIN)
                  0031d5f0    00000003     main.obj (.econst:_OVGR_V_MAX)
                  0031d5f3    00000003     main.obj (.econst:_OVGR_V_MIN)
                  0031d5f6    00000003     main.obj (.econst:_SGR_V_MAX)
                  0031d5f9    00000003     main.obj (.econst:_SGR_V_MIN)
                  0031d5fc    00000002     menu.obj (.econst:_$P$T45$47)
                  0031d5fe    00000002     menu.obj (.econst:_$P$T48$50)
                  0031d600    00000002     menu.obj (.econst:_$P$T51$53)
                  0031d602    00000002     menu.obj (.econst:_$P$T54$56)
                  0031d604    00000002     menu.obj (.econst:_$P$T56$58)
                  0031d606    00000002     menu.obj (.econst:_$P$T58$60)
                  0031d608    00000002     menu.obj (.econst:_$P$T64$66)
                  0031d60a    00000002     menu.obj (.econst:_$P$T66$68)
                  0031d60c    00000002     menu.obj (.econst:_$P$T67$69)
                  0031d60e    00000002     menu.obj (.econst:_$P$T68$70)
                  0031d610    00000002     menu.obj (.econst:_$P$T70$72)
                  0031d612    00000002     menu.obj (.econst:_$P$T71$73)
                  0031d614    00000002     menu.obj (.econst:_$P$T96$100)
                  0031d616    00000002     menu.obj (.econst:_$P$T97$101)
                  0031d618    00000002     main.obj (.econst:_DGR_I_MAX)
                  0031d61a    00000002     main.obj (.econst:_DGR_I_MIN)
                  0031d61c    00000002     main.obj (.econst:_OCGR50_I_MAX)
                  0031d61e    00000002     main.obj (.econst:_OCGR50_I_MIN)
                  0031d620    00000002     main.obj (.econst:_OCGR51_I_MAX)
                  0031d622    00000002     main.obj (.econst:_OCGR51_I_MIN)
                  0031d624    00000002     main.obj (.econst:_OCR50_I_MAX)
                  0031d626    00000002     main.obj (.econst:_OCR50_I_MIN)
                  0031d628    00000002     main.obj (.econst:_OCR51_I_MAX)
                  0031d62a    00000002     main.obj (.econst:_OCR51_I_MIN)

.cinit     0    0031d62c    000000f7     
                  0031d62c    000000b4     peripheral.obj (.cinit)
                  0031d6e0    00000029     menu.obj (.cinit)
                  0031d709    0000000a     rts2800_fpu32.lib : _lock.obj (.cinit)
                  0031d713    0000000a                       : exit.obj (.cinit)
                  0031d71d    00000004                       : errno.obj (.cinit)
                  0031d721    00000002     --HOLE-- [fill = 0]

codestart 
*          0    0033fff6    00000002     
                  0033fff6    00000002     DSP2833x_CodeStartBranch.obj (codestart)

.reset     0    003fffc0    00000002     DSECT
                  003fffc0    00000002     rts2800_fpu32.lib : boot.obj (.reset)

vectors    0    003fffc2    00000000     DSECT

PieVectTableFile 
*          1    00000d00    00000100     UNINITIALIZED
                  00000d00    00000100     DSP2833x_GlobalVariableDefs.obj (PieVectTableFile)

.ebss      1    0000c000    00000ebc     UNINITIALIZED
                  0000c000    00000d94     main.obj (.ebss)
                  0000cd94    00000022     menu.obj (.ebss)
                  0000cdb6    00000004     rts2800_fpu32.lib : _lock.obj (.ebss)
                  0000cdba    00000004                       : exit.obj (.ebss)
                  0000cdbe    00000001                       : errno.obj (.ebss)
                  0000cdbf    00000001     --HOLE--
                  0000cdc0    000000fc     peripheral.obj (.ebss)

.stack     1    0000cebc    00000400     UNINITIALIZED
                  0000cebc    00000400     --HOLE--


GLOBAL SYMBOLS: SORTED ALPHABETICALLY BY Name 

address    name
--------   ----
0030a0c4   .text
00319000   C$$EXIT
003188b2   FD$$ADD
00318e7c   FD$$CMP
0031894e   FD$$DIV
00318a61   FD$$MPY
003190ac   FD$$NEG
00319080   FD$$SUB
00318f15   FD$$TOI
00318f57   FD$$TOL
00318fcc   FD$$TOUL
003189d9   FS$$DIV
00318f94   FS$$TOFD
00318ef3   I$$DIV
00318f04   I$$MOD
00318ea6   L$$DIV
00318eb5   L$$MOD
00318fb0   L$$TOFD
00318f76   LL$$CMP
003186e7   LL$$DIV
00318723   LL$$MOD
0031905a   LL$$MPY
0031908e   U$$DIV
00319093   U$$MOD
00318ec3   UL$$DIV
00318eca   UL$$MOD
0031902f   UL$$TOFD
00318f88   ULL$$CMP
0031875d   ULL$$DIV
0031878c   ULL$$MOD
0000c04c   _ACCUMULATION
00317343   _ADC_High_Calibration
003172f6   _ADC_Offset_Calibration
00317517   _ADC_low_Calibration
0000c00c   _ADDRESS
0031642d   _ADDRESS_Default_Settings
0000c00a   _AUTO_DISPLAY
00316443   _AUTO_DISPLAY_Default_Settings
0000cdda   _AckScr
0000cd99   _Button_Press
0000c700   _CALIBRATION
0000c02a   _COMM
0000c013   _CORE
0000c092   _CPT
003163d3   _CPT_Default_Settings
0031cda7   _CRC_High
0031cea7   _CRC_Low
0031d300   _CT_1A_RATED
0031d2ff   _CT_5A_RATED
0031d302   _CT_MAX
0031d30e   _CT_MIN
0031689c   _ClearFLASH
0000cda0   _Cursor_Position
0031d305   _DEBOUNCE_MAX
0031d307   _DEBOUNCE_MIN
0000c440   _DFT
0031720c   _DFT_Check
0000c400   _DGR
0031d2f2   _DGR_A_MAX
0031d2f1   _DGR_A_MIN
003167d5   _DGR_Default_Settings
0031d618   _DGR_I_MAX
0031d61a   _DGR_I_MIN
0031d2f4   _DGR_T_MAX
0031d2f3   _DGR_T_MIN
0031d5ea   _DGR_V_MAX
0031d5ed   _DGR_V_MIN
0000c080   _DIGITAL_INPUT
0000c010   _DIGITAL_OUTPUT
0000c600   _DISPLAY
0000c006   _DISPLAY_3PHASE
003164a1   _DISPLAY_3PHASE_Default_Settings
0031686b   _DI_Default_Settings
00316887   _DO_Default_Settings
0031d45c   _DO_OFF_BIT
0031d430   _DO_ON_BIT
003184c1   _DO_Output
0000c01a   _DSGR_ANGLE
0000a0bf   _DSP28x_usDelay
0000cd98   _Data_Change
0000cd9a   _Data_Change_Count
0031727f   _Degree_Check
0000c300   _EVENT
0000c016   _FLASH
0000cdd6   _FauScr
00317bd3   _GPIO_setup
0000c026   _GPT
003163bb   _GPT_Default_Settings
0000c008   _GR_ANGLE
0000c500   _HARMONICS
0000c480   _HIMIX
0000a0a9   _InitFlash
00317c84   _InitTimer
000098e6   _Inverse_Op_Timeset
0000cd95   _KHS_Key_Press
0031cfa8   _KHS_LCD_Buffer
0000c580   _LCD
0031801c   _LCD_COMMAND
00318009   _LCD_DATA
0031802d   _LCD_INIT
0000cdc6   _LCD_LIGHT
0031d2c4   _LCD_Position_Value
0000cdc2   _LCD_RS
00318059   _LCD_light_OFF
00318053   _LCD_light_ON
0000c000   _LOCAL_CONTROL
0000c046   _LOCAL_CTRL
0031646e   _LOCAL_CTRL_Default_Settings
0000cdc0   _Lcd_Bl_Count
0000cb80   _MANAGER
0000c800   _MEASUREMENT
0000c002   _MIN_MAX
0000c01e   _MODBUS
003164b7   _MODBUS_Default_Settings
00319045   _MemCopy
0000c140   _N47
0031670e   _N47_Default_Settings
0031d304   _N47_T_MAX
0031d301   _N47_T_MIN
0031d554   _N47_V_MAX
0031d558   _N47_V_MIN
0000cdca   _NorScr
0000c1da   _OCGR50
003165a6   _OCGR50_Default_Settings
0031d61c   _OCGR50_I_MAX
0031d61e   _OCGR50_I_MIN
0031d2f9   _OCGR50_T_MAX
0031d2f6   _OCGR50_T_MIN
0000c340   _OCGR51
003165d6   _OCGR51_Default_Settings
0031d620   _OCGR51_I_MAX
0031d622   _OCGR51_I_MIN
0031d2f7   _OCGR51_TL_MAX
0031d2fa   _OCGR51_TL_MIN
0000c200   _OCR50_1
003164e6   _OCR50_1_Default_Settings
00318d26   _OCR50_1_RELAY
0000c19a   _OCR50_2
00316516   _OCR50_2_Default_Settings
0031d624   _OCR50_I_MAX
0031d626   _OCR50_I_MIN
0031d30c   _OCR50_T_MAX
0031d2f5   _OCR50_T_MIN
0000c380   _OCR51_1
00316546   _OCR51_1_Default_Settings
0000c2c0   _OCR51_2
00316576   _OCR51_2_Default_Settings
0031d628   _OCR51_I_MAX
0031d62a   _OCR51_I_MIN
0031d2fc   _OCR51_TL_MAX
0031d306   _OCR51_TL_MIN
003164ce   _OCR_MODE_Default_Settings
0000c033   _OCR_MODE_SET
0031d439   _OFF_BIT
0031d442   _ON_BIT
0000c240   _OVGR
0031679a   _OVGR_Default_Settings
0031d2ef   _OVGR_TL_MAX
0031d2ee   _OVGR_TL_MIN
0031d5f0   _OVGR_V_MAX
0031d5f3   _OVGR_V_MIN
0000c280   _OVR
00316750   _OVR_Default_Settings
0031d2fe   _OVR_TL_MAX
0031d2f8   _OVR_TL_MIN
0031d2fb   _OVR_T_MAX
0031d2f0   _OVR_T_MIN
0031d55c   _OVR_V_MAX
0031d560   _OVR_V_MIN
003171e4   _Offset_Check
0000c180   _P47
003166cc   _P47_Default_Settings
0031d30a   _P47_T_MAX
0031d2ed   _P47_T_MIN
0031d564   _P47_V_MAX
0031d568   _P47_V_MIN
0000c00e   _PASSWORD
00316458   _PASSWORD_Default_Settings
0000c022   _PROTECT
0031d312   _PT_MAX
0031d303   _PT_MIN
003172af   _P_Check
00317b04   _Peripheral_Clock_setup
00000d00   _PieVectTable
0000c070   _RELAY_STATUS
0030a0c3   _RamfuncsLoadEnd
00308000   _RamfuncsLoadStart
00008000   _RamfuncsRunStart
0000cdd2   _ReserveP
003136b1   _Restore_Screen_Info
0000c940   _SAMPLE
00008daf   _SCIRXB_ISR
00008df2   _SCITXINTB_ISR
00008e17   _SCITXINTC_ISR
0000c3c0   _SGR
0031d30d   _SGR_A_MAX
0031d310   _SGR_A_MIN
00316826   _SGR_Default_Settings
0031d308   _SGR_I_MAX
0031d309   _SGR_I_MIN
0031d30f   _SGR_T_MAX
0031d30b   _SGR_T_MIN
0031d5f6   _SGR_V_MAX
0031d5f9   _SGR_V_MIN
0000c21e   _SUPERVISION
0000c1c0   _SYSTEM
0000c02e   _SYSTEM_SET
0000cd9c   _Save_Current_Screen
003136aa   _Save_Screen_Info
0000cda4   _Screen_Position
0000cd94   _Set_Password
0031637f   _Setting_CRC
0000c0d8   _TIME
0000c058   _TIMER
0000c040   _TIMER0
0000c004   _TIMER1
00008c49   _TINT1_ISR
0031725a   _TRMS_Check
0000c11a   _UVR_1
00316606   _UVR_1_Default_Settings
0031d56c   _UVR_1_V_MAX
0031d570   _UVR_1_V_MIN
0000c100   _UVR_2
00316648   _UVR_2_Default_Settings
0031d574   _UVR_2_V_MAX
0031d578   _UVR_2_V_MIN
0000c15a   _UVR_3
0031668a   _UVR_3_Default_Settings
0031d57c   _UVR_3_V_MAX
0031d580   _UVR_3_V_MIN
0000c038   _UVR_MODE
00316487   _UVR_MODE_Default_Settings
0031d2ec   _UVR_T_MAX
0031d2fd   _UVR_T_MIN
0000ce00   _VFDABuffer
0000ce40   _VFDFBuffer
0000ce80   _VFDNBuffer
003181d8   _VFD_FONT
00318073   _VFD_Init
00318149   _VFD_Single_Line_dump
00318172   _VFD_Word_dump
0000cdc8   _VFD_cnt
0031819c   _VFD_cursor
003180c4   _VFD_dump
00318109   _VFD_dump2
0031805e   _VFD_gotopo
003180ab   _VFD_gotoxy
003180bd   _VFD_mem_cpy_test
003181c9   _VFD_printf
0000c064   _WAVE
00008000   _XINT3_ISR
00317c2e   _Xinterface_setup
0000d2bc   __STACK_END
00000400   __STACK_SIZE
00000001   __TI_args_main
ffffffff   ___binit__
ffffffff   ___c_args__
0031d62c   ___cinit__
003190cd   ___etext__
00318f36   ___memcpy_ff
ffffffff   ___pinit__
0030a0c4   ___text__
00318fe7   __args_main
0000cdba   __cleanup_ptr
0031cca6   __ctypes_
0000cdbc   __dtors_ptr
0000cdb8   __lock
00318cd2   __log
003190ab   __nop
003170e1   __printfi
003190a7   __register_lock
003190a3   __register_unlock
0000cebc   __stack
0000cdb6   __unlock
00319000   _abort
00318ae4   _atan
003187ee   _atan2
00318df0   _atoi
0031596f   _aux_do_check
003149b3   _booting_setting_check
00318d75   _c_int00
003184f6   _comm_drive
00318bc0   _cos
0031d35a   _cos_50Hz
0031d372   _cos_60Hz
0000c0c0   _cos_table
00317aaf   _cpu_setup
0030a0c4   _cursor_move
0030a0d3   _cursor_move_last
00317fda   _delay
00009ed0   _delay_us
00008eb5   _do_release
00318407   _do_test_check
0000cdc4   _dumpP
003181d9   _eerom_control
003182d4   _eerom_read
00318241   _eerom_write
0000cdbe   _errno
00009d50   _event_direct_save
00319002   _exit
00318b56   _exp
00318365   _flash_sector_erase
00318382   _flash_word_write
00009a84   _float_to_8bit_fram
00319019   _frexp
003144e6   _harmonic_real_imag_calculation
003143e2   _harmonic_sample_backup
00313ebd   _harmonics
0031cff4   _harmonics_1st_cos
0031d03c   _harmonics_1st_sin
0031d084   _harmonics_3rd_cos
0031d0cc   _harmonics_3rd_sin
0031d114   _harmonics_5th_cos
0031d15c   _harmonics_5th_sin
0031d1a4   _harmonics_7th_cos
0031d1ec   _harmonics_7th_sin
0031d234   _harmonics_9th_cos
0031d27c   _harmonics_9th_sin
00313e80   _himix_crc
003136c5   _himix_drive
0031d426   _himix_number
00009eff   _i2c_read
00317cb2   _i2c_setup
00009f3f   _i2c_write
0031497b   _interrupt_control
00317b27   _interrupt_setup
00009f7e   _key_drive
0000a014   _lcd_character_write
00009ff7   _lcd_control_write
00317cdd   _lcd_setup
00318dbb   _ldexp
00318399   _led_handling
00318e50   _ltoa
003136b8   _main
0031486d   _measure2_display
0031472d   _measure_display
0031906e   _memccpy
003190c6   _memset
0030a109   _menu_00_00
0030a187   _menu_00_01
0030a1d4   _menu_00_02
0030a244   _menu_00_03
0030a299   _menu_00_04
0030a2ee   _menu_00_05
0030a343   _menu_00_06
0030a398   _menu_01_01
0030a3e6   _menu_01_03
0030a433   _menu_01_04
0030a4b4   _menu_01_05
0030a4f1   _menu_01_06
0030a53e   _menu_01_07
0030a5a7   _menu_01_08
0030a61e   _menu_01_09
0030a687   _menu_01_10
0030a6fe   _menu_01_11
0030a767   _menu_01_12
0030a7de   _menu_02_01
0030a816   _menu_02_03
0030a867   _menu_02_04
0030a8dc   _menu_02_05
0030a92b   _menu_02_06
0030a97a   _menu_03_03
0030a9e3   _menu_04_02
003123e7   _menu_100_04
00312451   _menu_100_05
00312482   _menu_100_06
003124eb   _menu_100_07
0031250e   _menu_100_08
00312531   _menu_101_04
0031258d   _menu_101_05
003125e4   _menu_101_06
0031261b   _menu_101_07
00312687   _menu_101_08
003126aa   _menu_101_09
003126cd   _menu_102_05
00312711   _menu_102_06
0031273c   _menu_103_04
003127a3   _menu_103_05
003127ee   _menu_103_06
00312829   _menu_103_07
00312894   _menu_103_08
003128b7   _menu_103_09
003128da   _menu_150_01
00312940   _menu_150_02
00312996   _menu_151_01
003129f7   _menu_151_02
00312a5d   _menu_151_03
00312ac3   _menu_151_04
00312b2a   _menu_151_05
00312bce   _menu_151_06
00312bf5   _menu_151_07
00312c1c   _menu_152_01
00312c7a   _menu_152_02
00312cac   _menu_152_03
00312d16   _menu_152_04
00312d80   _menu_152_05
00312da7   _menu_153_01
00312e26   _menu_154_02
00312e7d   _menu_154_03
00312ea0   _menu_154_04
00312ec3   _menu_156_02
00312f57   _menu_156_03
00312feb   _menu_156_04
0031307f   _menu_156_05
00313113   _menu_156_06
003131a7   _menu_156_07
0031323b   _menu_156_08
003132cf   _menu_156_09
00313366   _menu_156_10
00313397   _menu_156_11
003133c8   _menu_156_12
003133f9   _menu_156_13
00313427   _menu_156_14
0031349e   _menu_156_15
003134c1   _menu_156_16
003134e4   _menu_157_02
00313573   _menu_157_03
003135dc   _menu_157_04
003135ff   _menu_157_05
0030aa23   _menu_41_02
0030aa6e   _menu_41_03
0030ab06   _menu_41_04
0030ab72   _menu_41_05
0030ac21   _menu_41_06
0030acb4   _menu_41_07
0030acdd   _menu_41_08
0030ad17   _menu_41_09
0030ad78   _menu_41_10
0030ade5   _menu_41_11
0030ae08   _menu_41_12
0030ae2b   _menu_42_01
0030aec6   _menu_42_02
0030aee5   _menu_42_03
0030af81   _menu_42_05
0030b031   _menu_42_06
0030b0d9   _menu_42_07
0030b16c   _menu_42_08
0030b195   _menu_42_09
0030b1ef   _menu_42_10
0030b250   _menu_42_11
0030b2bf   _menu_42_12
0030b2e2   _menu_42_13
0030b305   _menu_43_03
0030b4a3   _menu_43_04
0030b50f   _menu_43_05
0030b5be   _menu_43_06
0030b651   _menu_43_07
0030b67a   _menu_43_08
0030b6b4   _menu_43_09
0030b715   _menu_43_10
0030b782   _menu_43_11
0030b7a5   _menu_43_12
0030b7c8   _menu_44_03
0030b912   _menu_44_05
0030b9c2   _menu_44_06
0030ba6a   _menu_44_07
0030bafd   _menu_44_08
0030bb26   _menu_44_09
0030bb80   _menu_44_10
0030bbe1   _menu_44_11
0030bc50   _menu_44_12
0030bc73   _menu_44_13
0030bc96   _menu_45_03
0030bd1f   _menu_45_04
0030bd9a   _menu_45_05
0030be4a   _menu_45_06
0030bef2   _menu_45_07
0030bf85   _menu_45_08
0030bfbf   _menu_45_09
0030c019   _menu_45_10
0030c07a   _menu_45_11
0030c0e9   _menu_45_12
0030c10c   _menu_45_13
0030c12f   _menu_46_04
0030c1aa   _menu_46_05
0030c25a   _menu_46_06
0030c302   _menu_46_07
0030c395   _menu_46_08
0030c3cf   _menu_46_09
0030c429   _menu_46_10
0030c48a   _menu_46_11
0030c4f9   _menu_46_12
0030c51c   _menu_46_13
0030c53f   _menu_47_04
0030c5ab   _menu_47_05
0030c65a   _menu_47_06
0030c6ed   _menu_47_07
0030c716   _menu_47_08
0030c750   _menu_47_09
0030c7b1   _menu_47_10
0030c81e   _menu_47_11
0030c841   _menu_47_12
0030c864   _menu_48_05
0030c913   _menu_48_06
0030c9bb   _menu_48_07
0030ca4e   _menu_48_08
0030ca77   _menu_48_09
0030cad1   _menu_48_10
0030cb32   _menu_48_11
0030cba1   _menu_48_12
0030cbc4   _menu_48_13
0030cbe7   _menu_49_04
0030cc62   _menu_49_05
0030cd12   _menu_49_06
0030cdba   _menu_49_07
0030ce4d   _menu_49_08
0030ce87   _menu_49_09
0030cee1   _menu_49_10
0030cf42   _menu_49_11
0030cfb1   _menu_49_12
0030cfd4   _menu_49_13
0030cff7   _menu_50_04
0030d10f   _menu_50_05
0030d1a9   _menu_50_06
0030d23c   _menu_50_07
0030d271   _menu_50_08
0030d2a6   _menu_50_09
0030d307   _menu_50_10
0030d374   _menu_50_11
0030d397   _menu_50_12
0030d3ba   _menu_51_04
0030d52e   _menu_51_05
0030d5c8   _menu_51_06
0030d65b   _menu_51_07
0030d690   _menu_51_08
0030d6c5   _menu_51_09
0030d726   _menu_51_10
0030d793   _menu_51_11
0030d7b6   _menu_51_12
0030d7d9   _menu_52_04
0030d94d   _menu_52_05
0030d9e7   _menu_52_06
0030da7a   _menu_52_07
0030daaf   _menu_52_08
0030dae4   _menu_52_09
0030db45   _menu_52_10
0030dbb2   _menu_52_11
0030dbd5   _menu_52_12
0030dbf8   _menu_53_04
0030dd6c   _menu_53_05
0030de06   _menu_53_06
0030de99   _menu_53_07
0030dece   _menu_53_08
0030df03   _menu_53_09
0030df64   _menu_53_10
0030dfd1   _menu_53_11
0030dff4   _menu_53_12
0030e017   _menu_54_04
0030e12f   _menu_54_05
0030e1c9   _menu_54_06
0030e25c   _menu_54_07
0030e291   _menu_54_08
0030e2c6   _menu_54_09
0030e327   _menu_54_10
0030e394   _menu_54_11
0030e3b7   _menu_54_12
0030e3da   _menu_55_04
0030e4a7   _menu_55_05
0030e5be   _menu_55_06
0030e658   _menu_55_07
0030e6eb   _menu_55_08
0030e714   _menu_55_09
0030e755   _menu_55_10
0030e7b6   _menu_55_11
0030e825   _menu_55_12
0030e848   _menu_55_13
0030e86b   _menu_56_05
0030e982   _menu_56_06
0030ea2a   _menu_56_07
0030eabd   _menu_56_08
0030eae6   _menu_56_09
0030eb27   _menu_56_10
0030eb88   _menu_56_11
0030ebf7   _menu_56_12
0030ec1a   _menu_56_13
0030ec3d   _menu_57_04
0030ecef   _menu_57_05
0030edd4   _menu_57_06
0030ee67   _menu_57_07
0030ee90   _menu_57_08
0030eec5   _menu_57_09
0030ef26   _menu_57_10
0030ef93   _menu_57_11
0030efb6   _menu_57_12
0030efd9   _menu_58_05
0030f0d1   _menu_58_06
0030f179   _menu_58_07
0030f20c   _menu_58_08
0030f235   _menu_58_09
0030f276   _menu_58_10
0030f2d7   _menu_58_11
0030f346   _menu_58_12
0030f369   _menu_58_13
0030f38c   _menu_59_04
0030f478   _menu_59_05
0030f571   _menu_59_06
0030f60b   _menu_59_07
0030f699   _menu_59_08
0030f72c   _menu_59_09
0030f770   _menu_59_10
0030f7b1   _menu_59_11
0030f7e0   _menu_59_12
0030f841   _menu_59_13
0030f8b2   _menu_59_14
0030f8d5   _menu_59_15
0030f8f8   _menu_60_04
0030f9dd   _menu_60_05
0030fad6   _menu_60_06
0030fb70   _menu_60_07
0030fbfe   _menu_60_08
0030fc91   _menu_60_09
0030fcc6   _menu_60_10
0030fd07   _menu_60_11
0030fd36   _menu_60_12
0030fd97   _menu_60_13
0030fe08   _menu_60_14
0030fe2b   _menu_60_15
0030fe4e   _menu_80_03
0030ff0b   _menu_80_04
0030ffbc   _menu_80_05
0031004b   _menu_80_06
003100da   _menu_80_07
00310169   _menu_80_08
003101f8   _menu_80_09
00310287   _menu_80_10
003102d6   _menu_80_11
0031047c   _menu_80_12
0031049f   _menu_80_13
003104c2   _menu_81_03
00310543   _menu_81_04
003105fe   _menu_81_05
003106ae   _menu_81_06
00310776   _menu_81_07
003108e3   _menu_81_08
00310976   _menu_81_09
003109f3   _menu_81_10
00310a69   _menu_81_11
00310a8c   _menu_81_12
00310aaf   _menu_82_03
00310b13   _menu_82_04
00310b90   _menu_82_05
00310c0f   _menu_82_06
00310c8e   _menu_82_07
00310d0b   _menu_82_08
00310d88   _menu_82_09
00310e08   _menu_82_10
00310e43   _menu_82_11
00310e96   _menu_82_12
00310eb9   _menu_82_13
00310edc   _menu_83_03
00310f45   _menu_83_04
00310f9c   _menu_83_05
00310fef   _menu_83_06
00311082   _menu_83_07
003110a5   _menu_83_08
003110c8   _menu_84_03
00311135   _menu_84_05
003111c5   _menu_84_06
00311218   _menu_84_07
0031123b   _menu_84_08
0031125e   _menu_84_09
00311281   _menu_85_03
003112ff   _menu_85_04
00311352   _menu_85_05
00311375   _menu_85_06
00311398   _menu_86_03
0031140c   _menu_86_04
0031145f   _menu_86_05
00311482   _menu_86_06
003114a5   _menu_87_03
0031151f   _menu_87_04
00311572   _menu_87_05
00311595   _menu_87_06
003115b8   _menu_88_03
0031162e   _menu_88_04
003116be   _menu_88_05
003116ed   _menu_88_06
00311756   _menu_88_07
00311779   _menu_88_08
0031179c   _menu_89_03
0031181f   _menu_89_04
00311878   _menu_89_05
003118e1   _menu_89_06
00311904   _menu_89_07
00311927   _menu_90_04
0031197a   _menu_90_05
0031199d   _menu_90_06
003119c0   _menu_91_04
00311a51   _menu_91_05
00311a80   _menu_91_06
00311ae9   _menu_91_07
00311b0c   _menu_91_08
00311b2f   _menu_92_04
00311bc7   _menu_92_05
00311c41   _menu_92_06
00311c93   _menu_92_07
00311cfe   _menu_92_08
00311d21   _menu_92_09
00311d44   _menu_95_04
00311dab   _menu_95_05
00311df3   _menu_95_06
00311e40   _menu_95_07
00311ead   _menu_95_08
00311ed0   _menu_95_09
00311ef3   _menu_96_05
00311f1e   _menu_97_04
00311f9e   _menu_97_05
00312021   _menu_97_06
00312058   _menu_97_07
003120b3   _menu_97_08
003120d6   _menu_97_09
003120f9   _menu_98_04
00312162   _menu_98_05
003121cb   _menu_98_06
0031222b   _menu_98_07
0031225f   _menu_98_08
0031229b   _menu_98_09
00312308   _menu_98_10
0031232b   _menu_98_11
0031366f   _menu_99_00
0031234e   _menu_99_04
003123a1   _menu_99_05
003123c4   _menu_99_06
0000a031   _menu_drive
00313622   _menu_dummy
0031368b   _menu_init
00313641   _menu_popup
0031b086   _menu_tables
00008f25   _over_phase_value_check
00317acd   _pll_setup
00318c21   _pow
00009b15   _power_update
0000902f   _protective_relay
0031598f   _pt_setting_min_max_check
00009962   _real_main
00008e49   _relay_detect_to_pickup
00008f13   _relay_dropout_to_normal
00008e44   _relay_normal_to_detect
00008eab   _relay_opeartion_to_dropout
00008e5c   _relay_pickup_to_operation
00009de0   _rtc_handling
00317b7e   _sci_setup
0000cdce   _scrP
0030a0da   _screen_frame
0030a0ea   _screen_frame2
0030a0f9   _screen_frame3
0031635b   _setting_load
0031597c   _setting_min_max_check
003159e8   _setting_post_handling
003159a3   _setting_save
00318c7b   _sin
0031d38a   _sin_50Hz
0031d3a2   _sin_60Hz
0000c0a8   _sin_table
00318e21   _sprintf
00318ed0   _sqrt
003190b5   _strcpy
00319099   _strlen
00009ace   _supervision_relay
00008fad   _under_phase_value_check
0031d3d2   _wave_buffer_address
0031d3e6   _wave_buffer_post_address
ffffffff   binit
0031d62c   cinit
0033fff6   code_start
003190cd   etext
ffffffff   pinit


GLOBAL SYMBOLS: SORTED BY Symbol Address 

address    name
--------   ----
00000001   __TI_args_main
00000400   __STACK_SIZE
00000d00   _PieVectTable
00008000   _RamfuncsRunStart
00008000   _XINT3_ISR
00008c49   _TINT1_ISR
00008daf   _SCIRXB_ISR
00008df2   _SCITXINTB_ISR
00008e17   _SCITXINTC_ISR
00008e44   _relay_normal_to_detect
00008e49   _relay_detect_to_pickup
00008e5c   _relay_pickup_to_operation
00008eab   _relay_opeartion_to_dropout
00008eb5   _do_release
00008f13   _relay_dropout_to_normal
00008f25   _over_phase_value_check
00008fad   _under_phase_value_check
0000902f   _protective_relay
000098e6   _Inverse_Op_Timeset
00009962   _real_main
00009a84   _float_to_8bit_fram
00009ace   _supervision_relay
00009b15   _power_update
00009d50   _event_direct_save
00009de0   _rtc_handling
00009ed0   _delay_us
00009eff   _i2c_read
00009f3f   _i2c_write
00009f7e   _key_drive
00009ff7   _lcd_control_write
0000a014   _lcd_character_write
0000a031   _menu_drive
0000a0a9   _InitFlash
0000a0bf   _DSP28x_usDelay
0000c000   _LOCAL_CONTROL
0000c002   _MIN_MAX
0000c004   _TIMER1
0000c006   _DISPLAY_3PHASE
0000c008   _GR_ANGLE
0000c00a   _AUTO_DISPLAY
0000c00c   _ADDRESS
0000c00e   _PASSWORD
0000c010   _DIGITAL_OUTPUT
0000c013   _CORE
0000c016   _FLASH
0000c01a   _DSGR_ANGLE
0000c01e   _MODBUS
0000c022   _PROTECT
0000c026   _GPT
0000c02a   _COMM
0000c02e   _SYSTEM_SET
0000c033   _OCR_MODE_SET
0000c038   _UVR_MODE
0000c040   _TIMER0
0000c046   _LOCAL_CTRL
0000c04c   _ACCUMULATION
0000c058   _TIMER
0000c064   _WAVE
0000c070   _RELAY_STATUS
0000c080   _DIGITAL_INPUT
0000c092   _CPT
0000c0a8   _sin_table
0000c0c0   _cos_table
0000c0d8   _TIME
0000c100   _UVR_2
0000c11a   _UVR_1
0000c140   _N47
0000c15a   _UVR_3
0000c180   _P47
0000c19a   _OCR50_2
0000c1c0   _SYSTEM
0000c1da   _OCGR50
0000c200   _OCR50_1
0000c21e   _SUPERVISION
0000c240   _OVGR
0000c280   _OVR
0000c2c0   _OCR51_2
0000c300   _EVENT
0000c340   _OCGR51
0000c380   _OCR51_1
0000c3c0   _SGR
0000c400   _DGR
0000c440   _DFT
0000c480   _HIMIX
0000c500   _HARMONICS
0000c580   _LCD
0000c600   _DISPLAY
0000c700   _CALIBRATION
0000c800   _MEASUREMENT
0000c940   _SAMPLE
0000cb80   _MANAGER
0000cd94   _Set_Password
0000cd95   _KHS_Key_Press
0000cd98   _Data_Change
0000cd99   _Button_Press
0000cd9a   _Data_Change_Count
0000cd9c   _Save_Current_Screen
0000cda0   _Cursor_Position
0000cda4   _Screen_Position
0000cdb6   __unlock
0000cdb8   __lock
0000cdba   __cleanup_ptr
0000cdbc   __dtors_ptr
0000cdbe   _errno
0000cdc0   _Lcd_Bl_Count
0000cdc2   _LCD_RS
0000cdc4   _dumpP
0000cdc6   _LCD_LIGHT
0000cdc8   _VFD_cnt
0000cdca   _NorScr
0000cdce   _scrP
0000cdd2   _ReserveP
0000cdd6   _FauScr
0000cdda   _AckScr
0000ce00   _VFDABuffer
0000ce40   _VFDFBuffer
0000ce80   _VFDNBuffer
0000cebc   __stack
0000d2bc   __STACK_END
00308000   _RamfuncsLoadStart
0030a0c3   _RamfuncsLoadEnd
0030a0c4   .text
0030a0c4   ___text__
0030a0c4   _cursor_move
0030a0d3   _cursor_move_last
0030a0da   _screen_frame
0030a0ea   _screen_frame2
0030a0f9   _screen_frame3
0030a109   _menu_00_00
0030a187   _menu_00_01
0030a1d4   _menu_00_02
0030a244   _menu_00_03
0030a299   _menu_00_04
0030a2ee   _menu_00_05
0030a343   _menu_00_06
0030a398   _menu_01_01
0030a3e6   _menu_01_03
0030a433   _menu_01_04
0030a4b4   _menu_01_05
0030a4f1   _menu_01_06
0030a53e   _menu_01_07
0030a5a7   _menu_01_08
0030a61e   _menu_01_09
0030a687   _menu_01_10
0030a6fe   _menu_01_11
0030a767   _menu_01_12
0030a7de   _menu_02_01
0030a816   _menu_02_03
0030a867   _menu_02_04
0030a8dc   _menu_02_05
0030a92b   _menu_02_06
0030a97a   _menu_03_03
0030a9e3   _menu_04_02
0030aa23   _menu_41_02
0030aa6e   _menu_41_03
0030ab06   _menu_41_04
0030ab72   _menu_41_05
0030ac21   _menu_41_06
0030acb4   _menu_41_07
0030acdd   _menu_41_08
0030ad17   _menu_41_09
0030ad78   _menu_41_10
0030ade5   _menu_41_11
0030ae08   _menu_41_12
0030ae2b   _menu_42_01
0030aec6   _menu_42_02
0030aee5   _menu_42_03
0030af81   _menu_42_05
0030b031   _menu_42_06
0030b0d9   _menu_42_07
0030b16c   _menu_42_08
0030b195   _menu_42_09
0030b1ef   _menu_42_10
0030b250   _menu_42_11
0030b2bf   _menu_42_12
0030b2e2   _menu_42_13
0030b305   _menu_43_03
0030b4a3   _menu_43_04
0030b50f   _menu_43_05
0030b5be   _menu_43_06
0030b651   _menu_43_07
0030b67a   _menu_43_08
0030b6b4   _menu_43_09
0030b715   _menu_43_10
0030b782   _menu_43_11
0030b7a5   _menu_43_12
0030b7c8   _menu_44_03
0030b912   _menu_44_05
0030b9c2   _menu_44_06
0030ba6a   _menu_44_07
0030bafd   _menu_44_08
0030bb26   _menu_44_09
0030bb80   _menu_44_10
0030bbe1   _menu_44_11
0030bc50   _menu_44_12
0030bc73   _menu_44_13
0030bc96   _menu_45_03
0030bd1f   _menu_45_04
0030bd9a   _menu_45_05
0030be4a   _menu_45_06
0030bef2   _menu_45_07
0030bf85   _menu_45_08
0030bfbf   _menu_45_09
0030c019   _menu_45_10
0030c07a   _menu_45_11
0030c0e9   _menu_45_12
0030c10c   _menu_45_13
0030c12f   _menu_46_04
0030c1aa   _menu_46_05
0030c25a   _menu_46_06
0030c302   _menu_46_07
0030c395   _menu_46_08
0030c3cf   _menu_46_09
0030c429   _menu_46_10
0030c48a   _menu_46_11
0030c4f9   _menu_46_12
0030c51c   _menu_46_13
0030c53f   _menu_47_04
0030c5ab   _menu_47_05
0030c65a   _menu_47_06
0030c6ed   _menu_47_07
0030c716   _menu_47_08
0030c750   _menu_47_09
0030c7b1   _menu_47_10
0030c81e   _menu_47_11
0030c841   _menu_47_12
0030c864   _menu_48_05
0030c913   _menu_48_06
0030c9bb   _menu_48_07
0030ca4e   _menu_48_08
0030ca77   _menu_48_09
0030cad1   _menu_48_10
0030cb32   _menu_48_11
0030cba1   _menu_48_12
0030cbc4   _menu_48_13
0030cbe7   _menu_49_04
0030cc62   _menu_49_05
0030cd12   _menu_49_06
0030cdba   _menu_49_07
0030ce4d   _menu_49_08
0030ce87   _menu_49_09
0030cee1   _menu_49_10
0030cf42   _menu_49_11
0030cfb1   _menu_49_12
0030cfd4   _menu_49_13
0030cff7   _menu_50_04
0030d10f   _menu_50_05
0030d1a9   _menu_50_06
0030d23c   _menu_50_07
0030d271   _menu_50_08
0030d2a6   _menu_50_09
0030d307   _menu_50_10
0030d374   _menu_50_11
0030d397   _menu_50_12
0030d3ba   _menu_51_04
0030d52e   _menu_51_05
0030d5c8   _menu_51_06
0030d65b   _menu_51_07
0030d690   _menu_51_08
0030d6c5   _menu_51_09
0030d726   _menu_51_10
0030d793   _menu_51_11
0030d7b6   _menu_51_12
0030d7d9   _menu_52_04
0030d94d   _menu_52_05
0030d9e7   _menu_52_06
0030da7a   _menu_52_07
0030daaf   _menu_52_08
0030dae4   _menu_52_09
0030db45   _menu_52_10
0030dbb2   _menu_52_11
0030dbd5   _menu_52_12
0030dbf8   _menu_53_04
0030dd6c   _menu_53_05
0030de06   _menu_53_06
0030de99   _menu_53_07
0030dece   _menu_53_08
0030df03   _menu_53_09
0030df64   _menu_53_10
0030dfd1   _menu_53_11
0030dff4   _menu_53_12
0030e017   _menu_54_04
0030e12f   _menu_54_05
0030e1c9   _menu_54_06
0030e25c   _menu_54_07
0030e291   _menu_54_08
0030e2c6   _menu_54_09
0030e327   _menu_54_10
0030e394   _menu_54_11
0030e3b7   _menu_54_12
0030e3da   _menu_55_04
0030e4a7   _menu_55_05
0030e5be   _menu_55_06
0030e658   _menu_55_07
0030e6eb   _menu_55_08
0030e714   _menu_55_09
0030e755   _menu_55_10
0030e7b6   _menu_55_11
0030e825   _menu_55_12
0030e848   _menu_55_13
0030e86b   _menu_56_05
0030e982   _menu_56_06
0030ea2a   _menu_56_07
0030eabd   _menu_56_08
0030eae6   _menu_56_09
0030eb27   _menu_56_10
0030eb88   _menu_56_11
0030ebf7   _menu_56_12
0030ec1a   _menu_56_13
0030ec3d   _menu_57_04
0030ecef   _menu_57_05
0030edd4   _menu_57_06
0030ee67   _menu_57_07
0030ee90   _menu_57_08
0030eec5   _menu_57_09
0030ef26   _menu_57_10
0030ef93   _menu_57_11
0030efb6   _menu_57_12
0030efd9   _menu_58_05
0030f0d1   _menu_58_06
0030f179   _menu_58_07
0030f20c   _menu_58_08
0030f235   _menu_58_09
0030f276   _menu_58_10
0030f2d7   _menu_58_11
0030f346   _menu_58_12
0030f369   _menu_58_13
0030f38c   _menu_59_04
0030f478   _menu_59_05
0030f571   _menu_59_06
0030f60b   _menu_59_07
0030f699   _menu_59_08
0030f72c   _menu_59_09
0030f770   _menu_59_10
0030f7b1   _menu_59_11
0030f7e0   _menu_59_12
0030f841   _menu_59_13
0030f8b2   _menu_59_14
0030f8d5   _menu_59_15
0030f8f8   _menu_60_04
0030f9dd   _menu_60_05
0030fad6   _menu_60_06
0030fb70   _menu_60_07
0030fbfe   _menu_60_08
0030fc91   _menu_60_09
0030fcc6   _menu_60_10
0030fd07   _menu_60_11
0030fd36   _menu_60_12
0030fd97   _menu_60_13
0030fe08   _menu_60_14
0030fe2b   _menu_60_15
0030fe4e   _menu_80_03
0030ff0b   _menu_80_04
0030ffbc   _menu_80_05
0031004b   _menu_80_06
003100da   _menu_80_07
00310169   _menu_80_08
003101f8   _menu_80_09
00310287   _menu_80_10
003102d6   _menu_80_11
0031047c   _menu_80_12
0031049f   _menu_80_13
003104c2   _menu_81_03
00310543   _menu_81_04
003105fe   _menu_81_05
003106ae   _menu_81_06
00310776   _menu_81_07
003108e3   _menu_81_08
00310976   _menu_81_09
003109f3   _menu_81_10
00310a69   _menu_81_11
00310a8c   _menu_81_12
00310aaf   _menu_82_03
00310b13   _menu_82_04
00310b90   _menu_82_05
00310c0f   _menu_82_06
00310c8e   _menu_82_07
00310d0b   _menu_82_08
00310d88   _menu_82_09
00310e08   _menu_82_10
00310e43   _menu_82_11
00310e96   _menu_82_12
00310eb9   _menu_82_13
00310edc   _menu_83_03
00310f45   _menu_83_04
00310f9c   _menu_83_05
00310fef   _menu_83_06
00311082   _menu_83_07
003110a5   _menu_83_08
003110c8   _menu_84_03
00311135   _menu_84_05
003111c5   _menu_84_06
00311218   _menu_84_07
0031123b   _menu_84_08
0031125e   _menu_84_09
00311281   _menu_85_03
003112ff   _menu_85_04
00311352   _menu_85_05
00311375   _menu_85_06
00311398   _menu_86_03
0031140c   _menu_86_04
0031145f   _menu_86_05
00311482   _menu_86_06
003114a5   _menu_87_03
0031151f   _menu_87_04
00311572   _menu_87_05
00311595   _menu_87_06
003115b8   _menu_88_03
0031162e   _menu_88_04
003116be   _menu_88_05
003116ed   _menu_88_06
00311756   _menu_88_07
00311779   _menu_88_08
0031179c   _menu_89_03
0031181f   _menu_89_04
00311878   _menu_89_05
003118e1   _menu_89_06
00311904   _menu_89_07
00311927   _menu_90_04
0031197a   _menu_90_05
0031199d   _menu_90_06
003119c0   _menu_91_04
00311a51   _menu_91_05
00311a80   _menu_91_06
00311ae9   _menu_91_07
00311b0c   _menu_91_08
00311b2f   _menu_92_04
00311bc7   _menu_92_05
00311c41   _menu_92_06
00311c93   _menu_92_07
00311cfe   _menu_92_08
00311d21   _menu_92_09
00311d44   _menu_95_04
00311dab   _menu_95_05
00311df3   _menu_95_06
00311e40   _menu_95_07
00311ead   _menu_95_08
00311ed0   _menu_95_09
00311ef3   _menu_96_05
00311f1e   _menu_97_04
00311f9e   _menu_97_05
00312021   _menu_97_06
00312058   _menu_97_07
003120b3   _menu_97_08
003120d6   _menu_97_09
003120f9   _menu_98_04
00312162   _menu_98_05
003121cb   _menu_98_06
0031222b   _menu_98_07
0031225f   _menu_98_08
0031229b   _menu_98_09
00312308   _menu_98_10
0031232b   _menu_98_11
0031234e   _menu_99_04
003123a1   _menu_99_05
003123c4   _menu_99_06
003123e7   _menu_100_04
00312451   _menu_100_05
00312482   _menu_100_06
003124eb   _menu_100_07
0031250e   _menu_100_08
00312531   _menu_101_04
0031258d   _menu_101_05
003125e4   _menu_101_06
0031261b   _menu_101_07
00312687   _menu_101_08
003126aa   _menu_101_09
003126cd   _menu_102_05
00312711   _menu_102_06
0031273c   _menu_103_04
003127a3   _menu_103_05
003127ee   _menu_103_06
00312829   _menu_103_07
00312894   _menu_103_08
003128b7   _menu_103_09
003128da   _menu_150_01
00312940   _menu_150_02
00312996   _menu_151_01
003129f7   _menu_151_02
00312a5d   _menu_151_03
00312ac3   _menu_151_04
00312b2a   _menu_151_05
00312bce   _menu_151_06
00312bf5   _menu_151_07
00312c1c   _menu_152_01
00312c7a   _menu_152_02
00312cac   _menu_152_03
00312d16   _menu_152_04
00312d80   _menu_152_05
00312da7   _menu_153_01
00312e26   _menu_154_02
00312e7d   _menu_154_03
00312ea0   _menu_154_04
00312ec3   _menu_156_02
00312f57   _menu_156_03
00312feb   _menu_156_04
0031307f   _menu_156_05
00313113   _menu_156_06
003131a7   _menu_156_07
0031323b   _menu_156_08
003132cf   _menu_156_09
00313366   _menu_156_10
00313397   _menu_156_11
003133c8   _menu_156_12
003133f9   _menu_156_13
00313427   _menu_156_14
0031349e   _menu_156_15
003134c1   _menu_156_16
003134e4   _menu_157_02
00313573   _menu_157_03
003135dc   _menu_157_04
003135ff   _menu_157_05
00313622   _menu_dummy
00313641   _menu_popup
0031366f   _menu_99_00
0031368b   _menu_init
003136aa   _Save_Screen_Info
003136b1   _Restore_Screen_Info
003136b8   _main
003136c5   _himix_drive
00313e80   _himix_crc
00313ebd   _harmonics
003143e2   _harmonic_sample_backup
003144e6   _harmonic_real_imag_calculation
0031472d   _measure_display
0031486d   _measure2_display
0031497b   _interrupt_control
003149b3   _booting_setting_check
0031596f   _aux_do_check
0031597c   _setting_min_max_check
0031598f   _pt_setting_min_max_check
003159a3   _setting_save
003159e8   _setting_post_handling
0031635b   _setting_load
0031637f   _Setting_CRC
003163bb   _GPT_Default_Settings
003163d3   _CPT_Default_Settings
0031642d   _ADDRESS_Default_Settings
00316443   _AUTO_DISPLAY_Default_Settings
00316458   _PASSWORD_Default_Settings
0031646e   _LOCAL_CTRL_Default_Settings
00316487   _UVR_MODE_Default_Settings
003164a1   _DISPLAY_3PHASE_Default_Settings
003164b7   _MODBUS_Default_Settings
003164ce   _OCR_MODE_Default_Settings
003164e6   _OCR50_1_Default_Settings
00316516   _OCR50_2_Default_Settings
00316546   _OCR51_1_Default_Settings
00316576   _OCR51_2_Default_Settings
003165a6   _OCGR50_Default_Settings
003165d6   _OCGR51_Default_Settings
00316606   _UVR_1_Default_Settings
00316648   _UVR_2_Default_Settings
0031668a   _UVR_3_Default_Settings
003166cc   _P47_Default_Settings
0031670e   _N47_Default_Settings
00316750   _OVR_Default_Settings
0031679a   _OVGR_Default_Settings
003167d5   _DGR_Default_Settings
00316826   _SGR_Default_Settings
0031686b   _DI_Default_Settings
00316887   _DO_Default_Settings
0031689c   _ClearFLASH
003170e1   __printfi
003171e4   _Offset_Check
0031720c   _DFT_Check
0031725a   _TRMS_Check
0031727f   _Degree_Check
003172af   _P_Check
003172f6   _ADC_Offset_Calibration
00317343   _ADC_High_Calibration
00317517   _ADC_low_Calibration
00317aaf   _cpu_setup
00317acd   _pll_setup
00317b04   _Peripheral_Clock_setup
00317b27   _interrupt_setup
00317b7e   _sci_setup
00317bd3   _GPIO_setup
00317c2e   _Xinterface_setup
00317c84   _InitTimer
00317cb2   _i2c_setup
00317cdd   _lcd_setup
00317fda   _delay
00318009   _LCD_DATA
0031801c   _LCD_COMMAND
0031802d   _LCD_INIT
00318053   _LCD_light_ON
00318059   _LCD_light_OFF
0031805e   _VFD_gotopo
00318073   _VFD_Init
003180ab   _VFD_gotoxy
003180bd   _VFD_mem_cpy_test
003180c4   _VFD_dump
00318109   _VFD_dump2
00318149   _VFD_Single_Line_dump
00318172   _VFD_Word_dump
0031819c   _VFD_cursor
003181c9   _VFD_printf
003181d8   _VFD_FONT
003181d9   _eerom_control
00318241   _eerom_write
003182d4   _eerom_read
00318365   _flash_sector_erase
00318382   _flash_word_write
00318399   _led_handling
00318407   _do_test_check
003184c1   _DO_Output
003184f6   _comm_drive
003186e7   LL$$DIV
00318723   LL$$MOD
0031875d   ULL$$DIV
0031878c   ULL$$MOD
003187ee   _atan2
003188b2   FD$$ADD
0031894e   FD$$DIV
003189d9   FS$$DIV
00318a61   FD$$MPY
00318ae4   _atan
00318b56   _exp
00318bc0   _cos
00318c21   _pow
00318c7b   _sin
00318cd2   __log
00318d26   _OCR50_1_RELAY
00318d75   _c_int00
00318dbb   _ldexp
00318df0   _atoi
00318e21   _sprintf
00318e50   _ltoa
00318e7c   FD$$CMP
00318ea6   L$$DIV
00318eb5   L$$MOD
00318ec3   UL$$DIV
00318eca   UL$$MOD
00318ed0   _sqrt
00318ef3   I$$DIV
00318f04   I$$MOD
00318f15   FD$$TOI
00318f36   ___memcpy_ff
00318f57   FD$$TOL
00318f76   LL$$CMP
00318f88   ULL$$CMP
00318f94   FS$$TOFD
00318fb0   L$$TOFD
00318fcc   FD$$TOUL
00318fe7   __args_main
00319000   C$$EXIT
00319000   _abort
00319002   _exit
00319019   _frexp
0031902f   UL$$TOFD
00319045   _MemCopy
0031905a   LL$$MPY
0031906e   _memccpy
00319080   FD$$SUB
0031908e   U$$DIV
00319093   U$$MOD
00319099   _strlen
003190a3   __register_unlock
003190a7   __register_lock
003190ab   __nop
003190ac   FD$$NEG
003190b5   _strcpy
003190c6   _memset
003190cd   ___etext__
003190cd   etext
0031b086   _menu_tables
0031cca6   __ctypes_
0031cda7   _CRC_High
0031cea7   _CRC_Low
0031cfa8   _KHS_LCD_Buffer
0031cff4   _harmonics_1st_cos
0031d03c   _harmonics_1st_sin
0031d084   _harmonics_3rd_cos
0031d0cc   _harmonics_3rd_sin
0031d114   _harmonics_5th_cos
0031d15c   _harmonics_5th_sin
0031d1a4   _harmonics_7th_cos
0031d1ec   _harmonics_7th_sin
0031d234   _harmonics_9th_cos
0031d27c   _harmonics_9th_sin
0031d2c4   _LCD_Position_Value
0031d2ec   _UVR_T_MAX
0031d2ed   _P47_T_MIN
0031d2ee   _OVGR_TL_MIN
0031d2ef   _OVGR_TL_MAX
0031d2f0   _OVR_T_MIN
0031d2f1   _DGR_A_MIN
0031d2f2   _DGR_A_MAX
0031d2f3   _DGR_T_MIN
0031d2f4   _DGR_T_MAX
0031d2f5   _OCR50_T_MIN
0031d2f6   _OCGR50_T_MIN
0031d2f7   _OCGR51_TL_MAX
0031d2f8   _OVR_TL_MIN
0031d2f9   _OCGR50_T_MAX
0031d2fa   _OCGR51_TL_MIN
0031d2fb   _OVR_T_MAX
0031d2fc   _OCR51_TL_MAX
0031d2fd   _UVR_T_MIN
0031d2fe   _OVR_TL_MAX
0031d2ff   _CT_5A_RATED
0031d300   _CT_1A_RATED
0031d301   _N47_T_MIN
0031d302   _CT_MAX
0031d303   _PT_MIN
0031d304   _N47_T_MAX
0031d305   _DEBOUNCE_MAX
0031d306   _OCR51_TL_MIN
0031d307   _DEBOUNCE_MIN
0031d308   _SGR_I_MAX
0031d309   _SGR_I_MIN
0031d30a   _P47_T_MAX
0031d30b   _SGR_T_MIN
0031d30c   _OCR50_T_MAX
0031d30d   _SGR_A_MAX
0031d30e   _CT_MIN
0031d30f   _SGR_T_MAX
0031d310   _SGR_A_MIN
0031d312   _PT_MAX
0031d35a   _cos_50Hz
0031d372   _cos_60Hz
0031d38a   _sin_50Hz
0031d3a2   _sin_60Hz
0031d3d2   _wave_buffer_address
0031d3e6   _wave_buffer_post_address
0031d426   _himix_number
0031d430   _DO_ON_BIT
0031d439   _OFF_BIT
0031d442   _ON_BIT
0031d45c   _DO_OFF_BIT
0031d554   _N47_V_MAX
0031d558   _N47_V_MIN
0031d55c   _OVR_V_MAX
0031d560   _OVR_V_MIN
0031d564   _P47_V_MAX
0031d568   _P47_V_MIN
0031d56c   _UVR_1_V_MAX
0031d570   _UVR_1_V_MIN
0031d574   _UVR_2_V_MAX
0031d578   _UVR_2_V_MIN
0031d57c   _UVR_3_V_MAX
0031d580   _UVR_3_V_MIN
0031d5ea   _DGR_V_MAX
0031d5ed   _DGR_V_MIN
0031d5f0   _OVGR_V_MAX
0031d5f3   _OVGR_V_MIN
0031d5f6   _SGR_V_MAX
0031d5f9   _SGR_V_MIN
0031d618   _DGR_I_MAX
0031d61a   _DGR_I_MIN
0031d61c   _OCGR50_I_MAX
0031d61e   _OCGR50_I_MIN
0031d620   _OCGR51_I_MAX
0031d622   _OCGR51_I_MIN
0031d624   _OCR50_I_MAX
0031d626   _OCR50_I_MIN
0031d628   _OCR51_I_MAX
0031d62a   _OCR51_I_MIN
0031d62c   ___cinit__
0031d62c   cinit
0033fff6   code_start
ffffffff   ___binit__
ffffffff   ___c_args__
ffffffff   ___pinit__
ffffffff   binit
ffffffff   pinit

[767 symbols]
