******************************************************************************
             TMS320C2000 Linker PC v6.1.0                      
******************************************************************************
>> Linked Mon May 04 14:54:09 2015

OUTPUT FILE NAME:   <HIMAP4UP_v13.out>
ENTRY POINT SYMBOL: "_c_int00"  address: 0031b7b0


MEMORY CONFIGURATION

         name            origin    length      used     unused   attr    fill
----------------------  --------  ---------  --------  --------  ----  --------
PAGE 0:
  RAML_CODE             00008000   00004000  00002143  00001ebd  RWIX
  FLASH_CODE            00308000   00037f80  0001b198  0001cde8  RWIX
  CSM_RSVD              0033ff80   00000076  00000000  00000076  RWIX
  BEGIN                 0033fff6   00000002  00000002  00000000  RWIX
  CSM_PWL               0033fff8   00000008  00000000  00000008  RWIX
  ADC_CAL               00380080   00000009  00000000  00000009  RWIX
  OTP                   00380400   00000400  00000000  00000400  RWIX
  IQTABLES              003fe000   00000b50  00000000  00000b50  RWIX
  IQTABLES2             003feb50   0000008c  00000000  0000008c  RWIX
  FPUTABLES             003febdc   000006a0  00000000  000006a0  RWIX
  ROM                   003ff27c   00000d44  00000000  00000d44  RWIX
  RESET                 003fffc0   00000002  00000000  00000002  RWIX
  VECTORS               003fffc2   0000003e  00000000  0000003e  RWIX

PAGE 1:
  BOOT_RSVD             00000000   00000050  00000000  00000050  RWIX
  RAMM0                 00000050   000003b0  00000000  000003b0  RWIX
  RAMM1                 00000400   00000400  00000000  00000400  RWIX
  DEV_EMU               00000880   00000180  00000000  00000180  RWIX
  FLASH_REGS            00000a80   00000060  00000000  00000060  RWIX
  CSM                   00000ae0   00000010  00000000  00000010  RWIX
  ADC_MIRROR            00000b00   00000010  00000000  00000010  RWIX
  XINTF                 00000b20   00000020  00000000  00000020  RWIX
  CPU_TIMER0            00000c00   00000008  00000000  00000008  RWIX
  CPU_TIMER1            00000c08   00000008  00000000  00000008  RWIX
  CPU_TIMER2            00000c10   00000008  00000000  00000008  RWIX
  PIE_CTRL              00000ce0   00000020  00000000  00000020  RWIX
  PIE_VECT              00000d00   00000100  00000100  00000000  RWIX
  DMA                   00001000   00000200  00000000  00000200  RWIX
  MCBSPA                00005000   00000040  00000000  00000040  RWIX
  MCBSPB                00005040   00000040  00000000  00000040  RWIX
  ECANA                 00006000   00000040  00000000  00000040  RWIX
  ECANA_LAM             00006040   00000040  00000000  00000040  RWIX
  ECANA_MOTS            00006080   00000040  00000000  00000040  RWIX
  ECANA_MOTO            000060c0   00000040  00000000  00000040  RWIX
  ECANA_MBOX            00006100   00000100  00000000  00000100  RWIX
  ECANB                 00006200   00000040  00000000  00000040  RWIX
  ECANB_LAM             00006240   00000040  00000000  00000040  RWIX
  ECANB_MOTS            00006280   00000040  00000000  00000040  RWIX
  ECANB_MOTO            000062c0   00000040  00000000  00000040  RWIX
  ECANB_MBOX            00006300   00000100  00000000  00000100  RWIX
  EPWM1                 00006800   00000022  00000000  00000022  RWIX
  EPWM2                 00006840   00000022  00000000  00000022  RWIX
  EPWM3                 00006880   00000022  00000000  00000022  RWIX
  EPWM4                 000068c0   00000022  00000000  00000022  RWIX
  EPWM5                 00006900   00000022  00000000  00000022  RWIX
  EPWM6                 00006940   00000022  00000000  00000022  RWIX
  ECAP1                 00006a00   00000020  00000000  00000020  RWIX
  ECAP2                 00006a20   00000020  00000000  00000020  RWIX
  ECAP3                 00006a40   00000020  00000000  00000020  RWIX
  ECAP4                 00006a60   00000020  00000000  00000020  RWIX
  ECAP5                 00006a80   00000020  00000000  00000020  RWIX
  ECAP6                 00006aa0   00000020  00000000  00000020  RWIX
  EQEP1                 00006b00   00000040  00000000  00000040  RWIX
  EQEP2                 00006b40   00000040  00000000  00000040  RWIX
  GPIOCTRL              00006f80   00000040  00000000  00000040  RWIX
  GPIODAT               00006fc0   00000020  00000000  00000020  RWIX
  GPIOINT               00006fe0   00000020  00000000  00000020  RWIX
  SYSTEM                00007010   00000020  00000000  00000020  RWIX
  SPIA                  00007040   00000010  00000000  00000010  RWIX
  SCIA                  00007050   00000010  00000000  00000010  RWIX
  XINTRUPT              00007070   00000010  00000000  00000010  RWIX
  ADC                   00007100   00000020  00000000  00000020  RWIX
  SCIB                  00007750   00000010  00000000  00000010  RWIX
  SCIC                  00007770   00000010  00000000  00000010  RWIX
  I2CA                  00007900   00000040  00000000  00000040  RWIX
  RAML_DATA             0000c000   00004000  00001a3c  000025c4  RWIX
  FLASHB                00330000   00008000  00000000  00008000  RWIX
  CSM_PWL               0033fff8   00000008  00000000  00000008  RWIX
  PARTID                00380090   00000001  00000000  00000001  RWIX


SECTION ALLOCATION MAP

 output                                  attributes/
section   page    origin      length       input sections
--------  ----  ----------  ----------   ----------------
.pinit     0    00308000    00000000     UNINITIALIZED

ramfuncs   0    00308000    00002143     RUN ADDR = 00008000
                  00308000    00000dcb     system_isr.obj (ramfuncs:retain)
                  00308dcb    00000ac6     relaying.obj (ramfuncs)
                  00309891    00000444     main.obj (ramfuncs)
                  00309cd5    00000182     setting.obj (ramfuncs)
                  00309e57    00000157     peripheral.obj (ramfuncs)
                  00309fae    000000f3     comms.obj (ramfuncs)
                  0030a0a1    00000088     menu.obj (ramfuncs)
                  0030a129    00000016     system_setup.obj (ramfuncs)
                  0030a13f    00000004     DSP2833x_usDelay.obj (ramfuncs)

.text      0    0030a144    000119c5     
                  0030a144    0000afb3     menu.obj (.text)
                  003150f7    00001393     main.obj (.text)
                  0031648a    0000118a     comms.obj (.text)
                  00317614    00000fc2     booting.obj (.text)
                  003185d6    00000f20     setting.obj (.text)
                  003194f6    00000911     rts2800_fpu32.lib : _printfi.obj (.text)
                  00319e07    000008b5     peripheral.obj (.text)
                  0031a6bc    00000527     system_setup.obj (.text)
                  0031abe3    0000050a     calibration.obj (.text)
                  0031b0ed    00000107     rts2800_fpu32.lib : ll_div.obj (.text)
                  0031b1f4    000000c4                       : atan2.obj (.text)
                  0031b2b8    0000009c                       : fd_add.obj (.text)
                  0031b354    0000008b                       : fd_div.obj (.text)
                  0031b3df    00000088                       : fs_div.obj (.text)
                  0031b467    00000084     relaying.obj (.text)
                  0031b4eb    00000083     rts2800_fpu32.lib : fd_mpy.obj (.text)
                  0031b56e    00000072                       : atan.obj (.text)
                  0031b5e0    0000006a                       : exp.obj (.text)
                  0031b64a    00000061                       : cos.obj (.text)
                  0031b6ab    0000005a                       : pow.obj (.text)
                  0031b705    00000057                       : sin.obj (.text)
                  0031b75c    00000054                       : _log.obj (.text)
                  0031b7b0    00000046                       : boot.obj (.text)
                  0031b7f6    00000035                       : ldexp.obj (.text)
                  0031b82b    00000031                       : atoi.obj (.text)
                  0031b85c    0000002f                       : sprintf.obj (.text)
                  0031b88b    0000002c                       : ltoa.obj (.text)
                  0031b8b7    0000002a                       : fd_cmp.obj (.text)
                  0031b8e1    0000002a                       : l_div.obj (.text)
                  0031b90b    00000001     --HOLE-- [fill = 0]
                  0031b90c    00000023                       : sqrt.obj (.text)
                  0031b92f    00000022                       : i_div.obj (.text)
                  0031b951    00000021                       : fd_toi.obj (.text)
                  0031b972    00000021                       : memcpy_ff.obj (.text)
                  0031b993    0000001f                       : fd_tol.obj (.text)
                  0031b9b2    0000001e                       : ll_cmp.obj (.text)
                  0031b9d0    0000001c                       : fs_tofd.obj (.text)
                  0031b9ec    0000001c                       : l_tofd.obj (.text)
                  0031ba08    0000001b                       : fd_toul.obj (.text)
                  0031ba23    00000019                       : args_main.obj (.text)
                  0031ba3c    00000019                       : exit.obj (.text)
                  0031ba55    00000016                       : frexp.obj (.text)
                  0031ba6b    00000016                       : ul_tofd.obj (.text)
                  0031ba81    00000015     DSP2833x_MemCopy.obj (.text)
                  0031ba96    00000014     rts2800_fpu32.lib : ll_mpy.obj (.text)
                  0031baaa    00000012                       : memccpy.obj (.text)
                  0031babc    0000000e                       : fd_sub.obj (.text)
                  0031baca    0000000b                       : u_div.obj (.text)
                  0031bad5    0000000a                       : strlen.obj (.text)
                  0031badf    00000009                       : _lock.obj (.text)
                  0031bae8    00000009                       : fd_neg.obj (.text)
                  0031baf1    00000009                       : strcpy.obj (.text)
                  0031bafa    00000008     DSP2833x_CodeStartBranch.obj (.text)
                  0031bb02    00000007     rts2800_fpu32.lib : memset.obj (.text)

.econst    0    0031bb0a    00006a78     
                  0031bb0a    0000442b     menu.obj (.econst:.string)
                  0031ff35    00000001     --HOLE-- [fill = 0]
                  0031ff36    00001c20     menu.obj (.econst:_menu_tables)
                  00321b56    00000101     rts2800_fpu32.lib : ctype.obj (.econst:__ctypes_)
                  00321c57    00000100     main.obj (.econst:_CRC_High)
                  00321d57    00000100     main.obj (.econst:_CRC_Low)
                  00321e57    00000001     --HOLE-- [fill = 0]
                  00321e58    0000004c     peripheral.obj (.econst)
                  00321ea4    00000048     main.obj (.econst:_harmonics_1st_cos)
                  00321eec    00000048     main.obj (.econst:_harmonics_1st_sin)
                  00321f34    00000048     main.obj (.econst:_harmonics_3rd_cos)
                  00321f7c    00000048     main.obj (.econst:_harmonics_3rd_sin)
                  00321fc4    00000048     main.obj (.econst:_harmonics_5th_cos)
                  0032200c    00000048     main.obj (.econst:_harmonics_5th_sin)
                  00322054    00000048     main.obj (.econst:_harmonics_7th_cos)
                  0032209c    00000048     main.obj (.econst:_harmonics_7th_sin)
                  003220e4    00000048     main.obj (.econst:_harmonics_9th_cos)
                  0032212c    00000048     main.obj (.econst:_harmonics_9th_sin)
                  00322174    00000038     main.obj (.econst)
                  003221ac    00000028     peripheral.obj (.econst:_LCD_Position_Value)
                  003221d4    00000024     rts2800_fpu32.lib : _printfi.obj (.econst:.string)
                  003221f8    00000021     booting.obj (.econst:.string)
                  00322219    00000001     --HOLE-- [fill = 0]
                  0032221a    00000018     main.obj (.econst:_cos_50Hz)
                  00322232    00000018     main.obj (.econst:_cos_60Hz)
                  0032224a    00000018     main.obj (.econst:_sin_50Hz)
                  00322262    00000018     main.obj (.econst:_sin_60Hz)
                  0032227a    00000018     rts2800_fpu32.lib : _printfi.obj (.econst)
                  00322292    00000014     main.obj (.econst:_wave_buffer_address)
                  003222a6    00000014     main.obj (.econst:_wave_buffer_post_address)
                  003222ba    0000000c     menu.obj (.econst:_$P$T107$111)
                  003222c6    0000000c     menu.obj (.econst:_$P$T118$122)
                  003222d2    0000000c     menu.obj (.econst:_$P$T119$123)
                  003222de    0000000c     menu.obj (.econst:_$P$T120$124)
                  003222ea    0000000c     menu.obj (.econst:_$P$T121$125)
                  003222f6    0000000c     menu.obj (.econst:_$P$T122$126)
                  00322302    0000000c     menu.obj (.econst:_$P$T123$127)
                  0032230e    0000000c     menu.obj (.econst:_$P$T124$128)
                  0032231a    0000000c     menu.obj (.econst:_$P$T125$129)
                  00322326    0000000c     menu.obj (.econst:_$P$T89$91)
                  00322332    0000000a     menu.obj (.econst:_$P$T112$116)
                  0032233c    0000000a     menu.obj (.econst:_$P$T113$117)
                  00322346    0000000a     main.obj (.econst:_himix_number)
                  00322350    00000009     main.obj (.econst:_DO_ON_BIT)
                  00322359    00000009     main.obj (.econst:_OFF_BIT)
                  00322362    00000009     main.obj (.econst:_ON_BIT)
                  0032236b    00000001     --HOLE-- [fill = 0]
                  0032236c    00000008     rts2800_fpu32.lib : atan.obj (.econst:_a$1)
                  00322374    00000008                       : atan2.obj (.econst:_a$1)
                  0032237c    00000007     main.obj (.econst:_DO_OFF_BIT)
                  00322383    00000001     --HOLE-- [fill = 0]
                  00322384    00000004     menu.obj (.econst:_$P$T0$1)
                  00322388    00000004     menu.obj (.econst:_$P$T1$2)
                  0032238c    00000004     menu.obj (.econst:_$P$T10$11)
                  00322390    00000004     menu.obj (.econst:_$P$T100$104)
                  00322394    00000004     menu.obj (.econst:_$P$T101$105)
                  00322398    00000004     menu.obj (.econst:_$P$T102$106)
                  0032239c    00000004     menu.obj (.econst:_$P$T103$107)
                  003223a0    00000004     menu.obj (.econst:_$P$T104$108)
                  003223a4    00000004     menu.obj (.econst:_$P$T106$110)
                  003223a8    00000004     menu.obj (.econst:_$P$T108$112)
                  003223ac    00000004     menu.obj (.econst:_$P$T109$113)
                  003223b0    00000004     menu.obj (.econst:_$P$T11$12)
                  003223b4    00000004     menu.obj (.econst:_$P$T114$118)
                  003223b8    00000004     menu.obj (.econst:_$P$T115$119)
                  003223bc    00000004     menu.obj (.econst:_$P$T116$120)
                  003223c0    00000004     menu.obj (.econst:_$P$T117$121)
                  003223c4    00000004     menu.obj (.econst:_$P$T12$13)
                  003223c8    00000004     menu.obj (.econst:_$P$T126$130)
                  003223cc    00000004     menu.obj (.econst:_$P$T127$131)
                  003223d0    00000004     menu.obj (.econst:_$P$T128$132)
                  003223d4    00000004     menu.obj (.econst:_$P$T129$133)
                  003223d8    00000004     menu.obj (.econst:_$P$T13$14)
                  003223dc    00000004     menu.obj (.econst:_$P$T130$134)
                  003223e0    00000004     menu.obj (.econst:_$P$T131$135)
                  003223e4    00000004     menu.obj (.econst:_$P$T132$136)
                  003223e8    00000004     menu.obj (.econst:_$P$T133$137)
                  003223ec    00000004     menu.obj (.econst:_$P$T14$15)
                  003223f0    00000004     menu.obj (.econst:_$P$T15$16)
                  003223f4    00000004     menu.obj (.econst:_$P$T16$17)
                  003223f8    00000004     menu.obj (.econst:_$P$T17$18)
                  003223fc    00000004     menu.obj (.econst:_$P$T18$19)
                  00322400    00000004     menu.obj (.econst:_$P$T19$20)
                  00322404    00000004     menu.obj (.econst:_$P$T2$3)
                  00322408    00000004     menu.obj (.econst:_$P$T20$21)
                  0032240c    00000004     menu.obj (.econst:_$P$T21$22)
                  00322410    00000004     menu.obj (.econst:_$P$T22$23)
                  00322414    00000004     menu.obj (.econst:_$P$T23$24)
                  00322418    00000004     menu.obj (.econst:_$P$T24$25)
                  0032241c    00000004     menu.obj (.econst:_$P$T25$26)
                  00322420    00000004     menu.obj (.econst:_$P$T26$27)
                  00322424    00000004     menu.obj (.econst:_$P$T27$28)
                  00322428    00000004     menu.obj (.econst:_$P$T28$29)
                  0032242c    00000004     menu.obj (.econst:_$P$T3$4)
                  00322430    00000004     menu.obj (.econst:_$P$T30$31)
                  00322434    00000004     menu.obj (.econst:_$P$T31$33)
                  00322438    00000004     menu.obj (.econst:_$P$T32$34)
                  0032243c    00000004     menu.obj (.econst:_$P$T34$36)
                  00322440    00000004     menu.obj (.econst:_$P$T36$38)
                  00322444    00000004     menu.obj (.econst:_$P$T38$40)
                  00322448    00000004     menu.obj (.econst:_$P$T39$41)
                  0032244c    00000004     menu.obj (.econst:_$P$T4$5)
                  00322450    00000004     menu.obj (.econst:_$P$T41$43)
                  00322454    00000004     menu.obj (.econst:_$P$T43$45)
                  00322458    00000004     menu.obj (.econst:_$P$T49$51)
                  0032245c    00000004     menu.obj (.econst:_$P$T5$6)
                  00322460    00000004     menu.obj (.econst:_$P$T51$53)
                  00322464    00000004     menu.obj (.econst:_$P$T57$59)
                  00322468    00000004     menu.obj (.econst:_$P$T6$7)
                  0032246c    00000004     menu.obj (.econst:_$P$T60$62)
                  00322470    00000004     menu.obj (.econst:_$P$T63$65)
                  00322474    00000004     menu.obj (.econst:_$P$T66$68)
                  00322478    00000004     menu.obj (.econst:_$P$T7$8)
                  0032247c    00000004     menu.obj (.econst:_$P$T70$72)
                  00322480    00000004     menu.obj (.econst:_$P$T72$74)
                  00322484    00000004     menu.obj (.econst:_$P$T8$9)
                  00322488    00000004     menu.obj (.econst:_$P$T85$87)
                  0032248c    00000004     menu.obj (.econst:_$P$T86$88)
                  00322490    00000004     menu.obj (.econst:_$P$T87$89)
                  00322494    00000004     menu.obj (.econst:_$P$T88$90)
                  00322498    00000004     menu.obj (.econst:_$P$T9$10)
                  0032249c    00000004     menu.obj (.econst:_$P$T90$92)
                  003224a0    00000004     menu.obj (.econst:_$P$T92$94)
                  003224a4    00000004     menu.obj (.econst:_$P$T99$101)
                  003224a8    00000004     main.obj (.econst:_N47_V_MAX)
                  003224ac    00000004     main.obj (.econst:_N47_V_MIN)
                  003224b0    00000004     main.obj (.econst:_OVR_V_MAX)
                  003224b4    00000004     main.obj (.econst:_OVR_V_MIN)
                  003224b8    00000004     main.obj (.econst:_P47_V_MAX)
                  003224bc    00000004     main.obj (.econst:_P47_V_MIN)
                  003224c0    00000004     main.obj (.econst:_UVR_1_V_MAX)
                  003224c4    00000004     main.obj (.econst:_UVR_1_V_MIN)
                  003224c8    00000004     main.obj (.econst:_UVR_2_V_MAX)
                  003224cc    00000004     main.obj (.econst:_UVR_2_V_MIN)
                  003224d0    00000004     main.obj (.econst:_UVR_3_V_MAX)
                  003224d4    00000004     main.obj (.econst:_UVR_3_V_MIN)
                  003224d8    00000003     menu.obj (.econst:_$P$T105$109)
                  003224db    00000003     menu.obj (.econst:_$P$T29$30)
                  003224de    00000003     menu.obj (.econst:_$P$T33$35)
                  003224e1    00000003     menu.obj (.econst:_$P$T35$37)
                  003224e4    00000003     menu.obj (.econst:_$P$T37$39)
                  003224e7    00000003     menu.obj (.econst:_$P$T40$42)
                  003224ea    00000003     menu.obj (.econst:_$P$T42$44)
                  003224ed    00000003     menu.obj (.econst:_$P$T44$46)
                  003224f0    00000003     menu.obj (.econst:_$P$T45$47)
                  003224f3    00000003     menu.obj (.econst:_$P$T46$48)
                  003224f6    00000003     menu.obj (.econst:_$P$T47$49)
                  003224f9    00000003     menu.obj (.econst:_$P$T48$50)
                  003224fc    00000003     menu.obj (.econst:_$P$T50$52)
                  003224ff    00000003     menu.obj (.econst:_$P$T52$54)
                  00322502    00000003     menu.obj (.econst:_$P$T53$55)
                  00322505    00000003     menu.obj (.econst:_$P$T55$57)
                  00322508    00000003     menu.obj (.econst:_$P$T56$58)
                  0032250b    00000003     menu.obj (.econst:_$P$T59$61)
                  0032250e    00000003     menu.obj (.econst:_$P$T62$64)
                  00322511    00000003     menu.obj (.econst:_$P$T65$67)
                  00322514    00000003     menu.obj (.econst:_$P$T68$70)
                  00322517    00000003     menu.obj (.econst:_$P$T73$75)
                  0032251a    00000003     menu.obj (.econst:_$P$T74$76)
                  0032251d    00000003     menu.obj (.econst:_$P$T75$77)
                  00322520    00000003     menu.obj (.econst:_$P$T76$78)
                  00322523    00000003     menu.obj (.econst:_$P$T78$80)
                  00322526    00000003     menu.obj (.econst:_$P$T82$84)
                  00322529    00000003     menu.obj (.econst:_$P$T91$93)
                  0032252c    00000003     menu.obj (.econst:_$P$T93$95)
                  0032252f    00000003     menu.obj (.econst:_$P$T94$96)
                  00322532    00000003     menu.obj (.econst:_$P$T95$97)
                  00322535    00000003     menu.obj (.econst:_$P$T96$98)
                  00322538    00000003     menu.obj (.econst:_$P$T97$99)
                  0032253b    00000003     menu.obj (.econst:_$P$T98$100)
                  0032253e    00000003     main.obj (.econst:_DGR_V_MAX)
                  00322541    00000003     main.obj (.econst:_DGR_V_MIN)
                  00322544    00000003     main.obj (.econst:_OVGR_V_MAX)
                  00322547    00000003     main.obj (.econst:_OVGR_V_MIN)
                  0032254a    00000003     main.obj (.econst:_SGR_V_MAX)
                  0032254d    00000003     main.obj (.econst:_SGR_V_MIN)
                  00322550    00000002     menu.obj (.econst:_$P$T110$114)
                  00322552    00000002     menu.obj (.econst:_$P$T111$115)
                  00322554    00000002     menu.obj (.econst:_$P$T54$56)
                  00322556    00000002     menu.obj (.econst:_$P$T58$60)
                  00322558    00000002     menu.obj (.econst:_$P$T61$63)
                  0032255a    00000002     menu.obj (.econst:_$P$T64$66)
                  0032255c    00000002     menu.obj (.econst:_$P$T67$69)
                  0032255e    00000002     menu.obj (.econst:_$P$T69$71)
                  00322560    00000002     menu.obj (.econst:_$P$T71$73)
                  00322562    00000002     menu.obj (.econst:_$P$T77$79)
                  00322564    00000002     menu.obj (.econst:_$P$T79$81)
                  00322566    00000002     menu.obj (.econst:_$P$T80$82)
                  00322568    00000002     menu.obj (.econst:_$P$T81$83)
                  0032256a    00000002     menu.obj (.econst:_$P$T83$85)
                  0032256c    00000002     menu.obj (.econst:_$P$T84$86)
                  0032256e    00000002     main.obj (.econst:_DGR_I_MAX)
                  00322570    00000002     main.obj (.econst:_DGR_I_MIN)
                  00322572    00000002     main.obj (.econst:_OCGR50_I_MAX)
                  00322574    00000002     main.obj (.econst:_OCGR50_I_MIN)
                  00322576    00000002     main.obj (.econst:_OCGR51_I_MAX)
                  00322578    00000002     main.obj (.econst:_OCGR51_I_MIN)
                  0032257a    00000002     main.obj (.econst:_OCR50_I_MAX)
                  0032257c    00000002     main.obj (.econst:_OCR50_I_MIN)
                  0032257e    00000002     main.obj (.econst:_OCR51_I_MAX)
                  00322580    00000002     main.obj (.econst:_OCR51_I_MIN)

.cinit     0    00322582    00000c18     
                  00322582    00000b46     menu.obj (.cinit)
                  003230c8    000000b4     peripheral.obj (.cinit)
                  0032317c    0000000a     rts2800_fpu32.lib : _lock.obj (.cinit)
                  00323186    0000000a                       : exit.obj (.cinit)
                  00323190    00000004     main.obj (.cinit)
                  00323194    00000004     rts2800_fpu32.lib : errno.obj (.cinit)
                  00323198    00000002     --HOLE-- [fill = 0]

codestart 
*          0    0033fff6    00000002     
                  0033fff6    00000002     DSP2833x_CodeStartBranch.obj (codestart)

.reset     0    003fffc0    00000002     DSECT
                  003fffc0    00000002     rts2800_fpu32.lib : boot.obj (.reset)

vectors    0    003fffc2    00000000     DSECT

PieVectTableFile 
*          1    00000d00    00000100     UNINITIALIZED
                  00000d00    00000100     DSP2833x_GlobalVariableDefs.obj (PieVectTableFile)

.ebss      1    0000c000    0000163c     UNINITIALIZED
                  0000c000    00000e14     main.obj (.ebss)
                  0000ce14    0000000d     comms.obj (.ebss)
                  0000ce21    00000001     rts2800_fpu32.lib : errno.obj (.ebss)
                  0000ce22    00000004                       : _lock.obj (.ebss)
                  0000ce26    00000004                       : exit.obj (.ebss)
                  0000ce2a    00000016     --HOLE--
                  0000ce40    000006f8     menu.obj (.ebss)
                  0000d538    00000008     --HOLE--
                  0000d540    000000fc     peripheral.obj (.ebss)

.stack     1    0000d63c    00000400     UNINITIALIZED
                  0000d63c    00000400     --HOLE--


GLOBAL SYMBOLS: SORTED ALPHABETICALLY BY Name 

address    name
--------   ----
0030a144   .text
0031ba3c   C$$EXIT
0031b2b8   FD$$ADD
0031b8b7   FD$$CMP
0031b354   FD$$DIV
0031b4eb   FD$$MPY
0031bae8   FD$$NEG
0031babc   FD$$SUB
0031b951   FD$$TOI
0031b993   FD$$TOL
0031ba08   FD$$TOUL
0031b3df   FS$$DIV
0031b9d0   FS$$TOFD
0031b92f   I$$DIV
0031b940   I$$MOD
0031b8e1   L$$DIV
0031b8f0   L$$MOD
0031b9ec   L$$TOFD
0031b9b2   LL$$CMP
0031b0ed   LL$$DIV
0031b129   LL$$MOD
0031ba96   LL$$MPY
0031baca   U$$DIV
0031bacf   U$$MOD
0031b8fe   UL$$DIV
0031b905   UL$$MOD
0031ba6b   UL$$TOFD
0031b9c4   ULL$$CMP
0031b163   ULL$$DIV
0031b192   ULL$$MOD
0000c05e   _ACCUMULATION
0031ad36   _ADC_High_Calibration
0031acbb   _ADC_Offset_Calibration
0031ae29   _ADC_low_Calibration
0000c00c   _ADDRESS
00319037   _ADDRESS_Default_Settings
0000c008   _AUTO_DISPLAY
0031904d   _AUTO_DISPLAY_Default_Settings
0000d55a   _AckScr
0000ce43   _Button_Press
0000c740   _CALIBRATION
0032219c   _CALIB_I_MAX
003221a2   _CALIB_I_MIN
003221a0   _CALIB_In_MAX
0032219a   _CALIB_In_MIN
003221a6   _CALIB_V_MAX
0032219e   _CALIB_V_MIN
003221a8   _CALIB_Vo_MAX
003221aa   _CALIB_Vo_MIN
0000c022   _COMM
0031648a   _COMM_CRC
0000c010   _CORE
0000c0aa   _CPT
00318fdd   _CPT_Default_Settings
00321c57   _CRC_High
00321d57   _CRC_Low
0032218e   _CT_1A_RATED
00322192   _CT_5A_RATED
00322179   _CT_MAX
0032217a   _CT_MIN
0000c001   _Calibration_Menu_Escape
003194bd   _ClearFLASH
0000d05c   _Cursor_Position
00322196   _DEBOUNCE_MAX
0032218f   _DEBOUNCE_MIN
0000c480   _DFT
0031ac0b   _DFT_Check
0000c440   _DGR
00322184   _DGR_A_MAX
00322183   _DGR_A_MIN
003193f6   _DGR_Default_Settings
0032256e   _DGR_I_MAX
00322570   _DGR_I_MIN
00322185   _DGR_T_MAX
00322187   _DGR_T_MIN
0032253e   _DGR_V_MAX
00322541   _DGR_V_MIN
0000c052   _DIDO
0000c098   _DIGITAL_INPUT
0000c013   _DIGITAL_OUTPUT
0000c640   _DISPLAY
0000c006   _DISPLAY_3PHASE
003190ab   _DISPLAY_3PHASE_Default_Settings
0031948c   _DI_Default_Settings
003194a8   _DO_Default_Settings
0032237c   _DO_OFF_BIT
00322350   _DO_ON_BIT
0031a687   _DO_Output
0000c01a   _DSGR_ANGLE
0000a13f   _DSP28x_usDelay
0000ce41   _Data_Change
0000ce46   _Data_Change_Count
0031ac72   _Degree_Check
0000c3c0   _EVENT
00314e88   _Event_Item_Display
00315041   _Event_Time_Display
0000c02e   _FLASH
0000d556   _FauScr
0031a7e0   _GPIO_setup
0000c02a   _GPT
00318fc5   _GPT_Default_Settings
0000c00e   _GR_ANGLE
0000c540   _HARMONICS
0000c4c0   _HIMIX
0000a129   _InitFlash
0031a891   _InitTimer
00009815   _Inverse_Op_Timeset
0000ce44   _KHS_Key_Press
00321e58   _KHS_LCD_Buffer
0000c5c0   _LCD
00319e49   _LCD_COMMAND
00319e36   _LCD_DATA
00319e5a   _LCD_INIT
0000d546   _LCD_LIGHT
003221ac   _LCD_Position_Value
0000d542   _LCD_RS
00319e86   _LCD_light_OFF
00319e80   _LCD_light_ON
0000c000   _LOCAL_CONTROL
0000c04c   _LOCAL_CTRL
00319078   _LOCAL_CTRL_Default_Settings
0000d540   _Lcd_Bl_Count
0000cc00   _MANAGER
0000c880   _MEASUREMENT
0000c002   _MIN_MAX
0000c026   _MODBUS
003190c1   _MODBUS_Default_Settings
0000ce14   _ManagerSystem
0031ba81   _MemCopy
0000c19a   _N47
0031932f   _N47_Default_Settings
00322190   _N47_T_MAX
00322182   _N47_T_MIN
003224a8   _N47_V_MAX
003224ac   _N47_V_MIN
0000d54a   _NorScr
0000c15a   _OCGR50
003191c7   _OCGR50_Default_Settings
00322572   _OCGR50_I_MAX
00322574   _OCGR50_I_MIN
0032218b   _OCGR50_T_MAX
0032218c   _OCGR50_T_MIN
0000c240   _OCGR51
003191f7   _OCGR51_Default_Settings
00322576   _OCGR51_I_MAX
00322578   _OCGR51_I_MIN
0032217f   _OCGR51_TL_MAX
0032218d   _OCGR51_TL_MIN
0000c380   _OCR50_1
00319107   _OCR50_1_Default_Settings
00008f6c   _OCR50_1_RELAY
0000c300   _OCR50_2
00319137   _OCR50_2_Default_Settings
0031b467   _OCR50_2_RELAY
0032257a   _OCR50_I_MAX
0032257c   _OCR50_I_MIN
00322191   _OCR50_T_MAX
00322175   _OCR50_T_MIN
0000c340   _OCR51_1
00319167   _OCR51_1_Default_Settings
0000c2c0   _OCR51_2
00319197   _OCR51_2_Default_Settings
0032257e   _OCR51_I_MAX
00322580   _OCR51_I_MIN
00322193   _OCR51_TL_MAX
00322195   _OCR51_TL_MIN
003190d8   _OCR_MODE_Default_Settings
0000c032   _OCR_MODE_SET
00322359   _OFF_BIT
00322362   _ON_BIT
0000c220   _OVGR
003193bb   _OVGR_Default_Settings
00322194   _OVGR_TL_MAX
00322176   _OVGR_TL_MIN
00322544   _OVGR_V_MAX
00322547   _OVGR_V_MIN
0000c280   _OVR
00319371   _OVR_Default_Settings
00322186   _OVR_TL_MAX
0032218a   _OVR_TL_MIN
00322189   _OVR_T_MAX
00322197   _OVR_T_MIN
003224b0   _OVR_V_MAX
003224b4   _OVR_V_MIN
0031abe3   _Offset_Check
0000c1c0   _P47
003192ed   _P47_Default_Settings
00322188   _P47_T_MAX
00322181   _P47_T_MIN
003224b8   _P47_V_MAX
003224bc   _P47_V_MIN
0000c00a   _PASSWORD
00319062   _PASSWORD_Default_Settings
0000c016   _PROTECT
003221a4   _PT_MAX
00322198   _PT_MIN
0031a711   _Peripheral_Clock_setup
00000d00   _PieVectTable
0000c06a   _RELAY_STATUS
0030a143   _RamfuncsLoadEnd
00308000   _RamfuncsLoadStart
00008000   _RamfuncsRunStart
0000d552   _ReserveP
003150f0   _Restore_Screen_Info
0000c9c0   _SAMPLE
00008d36   _SCIRXB_ISR
00008d79   _SCITXINTB_ISR
00008d9e   _SCITXINTC_ISR
0000c400   _SGR
0032217b   _SGR_A_MAX
0032217d   _SGR_A_MIN
00319447   _SGR_Default_Settings
00322178   _SGR_I_MAX
00322177   _SGR_I_MIN
0032217c   _SGR_T_MAX
00322174   _SGR_T_MIN
0032254a   _SGR_V_MAX
0032254d   _SGR_V_MIN
0000c200   _SUPERVISION
0000c1da   _SYSTEM
0000c01e   _SYSTEM_ALARM
003190f0   _SYSTEM_ALARM_Default_Settings
0000c037   _SYSTEM_SET
0000d06c   _Save_Current_Screen
003150e5   _Save_Screen_Info
0000d060   _Screen_Position
0000ce45   _Set_Password
00318f76   _Setting_CRC
0000c100   _TIME
0000c08c   _TIMER
0000c040   _TIMER0
0000c004   _TIMER1
00008bf5   _TINT1_ISR
0000d500   _Trip_Message
0000c180   _UVR_1
00319227   _UVR_1_Default_Settings
003224c0   _UVR_1_V_MAX
003224c4   _UVR_1_V_MIN
0000c118   _UVR_2
00319269   _UVR_2_Default_Settings
003224c8   _UVR_2_V_MAX
003224cc   _UVR_2_V_MIN
0000c140   _UVR_3
003192ab   _UVR_3_Default_Settings
003224d0   _UVR_3_V_MAX
003224d4   _UVR_3_V_MIN
0000c046   _UVR_MODE
00319091   _UVR_MODE_Default_Settings
00322180   _UVR_T_MAX
0032217e   _UVR_T_MIN
0000d580   _VFDABuffer
0000d5c0   _VFDFBuffer
0000d600   _VFDNBuffer
0031a005   _VFD_FONT
00319ea0   _VFD_Init
00319f76   _VFD_Single_Line_dump
00319f9f   _VFD_Word_dump
0000d548   _VFD_cnt
00319fc9   _VFD_cursor
00319ef1   _VFD_dump
00319f36   _VFD_dump2
00319e8b   _VFD_gotopo
00319ed8   _VFD_gotoxy
00319eea   _VFD_mem_cpy_test
00319ff6   _VFD_printf
0000c080   _WAVE
00008000   _XINT3_ISR
0031a83b   _Xinterface_setup
0000da3c   __STACK_END
00000400   __STACK_SIZE
00000001   __TI_args_main
ffffffff   ___binit__
ffffffff   ___c_args__
00322582   ___cinit__
0031bb09   ___etext__
0031b972   ___memcpy_ff
ffffffff   ___pinit__
0030a144   ___text__
0031ba23   __args_main
0000ce26   __cleanup_ptr
00321b56   __ctypes_
0000ce28   __dtors_ptr
0000ce24   __lock
0031b75c   __log
0031bae7   __nop
00319d04   __printfi
0031bae3   __register_lock
0031badf   __register_unlock
0000d63c   __stack
0000ce22   __unlock
0031ba3c   _abort
0031b56e   _atan
0031b1f4   _atan2
0031b82b   _atoi
003185a2   _aux_do_check
00317614   _booting_setting_check
0031b7b0   _c_int00
0000d2f8   _cb_cancel1
0000d2f4   _cb_cancel2
0000d2f0   _cb_fail1
0000d2ec   _cb_fail2
0000d308   _cb_good1
0000d304   _cb_good2
0000d080   _cb_status_view1
0000d07c   _cb_status_view2
0031738f   _comm_drive
0000d250   _comm_set1
0000d24c   _comm_set2
0000d244   _comm_view1
0000d248   _commx
0031b64a   _cos
0032221a   _cos_50Hz
00322232   _cos_60Hz
0000c0c0   _cos_table
0000d0bc   _cpt1
0000d08c   _cpt2
0031a6bc   _cpu_setup
0000ce6e   _ct_ratio_set1
0000cfe8   _ct_ratio_set2
0000cfe4   _ct_ratio_set3
0000cf74   _ct_ratio_set4
0000d2d4   _ct_ratio_view1
0000d2d0   _ct_ratio_view2
0000d2e8   _ct_ratio_view3
0000ce4e   _ct_ratio_view4
0000d1e8   _current1
0000d214   _current2
0000d210   _current3
0000d21c   _current4
0000d218   _current5
0000d204   _current6
0000d200   _current7
0030a144   _cursor_move
0030a153   _cursor_move_last
0000cfac   _data_reset1
0000cfdc   _data_reset2
0000cfa4   _data_reset3
00319e07   _delay
0000d394   _delay_set1
00009e57   _delay_us
0000d1d4   _delta_vdf1
0000d1c4   _di1
0000cf80   _di_set1
0000cf78   _di_set2
0000cf70   _di_set3
0000cf28   _di_set4
0000cf1c   _di_set5
0000cf30   _di_set6
0000cf44   _di_set7
0000cf38   _di_set8
0000cf4c   _di_set_view1
0000cfc4   _di_set_view2
0000cfd0   _di_set_view3
0000cfbc   _di_set_view4
0000d014   _diag1
0000d010   _diag2
0000d024   _diag3
0000d1dc   _didocb1
0000d1d8   _didocb2
0000d178   _display1
0000d190   _display2
0000d18c   _display3
0000d198   _display4
0000d1c0   _do1
0000d1cc   _do2
00008dfa   _do_release
0000d078   _docb1
0000d074   _docb2
0000d3d4   _dsgr_set1
0000d3c8   _dsgr_set2
0000d3cc   _dsgr_set3
0000d3a0   _dsgr_set4
0000d3c4   _dsgr_view1
0000d3d0   _dsgr_view2
0000d3bc   _dsgr_view3
0000d544   _dumpP
0000d018   _east_egg1
0000d064   _east_egg2
0000d070   _east_egg3
0031a006   _eerom_control
0031a101   _eerom_read
0031a06e   _eerom_write
0000ce21   _errno
0000cfa0   _etc1
0000cfb4   _etc2
0000ce8c   _etc3
0000d044   _etc_view1
0000d058   _etc_view2
0000cecc   _event1
0000cee4   _event10
0000ced8   _event11
0000cee0   _event12
0000ceb8   _event2
0000ceb4   _event3
0000cec8   _event4
0000cedc   _event5
0000cf0c   _event6
0000ced4   _event8
0000ced0   _event9
0000d424   _event_control
0000cec0   _event_d
00009cd5   _event_direct_save
00318fb2   _event_info_update
0000d492   _event_io
0000d464   _event_mode_change
0000d480   _event_phase
0000d4c0   _event_relay
0000d42c   _event_reset
0000d4a6   _event_set
0000cebc   _event_t
0000ce48   _event_test
0000cec4   _eventx
0031ba3e   _exit
0031b5e0   _exp
0031a192   _flash_sector_erase
0031a1af   _flash_word_write
00009a09   _float_to_8bit_fram
003158fc   _float_to_integer
0031ba55   _frexp
0000cfe0   _gr_set1
0000cfd4   _gr_set_view1
0000d144   _gr_view1
0000d140   _gr_view2
0000d16c   _gr_view3
0000d168   _gr_view4
0000d174   _gr_view5
0000d170   _gr_view6
0000d31c   _h50_set1
0000d12c   _h50_view1
0000d128   _h50_view2
0000d320   _h50_view3
00315f4a   _harmonic_real_imag_calculation
00315e46   _harmonic_sample_backup
00315921   _harmonics
0000d1bc   _harmonics1
0000d1b8   _harmonics2
0000d1a4   _harmonics3
0000d1a0   _harmonics4
0000d1ac   _harmonics5
0000d1a8   _harmonics6
00321ea4   _harmonics_1st_cos
00321eec   _harmonics_1st_sin
00321f34   _harmonics_3rd_cos
00321f7c   _harmonics_3rd_sin
00321fc4   _harmonics_5th_cos
0032200c   _harmonics_5th_sin
00322054   _harmonics_7th_cos
0032209c   _harmonics_7th_sin
003220e4   _harmonics_9th_cos
0032212c   _harmonics_9th_sin
0000d048   _hidden1
003158bf   _himix_crc
00315104   _himix_drive
00322346   _himix_number
00009e86   _i2c_read
0031a8bf   _i2c_setup
00009ec6   _i2c_write
00316452   _interrupt_control
0031a734   _interrupt_setup
00009f05   _key_drive
0000d2fc   _l_cb_close
0000d264   _l_cb_open
0000cf84   _lc_set1
0000cf98   _lc_set2
0000cf8c   _lc_set3
0000cfb0   _lc_view1
00009f91   _lcd_character_write
00009f74   _lcd_control_write
0031a8ea   _lcd_setup
0031b7f6   _ldexp
0031a619   _led_handling
0000d030   _led_test1
0031b88b   _ltoa
003150f7   _main
00009fae   _make_crc_send
003164b0   _manager_handling
003162eb   _measure2_display
00316191   _measure_display
0000d194   _measuremnt1
0000d180   _measuremnt2
0000d17c   _measuremnt3
0000d188   _measuremnt4
0031baaa   _memccpy
0031bb02   _memset
0030a189   _menu_00_00
0030a209   _menu_00_01
0030a256   _menu_00_02
0030a2c6   _menu_00_03
0030a31b   _menu_00_04
0030a370   _menu_00_05
0030a3c5   _menu_00_06
0030a41a   _menu_00_07
0030a46b   _menu_00_08
0030a4bc   _menu_01_01
0030a512   _menu_01_03
0030a55f   _menu_01_04
0030a5e0   _menu_01_05
0030a61d   _menu_01_06
0030a66a   _menu_01_07
0030a6d3   _menu_01_08
0030a74a   _menu_01_09
0030a7b3   _menu_01_10
0030a82a   _menu_01_11
0030a893   _menu_01_12
0030a90a   _menu_01_13
0030a95b   _menu_01_14
0030a9ac   _menu_02_01
0030a9e4   _menu_02_03
0030aa35   _menu_02_04
0030aaaa   _menu_02_05
0030aaf9   _menu_02_06
0030ab48   _menu_03_03
0030abb1   _menu_04_02
0030abf1   _menu_04_03
00312f7a   _menu_100_04
00312fe4   _menu_100_05
00313015   _menu_100_06
0031307e   _menu_100_07
003130a1   _menu_100_08
003130c4   _menu_101_04
00313120   _menu_101_05
00313177   _menu_101_06
003131ae   _menu_101_07
0031321a   _menu_101_08
0031323d   _menu_101_09
00313260   _menu_102_05
003132a4   _menu_102_06
003132cf   _menu_103_04
00313336   _menu_103_05
00313381   _menu_103_06
003133bc   _menu_103_07
00313427   _menu_103_08
0031344a   _menu_103_09
0031346d   _menu_104_04
003134d4   _menu_104_05
00313567   _menu_104_06
00313592   _menu_104_07
003135c6   _menu_104_08
00313627   _menu_104_09
00313692   _menu_104_10
003136b5   _menu_104_11
003136d8   _menu_150_01
0031373e   _menu_150_02
00313794   _menu_151_01
003138b3   _menu_151_02
00313919   _menu_151_03
0031397f   _menu_151_04
003139e6   _menu_151_05
00313a8a   _menu_151_06
00313aa4   _menu_151_07
00313abe   _menu_152_01
00313b1c   _menu_152_02
00313b4f   _menu_152_03
00313bea   _menu_152_04
00313c90   _menu_152_05
00313cbb   _menu_153_01
00313d3a   _menu_153_02
00313dfe   _menu_153_03
00313ec2   _menu_153_04
00313f86   _menu_153_05
00314116   _menu_153_06
003141da   _menu_153_07
0031429e   _menu_153_08
00314362   _menu_153_09
0031442c   _menu_153_10
003145af   _menu_153_11
003145d2   _menu_153_12
003145f5   _menu_154_02
0031464c   _menu_154_03
0031466f   _menu_154_04
00314692   _menu_156_02
00314726   _menu_156_03
003147ba   _menu_156_04
0031484e   _menu_156_05
003148e2   _menu_156_06
00314976   _menu_156_07
00314a0a   _menu_156_08
00314a9e   _menu_156_09
00314b35   _menu_156_10
00314b66   _menu_156_11
00314b97   _menu_156_12
00314bc8   _menu_156_13
00314bf6   _menu_156_14
00314c6d   _menu_156_15
00314c90   _menu_156_16
00314cb3   _menu_157_02
00314d42   _menu_157_03
00314dab   _menu_157_04
00314dce   _menu_157_05
0030ac86   _menu_29_02
0030ace9   _menu_29_03
0030acfa   _menu_41_02
0030ad45   _menu_41_03
0030addd   _menu_41_04
0030ae4f   _menu_41_05
0030afac   _menu_41_06
0030b03f   _menu_41_07
0030b068   _menu_41_08
0030b0bf   _menu_41_09
0030b120   _menu_41_10
0030b18d   _menu_41_11
0030b1b0   _menu_41_12
0030b1d3   _menu_42_01
0030b27e   _menu_42_02
0030b29d   _menu_42_03
0030b339   _menu_42_05
0030b498   _menu_42_06
0030b540   _menu_42_07
0030b5d3   _menu_42_08
0030b5fc   _menu_42_09
0030b66b   _menu_42_10
0030b6cc   _menu_42_11
0030b73b   _menu_42_12
0030b75e   _menu_42_13
0030b781   _menu_43_03
0030b928   _menu_43_04
0030b99a   _menu_43_05
0030baf7   _menu_43_06
0030bb8a   _menu_43_07
0030bbb3   _menu_43_08
0030bc0a   _menu_43_09
0030bc6b   _menu_43_10
0030bcd8   _menu_43_11
0030bcfb   _menu_43_12
0030bd1e   _menu_44_03
0030be72   _menu_44_05
0030bfd1   _menu_44_06
0030c079   _menu_44_07
0030c10c   _menu_44_08
0030c135   _menu_44_09
0030c1a4   _menu_44_10
0030c205   _menu_44_11
0030c274   _menu_44_12
0030c297   _menu_44_13
0030c2ba   _menu_45_03
0030c345   _menu_45_04
0030c3c0   _menu_45_05
0030c519   _menu_45_06
0030c5c1   _menu_45_07
0030c654   _menu_45_08
0030c68e   _menu_45_09
0030c6fd   _menu_45_10
0030c75e   _menu_45_11
0030c7cd   _menu_45_12
0030c7f0   _menu_45_13
0030c813   _menu_46_04
0030c88e   _menu_46_05
0030c9e7   _menu_46_06
0030ca8f   _menu_46_07
0030cb22   _menu_46_08
0030cb5c   _menu_46_09
0030cbcb   _menu_46_10
0030cc2c   _menu_46_11
0030cc9b   _menu_46_12
0030ccbe   _menu_46_13
0030cce1   _menu_47_04
0030cd53   _menu_47_05
0030ceb0   _menu_47_06
0030cf43   _menu_47_07
0030cf6c   _menu_47_08
0030cfc3   _menu_47_09
0030d024   _menu_47_10
0030d091   _menu_47_11
0030d0b4   _menu_47_12
0030d0d7   _menu_48_05
0030d236   _menu_48_06
0030d2de   _menu_48_07
0030d371   _menu_48_08
0030d39a   _menu_48_09
0030d409   _menu_48_10
0030d46a   _menu_48_11
0030d4d9   _menu_48_12
0030d4fc   _menu_48_13
0030d51f   _menu_49_04
0030d5a6   _menu_49_05
0030d6f7   _menu_49_06
0030d79f   _menu_49_07
0030d832   _menu_49_08
0030d86c   _menu_49_09
0030d8db   _menu_49_10
0030d93c   _menu_49_11
0030d9ab   _menu_49_12
0030d9ce   _menu_49_13
0030d9f1   _menu_50_04
0030db65   _menu_50_05
0030dbff   _menu_50_06
0030dc92   _menu_50_07
0030dcc7   _menu_50_08
0030dcfc   _menu_50_09
0030dd5d   _menu_50_10
0030ddca   _menu_50_11
0030dded   _menu_50_12
0030de10   _menu_51_04
0030df84   _menu_51_05
0030e01e   _menu_51_06
0030e0b1   _menu_51_07
0030e0e6   _menu_51_08
0030e11b   _menu_51_09
0030e17c   _menu_51_10
0030e1e9   _menu_51_11
0030e20c   _menu_51_12
0030e22f   _menu_52_04
0030e3a3   _menu_52_05
0030e43d   _menu_52_06
0030e4d0   _menu_52_07
0030e505   _menu_52_08
0030e53a   _menu_52_09
0030e59b   _menu_52_10
0030e608   _menu_52_11
0030e62b   _menu_52_12
0030e64e   _menu_53_04
0030e7c2   _menu_53_05
0030e85c   _menu_53_06
0030e8ef   _menu_53_07
0030e924   _menu_53_08
0030e959   _menu_53_09
0030e9ba   _menu_53_10
0030ea27   _menu_53_11
0030ea4a   _menu_53_12
0030ea6d   _menu_54_04
0030eb85   _menu_54_05
0030ec1f   _menu_54_06
0030ecb2   _menu_54_07
0030ece7   _menu_54_08
0030ed1c   _menu_54_09
0030ed7d   _menu_54_10
0030edea   _menu_54_11
0030ee0d   _menu_54_12
0030ee30   _menu_55_04
0030eefd   _menu_55_05
0030f014   _menu_55_06
0030f0ae   _menu_55_07
0030f141   _menu_55_08
0030f16a   _menu_55_09
0030f1ab   _menu_55_10
0030f20c   _menu_55_11
0030f27b   _menu_55_12
0030f29e   _menu_55_13
0030f2c1   _menu_56_05
0030f3d8   _menu_56_06
0030f480   _menu_56_07
0030f513   _menu_56_08
0030f53c   _menu_56_09
0030f57d   _menu_56_10
0030f5de   _menu_56_11
0030f64d   _menu_56_12
0030f670   _menu_56_13
0030f693   _menu_57_04
0030f745   _menu_57_05
0030f82a   _menu_57_06
0030f8bd   _menu_57_07
0030f8e6   _menu_57_08
0030f91b   _menu_57_09
0030f97c   _menu_57_10
0030f9e9   _menu_57_11
0030fa0c   _menu_57_12
0030fa2f   _menu_58_05
0030fb28   _menu_58_06
0030fbd0   _menu_58_07
0030fc63   _menu_58_08
0030fc8c   _menu_58_09
0030fccd   _menu_58_10
0030fd2e   _menu_58_11
0030fd9d   _menu_58_12
0030fdc0   _menu_58_13
0030fde3   _menu_59_04
0030ffb4   _menu_59_05
003100ad   _menu_59_06
00310148   _menu_59_07
003101d6   _menu_59_08
00310269   _menu_59_09
003102c0   _menu_59_10
00310301   _menu_59_11
00310330   _menu_59_12
00310391   _menu_59_13
00310402   _menu_59_14
00310425   _menu_59_15
00310448   _menu_60_04
0031052d   _menu_60_05
00310626   _menu_60_06
003106c1   _menu_60_07
0031074f   _menu_60_08
003107e2   _menu_60_09
00310817   _menu_60_10
00310858   _menu_60_11
00310887   _menu_60_12
003108e8   _menu_60_13
00310959   _menu_60_14
0031097c   _menu_60_15
0031099f   _menu_80_03
00310a5c   _menu_80_04
00310b0d   _menu_80_05
00310b9c   _menu_80_06
00310c2b   _menu_80_07
00310cba   _menu_80_08
00310d49   _menu_80_09
00310dd8   _menu_80_10
00310e27   _menu_80_11
00310fcd   _menu_80_12
00310ff0   _menu_80_13
00311013   _menu_81_03
00311094   _menu_81_04
0031114f   _menu_81_05
003111ff   _menu_81_06
003112c7   _menu_81_07
00311434   _menu_81_08
003114c7   _menu_81_09
00311544   _menu_81_10
003115ba   _menu_81_11
003115dd   _menu_81_12
00311600   _menu_82_03
00311664   _menu_82_04
003116e1   _menu_82_05
00311760   _menu_82_06
003117df   _menu_82_07
0031185c   _menu_82_08
003118d9   _menu_82_09
00311959   _menu_82_10
00311994   _menu_82_11
003119e7   _menu_82_12
00311a0a   _menu_82_13
00311a2d   _menu_83_03
00311a96   _menu_83_04
00311aed   _menu_83_05
00311b40   _menu_83_06
00311bcd   _menu_83_07
00311bf0   _menu_83_08
00311c13   _menu_84_03
00311c80   _menu_84_05
00311d10   _menu_84_06
00311d63   _menu_84_07
00311d86   _menu_84_08
00311da9   _menu_84_09
00311dcc   _menu_85_03
00311e4a   _menu_85_04
00311e9d   _menu_85_05
00311ec0   _menu_85_06
00311ee3   _menu_86_03
00311f57   _menu_86_04
00311faa   _menu_86_05
00311fcd   _menu_86_06
00311ff0   _menu_87_03
0031206a   _menu_87_04
003120bd   _menu_87_05
003120e0   _menu_87_06
00312103   _menu_88_03
00312179   _menu_88_04
00312209   _menu_88_05
00312238   _menu_88_06
003122a1   _menu_88_07
003122c4   _menu_88_08
003122e7   _menu_89_03
0031236a   _menu_89_04
003123c3   _menu_89_05
0031242c   _menu_89_06
0031244f   _menu_89_07
00312472   _menu_90_03
003124ba   _menu_90_04
0031250d   _menu_90_05
00312530   _menu_90_06
00312553   _menu_91_04
003125e4   _menu_91_05
00312613   _menu_91_06
0031267c   _menu_91_07
0031269f   _menu_91_08
003126c2   _menu_92_04
0031275a   _menu_92_05
003127d4   _menu_92_06
00312826   _menu_92_07
00312891   _menu_92_08
003128b4   _menu_92_09
003128d7   _menu_95_04
0031293e   _menu_95_05
00312986   _menu_95_06
003129d3   _menu_95_07
00312a40   _menu_95_08
00312a63   _menu_95_09
00312a86   _menu_96_05
00312ab1   _menu_97_04
00312b31   _menu_97_05
00312bb4   _menu_97_06
00312beb   _menu_97_07
00312c46   _menu_97_08
00312c69   _menu_97_09
00312c8c   _menu_98_04
00312cf5   _menu_98_05
00312d5e   _menu_98_06
00312dbe   _menu_98_07
00312df2   _menu_98_08
00312e2e   _menu_98_09
00312e9b   _menu_98_10
00312ebe   _menu_98_11
00314e6c   _menu_99_00
00312ee1   _menu_99_04
00312f34   _menu_99_05
00312f57   _menu_99_06
0000a0a1   _menu_drive
00314df1   _menu_dummy
003150c6   _menu_init
00314e10   _menu_popup
00314e42   _menu_reset
0031ff36   _menu_tables
0000d230   _motor_set1
0000d22c   _motor_set2
0000d258   _motor_set3
0000d228   _motor_view1
0000d224   _motor_view2
0000d274   _n47_set1
0000d270   _n47_view1
0000d318   _nch_set1
0000d314   _nch_set2
0000d3ac   _nch_set3
0000d2bc   _nch_set4
0000d2b8   _nch_view1
0000d2c4   _nch_view2
0000d11c   _nch_view4
0000d118   _nch_view5
0000d240   _nsocr_set1
0000d23c   _nsocr_view1
0000d0fc   _nsocr_view4
0000d0f8   _nsocr_view5
0000d354   _ocgr50_set1
0000d360   _ocgr50_view1
0000d34c   _ocgr50_view2
0000d35c   _ocgr51_set1
0000d350   _ocgr51_view1
0000d330   _ocr50_set1
0000d32c   _ocr50_view1
0000d340   _ocr50_view2
0000d334   _ocr51_set1
0000d358   _ocr51_view1
0000cf94   _ocr_pro_set1
0000cf90   _ocr_pro_set2
0000cf9c   _ocr_pro_view1
0000cf88   _ocr_pro_view2
0000d14c   _ocr_view1
0000d148   _ocr_view2
0000d154   _ocr_view3
0000d150   _ocr_view4
0000d13c   _ocr_view5
0000d138   _ocr_view6
00008e62   _over_phase_value_check
0000d3c0   _ovgr_set1
0000d3b0   _ovgr_view1
0000d3b4   _ovgr_view2
0000d164   _ovgr_view4
0000d160   _ovgr_view5
0000d10c   _ovgr_view6
0000d108   _ovgr_view7
0000d3a4   _ovr_set1
0000d398   _ovr_view1
0000d39c   _ovr_view2
0000d15c   _ovr_view4
0000d158   _ovr_view5
0000d26c   _p47_set1
0000d268   _p47_view1
0000cea0   _p_view_format1
0000ce52   _p_view_format10
0000ce5a   _p_view_format100
0000cf18   _p_view_format100g
0000ce72   _p_view_format100k
0000cef0   _p_view_format100m
0000cfa8   _p_view_format10g
0000ce5e   _p_view_format10k
0000cf00   _p_view_format10m
0000cf10   _p_view_format1g
0000ce76   _p_view_format1k
0000cef8   _p_view_format1m
0000cfb8   _password_input1
0000cfcc   _password_input2
0000cfc0   _password_set1
0031a6da   _pll_setup
0031b6ab   _pow
0000d20c   _power1
0000d208   _power2
0000d1b4   _power3
0000d1b0   _power4
00009a9a   _power_update
00008ff0   _protective_relay
0000cf48   _pt_ratio_set1
0000cf24   _pt_ratio_set2
0000cf20   _pt_ratio_set3
0000ce4a   _pt_ratio_view1
0000cf64   _pt_ratio_view10
0000cf58   _pt_ratio_view11
0000cf7c   _pt_ratio_view12
0000cfc8   _pt_ratio_view13
0000cf40   _pt_ratio_view14
0000cf04   _pt_ratio_view15
0000ce6a   _pt_ratio_view16
0000cf3c   _pt_ratio_view2
0000cf2c   _pt_ratio_view3
0000cf6c   _pt_ratio_view4
0000cf68   _pt_ratio_view5
0000cf60   _pt_ratio_view6
0000cf5c   _pt_ratio_view7
0000cf54   _pt_ratio_view8
0000cf50   _pt_ratio_view9
003185c2   _pt_setting_min_max_check
0000cf34   _pt_wiring_set1
0000ce56   _pt_wiring_view1
0000d1d0   _q_value
00009891   _real_main
0000d1c8   _relay1
0000d0e4   _relay10
0000d0f0   _relay11
0000d0ec   _relay12
0000d0d8   _relay13
0000d0d4   _relay14
0000d0e0   _relay15
0000d0dc   _relay16
0000d0c8   _relay2
0000d0c4   _relay3
0000d0d0   _relay4
0000d0cc   _relay5
0000d0b8   _relay6
0000d0b4   _relay7
0000d0c0   _relay8
0000d0e8   _relay9
0000d44c   _relay_curve
00008dd0   _relay_detect_to_pickup
00008e58   _relay_dropout_to_normal
0000d37c   _relay_mode1
0000d370   _relay_mode2
0000d374   _relay_mode3
0000d380   _relay_mode4
00008dcb   _relay_normal_to_detect
0000d368   _relay_onoff1
00008df0   _relay_opeartion_to_dropout
00008dd6   _relay_pickup_to_operation
0000cf08   _relay_popup1
0000cf14   _relay_popup2
0000cefc   _relay_popup3
0000cee8   _relay_popup4
0000ceec   _relay_popup5
0000cef4   _relay_popup6
0000ce66   _relay_popup7
0000ce62   _relay_popup8
0000d038   _relay_popup9
0000d344   _relay_relay1
0000d33c   _relay_set_view1
0000d034   _relay_test1
0000d040   _relay_test2
0000d02c   _relay_test3
0000d028   _relay_test4
0000d03c   _relay_test5
0000ce90   _reset1
0000ce84   _reset2
0000cea8   _reset3
0000ce7a   _resetq
00009d67   _rtc_handling
0000d000   _run_time
0000d310   _s_l_set1
0000d30c   _s_l_set2
0000d328   _s_l_view1
0000d324   _s_l_view2
0000cea4   _save1
0000ceb0   _save_cancel1
0000ce9c   _save_confirm1
0000ce98   _save_fail1
0000ceac   _save_no1
0031a78b   _sci_setup
0000d54e   _scrP
0030a15a   _screen_frame
0030a16a   _screen_frame2
0030a179   _screen_frame3
0000a013   _serial_ok_nak_send
003172e3   _serial_write
0000d458   _set_integer
0000d088   _setting1
0000d084   _setting2
0000d090   _setting3
00318f52   _setting_load
003185af   _setting_min_max_check
0031860c   _setting_post_handling
003185d6   _setting_save
0031b705   _sin
0032224a   _sin_50Hz
00322262   _sin_60Hz
0000c0d8   _sin_table
0000d440   _six_point_2
0000d134   _sl_view1
0000d130   _sl_view2
0000d338   _sovr_view1
0000d384   _sovr_view2
0031b85c   _sprintf
0031b90c   _sqrt
0031baf1   _strcpy
0031bad5   _strlen
00009a53   _supervision_relay
0000d0ac   _supervison_set1
0000d098   _supervison_set2
0000d094   _supervison_set3
0000d0a0   _supervison_set4
0000d09c   _supervison_set5
0000d0f4   _supervison_set6
0000d0a8   _supervison_view1
0000d0a4   _supervison_view2
0000d0b0   _supervison_view3
0000d29c   _sync_set1
0000d298   _sync_set2
0000d2a4   _sync_set3
0000d2a0   _sync_set4
0000d28c   _sync_view1
0000d288   _sync_view2
0000d294   _sync_view3
0000d3b8   _syncro_view1
0000d38c   _syncro_view2
0000d390   _syncro_view3
0000d36c   _syncro_view4
0000d004   _sys_time
0000d2dc   _system_set1
0000d2d8   _system_set2
0000d2e4   _system_set3
0000d2e0   _system_set4
0000d2cc   _system_set5
0000d2c8   _system_set6
0000d2c0   _system_view1
0000d2ac   _system_view2
0000d2a8   _system_view3
0000d2b4   _system_view4
0000d2b0   _system_view5
0000d054   _test2
0000d050   _test3
0000d068   _test4
0000d260   _thr_set1
0000d25c   _thr_set2
0000d254   _thr_view1
0000d104   _thr_view4
0000d100   _thr_view5
0000d00c   _time_set1
0000cff8   _time_set2
0000cff4   _time_set3
0000d008   _time_set4
0000cffc   _time_set5
0000d020   _time_set6
0000d01c   _time_set7
0000d04c   _time_set8
0000d388   _tl_set1
0000d290   _ucr_set1
0000d300   _ucr_set2
0000d238   _ucr_view1
0000d234   _ucr_view2
0000d114   _ucr_view3
0000d110   _ucr_view4
00008eea   _under_phase_value_check
0000d3a8   _uvr_set1
0000d27c   _uvr_set2
0000d278   _uvr_set_view1
0000d284   _uvr_set_view2
0000d280   _uvr_set_view3
0000d124   _uvr_view1
0000d120   _uvr_view2
0000d378   _uvr_view3
0000d220   _uvr_view4
0000d348   _uvr_view5
0000d364   _uvr_view6
0000d3de   _view_format1
0000d3d8   _view_format10
0000d3ea   _view_format100
0000d41e   _view_format100g
0000d412   _view_format100k
0000d3f6   _view_format100m
0000d40c   _view_format10g
0000d3f0   _view_format10k
0000d400   _view_format10m
0000d406   _view_format1g
0000d3e4   _view_format1k
0000d418   _view_format1m
0000d184   _volt1
0000d19c   _volt2
0000d1f4   _volt3
0000d1f0   _volt4
0000d1fc   _volt5
0000d1f8   _volt6
0000d1e4   _volt7
0000d1e0   _volt8
0000d1ec   _volt9
0000ce88   _wave1
0000ce94   _wave2
0000ce80   _wave3
00322292   _wave_buffer_address
003222a6   _wave_buffer_post_address
0031a22a   _wave_di_initial_post
0031a20f   _wave_di_initial_pre1
0031a21d   _wave_di_initial_pre2
0000a051   _wave_dump_serial_sram
0031a234   _wave_flash_sector_erase
0031a1c6   _wave_flash_word_write
0031a24d   _wave_save_process
0031a205   _wave_vi_initial_post
0031a1ea   _wave_vi_initial_pre1
0031a1f8   _wave_vi_initial_pre2
0000cfec   _zct_set1
0000cfd8   _zct_view1
ffffffff   binit
00322582   cinit
0033fff6   code_start
0031bb09   etext
ffffffff   pinit


GLOBAL SYMBOLS: SORTED BY Symbol Address 

address    name
--------   ----
00000001   __TI_args_main
00000400   __STACK_SIZE
00000d00   _PieVectTable
00008000   _RamfuncsRunStart
00008000   _XINT3_ISR
00008bf5   _TINT1_ISR
00008d36   _SCIRXB_ISR
00008d79   _SCITXINTB_ISR
00008d9e   _SCITXINTC_ISR
00008dcb   _relay_normal_to_detect
00008dd0   _relay_detect_to_pickup
00008dd6   _relay_pickup_to_operation
00008df0   _relay_opeartion_to_dropout
00008dfa   _do_release
00008e58   _relay_dropout_to_normal
00008e62   _over_phase_value_check
00008eea   _under_phase_value_check
00008f6c   _OCR50_1_RELAY
00008ff0   _protective_relay
00009815   _Inverse_Op_Timeset
00009891   _real_main
00009a09   _float_to_8bit_fram
00009a53   _supervision_relay
00009a9a   _power_update
00009cd5   _event_direct_save
00009d67   _rtc_handling
00009e57   _delay_us
00009e86   _i2c_read
00009ec6   _i2c_write
00009f05   _key_drive
00009f74   _lcd_control_write
00009f91   _lcd_character_write
00009fae   _make_crc_send
0000a013   _serial_ok_nak_send
0000a051   _wave_dump_serial_sram
0000a0a1   _menu_drive
0000a129   _InitFlash
0000a13f   _DSP28x_usDelay
0000c000   _LOCAL_CONTROL
0000c001   _Calibration_Menu_Escape
0000c002   _MIN_MAX
0000c004   _TIMER1
0000c006   _DISPLAY_3PHASE
0000c008   _AUTO_DISPLAY
0000c00a   _PASSWORD
0000c00c   _ADDRESS
0000c00e   _GR_ANGLE
0000c010   _CORE
0000c013   _DIGITAL_OUTPUT
0000c016   _PROTECT
0000c01a   _DSGR_ANGLE
0000c01e   _SYSTEM_ALARM
0000c022   _COMM
0000c026   _MODBUS
0000c02a   _GPT
0000c02e   _FLASH
0000c032   _OCR_MODE_SET
0000c037   _SYSTEM_SET
0000c040   _TIMER0
0000c046   _UVR_MODE
0000c04c   _LOCAL_CTRL
0000c052   _DIDO
0000c05e   _ACCUMULATION
0000c06a   _RELAY_STATUS
0000c080   _WAVE
0000c08c   _TIMER
0000c098   _DIGITAL_INPUT
0000c0aa   _CPT
0000c0c0   _cos_table
0000c0d8   _sin_table
0000c100   _TIME
0000c118   _UVR_2
0000c140   _UVR_3
0000c15a   _OCGR50
0000c180   _UVR_1
0000c19a   _N47
0000c1c0   _P47
0000c1da   _SYSTEM
0000c200   _SUPERVISION
0000c220   _OVGR
0000c240   _OCGR51
0000c280   _OVR
0000c2c0   _OCR51_2
0000c300   _OCR50_2
0000c340   _OCR51_1
0000c380   _OCR50_1
0000c3c0   _EVENT
0000c400   _SGR
0000c440   _DGR
0000c480   _DFT
0000c4c0   _HIMIX
0000c540   _HARMONICS
0000c5c0   _LCD
0000c640   _DISPLAY
0000c740   _CALIBRATION
0000c880   _MEASUREMENT
0000c9c0   _SAMPLE
0000cc00   _MANAGER
0000ce14   _ManagerSystem
0000ce21   _errno
0000ce22   __unlock
0000ce24   __lock
0000ce26   __cleanup_ptr
0000ce28   __dtors_ptr
0000ce41   _Data_Change
0000ce43   _Button_Press
0000ce44   _KHS_Key_Press
0000ce45   _Set_Password
0000ce46   _Data_Change_Count
0000ce48   _event_test
0000ce4a   _pt_ratio_view1
0000ce4e   _ct_ratio_view4
0000ce52   _p_view_format10
0000ce56   _pt_wiring_view1
0000ce5a   _p_view_format100
0000ce5e   _p_view_format10k
0000ce62   _relay_popup8
0000ce66   _relay_popup7
0000ce6a   _pt_ratio_view16
0000ce6e   _ct_ratio_set1
0000ce72   _p_view_format100k
0000ce76   _p_view_format1k
0000ce7a   _resetq
0000ce80   _wave3
0000ce84   _reset2
0000ce88   _wave1
0000ce8c   _etc3
0000ce90   _reset1
0000ce94   _wave2
0000ce98   _save_fail1
0000ce9c   _save_confirm1
0000cea0   _p_view_format1
0000cea4   _save1
0000cea8   _reset3
0000ceac   _save_no1
0000ceb0   _save_cancel1
0000ceb4   _event3
0000ceb8   _event2
0000cebc   _event_t
0000cec0   _event_d
0000cec4   _eventx
0000cec8   _event4
0000cecc   _event1
0000ced0   _event9
0000ced4   _event8
0000ced8   _event11
0000cedc   _event5
0000cee0   _event12
0000cee4   _event10
0000cee8   _relay_popup4
0000ceec   _relay_popup5
0000cef0   _p_view_format100m
0000cef4   _relay_popup6
0000cef8   _p_view_format1m
0000cefc   _relay_popup3
0000cf00   _p_view_format10m
0000cf04   _pt_ratio_view15
0000cf08   _relay_popup1
0000cf0c   _event6
0000cf10   _p_view_format1g
0000cf14   _relay_popup2
0000cf18   _p_view_format100g
0000cf1c   _di_set5
0000cf20   _pt_ratio_set3
0000cf24   _pt_ratio_set2
0000cf28   _di_set4
0000cf2c   _pt_ratio_view3
0000cf30   _di_set6
0000cf34   _pt_wiring_set1
0000cf38   _di_set8
0000cf3c   _pt_ratio_view2
0000cf40   _pt_ratio_view14
0000cf44   _di_set7
0000cf48   _pt_ratio_set1
0000cf4c   _di_set_view1
0000cf50   _pt_ratio_view9
0000cf54   _pt_ratio_view8
0000cf58   _pt_ratio_view11
0000cf5c   _pt_ratio_view7
0000cf60   _pt_ratio_view6
0000cf64   _pt_ratio_view10
0000cf68   _pt_ratio_view5
0000cf6c   _pt_ratio_view4
0000cf70   _di_set3
0000cf74   _ct_ratio_set4
0000cf78   _di_set2
0000cf7c   _pt_ratio_view12
0000cf80   _di_set1
0000cf84   _lc_set1
0000cf88   _ocr_pro_view2
0000cf8c   _lc_set3
0000cf90   _ocr_pro_set2
0000cf94   _ocr_pro_set1
0000cf98   _lc_set2
0000cf9c   _ocr_pro_view1
0000cfa0   _etc1
0000cfa4   _data_reset3
0000cfa8   _p_view_format10g
0000cfac   _data_reset1
0000cfb0   _lc_view1
0000cfb4   _etc2
0000cfb8   _password_input1
0000cfbc   _di_set_view4
0000cfc0   _password_set1
0000cfc4   _di_set_view2
0000cfc8   _pt_ratio_view13
0000cfcc   _password_input2
0000cfd0   _di_set_view3
0000cfd4   _gr_set_view1
0000cfd8   _zct_view1
0000cfdc   _data_reset2
0000cfe0   _gr_set1
0000cfe4   _ct_ratio_set3
0000cfe8   _ct_ratio_set2
0000cfec   _zct_set1
0000cff4   _time_set3
0000cff8   _time_set2
0000cffc   _time_set5
0000d000   _run_time
0000d004   _sys_time
0000d008   _time_set4
0000d00c   _time_set1
0000d010   _diag2
0000d014   _diag1
0000d018   _east_egg1
0000d01c   _time_set7
0000d020   _time_set6
0000d024   _diag3
0000d028   _relay_test4
0000d02c   _relay_test3
0000d030   _led_test1
0000d034   _relay_test1
0000d038   _relay_popup9
0000d03c   _relay_test5
0000d040   _relay_test2
0000d044   _etc_view1
0000d048   _hidden1
0000d04c   _time_set8
0000d050   _test3
0000d054   _test2
0000d058   _etc_view2
0000d05c   _Cursor_Position
0000d060   _Screen_Position
0000d064   _east_egg2
0000d068   _test4
0000d06c   _Save_Current_Screen
0000d070   _east_egg3
0000d074   _docb2
0000d078   _docb1
0000d07c   _cb_status_view2
0000d080   _cb_status_view1
0000d084   _setting2
0000d088   _setting1
0000d08c   _cpt2
0000d090   _setting3
0000d094   _supervison_set3
0000d098   _supervison_set2
0000d09c   _supervison_set5
0000d0a0   _supervison_set4
0000d0a4   _supervison_view2
0000d0a8   _supervison_view1
0000d0ac   _supervison_set1
0000d0b0   _supervison_view3
0000d0b4   _relay7
0000d0b8   _relay6
0000d0bc   _cpt1
0000d0c0   _relay8
0000d0c4   _relay3
0000d0c8   _relay2
0000d0cc   _relay5
0000d0d0   _relay4
0000d0d4   _relay14
0000d0d8   _relay13
0000d0dc   _relay16
0000d0e0   _relay15
0000d0e4   _relay10
0000d0e8   _relay9
0000d0ec   _relay12
0000d0f0   _relay11
0000d0f4   _supervison_set6
0000d0f8   _nsocr_view5
0000d0fc   _nsocr_view4
0000d100   _thr_view5
0000d104   _thr_view4
0000d108   _ovgr_view7
0000d10c   _ovgr_view6
0000d110   _ucr_view4
0000d114   _ucr_view3
0000d118   _nch_view5
0000d11c   _nch_view4
0000d120   _uvr_view2
0000d124   _uvr_view1
0000d128   _h50_view2
0000d12c   _h50_view1
0000d130   _sl_view2
0000d134   _sl_view1
0000d138   _ocr_view6
0000d13c   _ocr_view5
0000d140   _gr_view2
0000d144   _gr_view1
0000d148   _ocr_view2
0000d14c   _ocr_view1
0000d150   _ocr_view4
0000d154   _ocr_view3
0000d158   _ovr_view5
0000d15c   _ovr_view4
0000d160   _ovgr_view5
0000d164   _ovgr_view4
0000d168   _gr_view4
0000d16c   _gr_view3
0000d170   _gr_view6
0000d174   _gr_view5
0000d178   _display1
0000d17c   _measuremnt3
0000d180   _measuremnt2
0000d184   _volt1
0000d188   _measuremnt4
0000d18c   _display3
0000d190   _display2
0000d194   _measuremnt1
0000d198   _display4
0000d19c   _volt2
0000d1a0   _harmonics4
0000d1a4   _harmonics3
0000d1a8   _harmonics6
0000d1ac   _harmonics5
0000d1b0   _power4
0000d1b4   _power3
0000d1b8   _harmonics2
0000d1bc   _harmonics1
0000d1c0   _do1
0000d1c4   _di1
0000d1c8   _relay1
0000d1cc   _do2
0000d1d0   _q_value
0000d1d4   _delta_vdf1
0000d1d8   _didocb2
0000d1dc   _didocb1
0000d1e0   _volt8
0000d1e4   _volt7
0000d1e8   _current1
0000d1ec   _volt9
0000d1f0   _volt4
0000d1f4   _volt3
0000d1f8   _volt6
0000d1fc   _volt5
0000d200   _current7
0000d204   _current6
0000d208   _power2
0000d20c   _power1
0000d210   _current3
0000d214   _current2
0000d218   _current5
0000d21c   _current4
0000d220   _uvr_view4
0000d224   _motor_view2
0000d228   _motor_view1
0000d22c   _motor_set2
0000d230   _motor_set1
0000d234   _ucr_view2
0000d238   _ucr_view1
0000d23c   _nsocr_view1
0000d240   _nsocr_set1
0000d244   _comm_view1
0000d248   _commx
0000d24c   _comm_set2
0000d250   _comm_set1
0000d254   _thr_view1
0000d258   _motor_set3
0000d25c   _thr_set2
0000d260   _thr_set1
0000d264   _l_cb_open
0000d268   _p47_view1
0000d26c   _p47_set1
0000d270   _n47_view1
0000d274   _n47_set1
0000d278   _uvr_set_view1
0000d27c   _uvr_set2
0000d280   _uvr_set_view3
0000d284   _uvr_set_view2
0000d288   _sync_view2
0000d28c   _sync_view1
0000d290   _ucr_set1
0000d294   _sync_view3
0000d298   _sync_set2
0000d29c   _sync_set1
0000d2a0   _sync_set4
0000d2a4   _sync_set3
0000d2a8   _system_view3
0000d2ac   _system_view2
0000d2b0   _system_view5
0000d2b4   _system_view4
0000d2b8   _nch_view1
0000d2bc   _nch_set4
0000d2c0   _system_view1
0000d2c4   _nch_view2
0000d2c8   _system_set6
0000d2cc   _system_set5
0000d2d0   _ct_ratio_view2
0000d2d4   _ct_ratio_view1
0000d2d8   _system_set2
0000d2dc   _system_set1
0000d2e0   _system_set4
0000d2e4   _system_set3
0000d2e8   _ct_ratio_view3
0000d2ec   _cb_fail2
0000d2f0   _cb_fail1
0000d2f4   _cb_cancel2
0000d2f8   _cb_cancel1
0000d2fc   _l_cb_close
0000d300   _ucr_set2
0000d304   _cb_good2
0000d308   _cb_good1
0000d30c   _s_l_set2
0000d310   _s_l_set1
0000d314   _nch_set2
0000d318   _nch_set1
0000d31c   _h50_set1
0000d320   _h50_view3
0000d324   _s_l_view2
0000d328   _s_l_view1
0000d32c   _ocr50_view1
0000d330   _ocr50_set1
0000d334   _ocr51_set1
0000d338   _sovr_view1
0000d33c   _relay_set_view1
0000d340   _ocr50_view2
0000d344   _relay_relay1
0000d348   _uvr_view5
0000d34c   _ocgr50_view2
0000d350   _ocgr51_view1
0000d354   _ocgr50_set1
0000d358   _ocr51_view1
0000d35c   _ocgr51_set1
0000d360   _ocgr50_view1
0000d364   _uvr_view6
0000d368   _relay_onoff1
0000d36c   _syncro_view4
0000d370   _relay_mode2
0000d374   _relay_mode3
0000d378   _uvr_view3
0000d37c   _relay_mode1
0000d380   _relay_mode4
0000d384   _sovr_view2
0000d388   _tl_set1
0000d38c   _syncro_view2
0000d390   _syncro_view3
0000d394   _delay_set1
0000d398   _ovr_view1
0000d39c   _ovr_view2
0000d3a0   _dsgr_set4
0000d3a4   _ovr_set1
0000d3a8   _uvr_set1
0000d3ac   _nch_set3
0000d3b0   _ovgr_view1
0000d3b4   _ovgr_view2
0000d3b8   _syncro_view1
0000d3bc   _dsgr_view3
0000d3c0   _ovgr_set1
0000d3c4   _dsgr_view1
0000d3c8   _dsgr_set2
0000d3cc   _dsgr_set3
0000d3d0   _dsgr_view2
0000d3d4   _dsgr_set1
0000d3d8   _view_format10
0000d3de   _view_format1
0000d3e4   _view_format1k
0000d3ea   _view_format100
0000d3f0   _view_format10k
0000d3f6   _view_format100m
0000d400   _view_format10m
0000d406   _view_format1g
0000d40c   _view_format10g
0000d412   _view_format100k
0000d418   _view_format1m
0000d41e   _view_format100g
0000d424   _event_control
0000d42c   _event_reset
0000d440   _six_point_2
0000d44c   _relay_curve
0000d458   _set_integer
0000d464   _event_mode_change
0000d480   _event_phase
0000d492   _event_io
0000d4a6   _event_set
0000d4c0   _event_relay
0000d500   _Trip_Message
0000d540   _Lcd_Bl_Count
0000d542   _LCD_RS
0000d544   _dumpP
0000d546   _LCD_LIGHT
0000d548   _VFD_cnt
0000d54a   _NorScr
0000d54e   _scrP
0000d552   _ReserveP
0000d556   _FauScr
0000d55a   _AckScr
0000d580   _VFDABuffer
0000d5c0   _VFDFBuffer
0000d600   _VFDNBuffer
0000d63c   __stack
0000da3c   __STACK_END
00308000   _RamfuncsLoadStart
0030a143   _RamfuncsLoadEnd
0030a144   .text
0030a144   ___text__
0030a144   _cursor_move
0030a153   _cursor_move_last
0030a15a   _screen_frame
0030a16a   _screen_frame2
0030a179   _screen_frame3
0030a189   _menu_00_00
0030a209   _menu_00_01
0030a256   _menu_00_02
0030a2c6   _menu_00_03
0030a31b   _menu_00_04
0030a370   _menu_00_05
0030a3c5   _menu_00_06
0030a41a   _menu_00_07
0030a46b   _menu_00_08
0030a4bc   _menu_01_01
0030a512   _menu_01_03
0030a55f   _menu_01_04
0030a5e0   _menu_01_05
0030a61d   _menu_01_06
0030a66a   _menu_01_07
0030a6d3   _menu_01_08
0030a74a   _menu_01_09
0030a7b3   _menu_01_10
0030a82a   _menu_01_11
0030a893   _menu_01_12
0030a90a   _menu_01_13
0030a95b   _menu_01_14
0030a9ac   _menu_02_01
0030a9e4   _menu_02_03
0030aa35   _menu_02_04
0030aaaa   _menu_02_05
0030aaf9   _menu_02_06
0030ab48   _menu_03_03
0030abb1   _menu_04_02
0030abf1   _menu_04_03
0030ac86   _menu_29_02
0030ace9   _menu_29_03
0030acfa   _menu_41_02
0030ad45   _menu_41_03
0030addd   _menu_41_04
0030ae4f   _menu_41_05
0030afac   _menu_41_06
0030b03f   _menu_41_07
0030b068   _menu_41_08
0030b0bf   _menu_41_09
0030b120   _menu_41_10
0030b18d   _menu_41_11
0030b1b0   _menu_41_12
0030b1d3   _menu_42_01
0030b27e   _menu_42_02
0030b29d   _menu_42_03
0030b339   _menu_42_05
0030b498   _menu_42_06
0030b540   _menu_42_07
0030b5d3   _menu_42_08
0030b5fc   _menu_42_09
0030b66b   _menu_42_10
0030b6cc   _menu_42_11
0030b73b   _menu_42_12
0030b75e   _menu_42_13
0030b781   _menu_43_03
0030b928   _menu_43_04
0030b99a   _menu_43_05
0030baf7   _menu_43_06
0030bb8a   _menu_43_07
0030bbb3   _menu_43_08
0030bc0a   _menu_43_09
0030bc6b   _menu_43_10
0030bcd8   _menu_43_11
0030bcfb   _menu_43_12
0030bd1e   _menu_44_03
0030be72   _menu_44_05
0030bfd1   _menu_44_06
0030c079   _menu_44_07
0030c10c   _menu_44_08
0030c135   _menu_44_09
0030c1a4   _menu_44_10
0030c205   _menu_44_11
0030c274   _menu_44_12
0030c297   _menu_44_13
0030c2ba   _menu_45_03
0030c345   _menu_45_04
0030c3c0   _menu_45_05
0030c519   _menu_45_06
0030c5c1   _menu_45_07
0030c654   _menu_45_08
0030c68e   _menu_45_09
0030c6fd   _menu_45_10
0030c75e   _menu_45_11
0030c7cd   _menu_45_12
0030c7f0   _menu_45_13
0030c813   _menu_46_04
0030c88e   _menu_46_05
0030c9e7   _menu_46_06
0030ca8f   _menu_46_07
0030cb22   _menu_46_08
0030cb5c   _menu_46_09
0030cbcb   _menu_46_10
0030cc2c   _menu_46_11
0030cc9b   _menu_46_12
0030ccbe   _menu_46_13
0030cce1   _menu_47_04
0030cd53   _menu_47_05
0030ceb0   _menu_47_06
0030cf43   _menu_47_07
0030cf6c   _menu_47_08
0030cfc3   _menu_47_09
0030d024   _menu_47_10
0030d091   _menu_47_11
0030d0b4   _menu_47_12
0030d0d7   _menu_48_05
0030d236   _menu_48_06
0030d2de   _menu_48_07
0030d371   _menu_48_08
0030d39a   _menu_48_09
0030d409   _menu_48_10
0030d46a   _menu_48_11
0030d4d9   _menu_48_12
0030d4fc   _menu_48_13
0030d51f   _menu_49_04
0030d5a6   _menu_49_05
0030d6f7   _menu_49_06
0030d79f   _menu_49_07
0030d832   _menu_49_08
0030d86c   _menu_49_09
0030d8db   _menu_49_10
0030d93c   _menu_49_11
0030d9ab   _menu_49_12
0030d9ce   _menu_49_13
0030d9f1   _menu_50_04
0030db65   _menu_50_05
0030dbff   _menu_50_06
0030dc92   _menu_50_07
0030dcc7   _menu_50_08
0030dcfc   _menu_50_09
0030dd5d   _menu_50_10
0030ddca   _menu_50_11
0030dded   _menu_50_12
0030de10   _menu_51_04
0030df84   _menu_51_05
0030e01e   _menu_51_06
0030e0b1   _menu_51_07
0030e0e6   _menu_51_08
0030e11b   _menu_51_09
0030e17c   _menu_51_10
0030e1e9   _menu_51_11
0030e20c   _menu_51_12
0030e22f   _menu_52_04
0030e3a3   _menu_52_05
0030e43d   _menu_52_06
0030e4d0   _menu_52_07
0030e505   _menu_52_08
0030e53a   _menu_52_09
0030e59b   _menu_52_10
0030e608   _menu_52_11
0030e62b   _menu_52_12
0030e64e   _menu_53_04
0030e7c2   _menu_53_05
0030e85c   _menu_53_06
0030e8ef   _menu_53_07
0030e924   _menu_53_08
0030e959   _menu_53_09
0030e9ba   _menu_53_10
0030ea27   _menu_53_11
0030ea4a   _menu_53_12
0030ea6d   _menu_54_04
0030eb85   _menu_54_05
0030ec1f   _menu_54_06
0030ecb2   _menu_54_07
0030ece7   _menu_54_08
0030ed1c   _menu_54_09
0030ed7d   _menu_54_10
0030edea   _menu_54_11
0030ee0d   _menu_54_12
0030ee30   _menu_55_04
0030eefd   _menu_55_05
0030f014   _menu_55_06
0030f0ae   _menu_55_07
0030f141   _menu_55_08
0030f16a   _menu_55_09
0030f1ab   _menu_55_10
0030f20c   _menu_55_11
0030f27b   _menu_55_12
0030f29e   _menu_55_13
0030f2c1   _menu_56_05
0030f3d8   _menu_56_06
0030f480   _menu_56_07
0030f513   _menu_56_08
0030f53c   _menu_56_09
0030f57d   _menu_56_10
0030f5de   _menu_56_11
0030f64d   _menu_56_12
0030f670   _menu_56_13
0030f693   _menu_57_04
0030f745   _menu_57_05
0030f82a   _menu_57_06
0030f8bd   _menu_57_07
0030f8e6   _menu_57_08
0030f91b   _menu_57_09
0030f97c   _menu_57_10
0030f9e9   _menu_57_11
0030fa0c   _menu_57_12
0030fa2f   _menu_58_05
0030fb28   _menu_58_06
0030fbd0   _menu_58_07
0030fc63   _menu_58_08
0030fc8c   _menu_58_09
0030fccd   _menu_58_10
0030fd2e   _menu_58_11
0030fd9d   _menu_58_12
0030fdc0   _menu_58_13
0030fde3   _menu_59_04
0030ffb4   _menu_59_05
003100ad   _menu_59_06
00310148   _menu_59_07
003101d6   _menu_59_08
00310269   _menu_59_09
003102c0   _menu_59_10
00310301   _menu_59_11
00310330   _menu_59_12
00310391   _menu_59_13
00310402   _menu_59_14
00310425   _menu_59_15
00310448   _menu_60_04
0031052d   _menu_60_05
00310626   _menu_60_06
003106c1   _menu_60_07
0031074f   _menu_60_08
003107e2   _menu_60_09
00310817   _menu_60_10
00310858   _menu_60_11
00310887   _menu_60_12
003108e8   _menu_60_13
00310959   _menu_60_14
0031097c   _menu_60_15
0031099f   _menu_80_03
00310a5c   _menu_80_04
00310b0d   _menu_80_05
00310b9c   _menu_80_06
00310c2b   _menu_80_07
00310cba   _menu_80_08
00310d49   _menu_80_09
00310dd8   _menu_80_10
00310e27   _menu_80_11
00310fcd   _menu_80_12
00310ff0   _menu_80_13
00311013   _menu_81_03
00311094   _menu_81_04
0031114f   _menu_81_05
003111ff   _menu_81_06
003112c7   _menu_81_07
00311434   _menu_81_08
003114c7   _menu_81_09
00311544   _menu_81_10
003115ba   _menu_81_11
003115dd   _menu_81_12
00311600   _menu_82_03
00311664   _menu_82_04
003116e1   _menu_82_05
00311760   _menu_82_06
003117df   _menu_82_07
0031185c   _menu_82_08
003118d9   _menu_82_09
00311959   _menu_82_10
00311994   _menu_82_11
003119e7   _menu_82_12
00311a0a   _menu_82_13
00311a2d   _menu_83_03
00311a96   _menu_83_04
00311aed   _menu_83_05
00311b40   _menu_83_06
00311bcd   _menu_83_07
00311bf0   _menu_83_08
00311c13   _menu_84_03
00311c80   _menu_84_05
00311d10   _menu_84_06
00311d63   _menu_84_07
00311d86   _menu_84_08
00311da9   _menu_84_09
00311dcc   _menu_85_03
00311e4a   _menu_85_04
00311e9d   _menu_85_05
00311ec0   _menu_85_06
00311ee3   _menu_86_03
00311f57   _menu_86_04
00311faa   _menu_86_05
00311fcd   _menu_86_06
00311ff0   _menu_87_03
0031206a   _menu_87_04
003120bd   _menu_87_05
003120e0   _menu_87_06
00312103   _menu_88_03
00312179   _menu_88_04
00312209   _menu_88_05
00312238   _menu_88_06
003122a1   _menu_88_07
003122c4   _menu_88_08
003122e7   _menu_89_03
0031236a   _menu_89_04
003123c3   _menu_89_05
0031242c   _menu_89_06
0031244f   _menu_89_07
00312472   _menu_90_03
003124ba   _menu_90_04
0031250d   _menu_90_05
00312530   _menu_90_06
00312553   _menu_91_04
003125e4   _menu_91_05
00312613   _menu_91_06
0031267c   _menu_91_07
0031269f   _menu_91_08
003126c2   _menu_92_04
0031275a   _menu_92_05
003127d4   _menu_92_06
00312826   _menu_92_07
00312891   _menu_92_08
003128b4   _menu_92_09
003128d7   _menu_95_04
0031293e   _menu_95_05
00312986   _menu_95_06
003129d3   _menu_95_07
00312a40   _menu_95_08
00312a63   _menu_95_09
00312a86   _menu_96_05
00312ab1   _menu_97_04
00312b31   _menu_97_05
00312bb4   _menu_97_06
00312beb   _menu_97_07
00312c46   _menu_97_08
00312c69   _menu_97_09
00312c8c   _menu_98_04
00312cf5   _menu_98_05
00312d5e   _menu_98_06
00312dbe   _menu_98_07
00312df2   _menu_98_08
00312e2e   _menu_98_09
00312e9b   _menu_98_10
00312ebe   _menu_98_11
00312ee1   _menu_99_04
00312f34   _menu_99_05
00312f57   _menu_99_06
00312f7a   _menu_100_04
00312fe4   _menu_100_05
00313015   _menu_100_06
0031307e   _menu_100_07
003130a1   _menu_100_08
003130c4   _menu_101_04
00313120   _menu_101_05
00313177   _menu_101_06
003131ae   _menu_101_07
0031321a   _menu_101_08
0031323d   _menu_101_09
00313260   _menu_102_05
003132a4   _menu_102_06
003132cf   _menu_103_04
00313336   _menu_103_05
00313381   _menu_103_06
003133bc   _menu_103_07
00313427   _menu_103_08
0031344a   _menu_103_09
0031346d   _menu_104_04
003134d4   _menu_104_05
00313567   _menu_104_06
00313592   _menu_104_07
003135c6   _menu_104_08
00313627   _menu_104_09
00313692   _menu_104_10
003136b5   _menu_104_11
003136d8   _menu_150_01
0031373e   _menu_150_02
00313794   _menu_151_01
003138b3   _menu_151_02
00313919   _menu_151_03
0031397f   _menu_151_04
003139e6   _menu_151_05
00313a8a   _menu_151_06
00313aa4   _menu_151_07
00313abe   _menu_152_01
00313b1c   _menu_152_02
00313b4f   _menu_152_03
00313bea   _menu_152_04
00313c90   _menu_152_05
00313cbb   _menu_153_01
00313d3a   _menu_153_02
00313dfe   _menu_153_03
00313ec2   _menu_153_04
00313f86   _menu_153_05
00314116   _menu_153_06
003141da   _menu_153_07
0031429e   _menu_153_08
00314362   _menu_153_09
0031442c   _menu_153_10
003145af   _menu_153_11
003145d2   _menu_153_12
003145f5   _menu_154_02
0031464c   _menu_154_03
0031466f   _menu_154_04
00314692   _menu_156_02
00314726   _menu_156_03
003147ba   _menu_156_04
0031484e   _menu_156_05
003148e2   _menu_156_06
00314976   _menu_156_07
00314a0a   _menu_156_08
00314a9e   _menu_156_09
00314b35   _menu_156_10
00314b66   _menu_156_11
00314b97   _menu_156_12
00314bc8   _menu_156_13
00314bf6   _menu_156_14
00314c6d   _menu_156_15
00314c90   _menu_156_16
00314cb3   _menu_157_02
00314d42   _menu_157_03
00314dab   _menu_157_04
00314dce   _menu_157_05
00314df1   _menu_dummy
00314e10   _menu_popup
00314e42   _menu_reset
00314e6c   _menu_99_00
00314e88   _Event_Item_Display
00315041   _Event_Time_Display
003150c6   _menu_init
003150e5   _Save_Screen_Info
003150f0   _Restore_Screen_Info
003150f7   _main
00315104   _himix_drive
003158bf   _himix_crc
003158fc   _float_to_integer
00315921   _harmonics
00315e46   _harmonic_sample_backup
00315f4a   _harmonic_real_imag_calculation
00316191   _measure_display
003162eb   _measure2_display
00316452   _interrupt_control
0031648a   _COMM_CRC
003164b0   _manager_handling
003172e3   _serial_write
0031738f   _comm_drive
00317614   _booting_setting_check
003185a2   _aux_do_check
003185af   _setting_min_max_check
003185c2   _pt_setting_min_max_check
003185d6   _setting_save
0031860c   _setting_post_handling
00318f52   _setting_load
00318f76   _Setting_CRC
00318fb2   _event_info_update
00318fc5   _GPT_Default_Settings
00318fdd   _CPT_Default_Settings
00319037   _ADDRESS_Default_Settings
0031904d   _AUTO_DISPLAY_Default_Settings
00319062   _PASSWORD_Default_Settings
00319078   _LOCAL_CTRL_Default_Settings
00319091   _UVR_MODE_Default_Settings
003190ab   _DISPLAY_3PHASE_Default_Settings
003190c1   _MODBUS_Default_Settings
003190d8   _OCR_MODE_Default_Settings
003190f0   _SYSTEM_ALARM_Default_Settings
00319107   _OCR50_1_Default_Settings
00319137   _OCR50_2_Default_Settings
00319167   _OCR51_1_Default_Settings
00319197   _OCR51_2_Default_Settings
003191c7   _OCGR50_Default_Settings
003191f7   _OCGR51_Default_Settings
00319227   _UVR_1_Default_Settings
00319269   _UVR_2_Default_Settings
003192ab   _UVR_3_Default_Settings
003192ed   _P47_Default_Settings
0031932f   _N47_Default_Settings
00319371   _OVR_Default_Settings
003193bb   _OVGR_Default_Settings
003193f6   _DGR_Default_Settings
00319447   _SGR_Default_Settings
0031948c   _DI_Default_Settings
003194a8   _DO_Default_Settings
003194bd   _ClearFLASH
00319d04   __printfi
00319e07   _delay
00319e36   _LCD_DATA
00319e49   _LCD_COMMAND
00319e5a   _LCD_INIT
00319e80   _LCD_light_ON
00319e86   _LCD_light_OFF
00319e8b   _VFD_gotopo
00319ea0   _VFD_Init
00319ed8   _VFD_gotoxy
00319eea   _VFD_mem_cpy_test
00319ef1   _VFD_dump
00319f36   _VFD_dump2
00319f76   _VFD_Single_Line_dump
00319f9f   _VFD_Word_dump
00319fc9   _VFD_cursor
00319ff6   _VFD_printf
0031a005   _VFD_FONT
0031a006   _eerom_control
0031a06e   _eerom_write
0031a101   _eerom_read
0031a192   _flash_sector_erase
0031a1af   _flash_word_write
0031a1c6   _wave_flash_word_write
0031a1ea   _wave_vi_initial_pre1
0031a1f8   _wave_vi_initial_pre2
0031a205   _wave_vi_initial_post
0031a20f   _wave_di_initial_pre1
0031a21d   _wave_di_initial_pre2
0031a22a   _wave_di_initial_post
0031a234   _wave_flash_sector_erase
0031a24d   _wave_save_process
0031a619   _led_handling
0031a687   _DO_Output
0031a6bc   _cpu_setup
0031a6da   _pll_setup
0031a711   _Peripheral_Clock_setup
0031a734   _interrupt_setup
0031a78b   _sci_setup
0031a7e0   _GPIO_setup
0031a83b   _Xinterface_setup
0031a891   _InitTimer
0031a8bf   _i2c_setup
0031a8ea   _lcd_setup
0031abe3   _Offset_Check
0031ac0b   _DFT_Check
0031ac72   _Degree_Check
0031acbb   _ADC_Offset_Calibration
0031ad36   _ADC_High_Calibration
0031ae29   _ADC_low_Calibration
0031b0ed   LL$$DIV
0031b129   LL$$MOD
0031b163   ULL$$DIV
0031b192   ULL$$MOD
0031b1f4   _atan2
0031b2b8   FD$$ADD
0031b354   FD$$DIV
0031b3df   FS$$DIV
0031b467   _OCR50_2_RELAY
0031b4eb   FD$$MPY
0031b56e   _atan
0031b5e0   _exp
0031b64a   _cos
0031b6ab   _pow
0031b705   _sin
0031b75c   __log
0031b7b0   _c_int00
0031b7f6   _ldexp
0031b82b   _atoi
0031b85c   _sprintf
0031b88b   _ltoa
0031b8b7   FD$$CMP
0031b8e1   L$$DIV
0031b8f0   L$$MOD
0031b8fe   UL$$DIV
0031b905   UL$$MOD
0031b90c   _sqrt
0031b92f   I$$DIV
0031b940   I$$MOD
0031b951   FD$$TOI
0031b972   ___memcpy_ff
0031b993   FD$$TOL
0031b9b2   LL$$CMP
0031b9c4   ULL$$CMP
0031b9d0   FS$$TOFD
0031b9ec   L$$TOFD
0031ba08   FD$$TOUL
0031ba23   __args_main
0031ba3c   C$$EXIT
0031ba3c   _abort
0031ba3e   _exit
0031ba55   _frexp
0031ba6b   UL$$TOFD
0031ba81   _MemCopy
0031ba96   LL$$MPY
0031baaa   _memccpy
0031babc   FD$$SUB
0031baca   U$$DIV
0031bacf   U$$MOD
0031bad5   _strlen
0031badf   __register_unlock
0031bae3   __register_lock
0031bae7   __nop
0031bae8   FD$$NEG
0031baf1   _strcpy
0031bb02   _memset
0031bb09   ___etext__
0031bb09   etext
0031ff36   _menu_tables
00321b56   __ctypes_
00321c57   _CRC_High
00321d57   _CRC_Low
00321e58   _KHS_LCD_Buffer
00321ea4   _harmonics_1st_cos
00321eec   _harmonics_1st_sin
00321f34   _harmonics_3rd_cos
00321f7c   _harmonics_3rd_sin
00321fc4   _harmonics_5th_cos
0032200c   _harmonics_5th_sin
00322054   _harmonics_7th_cos
0032209c   _harmonics_7th_sin
003220e4   _harmonics_9th_cos
0032212c   _harmonics_9th_sin
00322174   _SGR_T_MIN
00322175   _OCR50_T_MIN
00322176   _OVGR_TL_MIN
00322177   _SGR_I_MIN
00322178   _SGR_I_MAX
00322179   _CT_MAX
0032217a   _CT_MIN
0032217b   _SGR_A_MAX
0032217c   _SGR_T_MAX
0032217d   _SGR_A_MIN
0032217e   _UVR_T_MIN
0032217f   _OCGR51_TL_MAX
00322180   _UVR_T_MAX
00322181   _P47_T_MIN
00322182   _N47_T_MIN
00322183   _DGR_A_MIN
00322184   _DGR_A_MAX
00322185   _DGR_T_MAX
00322186   _OVR_TL_MAX
00322187   _DGR_T_MIN
00322188   _P47_T_MAX
00322189   _OVR_T_MAX
0032218a   _OVR_TL_MIN
0032218b   _OCGR50_T_MAX
0032218c   _OCGR50_T_MIN
0032218d   _OCGR51_TL_MIN
0032218e   _CT_1A_RATED
0032218f   _DEBOUNCE_MIN
00322190   _N47_T_MAX
00322191   _OCR50_T_MAX
00322192   _CT_5A_RATED
00322193   _OCR51_TL_MAX
00322194   _OVGR_TL_MAX
00322195   _OCR51_TL_MIN
00322196   _DEBOUNCE_MAX
00322197   _OVR_T_MIN
00322198   _PT_MIN
0032219a   _CALIB_In_MIN
0032219c   _CALIB_I_MAX
0032219e   _CALIB_V_MIN
003221a0   _CALIB_In_MAX
003221a2   _CALIB_I_MIN
003221a4   _PT_MAX
003221a6   _CALIB_V_MAX
003221a8   _CALIB_Vo_MAX
003221aa   _CALIB_Vo_MIN
003221ac   _LCD_Position_Value
0032221a   _cos_50Hz
00322232   _cos_60Hz
0032224a   _sin_50Hz
00322262   _sin_60Hz
00322292   _wave_buffer_address
003222a6   _wave_buffer_post_address
00322346   _himix_number
00322350   _DO_ON_BIT
00322359   _OFF_BIT
00322362   _ON_BIT
0032237c   _DO_OFF_BIT
003224a8   _N47_V_MAX
003224ac   _N47_V_MIN
003224b0   _OVR_V_MAX
003224b4   _OVR_V_MIN
003224b8   _P47_V_MAX
003224bc   _P47_V_MIN
003224c0   _UVR_1_V_MAX
003224c4   _UVR_1_V_MIN
003224c8   _UVR_2_V_MAX
003224cc   _UVR_2_V_MIN
003224d0   _UVR_3_V_MAX
003224d4   _UVR_3_V_MIN
0032253e   _DGR_V_MAX
00322541   _DGR_V_MIN
00322544   _OVGR_V_MAX
00322547   _OVGR_V_MIN
0032254a   _SGR_V_MAX
0032254d   _SGR_V_MIN
0032256e   _DGR_I_MAX
00322570   _DGR_I_MIN
00322572   _OCGR50_I_MAX
00322574   _OCGR50_I_MIN
00322576   _OCGR51_I_MAX
00322578   _OCGR51_I_MIN
0032257a   _OCR50_I_MAX
0032257c   _OCR50_I_MIN
0032257e   _OCR51_I_MAX
00322580   _OCR51_I_MIN
00322582   ___cinit__
00322582   cinit
0033fff6   code_start
ffffffff   ___binit__
ffffffff   ___c_args__
ffffffff   ___pinit__
ffffffff   binit
ffffffff   pinit

[1200 symbols]
