******************************************************************************
             TMS320C2000 Linker PC v6.1.0                      
******************************************************************************
>> Linked Mon Feb 16 09:10:07 2015

OUTPUT FILE NAME:   <HIMAP4UP_v01_modifying.out>
ENTRY POINT SYMBOL: "_c_int00"  address: 00313807


MEMORY CONFIGURATION

         name            origin    length      used     unused   attr    fill
----------------------  --------  ---------  --------  --------  ----  --------
PAGE 0:
  RAML_CODE             00008000   00004000  00002be2  0000141e  RWIX
  FLASH_CODE            00308000   00037f80  0000de3e  0002a142  RWIX
  CSM_RSVD              0033ff80   00000076  00000000  00000076  RWIX
  BEGIN                 0033fff6   00000002  00000002  00000000  RWIX
  CSM_PWL               0033fff8   00000008  00000000  00000008  RWIX
  ADC_CAL               00380080   00000009  00000000  00000009  RWIX
  OTP                   00380400   00000400  00000000  00000400  RWIX
  IQTABLES              003fe000   00000b50  00000000  00000b50  RWIX
  IQTABLES2             003feb50   0000008c  00000000  0000008c  RWIX
  FPUTABLES             003febdc   000006a0  00000000  000006a0  RWIX
  ROM                   003ff27c   00000d44  00000000  00000d44  RWIX
  RESET                 003fffc0   00000002  00000000  00000002  RWIX
  VECTORS               003fffc2   0000003e  00000000  0000003e  RWIX

PAGE 1:
  BOOT_RSVD             00000000   00000050  00000000  00000050  RWIX
  RAMM0                 00000050   000003b0  00000000  000003b0  RWIX
  RAMM1                 00000400   00000400  00000000  00000400  RWIX
  DEV_EMU               00000880   00000180  00000000  00000180  RWIX
  FLASH_REGS            00000a80   00000060  00000000  00000060  RWIX
  CSM                   00000ae0   00000010  00000000  00000010  RWIX
  ADC_MIRROR            00000b00   00000010  00000000  00000010  RWIX
  XINTF                 00000b20   00000020  00000000  00000020  RWIX
  CPU_TIMER0            00000c00   00000008  00000000  00000008  RWIX
  CPU_TIMER1            00000c08   00000008  00000000  00000008  RWIX
  CPU_TIMER2            00000c10   00000008  00000000  00000008  RWIX
  PIE_CTRL              00000ce0   00000020  00000000  00000020  RWIX
  PIE_VECT              00000d00   00000100  00000100  00000000  RWIX
  DMA                   00001000   00000200  00000000  00000200  RWIX
  MCBSPA                00005000   00000040  00000000  00000040  RWIX
  MCBSPB                00005040   00000040  00000000  00000040  RWIX
  ECANA                 00006000   00000040  00000000  00000040  RWIX
  ECANA_LAM             00006040   00000040  00000000  00000040  RWIX
  ECANA_MOTS            00006080   00000040  00000000  00000040  RWIX
  ECANA_MOTO            000060c0   00000040  00000000  00000040  RWIX
  ECANA_MBOX            00006100   00000100  00000000  00000100  RWIX
  ECANB                 00006200   00000040  00000000  00000040  RWIX
  ECANB_LAM             00006240   00000040  00000000  00000040  RWIX
  ECANB_MOTS            00006280   00000040  00000000  00000040  RWIX
  ECANB_MOTO            000062c0   00000040  00000000  00000040  RWIX
  ECANB_MBOX            00006300   00000100  00000000  00000100  RWIX
  EPWM1                 00006800   00000022  00000000  00000022  RWIX
  EPWM2                 00006840   00000022  00000000  00000022  RWIX
  EPWM3                 00006880   00000022  00000000  00000022  RWIX
  EPWM4                 000068c0   00000022  00000000  00000022  RWIX
  EPWM5                 00006900   00000022  00000000  00000022  RWIX
  EPWM6                 00006940   00000022  00000000  00000022  RWIX
  ECAP1                 00006a00   00000020  00000000  00000020  RWIX
  ECAP2                 00006a20   00000020  00000000  00000020  RWIX
  ECAP3                 00006a40   00000020  00000000  00000020  RWIX
  ECAP4                 00006a60   00000020  00000000  00000020  RWIX
  ECAP5                 00006a80   00000020  00000000  00000020  RWIX
  ECAP6                 00006aa0   00000020  00000000  00000020  RWIX
  EQEP1                 00006b00   00000040  00000000  00000040  RWIX
  EQEP2                 00006b40   00000040  00000000  00000040  RWIX
  GPIOCTRL              00006f80   00000040  00000000  00000040  RWIX
  GPIODAT               00006fc0   00000020  00000000  00000020  RWIX
  GPIOINT               00006fe0   00000020  00000000  00000020  RWIX
  SYSTEM                00007010   00000020  00000000  00000020  RWIX
  SPIA                  00007040   00000010  00000000  00000010  RWIX
  SCIA                  00007050   00000010  00000000  00000010  RWIX
  XINTRUPT              00007070   00000010  00000000  00000010  RWIX
  ADC                   00007100   00000020  00000000  00000020  RWIX
  SCIB                  00007750   00000010  00000000  00000010  RWIX
  SCIC                  00007770   00000010  00000000  00000010  RWIX
  I2CA                  00007900   00000040  00000000  00000040  RWIX
  RAML_DATA             0000c000   00004000  000012fc  00002d04  RWIX
  FLASHB                00330000   00008000  00000000  00008000  RWIX
  CSM_PWL               0033fff8   00000008  00000000  00000008  RWIX
  PARTID                00380090   00000001  00000000  00000001  RWIX


SECTION ALLOCATION MAP

 output                                  attributes/
section   page    origin      length       input sections
--------  ----  ----------  ----------   ----------------
.pinit     0    00308000    00000000     UNINITIALIZED

ramfuncs   0    00308000    00002be2     RUN ADDR = 00008000
                  00308000    00001343     relaying.obj (ramfuncs)
                  00309343    00000f5d     system_isr.obj (ramfuncs:retain)
                  0030a2a0    0000041e     main.obj (ramfuncs)
                  0030a6be    0000022a     peripheral.obj (ramfuncs)
                  0030a8e8    00000180     setting.obj (ramfuncs)
                  0030aa68    000000b5     comms.obj (ramfuncs)
                  0030ab1d    000000ab     menu.obj (ramfuncs)
                  0030abc8    00000016     system_setup.obj (ramfuncs)
                  0030abde    00000004     DSP2833x_usDelay.obj (ramfuncs)

.text      0    0030abe2    00008f7d     
                  0030abe2    00002881     menu.obj (.text)
                  0030d463    00001440     main.obj (.text)
                  0030e8a3    000012f7     setting.obj (.text)
                  0030fb9a    0000123e     comms.obj (.text)
                  00310dd8    00000968     peripheral.obj (.text)
                  00311740    00000924     calibration.obj (.text)
                  00312064    00000911     rts2800_fpu32.lib : _printfi.obj (.text)
                  00312975    0000052b     system_setup.obj (.text)
                  00312ea0    000002c5     booting.obj (.text)
                  00313165    00000107     rts2800_fpu32.lib : ll_div.obj (.text)
                  0031326c    000000c4                       : atan2.obj (.text)
                  00313330    0000009c                       : fd_add.obj (.text)
                  003133cc    0000008b                       : fd_div.obj (.text)
                  00313457    00000088                       : fs_div.obj (.text)
                  003134df    00000083                       : fd_mpy.obj (.text)
                  00313562    00000072                       : atan.obj (.text)
                  003135d4    0000006a                       : exp.obj (.text)
                  0031363e    00000063                       : log.obj (.text)
                  003136a1    00000061                       : cos.obj (.text)
                  00313702    0000005a                       : pow.obj (.text)
                  0031375c    00000057                       : sin.obj (.text)
                  003137b3    00000054                       : _log.obj (.text)
                  00313807    00000046                       : boot.obj (.text)
                  0031384d    00000035                       : ldexp.obj (.text)
                  00313882    00000031                       : atoi.obj (.text)
                  003138b3    0000002f                       : sprintf.obj (.text)
                  003138e2    0000002c                       : ltoa.obj (.text)
                  0031390e    0000002a                       : fd_cmp.obj (.text)
                  00313938    0000002a                       : l_div.obj (.text)
                  00313962    00000023                       : sqrt.obj (.text)
                  00313985    00000022                       : i_div.obj (.text)
                  003139a7    00000021                       : fd_toi.obj (.text)
                  003139c8    00000021                       : memcpy_ff.obj (.text)
                  003139e9    0000001f                       : fd_tol.obj (.text)
                  00313a08    0000001e                       : ll_cmp.obj (.text)
                  00313a26    0000001c                       : fs_tofd.obj (.text)
                  00313a42    0000001c                       : l_tofd.obj (.text)
                  00313a5e    0000001b                       : fd_toul.obj (.text)
                  00313a79    00000019                       : args_main.obj (.text)
                  00313a92    00000019                       : exit.obj (.text)
                  00313aab    00000016                       : frexp.obj (.text)
                  00313ac1    00000016                       : ul_tofd.obj (.text)
                  00313ad7    00000015     DSP2833x_MemCopy.obj (.text)
                  00313aec    00000014     rts2800_fpu32.lib : ll_mpy.obj (.text)
                  00313b00    00000012                       : memccpy.obj (.text)
                  00313b12    0000000e                       : fd_sub.obj (.text)
                  00313b20    0000000b                       : u_div.obj (.text)
                  00313b2b    0000000a                       : strlen.obj (.text)
                  00313b35    00000009                       : _lock.obj (.text)
                  00313b3e    00000009                       : fd_neg.obj (.text)
                  00313b47    00000009                       : strcpy.obj (.text)
                  00313b50    00000008     DSP2833x_CodeStartBranch.obj (.text)
                  00313b58    00000007     rts2800_fpu32.lib : memset.obj (.text)

.econst    0    00313b60    0000208e     
                  00313b60    00000e10     menu.obj (.econst:_menu_tables)
                  00314970    00000983     menu.obj (.econst:.string)
                  003152f3    00000001     --HOLE-- [fill = 0]
                  003152f4    00000104     calibration.obj (.econst:.string)
                  003153f8    00000101     rts2800_fpu32.lib : ctype.obj (.econst:__ctypes_)
                  003154f9    00000100     main.obj (.econst:_CRC_High)
                  003155f9    00000100     main.obj (.econst:_CRC_Low)
                  003156f9    00000001     --HOLE-- [fill = 0]
                  003156fa    0000004c     peripheral.obj (.econst)
                  00315746    00000048     main.obj (.econst:_harmonics_1st_cos)
                  0031578e    00000048     main.obj (.econst:_harmonics_1st_sin)
                  003157d6    00000048     main.obj (.econst:_harmonics_3rd_cos)
                  0031581e    00000048     main.obj (.econst:_harmonics_3rd_sin)
                  00315866    00000048     main.obj (.econst:_harmonics_5th_cos)
                  003158ae    00000048     main.obj (.econst:_harmonics_5th_sin)
                  003158f6    00000048     main.obj (.econst:_harmonics_7th_cos)
                  0031593e    00000048     main.obj (.econst:_harmonics_7th_sin)
                  00315986    00000048     main.obj (.econst:_harmonics_9th_cos)
                  003159ce    00000048     main.obj (.econst:_harmonics_9th_sin)
                  00315a16    00000028     peripheral.obj (.econst:_LCD_Position_Value)
                  00315a3e    00000024     rts2800_fpu32.lib : _printfi.obj (.econst:.string)
                  00315a62    00000021     booting.obj (.econst:.string)
                  00315a83    00000001     --HOLE-- [fill = 0]
                  00315a84    00000018     main.obj (.econst:_cos_50Hz)
                  00315a9c    00000018     main.obj (.econst:_cos_60Hz)
                  00315ab4    00000018     main.obj (.econst:_sin_50Hz)
                  00315acc    00000018     main.obj (.econst:_sin_60Hz)
                  00315ae4    00000018     rts2800_fpu32.lib : _printfi.obj (.econst)
                  00315afc    00000014     main.obj (.econst:_wave_buffer_address)
                  00315b10    00000014     main.obj (.econst:_wave_buffer_post_address)
                  00315b24    0000000a     main.obj (.econst:_himix_number)
                  00315b2e    00000009     main.obj (.econst:_DO_ON_BIT)
                  00315b37    00000009     main.obj (.econst:_OFF_BIT)
                  00315b40    00000009     main.obj (.econst:_ON_BIT)
                  00315b49    00000001     --HOLE-- [fill = 0]
                  00315b4a    00000008     rts2800_fpu32.lib : atan.obj (.econst:_a$1)
                  00315b52    00000008                       : atan2.obj (.econst:_a$1)
                  00315b5a    00000007     main.obj (.econst:_DO_OFF_BIT)
                  00315b61    00000001     --HOLE-- [fill = 0]
                  00315b62    00000004     menu.obj (.econst:_$P$T0$1)
                  00315b66    00000004     menu.obj (.econst:_$P$T1$2)
                  00315b6a    00000004     menu.obj (.econst:_$P$T10$15)
                  00315b6e    00000004     menu.obj (.econst:_$P$T11$16)
                  00315b72    00000004     menu.obj (.econst:_$P$T12$17)
                  00315b76    00000004     menu.obj (.econst:_$P$T13$18)
                  00315b7a    00000004     menu.obj (.econst:_$P$T14$19)
                  00315b7e    00000004     menu.obj (.econst:_$P$T15$20)
                  00315b82    00000004     menu.obj (.econst:_$P$T16$21)
                  00315b86    00000004     menu.obj (.econst:_$P$T17$22)
                  00315b8a    00000004     menu.obj (.econst:_$P$T18$23)
                  00315b8e    00000004     menu.obj (.econst:_$P$T19$24)
                  00315b92    00000004     menu.obj (.econst:_$P$T2$4)
                  00315b96    00000004     menu.obj (.econst:_$P$T20$25)
                  00315b9a    00000004     menu.obj (.econst:_$P$T21$26)
                  00315b9e    00000004     menu.obj (.econst:_$P$T22$27)
                  00315ba2    00000004     menu.obj (.econst:_$P$T23$28)
                  00315ba6    00000004     menu.obj (.econst:_$P$T24$29)
                  00315baa    00000004     menu.obj (.econst:_$P$T25$30)
                  00315bae    00000004     menu.obj (.econst:_$P$T26$31)
                  00315bb2    00000004     menu.obj (.econst:_$P$T27$39)
                  00315bb6    00000004     menu.obj (.econst:_$P$T28$40)
                  00315bba    00000004     menu.obj (.econst:_$P$T29$49)
                  00315bbe    00000004     menu.obj (.econst:_$P$T3$6)
                  00315bc2    00000004     menu.obj (.econst:_$P$T30$50)
                  00315bc6    00000004     menu.obj (.econst:_$P$T31$59)
                  00315bca    00000004     menu.obj (.econst:_$P$T32$60)
                  00315bce    00000004     menu.obj (.econst:_$P$T33$69)
                  00315bd2    00000004     menu.obj (.econst:_$P$T34$116)
                  00315bd6    00000004     menu.obj (.econst:_$P$T4$8)
                  00315bda    00000004     menu.obj (.econst:_$P$T5$10)
                  00315bde    00000004     menu.obj (.econst:_$P$T6$11)
                  00315be2    00000004     menu.obj (.econst:_$P$T7$12)
                  00315be6    00000004     menu.obj (.econst:_$P$T8$13)
                  00315bea    00000004     menu.obj (.econst:_$P$T9$14)

.cinit     0    00315bee    00000251     
                  00315bee    00000183     menu.obj (.cinit)
                  00315d71    000000b4     peripheral.obj (.cinit)
                  00315e25    0000000a     rts2800_fpu32.lib : _lock.obj (.cinit)
                  00315e2f    0000000a                       : exit.obj (.cinit)
                  00315e39    00000004                       : errno.obj (.cinit)
                  00315e3d    00000002     --HOLE-- [fill = 0]

codestart 
*          0    0033fff6    00000002     
                  0033fff6    00000002     DSP2833x_CodeStartBranch.obj (codestart)

.reset     0    003fffc0    00000002     DSECT
                  003fffc0    00000002     rts2800_fpu32.lib : boot.obj (.reset)

vectors    0    003fffc2    00000000     DSECT

PieVectTableFile 
*          1    00000d00    00000100     UNINITIALIZED
                  00000d00    00000100     DSP2833x_GlobalVariableDefs.obj (PieVectTableFile)

.ebss      1    0000c000    00000efc     UNINITIALIZED
                  0000c000    00000c94     main.obj (.ebss)
                  0000cc94    00000004     rts2800_fpu32.lib : _lock.obj (.ebss)
                  0000cc98    00000004                       : exit.obj (.ebss)
                  0000cc9c    00000001                       : errno.obj (.ebss)
                  0000cc9d    00000001     setting.obj (.ebss)
                  0000cc9e    00000022     --HOLE--
                  0000ccc0    00000124     menu.obj (.ebss)
                  0000cde4    0000001c     --HOLE--
                  0000ce00    000000fc     peripheral.obj (.ebss)

.stack     1    0000cefc    00000400     UNINITIALIZED
                  0000cefc    00000400     --HOLE--


GLOBAL SYMBOLS: SORTED ALPHABETICALLY BY Name 

address    name
--------   ----
0030abe2   .text
00313a92   C$$EXIT
00313330   FD$$ADD
0031390e   FD$$CMP
003133cc   FD$$DIV
003134df   FD$$MPY
00313b3e   FD$$NEG
00313b12   FD$$SUB
003139a7   FD$$TOI
003139e9   FD$$TOL
00313a5e   FD$$TOUL
00313457   FS$$DIV
00313a26   FS$$TOFD
00313985   I$$DIV
00313996   I$$MOD
00313938   L$$DIV
00313947   L$$MOD
00313a42   L$$TOFD
00313a08   LL$$CMP
00313165   LL$$DIV
003131a1   LL$$MOD
00313aec   LL$$MPY
00313b20   U$$DIV
00313b25   U$$MOD
00313955   UL$$DIV
0031395c   UL$$MOD
00313ac1   UL$$TOFD
00313a1a   ULL$$CMP
003131db   ULL$$DIV
0031320a   ULL$$MOD
0000c064   _ACCUMULATION
00311852   _ADC_Calibration_Control
0000c00c   _ALRAM
0000c004   _AUTO_DISPLAY
0000ce0e   _AckScr
0000ccee   _Button_Press
0000c4c0   _CALIBRATION
0000c012   _COMM
0030fb9a   _COMM_CRC
0000c00e   _CORE
003154f9   _CRC_High
003155f9   _CRC_Low
0000cd44   _Cursor_Position
0000c400   _DFT
00311768   _DFT_Check
0000c040   _DIDO
0000c640   _DISPLAY
00315b5a   _DO_OFF_BIT
00315b2e   _DO_ON_BIT
0000c300   _DSGR
0000abde   _DSP28x_usDelay
0000cce5   _Data_Change
0000cd04   _Data_Change_Count
003117db   _Degree_Check
0000c340   _EVENT
0000c02e   _FACTORY
0000c016   _FLASH
0000ce12   _FauScr
0000c000   _Fram1_Test
0000c001   _Fram2_Test
00312a99   _GPIO_setup
0000c005   _GR_ANGLE
0000c0c0   _H50
0000c540   _HARMONICS
0000c440   _HIMIX
0000abc8   _InitFlash
00312b4a   _InitTimer
00009163   _Inverse_Op_Timeset
0000cce4   _KHS_Key_Press
003156fa   _KHS_LCD_Buffer
0000c5c0   _LCD
00310e1a   _LCD_COMMAND
00310e07   _LCD_DATA
00310e2b   _LCD_INIT
0000ce02   _LCD_LIGHT
00315a16   _LCD_Position_Value
0000ce04   _LCD_RS
00310e57   _LCD_light_OFF
00310e51   _LCD_light_ON
0000c003   _LOCAL_CONTROL
0000ce00   _Lcd_Bl_Count
0000ca80   _MANAGER
0000c700   _MEASUREMENT
0000c008   _MIN_MAX
0000c08e   _MOTOR
00313ad7   _MemCopy
0000c0e6   _N47
0000c1c0   _NCH
0000c154   _NSOCR
0000cd80   _Navi_Key_X_Limit_Value
0000ce16   _NorScr
0000c100   _OCGR50
0000c29c   _OCGR51
0000c114   _OCR50_1
0000c140   _OCR50_2
0000c280   _OCR51_1
0000c2c0   _OCR51_2
00315b37   _OFF_BIT
00315b40   _ON_BIT
0000c25a   _OVGR
0000c240   _OVR
00311740   _Offset_Check
0000c128   _P47
0000c026   _PASSWORD
0031180b   _P_Check
003129ca   _Peripheral_Clock_setup
00000d00   _PieVectTable
0000c04c   _RELAY_STATUS
0030abe2   _RamfuncsLoadEnd
00308000   _RamfuncsLoadStart
00008000   _RamfuncsRunStart
0000ce1a   _ReserveP
0000c840   _SAMPLE
0000a20b   _SCIRXB_ISR
0000a24e   _SCITXINTB_ISR
0000a273   _SCITXINTC_ISR
0000c0a0   _SETTING
0000c380   _SL
0000c31e   _SUPERVISION
0000c3c0   _SYNCRO
0000c218   _SYSTEM
0000c01a   _SYSTEM_SET
0000cd3c   _Save_Current_Screen
0000cd40   _Screen_Position
0000ccef   _Set_Password
0030fb5e   _Setting_CRC
0000c2dc   _THR
0000c036   _TIME
0000c070   _TIMER
0000c020   _TIMER0
0000c00a   _TIMER1
0000a068   _TINT1_ISR
0000c080   _TRANSFORMER
003117b6   _TRMS_Check
0000c0d2   _UCR
0000c180   _UVR_1
0000c196   _UVR_2
0000c168   _UVR_3
0000c002   _UVR_MODE
0000ce40   _VFDABuffer
0000ce80   _VFDFBuffer
0000cec0   _VFDNBuffer
00310fd6   _VFD_FONT
00310e71   _VFD_Init
00310f47   _VFD_Single_Line_dump
00310f70   _VFD_Word_dump
0000ce06   _VFD_cnt
00310f9a   _VFD_cursor
00310ec2   _VFD_dump
00310f07   _VFD_dump2
00310e5c   _VFD_gotopo
00310ea9   _VFD_gotoxy
00310ebb   _VFD_mem_cpy_test
00310fc7   _VFD_printf
0000c058   _WAVE
00009343   _XINT3_ISR
00312af4   _Xinterface_setup
0000d2fc   __STACK_END
00000400   __STACK_SIZE
00000001   __TI_args_main
ffffffff   ___binit__
ffffffff   ___c_args__
00315bee   ___cinit__
00313b5f   ___etext__
003139c8   ___memcpy_ff
ffffffff   ___pinit__
0030abe2   ___text__
00313a79   __args_main
0000cc98   __cleanup_ptr
003153f8   __ctypes_
0000cc9a   __dtors_ptr
0000cc96   __lock
003137b3   __log
00313b3d   __nop
00312872   __printfi
00313b39   __register_lock
00313b35   __register_unlock
0000cefc   __stack
0000cc94   __unlock
00313a92   _abort
00313562   _atan
0031326c   _atan2
00313882   _atoi
0031305f   _aux_do_check
00312ea0   _booting_setting_check
00313807   _c_int00
00310b89   _comm_drive
003136a1   _cos
00315a84   _cos_50Hz
00315a9c   _cos_60Hz
0000c200   _cos_table
00312975   _cpu_setup
0030abe2   _cursor_move
0030abf1   _cursor_move_last
00310dd8   _delay
0000a6be   _delay_us
0000808f   _do_release
00311686   _do_test_check
003130ec   _dsgr_load_check
0000ce08   _dumpP
00311005   _eerom_control
00311100   _eerom_read
0031106d   _eerom_write
0000cc9c   _errno
0000a8e8   _event_direct_save
00313a94   _exit
003135d4   _exp
00310fd7   _factory_enter
00311191   _flash_sector_erase
003111ae   _flash_word_write
0000a416   _float_to_8bit_fram
00313aab   _frexp
00009322   _h50_dropout_process
000091df   _h50_pickup_process
0030e291   _harmonic_real_imag_calculation
0030e18d   _harmonic_sample_backup
0030dc68   _harmonics
00315746   _harmonics_1st_cos
0031578e   _harmonics_1st_sin
003157d6   _harmonics_3rd_cos
0031581e   _harmonics_3rd_sin
00315866   _harmonics_5th_cos
003158ae   _harmonics_5th_sin
003158f6   _harmonics_7th_cos
0031593e   _harmonics_7th_sin
00315986   _harmonics_9th_cos
003159ce   _harmonics_9th_sin
0030dc2b   _himix_crc
0030d470   _himix_drive
00315b24   _himix_number
0000a6ed   _i2c_read
00312b78   _i2c_setup
0000a72d   _i2c_write
0030e86b   _interrupt_control
003129ed   _interrupt_setup
0000a76c   _key_drive
0000a8cb   _lcd_character_write
0000a8ae   _lcd_control_write
00312ba3   _lcd_setup
0031384d   _ldexp
00311618   _led_handling
0031363e   _log
003138e2   _ltoa
0030d463   _main
0000aa68   _make_crc_send
0030fbc0   _manager_handling
0030e5c8   _measure2_display
0030e4d8   _measure_display
00313b00   _memccpy
00313b58   _memset
0030ac27   _menu_00_00
0030ac8d   _menu_00_01
0030acde   _menu_00_02
0030ad4f   _menu_00_03
0030ada0   _menu_00_04
0030adf5   _menu_00_05
0030ae4a   _menu_00_06
0030ae9b   _menu_01_01
0030aeed   _menu_01_03
0030af3e   _menu_01_04
0030afbf   _menu_01_05
0030affe   _menu_01_06
0030b02c   _menu_01_07
0030b07e   _menu_01_08
0030b0d0   _menu_01_09
0030b123   _menu_01_10
0030b128   _menu_01_11
0030b12d   _menu_01_12
0030b132   _menu_02_01
0030b16a   _menu_02_02
0030b189   _menu_02_03
0030b1b6   _menu_02_04
0030b1e3   _menu_02_05
0030b210   _menu_02_06
0030b23d   _menu_03_03
0030b25d   _menu_04_02
0030b29d   _menu_41_02
0030b2e9   _menu_41_03
0030b358   _menu_41_04
0030b39f   _menu_41_05
0030b445   _menu_41_06
0030b4e2   _menu_41_07
0030b50c   _menu_41_08
0030b53a   _menu_41_09
0030b59c   _menu_41_10
0030b5f6   _menu_41_11
0030b61e   _menu_41_12
0030b643   _menu_42_01
0030b6e3   _menu_42_02
0030b703   _menu_42_03
0030b771   _menu_42_05
0030b818   _menu_42_06
0030b8be   _menu_42_07
0030b920   _menu_42_08
0030b94a   _menu_42_09
0030b984   _menu_42_10
0030b9e6   _menu_42_11
0030ba40   _menu_43_03
0030baae   _menu_43_04
0030bb1e   _menu_43_05
0030bbc5   _menu_43_06
0030bc6b   _menu_43_07
0030bccd   _menu_43_08
0030bcf7   _menu_43_09
0030bd31   _menu_43_10
0030bd93   _menu_43_11
0030bded   _menu_43_12
0030be12   _menu_43_13
0030be37   _menu_44_03
0030bea5   _menu_44_04
0030bf0d   _menu_44_05
0030bfb4   _menu_44_06
0030c05a   _menu_44_07
0030c0bc   _menu_44_08
0030c0e6   _menu_44_09
0030c120   _menu_44_10
0030c182   _menu_44_11
0030c1dc   _menu_45_03
0030c24a   _menu_45_05
0030c2f1   _menu_45_06
0030c397   _menu_45_07
0030c3f9   _menu_45_08
0030c423   _menu_45_09
0030c45d   _menu_45_10
0030c4bf   _menu_45_11
0030c519   _menu_46_05
0030c5bf   _menu_46_06
0030c65c   _menu_46_07
0030c686   _menu_46_08
0030c6b4   _menu_46_09
0030c716   _menu_46_10
0030c770   _menu_46_11
0030c798   _menu_46_12
0030c7bd   _menu_47_05
0030c863   _menu_47_06
0030c909   _menu_47_07
0030c9a6   _menu_47_08
0030c9d0   _menu_47_09
0030ca0a   _menu_47_10
0030ca6c   _menu_47_11
0030cac6   _menu_48_05
0030cb6d   _menu_48_06
0030cc13   _menu_48_07
0030cc75   _menu_48_08
0030cc9f   _menu_48_09
0030ccd9   _menu_48_10
0030cd3b   _menu_48_11
0030cd95   _menu_48_12
0030cdba   _menu_48_13
0030cddf   _menu_49_05
0030ce86   _menu_49_06
0030cf2c   _menu_49_07
0030cf8e   _menu_49_08
0030cfb8   _menu_49_09
0030cff2   _menu_49_10
0030d054   _menu_49_11
0030d0ae   _menu_50_05
0030d155   _menu_50_06
0030d1fb   _menu_50_07
0030d25d   _menu_50_08
0030d287   _menu_50_09
0030d2c1   _menu_50_10
0030d323   _menu_50_11
0030d37d   _menu_80_03
0030d428   _menu_99_00
0000ab1d   _menu_drive
0030d3cd   _menu_dummy
0030d444   _menu_init
0030d3ec   _menu_popup
00313b60   _menu_tables
0031306c   _ocgr_load_check
00008128   _over_phase_value_check
00312993   _pll_setup
00313702   _pow
0000a4a7   _power_update
00008232   _protective_relay
0000a2a0   _real_main
0030fb39   _relay_assignment
0000800b   _relay_detect_to_pickup
0000810e   _relay_dropout_to_normal
00008000   _relay_normal_to_detect
00008085   _relay_opeartion_to_dropout
00008026   _relay_pickup_to_operation
0000a978   _rtc_handling
00312a44   _sci_setup
0000ce0a   _scrP
0030abf8   _screen_frame
0030ac08   _screen_frame2
0030ac17   _screen_frame3
00310b4b   _serial_ok_nak_send
00310a9f   _serial_write
0030fb3a   _setting_load
00313152   _setting_min_max_check
0030ea64   _setting_post_handling
0030e8a3   _setting_save
0031375c   _sin
00315ab4   _sin_50Hz
00315acc   _sin_60Hz
0000c1d8   _sin_table
003138b3   _sprintf
00313962   _sqrt
00313b47   _strcpy
00313b2b   _strlen
0000a460   _supervision_relay
000081b0   _under_phase_value_check
00315afc   _wave_buffer_address
00315b10   _wave_buffer_post_address
00311229   _wave_di_initial_post
0031120e   _wave_di_initial_pre1
0031121c   _wave_di_initial_pre2
0000aacd   _wave_dump_serial_sram
00311233   _wave_flash_sector_erase
003111c5   _wave_flash_word_write
0031124c   _wave_save_process
00311204   _wave_vi_initial_post
003111e9   _wave_vi_initial_pre1
003111f7   _wave_vi_initial_pre2
0000cc9d   _xyf
ffffffff   binit
00315bee   cinit
0033fff6   code_start
00313b5f   etext
ffffffff   pinit


GLOBAL SYMBOLS: SORTED BY Symbol Address 

address    name
--------   ----
00000001   __TI_args_main
00000400   __STACK_SIZE
00000d00   _PieVectTable
00008000   _RamfuncsRunStart
00008000   _relay_normal_to_detect
0000800b   _relay_detect_to_pickup
00008026   _relay_pickup_to_operation
00008085   _relay_opeartion_to_dropout
0000808f   _do_release
0000810e   _relay_dropout_to_normal
00008128   _over_phase_value_check
000081b0   _under_phase_value_check
00008232   _protective_relay
00009163   _Inverse_Op_Timeset
000091df   _h50_pickup_process
00009322   _h50_dropout_process
00009343   _XINT3_ISR
0000a068   _TINT1_ISR
0000a20b   _SCIRXB_ISR
0000a24e   _SCITXINTB_ISR
0000a273   _SCITXINTC_ISR
0000a2a0   _real_main
0000a416   _float_to_8bit_fram
0000a460   _supervision_relay
0000a4a7   _power_update
0000a6be   _delay_us
0000a6ed   _i2c_read
0000a72d   _i2c_write
0000a76c   _key_drive
0000a8ae   _lcd_control_write
0000a8cb   _lcd_character_write
0000a8e8   _event_direct_save
0000a978   _rtc_handling
0000aa68   _make_crc_send
0000aacd   _wave_dump_serial_sram
0000ab1d   _menu_drive
0000abc8   _InitFlash
0000abde   _DSP28x_usDelay
0000c000   _Fram1_Test
0000c001   _Fram2_Test
0000c002   _UVR_MODE
0000c003   _LOCAL_CONTROL
0000c004   _AUTO_DISPLAY
0000c005   _GR_ANGLE
0000c008   _MIN_MAX
0000c00a   _TIMER1
0000c00c   _ALRAM
0000c00e   _CORE
0000c012   _COMM
0000c016   _FLASH
0000c01a   _SYSTEM_SET
0000c020   _TIMER0
0000c026   _PASSWORD
0000c02e   _FACTORY
0000c036   _TIME
0000c040   _DIDO
0000c04c   _RELAY_STATUS
0000c058   _WAVE
0000c064   _ACCUMULATION
0000c070   _TIMER
0000c080   _TRANSFORMER
0000c08e   _MOTOR
0000c0a0   _SETTING
0000c0c0   _H50
0000c0d2   _UCR
0000c0e6   _N47
0000c100   _OCGR50
0000c114   _OCR50_1
0000c128   _P47
0000c140   _OCR50_2
0000c154   _NSOCR
0000c168   _UVR_3
0000c180   _UVR_1
0000c196   _UVR_2
0000c1c0   _NCH
0000c1d8   _sin_table
0000c200   _cos_table
0000c218   _SYSTEM
0000c240   _OVR
0000c25a   _OVGR
0000c280   _OCR51_1
0000c29c   _OCGR51
0000c2c0   _OCR51_2
0000c2dc   _THR
0000c300   _DSGR
0000c31e   _SUPERVISION
0000c340   _EVENT
0000c380   _SL
0000c3c0   _SYNCRO
0000c400   _DFT
0000c440   _HIMIX
0000c4c0   _CALIBRATION
0000c540   _HARMONICS
0000c5c0   _LCD
0000c640   _DISPLAY
0000c700   _MEASUREMENT
0000c840   _SAMPLE
0000ca80   _MANAGER
0000cc94   __unlock
0000cc96   __lock
0000cc98   __cleanup_ptr
0000cc9a   __dtors_ptr
0000cc9c   _errno
0000cc9d   _xyf
0000cce4   _KHS_Key_Press
0000cce5   _Data_Change
0000ccee   _Button_Press
0000ccef   _Set_Password
0000cd04   _Data_Change_Count
0000cd3c   _Save_Current_Screen
0000cd40   _Screen_Position
0000cd44   _Cursor_Position
0000cd80   _Navi_Key_X_Limit_Value
0000ce00   _Lcd_Bl_Count
0000ce02   _LCD_LIGHT
0000ce04   _LCD_RS
0000ce06   _VFD_cnt
0000ce08   _dumpP
0000ce0a   _scrP
0000ce0e   _AckScr
0000ce12   _FauScr
0000ce16   _NorScr
0000ce1a   _ReserveP
0000ce40   _VFDABuffer
0000ce80   _VFDFBuffer
0000cec0   _VFDNBuffer
0000cefc   __stack
0000d2fc   __STACK_END
00308000   _RamfuncsLoadStart
0030abe2   .text
0030abe2   _RamfuncsLoadEnd
0030abe2   ___text__
0030abe2   _cursor_move
0030abf1   _cursor_move_last
0030abf8   _screen_frame
0030ac08   _screen_frame2
0030ac17   _screen_frame3
0030ac27   _menu_00_00
0030ac8d   _menu_00_01
0030acde   _menu_00_02
0030ad4f   _menu_00_03
0030ada0   _menu_00_04
0030adf5   _menu_00_05
0030ae4a   _menu_00_06
0030ae9b   _menu_01_01
0030aeed   _menu_01_03
0030af3e   _menu_01_04
0030afbf   _menu_01_05
0030affe   _menu_01_06
0030b02c   _menu_01_07
0030b07e   _menu_01_08
0030b0d0   _menu_01_09
0030b123   _menu_01_10
0030b128   _menu_01_11
0030b12d   _menu_01_12
0030b132   _menu_02_01
0030b16a   _menu_02_02
0030b189   _menu_02_03
0030b1b6   _menu_02_04
0030b1e3   _menu_02_05
0030b210   _menu_02_06
0030b23d   _menu_03_03
0030b25d   _menu_04_02
0030b29d   _menu_41_02
0030b2e9   _menu_41_03
0030b358   _menu_41_04
0030b39f   _menu_41_05
0030b445   _menu_41_06
0030b4e2   _menu_41_07
0030b50c   _menu_41_08
0030b53a   _menu_41_09
0030b59c   _menu_41_10
0030b5f6   _menu_41_11
0030b61e   _menu_41_12
0030b643   _menu_42_01
0030b6e3   _menu_42_02
0030b703   _menu_42_03
0030b771   _menu_42_05
0030b818   _menu_42_06
0030b8be   _menu_42_07
0030b920   _menu_42_08
0030b94a   _menu_42_09
0030b984   _menu_42_10
0030b9e6   _menu_42_11
0030ba40   _menu_43_03
0030baae   _menu_43_04
0030bb1e   _menu_43_05
0030bbc5   _menu_43_06
0030bc6b   _menu_43_07
0030bccd   _menu_43_08
0030bcf7   _menu_43_09
0030bd31   _menu_43_10
0030bd93   _menu_43_11
0030bded   _menu_43_12
0030be12   _menu_43_13
0030be37   _menu_44_03
0030bea5   _menu_44_04
0030bf0d   _menu_44_05
0030bfb4   _menu_44_06
0030c05a   _menu_44_07
0030c0bc   _menu_44_08
0030c0e6   _menu_44_09
0030c120   _menu_44_10
0030c182   _menu_44_11
0030c1dc   _menu_45_03
0030c24a   _menu_45_05
0030c2f1   _menu_45_06
0030c397   _menu_45_07
0030c3f9   _menu_45_08
0030c423   _menu_45_09
0030c45d   _menu_45_10
0030c4bf   _menu_45_11
0030c519   _menu_46_05
0030c5bf   _menu_46_06
0030c65c   _menu_46_07
0030c686   _menu_46_08
0030c6b4   _menu_46_09
0030c716   _menu_46_10
0030c770   _menu_46_11
0030c798   _menu_46_12
0030c7bd   _menu_47_05
0030c863   _menu_47_06
0030c909   _menu_47_07
0030c9a6   _menu_47_08
0030c9d0   _menu_47_09
0030ca0a   _menu_47_10
0030ca6c   _menu_47_11
0030cac6   _menu_48_05
0030cb6d   _menu_48_06
0030cc13   _menu_48_07
0030cc75   _menu_48_08
0030cc9f   _menu_48_09
0030ccd9   _menu_48_10
0030cd3b   _menu_48_11
0030cd95   _menu_48_12
0030cdba   _menu_48_13
0030cddf   _menu_49_05
0030ce86   _menu_49_06
0030cf2c   _menu_49_07
0030cf8e   _menu_49_08
0030cfb8   _menu_49_09
0030cff2   _menu_49_10
0030d054   _menu_49_11
0030d0ae   _menu_50_05
0030d155   _menu_50_06
0030d1fb   _menu_50_07
0030d25d   _menu_50_08
0030d287   _menu_50_09
0030d2c1   _menu_50_10
0030d323   _menu_50_11
0030d37d   _menu_80_03
0030d3cd   _menu_dummy
0030d3ec   _menu_popup
0030d428   _menu_99_00
0030d444   _menu_init
0030d463   _main
0030d470   _himix_drive
0030dc2b   _himix_crc
0030dc68   _harmonics
0030e18d   _harmonic_sample_backup
0030e291   _harmonic_real_imag_calculation
0030e4d8   _measure_display
0030e5c8   _measure2_display
0030e86b   _interrupt_control
0030e8a3   _setting_save
0030ea64   _setting_post_handling
0030fb39   _relay_assignment
0030fb3a   _setting_load
0030fb5e   _Setting_CRC
0030fb9a   _COMM_CRC
0030fbc0   _manager_handling
00310a9f   _serial_write
00310b4b   _serial_ok_nak_send
00310b89   _comm_drive
00310dd8   _delay
00310e07   _LCD_DATA
00310e1a   _LCD_COMMAND
00310e2b   _LCD_INIT
00310e51   _LCD_light_ON
00310e57   _LCD_light_OFF
00310e5c   _VFD_gotopo
00310e71   _VFD_Init
00310ea9   _VFD_gotoxy
00310ebb   _VFD_mem_cpy_test
00310ec2   _VFD_dump
00310f07   _VFD_dump2
00310f47   _VFD_Single_Line_dump
00310f70   _VFD_Word_dump
00310f9a   _VFD_cursor
00310fc7   _VFD_printf
00310fd6   _VFD_FONT
00310fd7   _factory_enter
00311005   _eerom_control
0031106d   _eerom_write
00311100   _eerom_read
00311191   _flash_sector_erase
003111ae   _flash_word_write
003111c5   _wave_flash_word_write
003111e9   _wave_vi_initial_pre1
003111f7   _wave_vi_initial_pre2
00311204   _wave_vi_initial_post
0031120e   _wave_di_initial_pre1
0031121c   _wave_di_initial_pre2
00311229   _wave_di_initial_post
00311233   _wave_flash_sector_erase
0031124c   _wave_save_process
00311618   _led_handling
00311686   _do_test_check
00311740   _Offset_Check
00311768   _DFT_Check
003117b6   _TRMS_Check
003117db   _Degree_Check
0031180b   _P_Check
00311852   _ADC_Calibration_Control
00312872   __printfi
00312975   _cpu_setup
00312993   _pll_setup
003129ca   _Peripheral_Clock_setup
003129ed   _interrupt_setup
00312a44   _sci_setup
00312a99   _GPIO_setup
00312af4   _Xinterface_setup
00312b4a   _InitTimer
00312b78   _i2c_setup
00312ba3   _lcd_setup
00312ea0   _booting_setting_check
0031305f   _aux_do_check
0031306c   _ocgr_load_check
003130ec   _dsgr_load_check
00313152   _setting_min_max_check
00313165   LL$$DIV
003131a1   LL$$MOD
003131db   ULL$$DIV
0031320a   ULL$$MOD
0031326c   _atan2
00313330   FD$$ADD
003133cc   FD$$DIV
00313457   FS$$DIV
003134df   FD$$MPY
00313562   _atan
003135d4   _exp
0031363e   _log
003136a1   _cos
00313702   _pow
0031375c   _sin
003137b3   __log
00313807   _c_int00
0031384d   _ldexp
00313882   _atoi
003138b3   _sprintf
003138e2   _ltoa
0031390e   FD$$CMP
00313938   L$$DIV
00313947   L$$MOD
00313955   UL$$DIV
0031395c   UL$$MOD
00313962   _sqrt
00313985   I$$DIV
00313996   I$$MOD
003139a7   FD$$TOI
003139c8   ___memcpy_ff
003139e9   FD$$TOL
00313a08   LL$$CMP
00313a1a   ULL$$CMP
00313a26   FS$$TOFD
00313a42   L$$TOFD
00313a5e   FD$$TOUL
00313a79   __args_main
00313a92   C$$EXIT
00313a92   _abort
00313a94   _exit
00313aab   _frexp
00313ac1   UL$$TOFD
00313ad7   _MemCopy
00313aec   LL$$MPY
00313b00   _memccpy
00313b12   FD$$SUB
00313b20   U$$DIV
00313b25   U$$MOD
00313b2b   _strlen
00313b35   __register_unlock
00313b39   __register_lock
00313b3d   __nop
00313b3e   FD$$NEG
00313b47   _strcpy
00313b58   _memset
00313b5f   ___etext__
00313b5f   etext
00313b60   _menu_tables
003153f8   __ctypes_
003154f9   _CRC_High
003155f9   _CRC_Low
003156fa   _KHS_LCD_Buffer
00315746   _harmonics_1st_cos
0031578e   _harmonics_1st_sin
003157d6   _harmonics_3rd_cos
0031581e   _harmonics_3rd_sin
00315866   _harmonics_5th_cos
003158ae   _harmonics_5th_sin
003158f6   _harmonics_7th_cos
0031593e   _harmonics_7th_sin
00315986   _harmonics_9th_cos
003159ce   _harmonics_9th_sin
00315a16   _LCD_Position_Value
00315a84   _cos_50Hz
00315a9c   _cos_60Hz
00315ab4   _sin_50Hz
00315acc   _sin_60Hz
00315afc   _wave_buffer_address
00315b10   _wave_buffer_post_address
00315b24   _himix_number
00315b2e   _DO_ON_BIT
00315b37   _OFF_BIT
00315b40   _ON_BIT
00315b5a   _DO_OFF_BIT
00315bee   ___cinit__
00315bee   cinit
0033fff6   code_start
ffffffff   ___binit__
ffffffff   ___c_args__
ffffffff   ___pinit__
ffffffff   binit
ffffffff   pinit

[423 symbols]
