******************************************************************************
             TMS320C2000 Linker PC v6.1.0                      
******************************************************************************
>> Linked Tue Feb 24 09:39:40 2015

OUTPUT FILE NAME:   <HIMAP4UP_v03_modify.out>
ENTRY POINT SYMBOL: "_c_int00"  address: 00313d22


MEMORY CONFIGURATION

         name            origin    length      used     unused   attr    fill
----------------------  --------  ---------  --------  --------  ----  --------
PAGE 0:
  RAML_CODE             00008000   00004000  00002bc3  0000143d  RWIX
  FLASH_CODE            00308000   00037f80  0000f355  00028c2b  RWIX
  CSM_RSVD              0033ff80   00000076  00000000  00000076  RWIX
  BEGIN                 0033fff6   00000002  00000002  00000000  RWIX
  CSM_PWL               0033fff8   00000008  00000000  00000008  RWIX
  ADC_CAL               00380080   00000009  00000000  00000009  RWIX
  OTP                   00380400   00000400  00000000  00000400  RWIX
  IQTABLES              003fe000   00000b50  00000000  00000b50  RWIX
  IQTABLES2             003feb50   0000008c  00000000  0000008c  RWIX
  FPUTABLES             003febdc   000006a0  00000000  000006a0  RWIX
  ROM                   003ff27c   00000d44  00000000  00000d44  RWIX
  RESET                 003fffc0   00000002  00000000  00000002  RWIX
  VECTORS               003fffc2   0000003e  00000000  0000003e  RWIX

PAGE 1:
  BOOT_RSVD             00000000   00000050  00000000  00000050  RWIX
  RAMM0                 00000050   000003b0  00000000  000003b0  RWIX
  RAMM1                 00000400   00000400  00000000  00000400  RWIX
  DEV_EMU               00000880   00000180  00000000  00000180  RWIX
  FLASH_REGS            00000a80   00000060  00000000  00000060  RWIX
  CSM                   00000ae0   00000010  00000000  00000010  RWIX
  ADC_MIRROR            00000b00   00000010  00000000  00000010  RWIX
  XINTF                 00000b20   00000020  00000000  00000020  RWIX
  CPU_TIMER0            00000c00   00000008  00000000  00000008  RWIX
  CPU_TIMER1            00000c08   00000008  00000000  00000008  RWIX
  CPU_TIMER2            00000c10   00000008  00000000  00000008  RWIX
  PIE_CTRL              00000ce0   00000020  00000000  00000020  RWIX
  PIE_VECT              00000d00   00000100  00000100  00000000  RWIX
  DMA                   00001000   00000200  00000000  00000200  RWIX
  MCBSPA                00005000   00000040  00000000  00000040  RWIX
  MCBSPB                00005040   00000040  00000000  00000040  RWIX
  ECANA                 00006000   00000040  00000000  00000040  RWIX
  ECANA_LAM             00006040   00000040  00000000  00000040  RWIX
  ECANA_MOTS            00006080   00000040  00000000  00000040  RWIX
  ECANA_MOTO            000060c0   00000040  00000000  00000040  RWIX
  ECANA_MBOX            00006100   00000100  00000000  00000100  RWIX
  ECANB                 00006200   00000040  00000000  00000040  RWIX
  ECANB_LAM             00006240   00000040  00000000  00000040  RWIX
  ECANB_MOTS            00006280   00000040  00000000  00000040  RWIX
  ECANB_MOTO            000062c0   00000040  00000000  00000040  RWIX
  ECANB_MBOX            00006300   00000100  00000000  00000100  RWIX
  EPWM1                 00006800   00000022  00000000  00000022  RWIX
  EPWM2                 00006840   00000022  00000000  00000022  RWIX
  EPWM3                 00006880   00000022  00000000  00000022  RWIX
  EPWM4                 000068c0   00000022  00000000  00000022  RWIX
  EPWM5                 00006900   00000022  00000000  00000022  RWIX
  EPWM6                 00006940   00000022  00000000  00000022  RWIX
  ECAP1                 00006a00   00000020  00000000  00000020  RWIX
  ECAP2                 00006a20   00000020  00000000  00000020  RWIX
  ECAP3                 00006a40   00000020  00000000  00000020  RWIX
  ECAP4                 00006a60   00000020  00000000  00000020  RWIX
  ECAP5                 00006a80   00000020  00000000  00000020  RWIX
  ECAP6                 00006aa0   00000020  00000000  00000020  RWIX
  EQEP1                 00006b00   00000040  00000000  00000040  RWIX
  EQEP2                 00006b40   00000040  00000000  00000040  RWIX
  GPIOCTRL              00006f80   00000040  00000000  00000040  RWIX
  GPIODAT               00006fc0   00000020  00000000  00000020  RWIX
  GPIOINT               00006fe0   00000020  00000000  00000020  RWIX
  SYSTEM                00007010   00000020  00000000  00000020  RWIX
  SPIA                  00007040   00000010  00000000  00000010  RWIX
  SCIA                  00007050   00000010  00000000  00000010  RWIX
  XINTRUPT              00007070   00000010  00000000  00000010  RWIX
  ADC                   00007100   00000020  00000000  00000020  RWIX
  SCIB                  00007750   00000010  00000000  00000010  RWIX
  SCIC                  00007770   00000010  00000000  00000010  RWIX
  I2CA                  00007900   00000040  00000000  00000040  RWIX
  RAML_DATA             0000c000   00004000  000012fc  00002d04  RWIX
  FLASHB                00330000   00008000  00000000  00008000  RWIX
  CSM_PWL               0033fff8   00000008  00000000  00000008  RWIX
  PARTID                00380090   00000001  00000000  00000001  RWIX


SECTION ALLOCATION MAP

 output                                  attributes/
section   page    origin      length       input sections
--------  ----  ----------  ----------   ----------------
.pinit     0    00308000    00000000     UNINITIALIZED

ramfuncs   0    00308000    00002bc3     RUN ADDR = 00008000
                  00308000    00001343     relaying.obj (ramfuncs)
                  00309343    00000f5d     system_isr.obj (ramfuncs:retain)
                  0030a2a0    0000041e     main.obj (ramfuncs)
                  0030a6be    0000022a     peripheral.obj (ramfuncs)
                  0030a8e8    00000180     setting.obj (ramfuncs)
                  0030aa68    000000b5     comms.obj (ramfuncs)
                  0030ab1d    0000008c     menu.obj (ramfuncs)
                  0030aba9    00000016     system_setup.obj (ramfuncs)
                  0030abbf    00000004     DSP2833x_usDelay.obj (ramfuncs)

.text      0    0030abc4    000094b7     
                  0030abc4    00002dba     menu.obj (.text)
                  0030d97e    00001440     main.obj (.text)
                  0030edbe    000012f7     setting.obj (.text)
                  003100b5    0000123e     comms.obj (.text)
                  003112f3    00000968     peripheral.obj (.text)
                  00311c5b    00000924     calibration.obj (.text)
                  0031257f    00000911     rts2800_fpu32.lib : _printfi.obj (.text)
                  00312e90    0000052b     system_setup.obj (.text)
                  003133bb    000002c5     booting.obj (.text)
                  00313680    00000107     rts2800_fpu32.lib : ll_div.obj (.text)
                  00313787    000000c4                       : atan2.obj (.text)
                  0031384b    0000009c                       : fd_add.obj (.text)
                  003138e7    0000008b                       : fd_div.obj (.text)
                  00313972    00000088                       : fs_div.obj (.text)
                  003139fa    00000083                       : fd_mpy.obj (.text)
                  00313a7d    00000072                       : atan.obj (.text)
                  00313aef    0000006a                       : exp.obj (.text)
                  00313b59    00000063                       : log.obj (.text)
                  00313bbc    00000061                       : cos.obj (.text)
                  00313c1d    0000005a                       : pow.obj (.text)
                  00313c77    00000057                       : sin.obj (.text)
                  00313cce    00000054                       : _log.obj (.text)
                  00313d22    00000046                       : boot.obj (.text)
                  00313d68    00000035                       : ldexp.obj (.text)
                  00313d9d    00000031                       : atoi.obj (.text)
                  00313dce    0000002f                       : sprintf.obj (.text)
                  00313dfd    0000002c                       : ltoa.obj (.text)
                  00313e29    0000002a                       : fd_cmp.obj (.text)
                  00313e53    0000002a                       : l_div.obj (.text)
                  00313e7d    00000001     --HOLE-- [fill = 0]
                  00313e7e    00000023                       : sqrt.obj (.text)
                  00313ea1    00000022                       : i_div.obj (.text)
                  00313ec3    00000021                       : fd_toi.obj (.text)
                  00313ee4    00000021                       : memcpy_ff.obj (.text)
                  00313f05    0000001f                       : fd_tol.obj (.text)
                  00313f24    0000001e                       : ll_cmp.obj (.text)
                  00313f42    0000001c                       : fs_tofd.obj (.text)
                  00313f5e    0000001c                       : l_tofd.obj (.text)
                  00313f7a    0000001b                       : fd_toul.obj (.text)
                  00313f95    00000019                       : args_main.obj (.text)
                  00313fae    00000019                       : exit.obj (.text)
                  00313fc7    00000016                       : frexp.obj (.text)
                  00313fdd    00000016                       : ul_tofd.obj (.text)
                  00313ff3    00000015     DSP2833x_MemCopy.obj (.text)
                  00314008    00000014     rts2800_fpu32.lib : ll_mpy.obj (.text)
                  0031401c    00000012                       : memccpy.obj (.text)
                  0031402e    0000000e                       : fd_sub.obj (.text)
                  0031403c    0000000b                       : u_div.obj (.text)
                  00314047    0000000a                       : strlen.obj (.text)
                  00314051    00000009                       : _lock.obj (.text)
                  0031405a    00000009                       : fd_neg.obj (.text)
                  00314063    00000009                       : strcpy.obj (.text)
                  0031406c    00000008     DSP2833x_CodeStartBranch.obj (.text)
                  00314074    00000007     rts2800_fpu32.lib : memset.obj (.text)

.econst    0    0031407c    00003086     
                  0031407c    00001c20     menu.obj (.econst:_menu_tables)
                  00315c9c    00000b5b     menu.obj (.econst:.string)
                  003167f7    00000001     --HOLE-- [fill = 0]
                  003167f8    00000104     calibration.obj (.econst:.string)
                  003168fc    00000101     rts2800_fpu32.lib : ctype.obj (.econst:__ctypes_)
                  003169fd    00000100     main.obj (.econst:_CRC_High)
                  00316afd    00000100     main.obj (.econst:_CRC_Low)
                  00316bfd    00000001     --HOLE-- [fill = 0]
                  00316bfe    0000004c     peripheral.obj (.econst)
                  00316c4a    00000048     main.obj (.econst:_harmonics_1st_cos)
                  00316c92    00000048     main.obj (.econst:_harmonics_1st_sin)
                  00316cda    00000048     main.obj (.econst:_harmonics_3rd_cos)
                  00316d22    00000048     main.obj (.econst:_harmonics_3rd_sin)
                  00316d6a    00000048     main.obj (.econst:_harmonics_5th_cos)
                  00316db2    00000048     main.obj (.econst:_harmonics_5th_sin)
                  00316dfa    00000048     main.obj (.econst:_harmonics_7th_cos)
                  00316e42    00000048     main.obj (.econst:_harmonics_7th_sin)
                  00316e8a    00000048     main.obj (.econst:_harmonics_9th_cos)
                  00316ed2    00000048     main.obj (.econst:_harmonics_9th_sin)
                  00316f1a    00000028     peripheral.obj (.econst:_LCD_Position_Value)
                  00316f42    00000024     rts2800_fpu32.lib : _printfi.obj (.econst:.string)
                  00316f66    00000021     booting.obj (.econst:.string)
                  00316f87    00000001     --HOLE-- [fill = 0]
                  00316f88    00000018     main.obj (.econst:_cos_50Hz)
                  00316fa0    00000018     main.obj (.econst:_cos_60Hz)
                  00316fb8    00000018     main.obj (.econst:_sin_50Hz)
                  00316fd0    00000018     main.obj (.econst:_sin_60Hz)
                  00316fe8    00000018     rts2800_fpu32.lib : _printfi.obj (.econst)
                  00317000    00000014     main.obj (.econst:_wave_buffer_address)
                  00317014    00000014     main.obj (.econst:_wave_buffer_post_address)
                  00317028    0000000a     main.obj (.econst:_himix_number)
                  00317032    00000009     main.obj (.econst:_DO_ON_BIT)
                  0031703b    00000009     main.obj (.econst:_OFF_BIT)
                  00317044    00000009     main.obj (.econst:_ON_BIT)
                  0031704d    00000001     --HOLE-- [fill = 0]
                  0031704e    00000008     rts2800_fpu32.lib : atan.obj (.econst:_a$1)
                  00317056    00000008                       : atan2.obj (.econst:_a$1)
                  0031705e    00000007     main.obj (.econst:_DO_OFF_BIT)
                  00317065    00000001     --HOLE-- [fill = 0]
                  00317066    00000004     menu.obj (.econst:_$P$T0$1)
                  0031706a    00000004     menu.obj (.econst:_$P$T1$2)
                  0031706e    00000004     menu.obj (.econst:_$P$T10$15)
                  00317072    00000004     menu.obj (.econst:_$P$T11$16)
                  00317076    00000004     menu.obj (.econst:_$P$T12$17)
                  0031707a    00000004     menu.obj (.econst:_$P$T13$18)
                  0031707e    00000004     menu.obj (.econst:_$P$T14$19)
                  00317082    00000004     menu.obj (.econst:_$P$T15$20)
                  00317086    00000004     menu.obj (.econst:_$P$T16$21)
                  0031708a    00000004     menu.obj (.econst:_$P$T17$22)
                  0031708e    00000004     menu.obj (.econst:_$P$T18$23)
                  00317092    00000004     menu.obj (.econst:_$P$T19$24)
                  00317096    00000004     menu.obj (.econst:_$P$T2$4)
                  0031709a    00000004     menu.obj (.econst:_$P$T20$25)
                  0031709e    00000004     menu.obj (.econst:_$P$T21$27)
                  003170a2    00000004     menu.obj (.econst:_$P$T22$28)
                  003170a6    00000004     menu.obj (.econst:_$P$T23$29)
                  003170aa    00000004     menu.obj (.econst:_$P$T24$30)
                  003170ae    00000004     menu.obj (.econst:_$P$T25$38)
                  003170b2    00000004     menu.obj (.econst:_$P$T26$39)
                  003170b6    00000004     menu.obj (.econst:_$P$T27$48)
                  003170ba    00000004     menu.obj (.econst:_$P$T28$49)
                  003170be    00000004     menu.obj (.econst:_$P$T29$58)
                  003170c2    00000004     menu.obj (.econst:_$P$T3$6)
                  003170c6    00000004     menu.obj (.econst:_$P$T30$59)
                  003170ca    00000004     menu.obj (.econst:_$P$T31$68)
                  003170ce    00000004     menu.obj (.econst:_$P$T32$115)
                  003170d2    00000004     menu.obj (.econst:_$P$T33$116)
                  003170d6    00000004     menu.obj (.econst:_$P$T34$117)
                  003170da    00000004     menu.obj (.econst:_$P$T35$118)
                  003170de    00000004     menu.obj (.econst:_$P$T36$119)
                  003170e2    00000004     menu.obj (.econst:_$P$T37$120)
                  003170e6    00000004     menu.obj (.econst:_$P$T38$121)
                  003170ea    00000004     menu.obj (.econst:_$P$T4$8)
                  003170ee    00000004     menu.obj (.econst:_$P$T5$10)
                  003170f2    00000004     menu.obj (.econst:_$P$T6$11)
                  003170f6    00000004     menu.obj (.econst:_$P$T7$12)
                  003170fa    00000004     menu.obj (.econst:_$P$T8$13)
                  003170fe    00000004     menu.obj (.econst:_$P$T9$14)

.cinit     0    00317102    00000255     
                  00317102    00000187     menu.obj (.cinit)
                  00317289    000000b4     peripheral.obj (.cinit)
                  0031733d    0000000a     rts2800_fpu32.lib : _lock.obj (.cinit)
                  00317347    0000000a                       : exit.obj (.cinit)
                  00317351    00000004                       : errno.obj (.cinit)
                  00317355    00000002     --HOLE-- [fill = 0]

codestart 
*          0    0033fff6    00000002     
                  0033fff6    00000002     DSP2833x_CodeStartBranch.obj (codestart)

.reset     0    003fffc0    00000002     DSECT
                  003fffc0    00000002     rts2800_fpu32.lib : boot.obj (.reset)

vectors    0    003fffc2    00000000     DSECT

PieVectTableFile 
*          1    00000d00    00000100     UNINITIALIZED
                  00000d00    00000100     DSP2833x_GlobalVariableDefs.obj (PieVectTableFile)

.ebss      1    0000c000    00000efc     UNINITIALIZED
                  0000c000    00000c94     main.obj (.ebss)
                  0000cc94    00000004     rts2800_fpu32.lib : _lock.obj (.ebss)
                  0000cc98    00000004                       : exit.obj (.ebss)
                  0000cc9c    00000001                       : errno.obj (.ebss)
                  0000cc9d    00000001     setting.obj (.ebss)
                  0000cc9e    00000022     --HOLE--
                  0000ccc0    00000124     menu.obj (.ebss)
                  0000cde4    0000001c     --HOLE--
                  0000ce00    000000fc     peripheral.obj (.ebss)

.stack     1    0000cefc    00000400     UNINITIALIZED
                  0000cefc    00000400     --HOLE--


GLOBAL SYMBOLS: SORTED ALPHABETICALLY BY Name 

address    name
--------   ----
0030abc4   .text
00313fae   C$$EXIT
0031384b   FD$$ADD
00313e29   FD$$CMP
003138e7   FD$$DIV
003139fa   FD$$MPY
0031405a   FD$$NEG
0031402e   FD$$SUB
00313ec3   FD$$TOI
00313f05   FD$$TOL
00313f7a   FD$$TOUL
00313972   FS$$DIV
00313f42   FS$$TOFD
00313ea1   I$$DIV
00313eb2   I$$MOD
00313e53   L$$DIV
00313e62   L$$MOD
00313f5e   L$$TOFD
00313f24   LL$$CMP
00313680   LL$$DIV
003136bc   LL$$MOD
00314008   LL$$MPY
0031403c   U$$DIV
00314041   U$$MOD
00313e70   UL$$DIV
00313e77   UL$$MOD
00313fdd   UL$$TOFD
00313f36   ULL$$CMP
003136f6   ULL$$DIV
00313725   ULL$$MOD
0000c064   _ACCUMULATION
00311d6d   _ADC_Calibration_Control
0000c00c   _ALRAM
0000c004   _AUTO_DISPLAY
0000ce0e   _AckScr
0000cceb   _Button_Press
0000c4c0   _CALIBRATION
0000c012   _COMM
003100b5   _COMM_CRC
0000c00e   _CORE
003169fd   _CRC_High
00316afd   _CRC_Low
0000cd40   _Cursor_Position
0000c400   _DFT
00311c83   _DFT_Check
0000c040   _DIDO
0000c640   _DISPLAY
0031705e   _DO_OFF_BIT
00317032   _DO_ON_BIT
0000c300   _DSGR
0000abbf   _DSP28x_usDelay
0000cce3   _Data_Change
0000cd04   _Data_Change_Count
00311cf6   _Degree_Check
0000c340   _EVENT
0000c02e   _FACTORY
0000c016   _FLASH
0000ce12   _FauScr
0000c000   _Fram1_Test
0000c001   _Fram2_Test
00312fb4   _GPIO_setup
0000c005   _GR_ANGLE
0000c0c0   _H50
0000c540   _HARMONICS
0000c440   _HIMIX
0000aba9   _InitFlash
00313065   _InitTimer
00009163   _Inverse_Op_Timeset
0000cce6   _KHS_Key_Press
00316bfe   _KHS_LCD_Buffer
0000c5c0   _LCD
00311335   _LCD_COMMAND
00311322   _LCD_DATA
00311346   _LCD_INIT
0000ce02   _LCD_LIGHT
00316f1a   _LCD_Position_Value
0000ce04   _LCD_RS
00311372   _LCD_light_OFF
0031136c   _LCD_light_ON
0000c003   _LOCAL_CONTROL
0000ce00   _Lcd_Bl_Count
0000ca80   _MANAGER
0000c700   _MEASUREMENT
0000c008   _MIN_MAX
0000c08e   _MOTOR
00313ff3   _MemCopy
0000c0e6   _N47
0000c1c0   _NCH
0000c154   _NSOCR
0000cd80   _Navi_Key_X_Limit_Value
0000ce16   _NorScr
0000c100   _OCGR50
0000c29c   _OCGR51
0000c114   _OCR50_1
0000c140   _OCR50_2
0000c280   _OCR51_1
0000c2c0   _OCR51_2
0031703b   _OFF_BIT
00317044   _ON_BIT
0000c25a   _OVGR
0000c240   _OVR
00311c5b   _Offset_Check
0000c128   _P47
0000c026   _PASSWORD
00311d26   _P_Check
00312ee5   _Peripheral_Clock_setup
00000d00   _PieVectTable
0000c04c   _RELAY_STATUS
0030abc3   _RamfuncsLoadEnd
00308000   _RamfuncsLoadStart
00008000   _RamfuncsRunStart
0000ce1a   _ReserveP
0000c840   _SAMPLE
0000a20b   _SCIRXB_ISR
0000a24e   _SCITXINTB_ISR
0000a273   _SCITXINTC_ISR
0000c0a0   _SETTING
0000c380   _SL
0000c31e   _SUPERVISION
0000c3c0   _SYNCRO
0000c218   _SYSTEM
0000c01a   _SYSTEM_SET
0000cd38   _Save_Current_Screen
0000cd3c   _Screen_Position
0000cce5   _Set_Password
00310079   _Setting_CRC
0000c2dc   _THR
0000c036   _TIME
0000c070   _TIMER
0000c020   _TIMER0
0000c00a   _TIMER1
0000a068   _TINT1_ISR
0000c080   _TRANSFORMER
00311cd1   _TRMS_Check
0000c0d2   _UCR
0000c180   _UVR_1
0000c196   _UVR_2
0000c168   _UVR_3
0000c002   _UVR_MODE
0000ce40   _VFDABuffer
0000ce80   _VFDFBuffer
0000cec0   _VFDNBuffer
003114f1   _VFD_FONT
0031138c   _VFD_Init
00311462   _VFD_Single_Line_dump
0031148b   _VFD_Word_dump
0000ce06   _VFD_cnt
003114b5   _VFD_cursor
003113dd   _VFD_dump
00311422   _VFD_dump2
00311377   _VFD_gotopo
003113c4   _VFD_gotoxy
003113d6   _VFD_mem_cpy_test
003114e2   _VFD_printf
0000c058   _WAVE
00009343   _XINT3_ISR
0031300f   _Xinterface_setup
0000d2fc   __STACK_END
00000400   __STACK_SIZE
00000001   __TI_args_main
ffffffff   ___binit__
ffffffff   ___c_args__
00317102   ___cinit__
0031407b   ___etext__
00313ee4   ___memcpy_ff
ffffffff   ___pinit__
0030abc4   ___text__
00313f95   __args_main
0000cc98   __cleanup_ptr
003168fc   __ctypes_
0000cc9a   __dtors_ptr
0000cc96   __lock
00313cce   __log
00314059   __nop
00312d8d   __printfi
00314055   __register_lock
00314051   __register_unlock
0000cefc   __stack
0000cc94   __unlock
00313fae   _abort
00313a7d   _atan
00313787   _atan2
00313d9d   _atoi
0031357a   _aux_do_check
003133bb   _booting_setting_check
00313d22   _c_int00
003110a4   _comm_drive
00313bbc   _cos
00316f88   _cos_50Hz
00316fa0   _cos_60Hz
0000c200   _cos_table
00312e90   _cpu_setup
0030abc4   _cursor_move
0030abd3   _cursor_move_last
003112f3   _delay
0000a6be   _delay_us
0000808f   _do_release
00311ba1   _do_test_check
00313607   _dsgr_load_check
0000ce08   _dumpP
00311520   _eerom_control
0031161b   _eerom_read
00311588   _eerom_write
0000cc9c   _errno
0000a8e8   _event_direct_save
00313fb0   _exit
00313aef   _exp
003114f2   _factory_enter
003116ac   _flash_sector_erase
003116c9   _flash_word_write
0000a416   _float_to_8bit_fram
00313fc7   _frexp
00009322   _h50_dropout_process
000091df   _h50_pickup_process
0030e7ac   _harmonic_real_imag_calculation
0030e6a8   _harmonic_sample_backup
0030e183   _harmonics
00316c4a   _harmonics_1st_cos
00316c92   _harmonics_1st_sin
00316cda   _harmonics_3rd_cos
00316d22   _harmonics_3rd_sin
00316d6a   _harmonics_5th_cos
00316db2   _harmonics_5th_sin
00316dfa   _harmonics_7th_cos
00316e42   _harmonics_7th_sin
00316e8a   _harmonics_9th_cos
00316ed2   _harmonics_9th_sin
0030e146   _himix_crc
0030d98b   _himix_drive
00317028   _himix_number
0000a6ed   _i2c_read
00313093   _i2c_setup
0000a72d   _i2c_write
0030ed86   _interrupt_control
00312f08   _interrupt_setup
0000a76c   _key_drive
0000a8cb   _lcd_character_write
0000a8ae   _lcd_control_write
003130be   _lcd_setup
00313d68   _ldexp
00311b33   _led_handling
00313b59   _log
00313dfd   _ltoa
0030d97e   _main
0000aa68   _make_crc_send
003100db   _manager_handling
0030eae3   _measure2_display
0030e9f3   _measure_display
0031401c   _memccpy
00314074   _memset
0030ac09   _menu_00_00
0030ac6f   _menu_00_01
0030acc0   _menu_00_02
0030ad31   _menu_00_03
0030ad82   _menu_00_04
0030add7   _menu_00_05
0030ae2c   _menu_00_06
0030ae7d   _menu_01_01
0030aecf   _menu_01_03
0030af20   _menu_01_04
0030afa1   _menu_01_05
0030afe0   _menu_01_06
0030b031   _menu_01_07
0030b09a   _menu_01_08
0030b111   _menu_01_09
0030b17a   _menu_01_10
0030b1f1   _menu_01_11
0030b25a   _menu_01_12
0030b2d1   _menu_02_01
0030b309   _menu_02_03
0030b35a   _menu_02_04
0030b3cf   _menu_02_05
0030b41e   _menu_02_06
0030b46d   _menu_03_03
0030b4da   _menu_04_02
0030d6cd   _menu_150_01
0030d736   _menu_150_02
0030d75c   _menu_151_02
0030d7b3   _menu_151_03
0030d800   _menu_151_04
0030d850   _menu_151_05
0030d8a2   _menu_151_06
0030d8cc   _menu_151_07
0030b51a   _menu_41_02
0030b566   _menu_41_03
0030b5d5   _menu_41_04
0030b61c   _menu_41_05
0030b6b4   _menu_41_06
0030b751   _menu_41_07
0030b77b   _menu_41_08
0030b7a9   _menu_41_09
0030b80b   _menu_41_10
0030b865   _menu_41_11
0030b88d   _menu_41_12
0030b8b2   _menu_42_01
0030b954   _menu_42_02
0030b974   _menu_42_03
0030b9e2   _menu_42_05
0030ba89   _menu_42_06
0030bb2f   _menu_42_07
0030bb91   _menu_42_08
0030bbbb   _menu_42_09
0030bbf5   _menu_42_10
0030bc57   _menu_42_11
0030bcb1   _menu_42_12
0030bcb6   _menu_42_13
0030bcbb   _menu_43_03
0030bd29   _menu_43_04
0030bd99   _menu_43_05
0030be40   _menu_43_06
0030bee6   _menu_43_07
0030bf48   _menu_43_08
0030bf72   _menu_43_09
0030bfac   _menu_43_10
0030c00e   _menu_43_11
0030c068   _menu_43_12
0030c08d   _menu_43_13
0030c0b2   _menu_44_03
0030c120   _menu_44_04
0030c188   _menu_44_05
0030c22f   _menu_44_06
0030c2d5   _menu_44_07
0030c337   _menu_44_08
0030c361   _menu_44_09
0030c39b   _menu_44_10
0030c3fd   _menu_44_11
0030c457   _menu_45_03
0030c4c5   _menu_45_05
0030c568   _menu_45_06
0030c60e   _menu_45_07
0030c670   _menu_45_08
0030c69a   _menu_45_09
0030c6d4   _menu_45_10
0030c736   _menu_45_11
0030c790   _menu_46_05
0030c836   _menu_46_06
0030c8d3   _menu_46_07
0030c8fd   _menu_46_08
0030c92b   _menu_46_09
0030c98d   _menu_46_10
0030c9e7   _menu_46_11
0030ca0f   _menu_46_12
0030ca34   _menu_47_05
0030cada   _menu_47_06
0030cb80   _menu_47_07
0030cc1d   _menu_47_08
0030cc47   _menu_47_09
0030cc81   _menu_47_10
0030cce3   _menu_47_11
0030cd3d   _menu_48_05
0030cde4   _menu_48_06
0030ce8a   _menu_48_07
0030ceec   _menu_48_08
0030cf16   _menu_48_09
0030cf50   _menu_48_10
0030cfb2   _menu_48_11
0030d00c   _menu_48_12
0030d031   _menu_48_13
0030d056   _menu_49_05
0030d0fd   _menu_49_06
0030d1a3   _menu_49_07
0030d205   _menu_49_08
0030d22f   _menu_49_09
0030d269   _menu_49_10
0030d2cb   _menu_49_11
0030d325   _menu_50_05
0030d3cc   _menu_50_06
0030d46e   _menu_50_07
0030d4d0   _menu_50_08
0030d4fa   _menu_50_09
0030d534   _menu_50_10
0030d596   _menu_50_11
0030d5f0   _menu_80_03
0030d65c   _menu_80_04
0030d6b0   _menu_81_04
0030d943   _menu_99_00
0000ab1d   _menu_drive
0030d8f6   _menu_dummy
0030d95f   _menu_init
0030d915   _menu_popup
0031407c   _menu_tables
00313587   _ocgr_load_check
00008128   _over_phase_value_check
00312eae   _pll_setup
00313c1d   _pow
0000a4a7   _power_update
00008232   _protective_relay
0000a2a0   _real_main
00310054   _relay_assignment
0000800b   _relay_detect_to_pickup
0000810e   _relay_dropout_to_normal
00008000   _relay_normal_to_detect
00008085   _relay_opeartion_to_dropout
00008026   _relay_pickup_to_operation
0000a978   _rtc_handling
00312f5f   _sci_setup
0000ce0a   _scrP
0030abda   _screen_frame
0030abea   _screen_frame2
0030abf9   _screen_frame3
00311066   _serial_ok_nak_send
00310fba   _serial_write
00310055   _setting_load
0031366d   _setting_min_max_check
0030ef7f   _setting_post_handling
0030edbe   _setting_save
00313c77   _sin
00316fb8   _sin_50Hz
00316fd0   _sin_60Hz
0000c1d8   _sin_table
00313dce   _sprintf
00313e7e   _sqrt
00314063   _strcpy
00314047   _strlen
0000a460   _supervision_relay
000081b0   _under_phase_value_check
00317000   _wave_buffer_address
00317014   _wave_buffer_post_address
00311744   _wave_di_initial_post
00311729   _wave_di_initial_pre1
00311737   _wave_di_initial_pre2
0000aacd   _wave_dump_serial_sram
0031174e   _wave_flash_sector_erase
003116e0   _wave_flash_word_write
00311767   _wave_save_process
0031171f   _wave_vi_initial_post
00311704   _wave_vi_initial_pre1
00311712   _wave_vi_initial_pre2
0000cc9d   _xyf
ffffffff   binit
00317102   cinit
0033fff6   code_start
0031407b   etext
ffffffff   pinit


GLOBAL SYMBOLS: SORTED BY Symbol Address 

address    name
--------   ----
00000001   __TI_args_main
00000400   __STACK_SIZE
00000d00   _PieVectTable
00008000   _RamfuncsRunStart
00008000   _relay_normal_to_detect
0000800b   _relay_detect_to_pickup
00008026   _relay_pickup_to_operation
00008085   _relay_opeartion_to_dropout
0000808f   _do_release
0000810e   _relay_dropout_to_normal
00008128   _over_phase_value_check
000081b0   _under_phase_value_check
00008232   _protective_relay
00009163   _Inverse_Op_Timeset
000091df   _h50_pickup_process
00009322   _h50_dropout_process
00009343   _XINT3_ISR
0000a068   _TINT1_ISR
0000a20b   _SCIRXB_ISR
0000a24e   _SCITXINTB_ISR
0000a273   _SCITXINTC_ISR
0000a2a0   _real_main
0000a416   _float_to_8bit_fram
0000a460   _supervision_relay
0000a4a7   _power_update
0000a6be   _delay_us
0000a6ed   _i2c_read
0000a72d   _i2c_write
0000a76c   _key_drive
0000a8ae   _lcd_control_write
0000a8cb   _lcd_character_write
0000a8e8   _event_direct_save
0000a978   _rtc_handling
0000aa68   _make_crc_send
0000aacd   _wave_dump_serial_sram
0000ab1d   _menu_drive
0000aba9   _InitFlash
0000abbf   _DSP28x_usDelay
0000c000   _Fram1_Test
0000c001   _Fram2_Test
0000c002   _UVR_MODE
0000c003   _LOCAL_CONTROL
0000c004   _AUTO_DISPLAY
0000c005   _GR_ANGLE
0000c008   _MIN_MAX
0000c00a   _TIMER1
0000c00c   _ALRAM
0000c00e   _CORE
0000c012   _COMM
0000c016   _FLASH
0000c01a   _SYSTEM_SET
0000c020   _TIMER0
0000c026   _PASSWORD
0000c02e   _FACTORY
0000c036   _TIME
0000c040   _DIDO
0000c04c   _RELAY_STATUS
0000c058   _WAVE
0000c064   _ACCUMULATION
0000c070   _TIMER
0000c080   _TRANSFORMER
0000c08e   _MOTOR
0000c0a0   _SETTING
0000c0c0   _H50
0000c0d2   _UCR
0000c0e6   _N47
0000c100   _OCGR50
0000c114   _OCR50_1
0000c128   _P47
0000c140   _OCR50_2
0000c154   _NSOCR
0000c168   _UVR_3
0000c180   _UVR_1
0000c196   _UVR_2
0000c1c0   _NCH
0000c1d8   _sin_table
0000c200   _cos_table
0000c218   _SYSTEM
0000c240   _OVR
0000c25a   _OVGR
0000c280   _OCR51_1
0000c29c   _OCGR51
0000c2c0   _OCR51_2
0000c2dc   _THR
0000c300   _DSGR
0000c31e   _SUPERVISION
0000c340   _EVENT
0000c380   _SL
0000c3c0   _SYNCRO
0000c400   _DFT
0000c440   _HIMIX
0000c4c0   _CALIBRATION
0000c540   _HARMONICS
0000c5c0   _LCD
0000c640   _DISPLAY
0000c700   _MEASUREMENT
0000c840   _SAMPLE
0000ca80   _MANAGER
0000cc94   __unlock
0000cc96   __lock
0000cc98   __cleanup_ptr
0000cc9a   __dtors_ptr
0000cc9c   _errno
0000cc9d   _xyf
0000cce3   _Data_Change
0000cce5   _Set_Password
0000cce6   _KHS_Key_Press
0000cceb   _Button_Press
0000cd04   _Data_Change_Count
0000cd38   _Save_Current_Screen
0000cd3c   _Screen_Position
0000cd40   _Cursor_Position
0000cd80   _Navi_Key_X_Limit_Value
0000ce00   _Lcd_Bl_Count
0000ce02   _LCD_LIGHT
0000ce04   _LCD_RS
0000ce06   _VFD_cnt
0000ce08   _dumpP
0000ce0a   _scrP
0000ce0e   _AckScr
0000ce12   _FauScr
0000ce16   _NorScr
0000ce1a   _ReserveP
0000ce40   _VFDABuffer
0000ce80   _VFDFBuffer
0000cec0   _VFDNBuffer
0000cefc   __stack
0000d2fc   __STACK_END
00308000   _RamfuncsLoadStart
0030abc3   _RamfuncsLoadEnd
0030abc4   .text
0030abc4   ___text__
0030abc4   _cursor_move
0030abd3   _cursor_move_last
0030abda   _screen_frame
0030abea   _screen_frame2
0030abf9   _screen_frame3
0030ac09   _menu_00_00
0030ac6f   _menu_00_01
0030acc0   _menu_00_02
0030ad31   _menu_00_03
0030ad82   _menu_00_04
0030add7   _menu_00_05
0030ae2c   _menu_00_06
0030ae7d   _menu_01_01
0030aecf   _menu_01_03
0030af20   _menu_01_04
0030afa1   _menu_01_05
0030afe0   _menu_01_06
0030b031   _menu_01_07
0030b09a   _menu_01_08
0030b111   _menu_01_09
0030b17a   _menu_01_10
0030b1f1   _menu_01_11
0030b25a   _menu_01_12
0030b2d1   _menu_02_01
0030b309   _menu_02_03
0030b35a   _menu_02_04
0030b3cf   _menu_02_05
0030b41e   _menu_02_06
0030b46d   _menu_03_03
0030b4da   _menu_04_02
0030b51a   _menu_41_02
0030b566   _menu_41_03
0030b5d5   _menu_41_04
0030b61c   _menu_41_05
0030b6b4   _menu_41_06
0030b751   _menu_41_07
0030b77b   _menu_41_08
0030b7a9   _menu_41_09
0030b80b   _menu_41_10
0030b865   _menu_41_11
0030b88d   _menu_41_12
0030b8b2   _menu_42_01
0030b954   _menu_42_02
0030b974   _menu_42_03
0030b9e2   _menu_42_05
0030ba89   _menu_42_06
0030bb2f   _menu_42_07
0030bb91   _menu_42_08
0030bbbb   _menu_42_09
0030bbf5   _menu_42_10
0030bc57   _menu_42_11
0030bcb1   _menu_42_12
0030bcb6   _menu_42_13
0030bcbb   _menu_43_03
0030bd29   _menu_43_04
0030bd99   _menu_43_05
0030be40   _menu_43_06
0030bee6   _menu_43_07
0030bf48   _menu_43_08
0030bf72   _menu_43_09
0030bfac   _menu_43_10
0030c00e   _menu_43_11
0030c068   _menu_43_12
0030c08d   _menu_43_13
0030c0b2   _menu_44_03
0030c120   _menu_44_04
0030c188   _menu_44_05
0030c22f   _menu_44_06
0030c2d5   _menu_44_07
0030c337   _menu_44_08
0030c361   _menu_44_09
0030c39b   _menu_44_10
0030c3fd   _menu_44_11
0030c457   _menu_45_03
0030c4c5   _menu_45_05
0030c568   _menu_45_06
0030c60e   _menu_45_07
0030c670   _menu_45_08
0030c69a   _menu_45_09
0030c6d4   _menu_45_10
0030c736   _menu_45_11
0030c790   _menu_46_05
0030c836   _menu_46_06
0030c8d3   _menu_46_07
0030c8fd   _menu_46_08
0030c92b   _menu_46_09
0030c98d   _menu_46_10
0030c9e7   _menu_46_11
0030ca0f   _menu_46_12
0030ca34   _menu_47_05
0030cada   _menu_47_06
0030cb80   _menu_47_07
0030cc1d   _menu_47_08
0030cc47   _menu_47_09
0030cc81   _menu_47_10
0030cce3   _menu_47_11
0030cd3d   _menu_48_05
0030cde4   _menu_48_06
0030ce8a   _menu_48_07
0030ceec   _menu_48_08
0030cf16   _menu_48_09
0030cf50   _menu_48_10
0030cfb2   _menu_48_11
0030d00c   _menu_48_12
0030d031   _menu_48_13
0030d056   _menu_49_05
0030d0fd   _menu_49_06
0030d1a3   _menu_49_07
0030d205   _menu_49_08
0030d22f   _menu_49_09
0030d269   _menu_49_10
0030d2cb   _menu_49_11
0030d325   _menu_50_05
0030d3cc   _menu_50_06
0030d46e   _menu_50_07
0030d4d0   _menu_50_08
0030d4fa   _menu_50_09
0030d534   _menu_50_10
0030d596   _menu_50_11
0030d5f0   _menu_80_03
0030d65c   _menu_80_04
0030d6b0   _menu_81_04
0030d6cd   _menu_150_01
0030d736   _menu_150_02
0030d75c   _menu_151_02
0030d7b3   _menu_151_03
0030d800   _menu_151_04
0030d850   _menu_151_05
0030d8a2   _menu_151_06
0030d8cc   _menu_151_07
0030d8f6   _menu_dummy
0030d915   _menu_popup
0030d943   _menu_99_00
0030d95f   _menu_init
0030d97e   _main
0030d98b   _himix_drive
0030e146   _himix_crc
0030e183   _harmonics
0030e6a8   _harmonic_sample_backup
0030e7ac   _harmonic_real_imag_calculation
0030e9f3   _measure_display
0030eae3   _measure2_display
0030ed86   _interrupt_control
0030edbe   _setting_save
0030ef7f   _setting_post_handling
00310054   _relay_assignment
00310055   _setting_load
00310079   _Setting_CRC
003100b5   _COMM_CRC
003100db   _manager_handling
00310fba   _serial_write
00311066   _serial_ok_nak_send
003110a4   _comm_drive
003112f3   _delay
00311322   _LCD_DATA
00311335   _LCD_COMMAND
00311346   _LCD_INIT
0031136c   _LCD_light_ON
00311372   _LCD_light_OFF
00311377   _VFD_gotopo
0031138c   _VFD_Init
003113c4   _VFD_gotoxy
003113d6   _VFD_mem_cpy_test
003113dd   _VFD_dump
00311422   _VFD_dump2
00311462   _VFD_Single_Line_dump
0031148b   _VFD_Word_dump
003114b5   _VFD_cursor
003114e2   _VFD_printf
003114f1   _VFD_FONT
003114f2   _factory_enter
00311520   _eerom_control
00311588   _eerom_write
0031161b   _eerom_read
003116ac   _flash_sector_erase
003116c9   _flash_word_write
003116e0   _wave_flash_word_write
00311704   _wave_vi_initial_pre1
00311712   _wave_vi_initial_pre2
0031171f   _wave_vi_initial_post
00311729   _wave_di_initial_pre1
00311737   _wave_di_initial_pre2
00311744   _wave_di_initial_post
0031174e   _wave_flash_sector_erase
00311767   _wave_save_process
00311b33   _led_handling
00311ba1   _do_test_check
00311c5b   _Offset_Check
00311c83   _DFT_Check
00311cd1   _TRMS_Check
00311cf6   _Degree_Check
00311d26   _P_Check
00311d6d   _ADC_Calibration_Control
00312d8d   __printfi
00312e90   _cpu_setup
00312eae   _pll_setup
00312ee5   _Peripheral_Clock_setup
00312f08   _interrupt_setup
00312f5f   _sci_setup
00312fb4   _GPIO_setup
0031300f   _Xinterface_setup
00313065   _InitTimer
00313093   _i2c_setup
003130be   _lcd_setup
003133bb   _booting_setting_check
0031357a   _aux_do_check
00313587   _ocgr_load_check
00313607   _dsgr_load_check
0031366d   _setting_min_max_check
00313680   LL$$DIV
003136bc   LL$$MOD
003136f6   ULL$$DIV
00313725   ULL$$MOD
00313787   _atan2
0031384b   FD$$ADD
003138e7   FD$$DIV
00313972   FS$$DIV
003139fa   FD$$MPY
00313a7d   _atan
00313aef   _exp
00313b59   _log
00313bbc   _cos
00313c1d   _pow
00313c77   _sin
00313cce   __log
00313d22   _c_int00
00313d68   _ldexp
00313d9d   _atoi
00313dce   _sprintf
00313dfd   _ltoa
00313e29   FD$$CMP
00313e53   L$$DIV
00313e62   L$$MOD
00313e70   UL$$DIV
00313e77   UL$$MOD
00313e7e   _sqrt
00313ea1   I$$DIV
00313eb2   I$$MOD
00313ec3   FD$$TOI
00313ee4   ___memcpy_ff
00313f05   FD$$TOL
00313f24   LL$$CMP
00313f36   ULL$$CMP
00313f42   FS$$TOFD
00313f5e   L$$TOFD
00313f7a   FD$$TOUL
00313f95   __args_main
00313fae   C$$EXIT
00313fae   _abort
00313fb0   _exit
00313fc7   _frexp
00313fdd   UL$$TOFD
00313ff3   _MemCopy
00314008   LL$$MPY
0031401c   _memccpy
0031402e   FD$$SUB
0031403c   U$$DIV
00314041   U$$MOD
00314047   _strlen
00314051   __register_unlock
00314055   __register_lock
00314059   __nop
0031405a   FD$$NEG
00314063   _strcpy
00314074   _memset
0031407b   ___etext__
0031407b   etext
0031407c   _menu_tables
003168fc   __ctypes_
003169fd   _CRC_High
00316afd   _CRC_Low
00316bfe   _KHS_LCD_Buffer
00316c4a   _harmonics_1st_cos
00316c92   _harmonics_1st_sin
00316cda   _harmonics_3rd_cos
00316d22   _harmonics_3rd_sin
00316d6a   _harmonics_5th_cos
00316db2   _harmonics_5th_sin
00316dfa   _harmonics_7th_cos
00316e42   _harmonics_7th_sin
00316e8a   _harmonics_9th_cos
00316ed2   _harmonics_9th_sin
00316f1a   _LCD_Position_Value
00316f88   _cos_50Hz
00316fa0   _cos_60Hz
00316fb8   _sin_50Hz
00316fd0   _sin_60Hz
00317000   _wave_buffer_address
00317014   _wave_buffer_post_address
00317028   _himix_number
00317032   _DO_ON_BIT
0031703b   _OFF_BIT
00317044   _ON_BIT
0031705e   _DO_OFF_BIT
00317102   ___cinit__
00317102   cinit
0033fff6   code_start
ffffffff   ___binit__
ffffffff   ___c_args__
ffffffff   ___pinit__
ffffffff   binit
ffffffff   pinit

[434 symbols]
